Md, Md, Md, Md, Md, Md, Md, Md, Md, Md, Md, Md, Md, Md, Md, Md, Md, Md, Md, Md, Md, Md, Md, Md, Md, Md, Md, Md, Md, Md, Md, Md, Md, Md, Md, Md, Md, Md, Md, Md, Md
Md, Md, Ms, Md, Mm, Ms, Md, Hhd, Mm, Hhd, Md, Mm, Gs, Ms, Hh, Hh, Hhd, Hh, Hh, Mdd, Gs^Fp, Ms, Gg^Fpa, Hhd, Hh, Md, Gg^Fmf, Gs, Gg, Gg, Gs, Gs, Gg, Gs^Fmf, Gg, Gg, Gg, Gs, Gg, Gg, Gg
Ww, Ww, Ww, Ms, Md, Mv, Hhd, Hh, Hh, Gg^Fmf, Hh, Hh, Gs, Hhd, Hh, Hh, Hh, Hhd, Hh, Md, Hh, Hh, Gg^Fmw, Hh, Gs, Hh, Gg^Fmf, Gg, Gs, Gg, Gg, Gg, Gs, Gg, Gs, Gs, Gs, Gs, Gg, Gg, Gg
Ms, Ms, Mm, Md, Mm, Hhd, Hhd, Hh, Gs^Fmw, Mdd, Hhd^Vhs, Hhd, Hh, Hhd, Hhd, Gs, Hhd, Hhd, Hhd, Hhd, Gs, Gs, Hhd, Hhd, Gg, Gg^Fma, Hh, Hh, Gs^Fpa, Gg, Gs, Gg, Gs, Gs, Gg, Gg, Gs, Rr, Gg, Gs, Gs
Mdd, Mdd, Ww, Mv, Hh, Hh, Hhd, Hh, Gg, Md, Hh, Hh, Hhd, Hhd, Gg, Gs, Gs, Gg, Gs, Gg, Gs, Gs, Gs, Gs, Gg, Gs, Gs, Gs, Gs, Gg, Gg, Gs, Gs, Gs, Gg, Rrc, Rrd, Gs, Gg, Gs, Gs
Hhd, Hhd, Ms, Md, Hhd, Hh, Gg, Mv, Mv, Ms, Hh, Hhd, Hh, Gg^Fma, Gg, Gs, Gg, Gg, Gs, Gg, Gs, Gg, Gg, Gs, Gs, Gg, Gs, Gs^Fp, Gg, Gs^Fmw, Gs, Gg, Gg, Rrd, Rra, Gs, Gs, Gg, Gs, Gs, Gs
Md, Md, Ww, Hhd, Hh, Hhd, Hh^Vha, Gg^Fms, Hh, Hhd, Hh, Gs, Hh, Gg^Fmw, Gs^Fma, Gg, Gs, Gs, Gg, Gg, Gg, Gs, Hhd, Gs, Gg, Gg, Gs, Gg^Fma, Gg^Fma, Gs, Gs, Rr, Rr, Gs, Gg, Gs, Gs, Gs, Gg, Hhd, Hhd
Hh, Hh, Hhd, Hh, Hhd, Hhd, Gs, Gs, Hh, Hhd, Gs, Gs, Gg^Fmw, Gg^Fmf, Gg^Fp, Gs, Gs, Gs, Gg, Gg, Gs, Gs, Hh, Gg, Gs, Gg, Gg, Gs^Fp, Hhd, Rra, Rra, Gs, Gs, Gs, Gg, Gs, Gg, Hhd, Gs, Gs, Gs
Gg^Fmw, Gg^Fmw, Ww, Hhd, Hh, Gs, Gs, Gg, Gs^Fms, Gs^Fmw, Gs^Fpa, Hh^Fms, Gg, Gs, Hh^Fmf, Gg^Fmf, Gs, Gs, Gs, Gg, Gg, Gg, Gg, Gs, Gs, Gg, Gs, Gs, Gg, Rr, Hh, Gg, Hhd, Gg, Gs, Gg, Gs, Gs, Gs, Gs, Gs
Gg, Gg, Hh, Hhd, Gg, Gs, Gg, Gg, Gs, Gg, Hh^Vhh, Hh, Gs, Gs, Hhd, Gg^Fmf, Gg, Gg, Gg, Gs, Gg, Gg, Gs, Gs, Gs, Gg, Gs, Gs, Gs, Rrd, Hhd, Gg, Gs, Gs, Gg, Gs, Gs, Hhd, Hh^Fpa, Gs, Gs
Dd, Dd, Ww, Ww, Gs, Gs, Gs, Gs, Gg, Gg, Gs, Gg, Gg, Gg^Fmw, Gg^Fms, Gg, Gs, Gg, Gs, Gs, Gg, Gs, Gg, Gg, Hhd, Gs, Gg, Gg, Gs, Rra, Gs^Fpa, Gs^Fmw, Gg^Fpa, Hh^Fpa, Gs^Fma, Gs, Gs, Hhd, Hh, Gs, Gs
Hh^Fms, Hh^Fms, Ds, Sm, Md, Ms, Gg, Gg, Gs, Gs, Gs, Gg, Gg, Hhd, Hhd, Gs, Gg, Gg, Gs, Gg, Gs, Gg, Gs, Gg, Gs, Gs, Gg, Gs^Fmw, Hh^Fms, Rr, Gg^Fmw, Rrc, Rrc, Gg^Fp, Gs, Hh, Gs, Gs, Hh^Fmw, Gg, Gg
Hh^Fmw, Hh^Fmw, Ww, Hhd^Vhh, Gs, Mdd, Gs, Hh, Gs, Gg, Gg, Gs, Gg^Fp, Gg, Gs, Hhd, Hh^Fpa, Hh^Vhca, Gg, Gg, Gs, Gg, Gg, Gs, Gg, Gs, Gs, Gs, Rra, Gg, Gs, Gs, Rra, Rra, Gg, Gs, Gg, Hh, Gs, Gg, Gg
Hhd, Hhd, Hh^Fms, Ds, Hhd, Gs, Hhd, Gg, Gs, Gs, Gg, Gg, Gs, Gg, Gg, Rra, Rrd, Rra, Rr, Gg, Gs, Gg, Gs, Gg, Hh, Gg, Gg, Rra, Rra, Rrd, Rr, Rrc, Rrc, Rrc, Gs, Gs, Gg, Gs^Fp, Hh^Fmf, Gg, Gg
Dd, Dd, Ww, Dd, Gg, Gg, Gg^Fmf, Hhd, Hhd^Vhs, Hh, Gs, Rr, Rrc, Rrc, Rrc, Rr, Rrc, Rr, Rr, Rrd, Rra, Rr, Rra, Rr, Rrc, Rra, Rrd, Hh, Gs, Gs, Gg, Gs, Gg^Fmf, Hh, Rra, Rra, Chr, Ch, Gs, Gs, Gs
Gs, Gs, Hh, Rr, Ch, Ch, Gg, Hhd, Hh^Fpa, Rrc, Rr, Gg, Hh^Fmw, Hh, Hh^Fmf, Gg, Gg, Gg, Gs, Gg, Gg^Fpa, Gs, Gg, Hh, Hhd, Gg, Gg, Hh^Fms, Gs, Gg, Gg, Hhd, Hhd^Vhca, Ds, Gg, Ch, 2 Kh, Ch, Gg, Hhd, Hhd
Dd, Dd, Ww, Ww, 1 Kh, Rrd, Rrd, Rrc, Rrc, Hh, Gg, Gs, Gs^Fmf, Hh^Vhca, Gs, Gg, Gs, Gg, Gg, Gg, Gg, Gs, Gs, Gs, Gg^Fmf, Hh, Gg^Fms, Gs, Gs, Gs, Gg, Dd, Hh, Ww, Ww, Ww, Ww, Ww, Ds, Ww, Ww
Gg, Gg, Hhd, Ww, Rrd, Rr, Rr, Rra, Hhd, Hhd, Gg, Gs, Gs, Gs, Hhd, Gg, Gs, Gg, Gs, Gs, Hhd, Gg, Gs, Gg^Fp, Gs^Fpa, Hh^Vhs, Gg^Fmw, Hh^Fms, Gs, Gs, Gg, Ww, Ww, Hh, Ww, Ww, Ww, Ww, Ww, Wwt, Wwt
Gs, Gs, Gg, Hh, Ww, Ww, Re, Hhd, Rr, Rrc, Gg, Gs, Gs, Gg, Gs, Gs, Hh, Gs, Gs, Gg^Fmw, Gg^Fp, Gg, Gg, Dd, Gg, Ds, Gg, Gg, Hhd, Gs, Ds, Ww, Ww, Ww, Ww, Ww, Ww, Ww, Ww, Ww, Ww
Gg^Fmw, Gg^Fmw, Gs, Hhd, Hh^Fp, Ww, Ww, Hh, Hh, Gg, Rr, Rrc, Gg, Gg, Gg^Fms, Gs^Fpa, Gg, Gs, Gs, Gs, Gs, Gs, Gg, Ww, Ww, Gg, Gs, Gs, Ss, Ds, Dd, Ww, Ww, Ww, Ww, Ww, Ww, Ww, Ww, Ww, Ww
Gg^Fms, Gg^Fms, Gs^Fpa, Gg, Gs, Ss, Dd, Gg^Fms, Gs^Fmf, Gs, Rrd, Rra, Rrd, Rr, Gs, Gs, Hhd^Vhca, Gs, Gg, Gg, Gg, Gs, Gg, Ww, Gg, Gs, Gg, Gg, Ww, Wwt, Ww, Ww, Ww, Ww, Ww, Ww, Ww, Ww, Ww, Ww, Ww
Gg^Fma, Gg^Fma, Gs^Fpa, Gg, Gg^Fp, Dd, Ww, Hh^Fmw, Hh^Fpa, Gg^Fms, Rrc, Rrd, Rrc, Rr, Rr, Rr, Hh^Fmf, Gg, Rrc, Rrc, Gg, Gs, Dd, Gg, Ds, Gs, Gg, Gs, Ww, Ww, Wwt, Ww, Ww, Ww, Ww, Ww, Ww, Ww, Ww, Ww, Ww
Hh^Fmw, Hh^Fmw, Hh^Fms, Gs^Fmw, Hh^Vh, Hh^Fmf, Dd, Ds, Gg, Hh^Vh, Hh^Fpa, Gs^Fpa, Hhd, Gg^Fp, Rrd, Gg, Rra, Rr, Rra, Rrd, Rrd, Gg, Gs, Gg, Gs, Ds, Gg, Ss, Ww, Ww, Ww, Ww, Ww, Wwt, Ww, Ww, Ww, Ww, Ww, Ww, Ww
Gg^Fmw, Gg^Fmw, Hhd, Hh, Hh^Fpa, Gg^Fmf, Ww, Ww, Ss, Ds, Gg^Fp, Gs, Gg, Gg^Fms, Rrd, Gs, Hh, Gg, Rrd, Re, Rra, Sm, Sm, Dd, Dd, Ww, Ww, Ww, Ww, Ww, Ww, Ww, Ww, Ww, Ww, Wwt, Wwt, Ww, Ww, Ww, Ww
Gg^Fma, Gg^Fma, Gs^Fmf, Gs^Fmw, Gs^Fmf, Gg^Fms, Ds, Ww, Ww, Hhd, Gs, Gs, Gg, Gs, Rra, Rra, Rr, Ds, Gg, Dd, Wwt, Ww, Ww, Ww, Ww, Ww, Ww, Ww, Ww, Ww, Ww, Ww, Ww, Ww, Wwg, Ww, Ww, Ww, Ww, Ww, Ww
Hh^Fms, Hh^Fms, Gg^Fma, Hh^Fms, Gg^Fms, Gg, Gg, Gg, Dd, Sm, Gs, Gg, Gs, Gg, Gs, Rra, Re, Ww, Gs^Fpa, Hh, Ww, Ww, Ww, Ww, Ww, Ww, Ww, Ww, Ww, Ww, Ww, Ww, Ww, Ww, Ww, Ww, Ww, Ww, Ww, Ww, Ww
Hh^Fmf, Hh^Fmf, Gg^Fma, Gg^Fpa, Gg^Fp, Gg^Fma, Gg, Dd, Ww, Ww, Ds, Gg, Gs, Gg, Gg, Gs, Gg^Fp, Ds, Ww, Ww, Ww, Ww, Ww, Ww, Ww, Ww, Ww, Ww, Ww, Ww, Ww, Ww, Ww, Wwt, Ww, Ww, Ww, Wot, Wot, Wot, Wot
Hh^Fpa, Hh^Fpa, Gs^Fmw, Gg^Fmw, Gs^Fp, Gs^Fpa, Gs, Dd, Ww, Dd, Dd, Gg, Gg, Gs, Gs, Gs, Ds, Ww, Ww, Ww, Ww, Ww, Ww, Ww, Ww, Ww, Ww, Ww, Wwt, Ww, Ww, Ww, Ww, Ww, Ww, Ww, Wog, Wo, Wog, Ww, Ww
Hh^Fpa, Hh^Fpa, Gg^Fma, Gg^Fmf, Gg^Fma, Gg^Fms, Gs, Gs, Gg^Fms, Ww, Gs, Gg, Gs, Gs, Gs, Ds, Dd, Ww, Ww, Ww, Ww, Ww, Ww, Ww, Ww, Wog, Ww, Wwt, Wwg, Wwg, Wot, Ww, Ww, Ww, Wwr, Wot, Wog, Wwr, Wo, Wog, Wog
Gg^Fmw, Gg^Fmw, Gg, Gg^Fmw, Gg, Gg, Gs^Fma, Gs, Gs, Ds, Gg, Gs, Gg, Gg^Vht, Gs, Ww, Ww, Ww, Ww, Ww, Ww, Ww, Ww, Ww, Ww, Wot, Wog, Wwt, Wwg, Wo, Ww, Wot, Wog, Wo, Ww, Ww, Wot, Wo, Wot, Wog, Wog
Gg^Fpa, Gg^Fpa, Gs, Gs, Gg, Gg, Hhd, Hh, Ww, Ww, Gs, Gg, Hh^Fpa, Hh, Ds, Ww, Ww, Ww, Ww, Ww, Ww, Ww, Wwt, Wwg, Wwg, Wog, Wot, Wwr, Wog, Wog, Ww, Wog, Wog, Wwr, Wo, Wwr, Wwr, Wwr, Wot, Wo, Wo
Gg, Gg, Hh^Fmf, Gs, Gs, Gg, Hh, Ww, Ds, Hhd, Gs, Gg, Hhd, Gg, Ww, Ww, Ww, Ww, Ww, Ww, Ww, Wwt, Ww, Wot, Wwr, Wwr, Wo, Ww, Wot, Wo, Wo, Wog, Wwr, Ww, Wot, Ww, Wwr, Ww, Wwr, Wog, Wog
Md, Md, Md, Md, Md, Md, Md, Md, Md, Md, Md, Md, Md, Md, Md, Md, Md, Md, Md, Md, Md, Md, Md, Md, Md, Md, Md, Md, Md, Md, Md, Md, Md, Md, Md, Md, Md, Md, Md, Md, Md
