Mv, Mv, Mv, Mv, Mv, Mv, Mv, Mv, Mv, Mv, Mv, Mv, Mv, Mv, Mv, Mv, Mv, Mv, Mv, Mv, Mv, Mv, Mv, Mv, Mv, Mv, Mv, Mv, Mv, Mv, Mv, Mv, Mv, Mv, Mv, Mv, Mv
Mv, Mv, Md, Mv, Mdd, Md, Hhd, Dd, Hhd, Md, Md, Hhd, Gg, Gs^Fmw, Hh, Hh, Hh, Hh, Hh, Mv, Gg, Gg^Fma, Gg, Hhd, Gs, Gg^Fp, Gs, Gg, Gg, Gs, Gs^Fmf, Gg, Gg, Gs, Gg^Fpa, Gg, Gg
Mm, Mm, Mm, Md, Ww, Hhd, Ww, Hh, Hhd, Gs, Hhd, Hh, Gg^Fpa, Hh, Hh, Hh, Hh, Hh, Hhd, Hh^Fma, Hh, Gg, Hh, Gs, Gg, Hhd, Gg, Gg, Hhd, Gg, Gs, Gg, Gs, Gg, Gs, Gg, Gg
Mm, Mm, Mm, Mdd, Hh, Hhd, Hhd, Hhd, Mdd, Mv, Hh, Hhd, Hh, Hh, Gg, Gs, Gs, Gg, Gs, Gs, Gs, Gs, Gg, Gs, Gs, Gs, Gs, Gs, Gs, Gs, Gs, Gs, Gs, Rra, Gg, Gg, Gg
Mdd, Mdd, Md, Mv, Ww, Ww, Ww, Hh, Mdd, Gg^Fmf, Gg, Hh, Hhd, Gs, Gg, Gs, Gs, Gg, Gg, Gg, Gs, Gg, Gs, Gs, Gg, Gg, Gs, Gs, Gg, Gs, Gs, Rra, Rrd, Gg, Gs, Gs, Gs
Hhd, Hhd, Hhd, Dd, Hh^Vht, Hhd, Dd, Gs, Hhd^Vha, Gg, Gg, Hhd, Gs, Hhd, Gg, Gg, Gg, Gs, Gg, Gs, Gs, Gs, Gs, Gg, Rr, Rrc, Gg, Hh^Fpa, Gs, Rra, Rrc, Gg, Gs, Gg, Gg, Gs, Gs
Hh, Hh, Hhd, Hh, Ww, Hhd, Ww, Ds, Rrd, Rrd, Rrd, Gg, Hh, Rra, Rr, Gg, Gg, Gs, Gs, Gs, Gg, Gs, Gs^Fmf, Gg, Rra, Rrc, Rrd, Rrd, Rrc, Gg, Gs, Gg, Gs, Gs, Gs, Gg, Gg
Hh, Hh, Hhd, Hhd, Ds, Dd, Ds, Dd, Gs^Fma, Rrc, Rrd, Gg, Hh, Rrc, Hhd, Rr, Rr, Gg, Gs, Gg, Gs, Gs, Gs, Hh, Rrd, Rrc, Rrc, Gg, Gs, Gs, Gs, Gs, Gg, Hh^Fma, Gs, Gs, Gs
Gg^Fmw, Gg^Fmw, Hhd, Dd, Ww, Gs, Ww, Ww, Gg^Fms, Rr, Rrd, Rr, Rr, Rr, Rr, Gg, Hhd, Gg, Gs, Gs, Gs, Gg, Gs, Gg, Rra, Gs, Gs, Gg, Gg, Gs, Gg, Hh, Gg^Fma, Gg, Gs, Gs, Gs
Hh, Hh, Gg^Fmw, Ds, Gg, Ds, Gs, Ww, Ww, Rrd, Rr, Rr, Rra, Gg, Gg, Gs, Gs, Gg, Gs, Gs, Gg, Gs, Gs, Gg, Rrd, Rrd, Rrd, Gg, Gs, Gs, Gs, Gs^Fp, Hh^Fms, Gg, Gs, Gg, Gg
Hh^Fpa, Hh^Fpa, Gg^Fma, Gg, Ww, Gg, Gs, Sm, Ss, Re, Rrd, Gg, Rrd, Gs, Gg, Gg, Gs, Gs, Gs, Gg, Gs, Gs, Gs, Gs, Rr, Rr, Rra, Gs, Hh^Vhc, Hh, Gs, Hh, Gg^Fmf, Gg^Fms, Gg, Gg, Gg
Gs^Fma, Gs^Fma, Sm, Ww, Dd, Gs, Gs, Rr, Ww^Bw\, Dd, Ds, Dd, Gs, Gg^Fpa, Hh^Vhc, Gs, Gg, Gs, Gs, Gg, Gs, Gg, Gg, Gg, Rra, Gg, Gg, Gs^Fpa, Hh^Fmw, Gg, Hhd, Gs, Hh, Hhd, Gs, Hhd, Hhd
Dd, Dd, Hhd, Ch, Ch, Rra, Rrc, Hh, Ss, Ww, Ww, Gs, Gs, Gs, Gg, Hh, Hhd, Hh^Vha, Gs, Gg, Gg, Gs, Gg, Rrd, Rra, Rr, Rrc, Rr, Rrc, Rr, Hhd, Chr, Chr, Chr, Dd, Gg, Gg
Dd, Dd, Ww, Ch, 1 Kh, Rrc, Gs, Hh, Gg, Gs, Dd, Dd, Gs, Gs, Gg, Gg, Gg^Fma, Gs, Gg, Gs, Gs, Rra, Rrd, Gg, Hh, Gs, Gg, Gg, Gs, Dd, Rrd, Rr, 2 Kh, Chr, Wwg, Ww, Ww
Gs^Fp, Gs^Fp, Ss, Hh^Fms, Ch, Gs, Rr, Rrd, Rr, Rra, Ww, Rr, Hhd, Gg, Gs, Gg, Gg, Gs, Gs, Rra, Rrc, Hhd, Gg, Gg, Hhd, Gg, Gs, Hhd, Hhd, Ww, Wwt, Ww, Ww, Ww, Ww, Ww, Ww
Ds, Ds, Ww, Ds, Gg, Dd, Gs, Hh, Rr, Re, Rra, Dd, Rrd, Rrd, Rrc, Rrc, Rr, Rrd, Rrc, Gg, Gg^Fmw, Gs^Vha, Gg, Hh, Hhd, Ww, Gs, Dd, Ww, Ww, Sm, Ww, Ww, Ww, Ww, Ww, Ww
Gg, Gg, Dd, Ww, Ww, Gg^Fms, Gs, Gs, Rrc, Hh^Vhs, Ww, Gs, Rrd, Hhd, Hh, Gs, Gs, Gs, Gs, Gg, Gg, Gg, Ds, Ww, Ww, Ww, Ww, Ww, Ww, Ww, Ww, Ww, Ww, Ww, Ww, Ww, Ww
Gg, Gg, Hhd, Ds, Dd, Hh^Vhs, Gg^Fms, Gs^Fmw, Rrd, Rr, Re, Rrd, Rr, Gs, Gs^Fmw, Gg^Vht, Gs, Gs, Gg, Gg, Gg^Fms, Ss, Ww, Ww, Ww, Ww, Ww, Ww, Ww, Ww, Ww, Ww, Ww, Ww, Ww, Ww, Ww
Gs, Gs, Hhd, Dd, Ww, Gg, Gs^Fp, Hhd, Gg^Fp, Gs, Ww, Ww, Sm, Gs, Gg, Sm, Ds, Ss, Gg, Dd, Hh^Vhc, Ww, Ww, Ww, Ww, Ww, Ww, Ww, Ww, Ww, Ww, Ww, Ww, Ww, Ww, Ww, Ww
Gg^Fmw, Gg^Fmw, Gg^Fp, Ds, Hh^Fms, Dd, Gg, Hh, Gs^Fma, Gg, Ds, Dd, Sm, Gg, Gs, Dd, Ww, Ww, Dd, Ww, Ww, Ww, Ww, Ww, Ww, Ww, Ww, Ww, Wwt, Ww, Ww, Ww, Ww, Ww, Ww, Wwr, Wwr
Hh^Fmw, Hh^Fmw, Hh, Hhd^Vh, Ww, Hh, Gg^Fp, Hh, Gg^Fma, Gs, Ww, Hh^Fma, Gg^Vh, Gs, Hh, Gg, Ww, Ww, Ww, Ww, Ww, Ww, Ww, Ww, Ww, Ww, Ww, Ww, Ww, Ww, Ww, Ww, Ww, Ww, Ww, Wog, Wog
Gs, Gs, Gs, Hh, Hh^Fp, Ww, Sm, Gg^Fpa, Gg^Fma, Gs^Fp, Dd, Ww, Dd, Gg, Dd, Ww, Ww, Ww, Ww, Ww, Ww, Ww, Ww, Ww, Ww, Ww, Ww, Ww, Ww, Ww, Wwg, Ww, Ww, Wo, Wot, Wot, Wot
Gg, Gg, Hh^Fma, Gs^Fmw, Gs^Fma, Gg^Fpa, Dd, Ds, Hh^Vhh, Gg, Hh^Fpa, Dd, Hh, Ds, Ww, Ww, Ww, Ww, Ww, Ww, Wwg, Ww, Ww, Ww, Wwt, Ww, Ww, Ww, Ww, Ww, Ww, Ww, Ww, Ww, Wwr, Wo, Wo
Gg^Fma, Gg^Fma, Gs^Fpa, Hh^Fms, Gg^Fp, Hh^Fma, Ww, Ww, Hhd, Dd, Sm, Dd, Ww, Ww, Ww, Wwg, Ww, Ww, Ww, Wwg, Ww, Ww, Ww, Ww, Ww, Ww, Ww, Ww, Ww, Wot, Ww, Ww, Wwr, Wo, Ww, Ww, Ww
Hh^Fmw, Hh^Fmw, Hh^Fpa, Gg^Fmw, Gg^Fmw, Gs, Ds, Ww, Ww, Ww, Ww, Ww, Ww, Ww, Ww, Ww, Ww, Ww, Ww, Wwt, Wwt, Ww, Ww, Ww, Ww, Ww, Ww, Wot, Wo, Ww, Wog, Ww, Wot, Wo, Wot, Wwr, Wwr
Mv, Mv, Mv, Mv, Mv, Mv, Mv, Mv, Mv, Mv, Mv, Mv, Mv, Mv, Mv, Mv, Mv, Mv, Mv, Mv, Mv, Mv, Mv, Mv, Mv, Mv, Mv, Mv, Mv, Mv, Mv, Mv, Mv, Mv, Mv, Mv, Mv
