Mdd, Mdd, Mdd, Mdd, Mdd, Mdd, Mdd, Mdd, Mdd, Mdd, Mdd, Mdd, Mdd, Mdd, Mdd, Mdd, Mdd, Mdd, Mdd, Mdd, Mdd, Mdd, Mdd, Mdd, Mdd, Mdd, Mdd, Mdd, Mdd, Mdd, Mdd, Mdd, Mdd, Mdd, Mdd, Mdd, Mdd, Mdd, Mdd, Mdd, Mdd, Mdd, Mdd, Mdd, Mdd, Mdd, Mdd
Mdd, Mdd, Gg, Gg, Mm, Mdd, Md, Hhd, Hh, Ms, Hhd, Gg, Gs, Gs, Gs, Gs, Gs, Gg, Gg, Gg, Gg, Gs, Gs, Gg, Gs, Gs, Gs, Gs, Gs, Gg, Gg, Gs, Gg, Hhd, Gg, Gs, Gg, Gs, Gg, Hh, Gg^Feta, Hh^Fet, Gg, Gs, Gs, Gg, Gg
Md, Md, Ms, Gg, Hh^Fetd, Gg^Feth, Hh, Hh, Gs^Fet, Hh^Fet, Gg, Gg, Gs, Gg, Hh^Feta, Gg, Gg, Gg, Gg, Gs, Gs, Gs, Gs, Gs, Gg, Gs, Gg, Gs, Gs, Gg, Gs, Gs, Gs, Gs, Gs, Gg, Gs, Gs, Gs, Hh, Hhd, Gg, Gs, Gs, Gs, Gs, Gs
Mv, Mv, Hhd, Mdd, Hh, Gs, Ms, Hh^Vhh, Gs^Feta, Gg, Gs, Gs, Gg^Feth, Hh, Gg^Fetd, Gs, Gg^Feth, Gg, Gg, Gs, Gs, Gs, Gs, Chw, Hhd, Gs, Hh, Gg, Gs, Gs, Gs, Gg^Fetd, Gg^Fetd, Gs, Gs, Gs, Gg, Gs, Gg, Hh, Hhd, Rrd, Rrc, Rrd, Gg^Fetd, Gg, Gg
Gs, Gs, Gs^Feta, Hhd, Hh^Fetd, Mdd, Md, Dd, Gg, Gs, Gs, Gs, Hhd^Vh, Hh^Fet, Hh^Feth, Gg^Feth, Gg, Gs, Gg, Gs, Gs, Gg, Ch, 2 Kh, Chw, Gs, Hh, Gg, Gg, Gs, Gg, Hh, Gg, Gg^Fetd, Gs^Feta, Gg, Gs, Gs, Gg^Feta, Rr, Rr, Hh, Gs, Gg, Gs, Hhd, Hhd
Hh, Hh, Hh, Hhd, Hhd, Md, Ww, Ds, Gs, Gg, Gs, Gg, Hh, Hhd, Hhd, Hh, Gs, Gs, Gs, Gg, Gs, Gg, Ch, Rrc, Ch, Gg^Fet, Gs, Gg, Gg, Gg, Gg, Hhd, Gs^Feta, Gg^Feta, Gs, Gs, Gg, Rra, Rra, Gg, Hhd, Gg, Gg, Hh, Hh^Fetd, Gg, Gg
Hhd, Hhd, Hh, Hhd, Hhd, Mdd, Hhd, Ww, Gg, Gs, Gs, Gs, Gg, Gg^Fetd, Hhd, Gg, Gg, Gs, Gg, Gg, Hh^Feta, Gs^Feta, Gs^Fetd, Rrc, Gg, Gg, Gs, Gg^Feth, Gg, Gs, Gs, Gs, Gs, Gg, Hhd, Rra, Rr, Gs, Gs, Gs, Gs, Gg, Gs, Gg, Gg^Feta, Gg, Gg
Hhd, Hhd, Hhd, Hhd, Hhd, Mv, Hh, Ss, Dd, Dd, Gg, Gs, Gg, Gg, Gg, Gg, Gs, Gg, Gg, Gg^Fetd, Hh^Feta, Gs^Feta, Hh^Fet, Rrd, Gg, Gg, Hhd, Gg, Gs^Fet, Gs, Gg, Gs, Gg, Rrd, Rrd, Gg, Gs, Gg, Gg, Gs, Gg, Gs, Gs, Gg, Gg, Hh, Hh
Hhd, Hhd, Hhd, Hhd, Gg^Feta, Gs, Hh, Gg, Ww, Ww, Ww, Hhd, Hhd, Gs, Gg, Gs, Gs, Gs, Hhd, Hh, Gg^Feta, Gs^Fet, Hhd, Rra, Gg, Gg, Gs, Gs, Gg^Feta, Gs, Gs, Rr, Rr, Hh, Hhd, Gg, Gg, Gg, Gs, Gg, Gs, Gg, Gg, Gs, Gs, Gg, Gg
Hh, Hh, Hh, Hh, Hh^Vhhr, Gs, Hhd, Hhd, Dd, Gg, Dd, Dd, Gg, Gs, Gg, Gg, Gg, Hh, Gg^Feta, Gs, Gs^Feta, Hh, Hhd, Rrc, Gs, Gg, Gs, Hh, Gg, Rrc, Rrc, Gg, Rrc, Rra, Gs, Gs, Gs, Hh, Gg, Gg, Gg, Gs, Gs, Hh, Gg, Gg, Gg
Hh, Hh, Hhd, Mv, Mm, Hh, Hh, Hh, Gs, Hhd, Ww, Ww, Ds, Gs^Vha, Hh, Gs, Gs, Gs, Gg^Fet, Gs^Feta, Hhd, Gs^Feta, Gs, Rrc, Gs, Hh, Hhd, Rra, Rra, Rr, Rrc, Rrd, Rrd, Rrc, Gg^Feta, Gs, Hhd, Gg^Feta, Gg^Feth, Gg, Gg^Fetd, Gs, Gs, Hh, Gs, Ww, Ww
Hh, Hh, Gs, Hh^Feth, Hhd, Gs, Gs, Gg, Gg, Dd, Gg, Ss, Ds, Gg, Gs^Feth, Gs, Gs, Gs^Fetd, Gg^Feta, Gg^Fet, Hh, Gs, Gs, Rrc, Gg, Rr, Rrd, Rrc, Rr, Rr, Rrd, Gs, Gs^Fet, Rrc, Rr, Gg^Fet, Gg, Gg, Hhd, Hh^Feth, Gs^Feta, Hhd, Hh, Dd, Ww, Ww, Ww
Hh, Hh, Gg, Gg, Gs, Gs, Gg, Gg^Feth, Gg, Gs, Ww, Ww, Ds, Gg^Feta, Gg^Fetd, Gs, Gg^Feth, Gg, Gs, Gg^Feth, Gs^Fetd, Gs, Gg^Feth, Rrc, Rrd, Gs, Gs, Rrd, Rr, Gg, Gg^Fet, Gs, Gg^Fet, Rra, Hh^Feth, Rrd, Gg, Hhd, Gg, Gg, Gs, Gg^Feth, Gg, Ds, Ds, Ww, Ww
Hh, Hh, Gs, Hhd, Gg, Gg, Gs, Hhd, Gg^Vhca, Dd, Dd, Hh, Dd, Gg, Gg^Feth, Gg, Hh^Fetd, Gs, Hh, Gs^Fet, Gg^Fetd, Gs^Fet, Hhd, Rra, Gg, Gs, Gg, Hhd, Hh^Fetd, Hh, Gg^Fet, Gs^Fetd, Hh, Hh^Feth, Rra, Hh^Vht, Rrd, Gs, Hh, Hh^Fet, Hh^Fet, Gs, Gs, Ds, Ww, Ww, Ww
Gg, Gg, Gg^Feta, Gg, Gs, Gs, Gs, Gs, Gs, Gs, Ww, Ds, Gg, Gs, Gg, Gs, Hhd^Vhc, Gg^Feth, Gg, Gs, Gs^Fetd, Hh, Hhd, Rrd, Hhd, Gs, Hh, Hh, Hh, Gg^Fetd, Gg, Ds, Ds, Wwg, Dd, Dd, Dd, Ds, Ww, Hhd, Ds, Ds, Dd, Ww, Ww, Ww, Ww
Hh, Hh, Hh, Gg, Hhd, Gs, Gs, Gg, Gs, Sm, Gs, Gg, Gs, Gg, Gg, Gg, Gg^Fetd, Gg, Hh, Gg, Gs, Gg, Rra, Rrc, Gg^Fetd, Gs, Gs, Hh^Fetd, Gs, Hh, Hhd^Vhh, Dd, Ww, Wwg, Wwt, Wwg, Ww, Ww, Ww, Ww, Ww, Ww, Ww, Ww, Ww, Ww, Ww
Gs, Gs, Gs, Gs, Hh^Vhs, Gg^Feta, Gs, Gs, Hhd, Hhd, Ww, Ww, Gg, Gg^Fet, Gs, Gs^Fet, Hh, Gg, Gs, Gg^Fet, Gs, Hh, Rr, Rra, Gg, Gg, Gs, Gg, Gs^Feth, Hh, Gg, Hhd, Hh, Wwg, Ww, Ww, Ww, Ww, Ww, Ww, Ww, Ww, Ww, Ww, Ww, Wwg, Wwg
Gs, Gs, Gs, Gs, Gg^Feta, Gs, Gg^Fet, Gs, Gs, Dd, Dd, Gs, Gg, Gs, Gs, Gg, Gs, Hh, Hh, Gg, Gs, Hh, Rrd, Rra, Hhd, Gg, Gg^Fetd, Gg^Fet, Hhd, Hh, Hhd, Gg^Feta, Ww, Ww, Ww, Ww, Ww, Ww, Ww, Ww, Ww, Wwg, Ww, Ww, Ww, Dd, Dd
Gg, Gg, Gg, Gs, Gg, Gg, Gg^Feth, Gs^Feta, Gg, Gg, Ww, Gs, Dd, Gs, Gg, Gs, Gs, Gs, Gg, Gs, Rrc, Rr, Rrd, Rra, Hh, Gs, Gs, Gg, Gs, Gs, Gg, Dd, Ww, Ww, Wwt, Ww, Ww, Ww, Ww, Ww, Ww, Ww, Ww, Ww, Ww, Ww, Ww
Gg, Gg, Gs, Gs^Fet, Gs, Gs, Gs, Gg^Feta, Gg^Feta, Gs^Feth, Gs, Ww, Ww, Dd, Ds, Hhd^Vh, Gs, Gs, Gg, Gs, Gs, Gg, Rr, Rrd, Gg^Feth, Hh^Feta, Gs, Gs, Gs, Ds, Ds, Ww, Ww, Ww, Ww, Ww, Ww, Ww, Ww, Ww, Ww, Ww, Ww, Ww, Dd, Ds, Ds
Gs, Gs, Gg, Gs, Hh, Gg^Feth, Gs^Fetd, Gg, Gg^Feta, Gg^Feth, Ds, Dd, Ww, Ww, Ww, Hh^Fet, Hhd, Gs, Gs, Gs, Gs, Gg^Fet, Rra, Gs, Rra, Hhd, Gs, Gg, Hh, Hh, Ww, Ww, Ww, Ww, Ww, Ww, Ww, Ww, Ww, Ww, Ww, Wwt, Ww, Ww, Ww, Ww, Ww
Gg, Gg, Gg, Gg, Gs, Gs, Hh, Gs^Fetd, Hh^Feth, Gg^Feth, Gs, Gg, Ds, Gs, Ds, Dd, Gs, Gs, Gs, Gs, Gg, Gs, Rrd, Gg^Fet, Gg, Gs, Gg, Gg, Dd, Ss, Wwt, Wwt, Ww, Ww, Ww, Ww, Ww, Ww, Ww, Ww, Ww, Ww, Ww, Wwg, Ww, Wwg, Wwg
Gs, Gs, Gg, Gg, Gg, Gg, Gg^Fetd, Gs, Gg, Gg, Gs, Gs, Gs, Gs, Ww, Ww, Dd, Gs, Gg, Gs, Gg, Gg, Rr, Gs, Gs, Gs, Gg, Ds, Ww, Ww, Ww, Ww, Ww, Ww, Ww, Ww, Ww, Wwg, Ww, Ww, Ww, Ww, Ww, Ww, Wwg, Ww, Ww
Gs, Gs, Gg, Gg^Feth, Hhd^Vhc, Gg^Fet, Hh^Feth, Gs^Fet, Gg, Gg, Hh, Hh^Vhh, Gg^Feta, Gs, Ds, Ww, Hhd, Gg^Feth, Gs^Fetd, Gs, Gg, Rr, Rrc, Hh^Fet, Gg, Gg, Dd, Ww, Ww, Ww, Ww, Ww, Ww, Ww, Ww, Ww, Ww, Wwg, Ww, Ww, Ww, Ww, Ww, Ww, Ww, Ww, Ww
Gg, Gg, Gg, Hh^Fetd, Gs, Hhd, Gg^Feta, Gs, Gg, Hh, Gg, Gs, Gg, Gs, Ds, Dd, Dd, Ds, Gg, Wwt, Hhd^Vhs, Rrd, Rra, Gs^Feth, Hhd, Ss, Ww, Ww, Ww, Wwt, Ww, Ww, Ww, Ww, Ww, Ww, Ww, Ww, Ww, Ww, Ww, Ww, Ww, Ww, Ww, Ww, Ww
Gg, Gg, Gs, Gg, Gs, Gg, Gg, Gs, Hh^Feta, Gs, Gs, Hh, Gg, Gg, Gs, Gs, Ww, Ww, Sm, Hh^Fetd, Re, Rra, Rrd, Gg, Gg, Gg^Feth, Ww, Ww, Ww, Wwg, Ww, Ww, Ww, Ww, Ww, Ww, Ww, Ww, Ww, Ww, Ww, Ww, Ww, Ww, Ww, Ww, Ww
Gs, Gs, Gs, Gs, Gs, Hh, Gg, Gg, Gg, Hh, Hhd, Gg^Fetd, Hhd, Hhd, Gg, Hh, Dd, Ww, Ww, Ww, Ww, Ww, Rra, Ww, Dd, Ww, Ww, Ww, Ww, Ww, Ww, Ww, Ww, Ww, Ww, Ww, Ww, Ww, Ww, Ww, Ww, Ww, Wwt, Ww, Ww, Wo, Wo
Gs, Gs, Gg, Gs, Gg, Gg, Gs, Gs, Gs, Gg, Gg, Hhd, Gg, Hh^Fetd, Hh^Vhh, Sm, Ww, Dd, Ww, Ww, Ww, Ww^Bw/, Rrc, Dd, Ww, Ww, Ww, Ww, Ww, Ww, Ww, Ww, Ww, Ww, Ww, Ww, Ww, Ww, Wwg, Ww, Ww, Ww, Wwt, Ww, Wog, Wwr, Wwr
Gg, Gg, Gs, Gs, Gg, Gg, Gg, Gs, Hh^Fet, Hhd^Vhs, Gg, Hh, Gs, Ww, Ww, Ww, Ww, Dd, Ww, Wwt, Ch, 1 Kh, Wwt, Ww, Ww, Ww, Ww, Ww, Ww, Ww, Ww, Ww, Ww, Ww, Ww, Ww, Ww, Ww, Ww, Ww, Ww, Wwg, Ww, Ww, Wot, Wwr, Wwr
Gg, Gg, Gs, Gs, Gg, Gg, Gg, Ds, Ww, Dd, Ds, Ww, Ss, Ww, Ww, Ww, Ww, Ww, Ww, Ww, Ww, Wwt, Wwt, Wwg, Ww, Ww, Ww, Ww, Ww, Ww, Ww, Ww, Ww, Ww, Ww, Ww, Ww, Ww, Ww, Ww, Ww, Wwg, Ww, Wwg, Wwr, Wot, Wot
Gg, Gg, Gs, Gg, Hhd, Dd, Hh, Ds, Ww, Wwg, Ww, Ww, Ww, Ww, Ww, Ww, Ww, Ww, Ww, Ww, Ww, Ww, Ww, Ww, Ww, Ww, Ww, Ww, Ww, Ww, Ww, Wwg, Ww, Ww, Ww, Ww, Ww, Ww, Ww, Wwt, Wwg, Wwt, Wot, Ww, Wwg, Ww, Ww
Gg, Gg, Gs, Gs, Gs, Ds, Ww, Ww, Ww, Ww, Ww, Ww, Ww, Ww, Ww, Ww, Ww, Ww, Ww, Wwt, Ww, Ww, Ww, Ww, Ww, Ww, Ww, Ww, Ww, Ww, Wwg, Ww, Ww, Ww, Ww, Ww, Ww, Wog, Wo, Ww, Ww, Ww, Wwg, Wot, Wwr, Ww, Ww
Gg, Gg, Gs, Gs, Gs, Gg, Ww, Ww, Ww, Ww, Ww, Ww, Ww, Ww, Ww, Ww, Ww, Wwg, Ww, Ww, Ww, Ww, Ww, Ww, Ww, Ww, Ww, Ww, Ww, Ww, Ww, Ww, Ww, Ww, Ww, Ww, Ww, Wog, Wwr, Ww, Ww, Ww, Wo, Wot, Ww, Wwt, Wwt
Gg, Gg, Gs, Gs, Gg, Gg, Ww, Ww, Ww, Ww, Ww, Ww, Ww, Wwt, Ww, Ww, Ww, Ww, Ww, Wwg, Ww, Ww, Ww, Ww, Wwg, Ww, Ww, Ww, Ww, Ww, Ww, Ww, Ww, Ww, Ww, Ww, Ww, Wot, Wot, Wo, Wog, Ww, Wot, Wog, Wo, Wo, Wo
Mdd, Mdd, Mdd, Mdd, Mdd, Mdd, Mdd, Mdd, Mdd, Mdd, Mdd, Mdd, Mdd, Mdd, Mdd, Mdd, Mdd, Mdd, Mdd, Mdd, Mdd, Mdd, Mdd, Mdd, Mdd, Mdd, Mdd, Mdd, Mdd, Mdd, Mdd, Mdd, Mdd, Mdd, Mdd, Mdd, Mdd, Mdd, Mdd, Mdd, Mdd, Mdd, Mdd, Mdd, Mdd, Mdd, Mdd
