Gg, Rr, Gg, Gg, Gg, Gg, Ds, Hh, Rr, Ds, Rr, Gg, Hh, Rr, Gg, Ds, Rr, Gg, Rr, Gg, Rr, Gg, Hh, Rr, Ds, Rr, Hh, Rr
Gg, Ds, Rr, Gg, Gg, Gg, Rr, Rr, Rr, Ds, Gg, Rr, Gg, Ch, Gg, Gg, Rr, Gg, Rr, Gg, Rr, Gg, Gg, Gg, Rr, Ds, Hh, Rr
Rr, Gg, Rr, Gg, Rr, Gg, Gg, Rr, Rr, Gg, Ds, Gg, Ch, 2 Kh, Ch, Gg, Gg, Gg, Gg, Gg, Gg, Gg, Gg, Gg, Rr, Rr, Rr, Gg
Hh, Ds, Gg, Gg, Gg, Gg, Rr, Rr, Rr, Hh, Rr, Gg, Ch, Ch, Ch, Gg, Rr, Rr, Rr, Gg, Gg, Rr, Gg, Rr, Rr, Rr, Ds, Gg
Gg, Rr, Gg, Gg, Rr, Hh, Gg, Gg, Rr, Gg, Rr, Rr, Rr, Rr, Gg, Ds, Rr, Rr, Rr, Rr, Gg, Ds, Rr, Rr, Rr, Gg, Gg, Gg
Rr, Gg, Gg, Gg^Vhc, Ds, Gg, Ds, Gg^Vhc, Rr, Gg, Hh, Gg^Vhc, Hh, Rr, Rr, Gg^Vhc, Gg, Gg, Gg, Gg^Vhc, Gg, Rr, Rr, Gg^Vhc, Gg, Hh, Rr, Gg
Rr, Gg, Gg, Gg, Gg, Gg, Ds, Hh, Rr, Hh, Gg, Ds, Ds, Rr, Gg, Rr, Rr, Gg, Hh, Gg, Gg, Gg, Rr, Rr, Ds, Rr, Gg, Hh
Hh, Gg, Gg, Rr, Rr, Gg, Hh, Gg, Rr, Gg, Gg, Gg, Gg, Rr, Hh, Rr, Rr, Gg, Rr, Rr, Rr, Rr, Rr, Gg, Rr, Ds, Gg, Hh
Gg, Rr, Hh, Rr, Rr, Gg, Rr, Gg, Rr, Rr, Gg, Gg, Gg, Rr, Gg, Gg, Ds, Rr, Rr, Rr, Rr, Rr, Rr, Rr, Gg, Rr, Rr, Rr
Rr, Gg, Hh, Gg, Rr, Gg, Ds, Gg, Rr, Rr, Rr, Gg, Gg, Rr, Gg, Ds, Gg, Rr, Rr, Rr, Rr, Gg, Rr, Gg, Rr, Gg, Gg, Rr
Rr, Gg, Gg, Gg^Vhc, Rr, Hh, Rr, Gg^Vhc, Rr, Rr, Rr, Gg^Vhc, Gg, Rr, Gg, Gg^Vhc, Rr, Rr, Rr, Gg^Vhc, Rr, Gg, Rr, Gg^Vhc, Gg, Rr, Gg, Gg
Gg, Rr, Gg, Rr, Rr, Rr, Rr, Rr, Hh, Rr, Rr, Rr, Rr, Ch, Rr, Rr, Rr, Rr, Rr, Rr, Rr, Rr, Rr, Hh, Gg, Gg, Rr, Hh
Ww, Ww, Ww, Ww, Rr, Rr, Rr, Rr, Rr, Rr, Rr, Rr, Ch, 1 Kh, Ch, Rr, Rr, Rr, Rr, Rr, Rr, Rr, Rr, Ww, Ww, Ww, Ww, Ww
Ww, Ww, Ww, Ww, Ww, Ww, Rr, Rr, Rr, Rr, Rr, Rr, Ch, Ch, Ch, Ww, Ww, Ww, Ww, Ww, Ww, Ww, Ww, Ww, Ww, Ww, Ww, Ww
Wo, Wo, Wo, Wo, Wo, Wo, Wo, Wo, Wo, Wo, Wo, Wo, Wo, Wo, Wo, Wo, Wo, Wo, Wo, Wo, Wo, Wo, Wo, Wo, Wo, Wo, Wo, Wo
Wo, Wo, Wo, Wo, Wo, Wo, Wo, Wo, Wo, Wo, Wo, Wo, Wo, Wo, Wo, Wo, Wo, Wo, Wo, Wo, Wo, Wo, Wo, Wo, Wo, Wo, Wo, Wo
