Mv, Mv, Mv, Mv, Mv, Mv, Mv, Mv, Mv, Mv, Mv, Mv, Mv, Mv, Mv, Mv, Mv, Mv, Mv, Mv, Mv, Mv, Mv, Mv, Mv, Mv, Mv, Mv, Mv, Mv, Mv, Mv, Mv, Mv, Mv, Mv, Mv
Mv, Mv, Md, Mv, Mdd, Md, Hhd, Dd, Hhd, Md, Md, Hhd, Gg, Gs^Fmw, Hh, Hh, Hh, Hh, Hh, Mv, Gg, Gg^Fma, Gg, Hhd, Gs, Gg^Fp, Gs, Rrc, Gg, Gs, Gs^Fmf, Gg, Gg, Gs, Gg^Fpa, Gg, Gg
Mm, Mm, Mm, Md, Ww, Hhd, Ww, Hh, Hhd, Gs, Hhd, Hh, Gg^Fpa, Hh, Hh, Hh, Hh, Hh, Hhd, Hh^Fma, Hh, Gg, Hh, Gs, Gg, Rrd, Gg, Gg, Rr, Rr, Gs, Gg, Gs, Gg, Gs, Gg, Gg
Mm, Mm, Mm, Mdd, Hh, Hhd, Hhd, Hhd, Mdd, Mv, Hh, Hhd, Hh, Hh, Gg, Gs, Gs, Gg, Gs^Vhc, Gs, Gs, Gs, Gg, Gs, Gs, Rrd, Rr, Rrd, Rr, Rr, Rr, Gs, Gs, Rr, Gg, Gg, Gg
Mdd, Mdd, Md, Mv, Ww, Ww, Ww, Hh, Mdd, Gg^Fmf, Gg, Hh, Hhd, Gs, Gg, Gs, Gs, Gg, Gg, Gg, Gs, Gg, Gs, Gs, Gg, Gg, Rrd, Rr, Rrc, Rr, Gs, Rra, Rrd, Gg, Gs, Gs, Gs
Hhd, Hhd, Hhd, Dd, Hh, Hhd, Dd, Gs, Hhd^Vhh, Gg, Gg, Hhd, Gs, Hhd, Gg, Gg, Gg, Gs, Gg, Gs, Gs, Gs, Gs, Gg, Gs, Gs, Gg, Hh^Vh, Rrc, Rra, Rra, Rrc, Rra, Rr, Gg, Gs, Gs
Hh, Hh, Hhd, Hh^Vhhr, Ww, Hhd, Ww, Ds, Gs, Gs, Gg, Gg, Hh, Rrd, Rr, Gg, Gg, Gs, Gs, Gs, Gg, Gs, Gs^Fmf, Gg, Gs, Gg, Gs, Rra, Rrd, Gg, Rra, Gg, Gs, Gs, Gs, Gg, Gg
Hh, Hh, Hhd, Hhd, Ds, Dd, Ds, Dd, Gs^Fma, Gg^Fp, Gs, Gg, Hh, Rr, Hhd, Gs, Gs, Gg, Gs, Gg, Gs, Gs, Gs^Vhs, Hh, Gs, Rra, Rrc, Gg, Gs, Gs, Gs, Gs, Gg, Hh^Vha, Gs, Gs, Gs
Gg^Fmw, Gg^Fmw, Hhd, Dd, Ww, Gs, Ww, Ww, Gg^Fms, Gs^Fpa, Hhd, Gs^Fpa, Rrc, Gg, Gg, Gg, Hhd, Gg, Gs, Gs, Gs, Gg, Gs, Gg, Rrc, Rrc, Gs, Gg, Gg, Gs, Gg, Hh, Gg^Fma, Gg, Gs, Gs, Gs
Hh, Hh, Gg^Fmw, Ds, Gg, Ds, Gs, Ww, Ww, Gs, Hhd, Hh, Rr, Gg, Gg, Gs, Gs, Gg, Gs, Gs, Gg, Gs, Gs, Gg, Rrd, Gg, Rrc, Gg, Gs, Gs, Gs, Gs^Fp, Hh^Fms, Gg, Gs, Gg, Gg
Hh^Fpa, Hh^Fpa, Gg^Fma, Gg, Ww, Gg, Gs, Sm, Ss, Ds, Gg, Gg, Rra, Gs, Gg, Gg, Gs, Gs, Gs, Gg, Gs, Gs, Gs, Gs, Rrc, Gg, Rr, Gs, Hh^Vha, Hh, Gs, Hh, Gg^Fmf, Gg^Fms, Gg, Gg, Gg
Gs^Fma, Gs^Fma, Sm, Ww, Dd, Gs, Gs, Gg, Ww, Dd, Ds, Dd, Rrc, Gg^Fpa, Hh^Vht, Gs, Gg, Gs, Gs, Gg, Gs, Gg, Gg, Gg, Rrc, Gg, Rrc, Gs^Fpa, Hh^Fmw, Gg, Hhd, Gs, Hh, Hhd, Gs, Hhd, Hhd
Dd, Dd, Hhd, Ch, Ch, Ch, Gg^Fma, Hh, Ss, Ww, Ww, Rr, Rr, Gs, Gg, Hh, Hhd, Hh, Gs, Gg, Gg, Gs, Gg, Rrd, Rra, Rr, Rrc, Rr, Rrc, Rr, Hhd, Chr, Chr, Chr, Dd, Gg, Gg
Dd, Dd, Ww, Ch, 1 Kh, Rra, Gs, Hh, Gg, Rrd, Re, Dd, Gs, Gs, Gg, Gg, Gg^Fma, Gs, Gg, Gs, Gs, Rra, Rr, Gg, Hh, Gs, Rrd, Rrc, Gs, Dd, Rrd, Rr, 2 Kh, Chr, Wwg, Ww, Ww
Gs^Fp, Gs^Fp, Ss, Hh^Fms, Ch, Gs, Rra, Rr, Rrd, Rrd, Ww, Rrc, Hhd, Gg, Gs, Gg, Gg, Gs, Gs, Rrd, Rra, Hhd, Rrc, Rr, Rrd, Rr, Rra, Rrc, Hhd, Ww, Wwt, Ww, Ww, Ww, Ww, Ww, Ww
Ds, Ds, Ww, Ds, Gg, Dd, Gs, Hh, Hhd, Ds, Rr, Dd, Rr, Rrd, Rrc, Rrc, Rr, Rrd, Rrd, Gg, Gg^Fmw, Rrc, Rr, Rrd, Rr, Ww, Gs, Dd, Ww, Ww, Sm, Ww, Ww, Ww, Ww, Ww, Ww
Gg, Gg, Dd, Ww, Ww, Gg^Fms, Gs, Gs, Gg, Hh^Vhc, Ww, Gs, Rra, Hhd, Hh, Gs, Gs, Gs, Gs, Gg, Gg, Gg, Re, Ww, Ww, Ww, Ww, Ww, Ww, Ww, Ww, Ww, Ww, Ww, Ww, Ww, Ww
Gg, Gg, Hhd, Ds, Dd, Hh, Gg^Fms, Gs^Fmw, Gs^Fma, Hhd, Ds, Gg, Rrc, Gs, Gs^Fmw, Gg^Vha, Gs, Gs, Gg, Gg, Gg^Fms, Ss, Ww, Ww, Ww, Ww, Ww, Ww, Ww, Ww, Ww, Ww, Ww, Ww, Ww, Ww, Ww
Gs, Gs, Hhd, Dd, Ww, Gg, Gs^Fp, Hhd, Gg^Fp, Gs, Ww, Ww, Sm, Gs, Gg, Sm, Ds, Ss, Gg, Dd, Hh^Vhs, Ww, Ww, Ww, Ww, Ww, Ww, Ww, Ww, Ww, Ww, Ww, Ww, Ww, Ww, Ww, Ww
Gg^Fmw, Gg^Fmw, Gg^Fp, Ds, Hh^Fms, Dd, Gg, Hh, Gs^Fma, Gg, Ds, Dd, Sm, Gg, Gs, Dd, Ww, Ww, Dd, Ww, Ww, Ww, Ww, Ww, Ww, Ww, Ww, Ww, Wwt, Ww, Ww, Ww, Ww, Ww, Ww, Wwr, Wwr
Hh^Fmw, Hh^Fmw, Hh, Hhd^Vht, Ww, Hh, Gg^Fp, Hh, Gg^Fma, Gs, Ww, Hh^Fma, Gg, Gs, Hh, Gg, Ww, Ww, Ww, Ww, Ww, Ww, Ww, Ww, Ww, Ww, Ww, Ww, Ww, Ww, Ww, Ww, Ww, Ww, Ww, Wog, Wog
Gs, Gs, Gs, Hh, Hh^Fp, Ww, Sm, Gg^Fpa, Gg^Fma, Gs^Fp, Dd, Ww, Dd, Gg, Dd, Ww, Ww, Ww, Ww, Ww, Ww, Ww, Ww, Ww, Ww, Ww, Ww, Ww, Ww, Ww, Wwg, Ww, Ww, Wo, Wot, Wot, Wot
Gg, Gg, Hh^Fma, Gs^Fmw, Gs^Fma, Gg^Fpa, Dd, Ds, Hh^Vh, Gg, Hh^Fpa, Dd, Hh, Ds, Ww, Ww, Ww, Ww, Ww, Ww, Wwg, Ww, Ww, Ww, Wwt, Ww, Ww, Ww, Ww, Ww, Ww, Ww, Ww, Ww, Wwr, Wo, Wo
Gg^Fma, Gg^Fma, Gs^Fpa, Hh^Fms, Gg^Fp, Hh^Fma, Ww, Ww, Hhd, Dd, Sm, Dd, Ww, Ww, Ww, Wwg, Ww, Ww, Ww, Wwg, Ww, Ww, Ww, Ww, Ww, Ww, Ww, Ww, Ww, Wot, Ww, Ww, Wwr, Wo, Ww, Ww, Ww
Hh^Fmw, Hh^Fmw, Hh^Fpa, Gg^Fmw, Gg^Fmw, Gs, Ds, Ww, Ww, Ww, Ww, Ww, Ww, Ww, Ww, Ww, Ww, Ww, Ww, Wwt, Wwt, Ww, Ww, Ww, Ww, Ww, Ww, Wot, Wo, Ww, Wog, Ww, Wot, Wo, Wot, Wwr, Wwr
Mv, Mv, Mv, Mv, Mv, Mv, Mv, Mv, Mv, Mv, Mv, Mv, Mv, Mv, Mv, Mv, Mv, Mv, Mv, Mv, Mv, Mv, Mv, Mv, Mv, Mv, Mv, Mv, Mv, Mv, Mv, Mv, Mv, Mv, Mv, Mv, Mv
