Ww, Ww, Ww, Ww, Ww, Ww, Ww, Ww, Ww, Ww, Ww, Ww, Ww, Ww, Ww, Ww, Ww, Ww, Ww, Ww, Ww, Ww, Ww, Ww, Ww, Ww, Ww, Ww, Ww, Ww, Ww, Ww, Ww, Ww, Ww, Ww
Ww, Ww, Ww, Wwg, Ww, Hhd, Hhd, Hh, Ww, Ww, Ww, Ww, Ww, Ww, Ww, Gg, Gg, Gg, Hhd, Hhd, Gg, Hhd, Gg^Fmf, Gs, Gg, Rrc, Rrd, Rr, Rrd, Rra, Mm, Aa, Ms, Hhd, Mdd, Mdd
Ww, Ww, Ww, Ww, Ww, Gs^Fmw, Hh, Hh, Gs^Fms, Ww, Ww, Ww, Ww, Ww, Ww, Ww, Gg, Gs^Fmf, Gg, Hh, Gg, Gg, Gs, Rrc, Rr, Rr, Mdd, Rrd, Rra, Ms, Rr, Rrc, Md, Gg, Hh, Hh
Hh, Hh, Hhd, Ww, Ds, Ds, Hh^Fma, Hh, Hh, Dd, Ww, Ww, Ww, Dd, Hhd^Vdr, Hh^Fpa, Gs^Fmw, Cv, Cvr, Cv, Gg, Rr, Rr, Hh^Fma, Hhd, Rrc, Gs^Vh, Hh, Mm, Mm, Ms, Mv, Rra, Gs, Mv, Mv
Gs, Gs, Gg^Fmf, Hh^Fmw, Ww, Ww, Ww, Ww, Ww, Ww, Gg, Gg, Ww, Ww, Gg, Gg^Fms, Gg, Cvr, 2 Kv, Rra, Rr, Hh^Fmw, Gg, Gg, Gs, Rr, Rr, Rrd, Hh, Ms, Md, Ms, Mdd, Ms, Hh, Hh
Hh, Hh, Hh^Fmf, Gs^Fpa, Gg^Fms, Hh, Ww, Ds, Ww, Gg, Gg, Gg, Gg, Gg, Gg, Rrd, Gg, Rr, Rr, Gs, Gs, Gg, Gs, Gs, Gg, Gs, Gg, Gs, Hh, Hhd, Hhd, Md, Mm, Gg, Gs, Gs
Hh^Fmw, Hh^Fmw, Gs, Hhd^Vda, Gs^Fma, Hhd, Gg, Gg, Gg, Gs^Fmf, Gg, Gg, Gg, Rr, Rr, Rra, Rra, Hh, Gg, Hh, Hh, Hhd, Hhd, Gg, Gs, Gg, Gg, Gg, Hhd, Hhd, Hhd, Mm, Ms, Mdd, Hhd, Hhd
Hhd, Hhd, Gg^Fma, Hh^Fms, Gg^Fpa, Hhd, Gg^Fp, Gg, Hhd, Gg^Fmw, Gg, Gg, Gg, Rr, Rra, Hh^Fmw, Rrd, Hh, Gg^Fpa, Gs^Fp, Hhd, Hh^Fmf, Gg^Fmw, Gg, Gs, Gg, Gg, Gg, Hh, Gs, Gg^Fma, Hh^Vd, Hhd, Md, Hh, Hh
Gs, Gs, Gs, Hh^Fma, Gg, Gg, Gg, Gg, Gg, Gg, Gg^Fp, Gs, Rrd, Rr, Rrc, Gg^Fmf, Rra, Gg, Gg^Fms, Hhd, Hh^Fms, Gg^Fmf, Gs^Fms, Gg, Gs, Gs, Gs, Hh, Hhd, Hh, Gs, Hh, Hh, Gs, Gs^Fpa, Gs^Fpa
Gs, Gs, Gg, Gg, Gg, Gs, Gg, Gs, Gs, Gs, Gs, Gg, Gs, Rrd, Rr, Rr, Rrc, Hhd, Hhd^Vdr, Hhd, Hh, Gs^Fma, Hhd, Gg^Vhs, Gg, Gs, Gg, Hh, Hh, Hhd, Gs, Gg, Gs, Gg, Gg^Fp, Gg^Fp
Gs, Gs, Gs, Hhd, Gg^Fms, Gg, Gg, Gs, Hhd, Mdd, Hh, Hh, Gs, Rrc, Hhd, Hhd, Rra, Hhd, Mm, Gs, Hh, Hh^Fp, Ms, Hh^Fmw, Gg^Fms, Gs, Gg, Hhd, Hh, Hh, Gg, Gs, Gg, Gg, Gg, Gg
Gg^Fmf, Gg^Fmf, Gg, Hh^Fms, Hh^Fpa, Hh^Vd, Hh^Fma, Ms, Hh, Hh, Hhd, Hh, Gg, Rrc, Rra, Hh, Rr, Hh, Aa, Ai, Mv, Gs, Gg, Mdd, Gs, Gg, Gs, Hhd, Hh, Gs, Gs, Hh^Fms, Gg, Gg, Gg, Gg
Gs^Fms, Gs^Fms, Gg^Fp, Gg^Fma, Hh^Fms, Hhd, Mdd, Mdd, Mdd, Hh, Gg, Gs, Rra, Hh, Mdd, Ww, Rr, Ai, Ww, Ww, Ww, Md, Md, Gg^Fma, Ms, Gg^Fpa, Gs, Hh, Hh, Hhd, Gg, Hhd, Gg, Gg, Gg, Gg
Gg^Fp, Gg^Fp, Gs^Fma, Gg^Fp, Gg^Fpa, Hhd, Ms, Mm, Mdd, Hh, Hh, Hh, Hhd, Ww, Ww, Md, Rrc, Aa, Ai, Aa, Aa, Mv, Md, Mm, Gg, Rra, Rrd, Hhd, Hh, Hhd, Gg, Gg, Gg, Gg, Gg, Gg
Gg^Fp, Gg^Fp, Gg^Fmf, Hh^Fmf, Hh^Fmw, Gs, Hhd, Mv, Ms, Mm, Mv, Mdd, Ww, Ww, Ww, Ms, Rrc, Md, Ww, Ai, Ai, Mdd, Mdd, Hhd, Md, Rrc, Ms, Gs, Gs, Gg, Gg, Gs^Fmw, Gg, Gg, Gg, Gg
Gg, Gg, Gg^Fma, Gg^Fms, Gg, Hh, Gg^Fms, Hh, Ms, Mm, Ms, Ww, Ww, Hhd, Mm, Ai, Rrd, Gg, Gg, Hhd, Ms, Mv, Ms, Mv, Mv, Rrd, Ms, Hhd, Mv, Gs, Gg, Hh, Gg^Fma, Gs, Gg, Gg
Gs, Gs, Hh^Fma, Hh^Fp, Hh^Fma, Hhd, Hhd^Vdr, Mdd, Mv, Ww, Ww, Ww, Aa, Ai, Aa, Aa, Rra, Mdd, Ww, Mm, Mv, Mdd, Hhd, Gg^Fpa, Hhd, Rr, Gs, Mm, Gs, Hh, Hh, Gg, Hh, Gg, Gs, Gs
Ms, Ms, Hhd, Gg, Gg, Hh, Hh, Hh^Fmw, Ds, Ai, Aa, Ai, Aa, Ai, Ai, Hh, Rr, Rr, Dd, Dd, Hh^Vdr, Mdd, Gs, Rrc, Rrc, Gg^Fp, Mv, Mv, Gs, Hh, Hhd, Mdd, Hhd, Gg, Gs, Gs
Mm, Mm, Hh, Gs, Gg, Gg, Gs, Ww, Ww, Aa, Ai, Aa, Aa, Ai, Ai, Hhd^Vda, Gg, Rrd, Ww, Ms, Gg^Fms, Hhd, Rrc, Rrc, Gg^Fp, Gg, Gg, Gg^Fms, Gg^Fpa, Hh, Hhd, Gs^Fmf, Mdd, Gs, Gg, Gg
Md, Md, Hhd, Hh^Fmf, Gs, Gs, Hh, Ms, Mdd, Ms, Aa, Ai, Aa, Ai, Ai, Ms, Ms, Rra, Re, Rrd, Hhd, Rrc, Rra, Hhd, Rr, Rra, Gs, Gs, Gs, Gs, Hh^Vda, Md, Hh, Hh, Hhd, Hhd
Gg, Gg, Mv, Gs^Vha, Gg, Mdd, Ww, Mm, Hh^Fmf, Mm, Gg, Gs, Hh, Md, Ms, Mv, Ms, Rra, Ww, Ww, Rra, Hh^Fpa, Hhd, Gg, Gg, Gs^Fpa, Rr, Rra, Gg, Gg, Gg, Gs, Gg, Gg, Hhd, Hhd
Gg^Fpa, Gg^Fpa, Hhd, Gg, Ds, Ww, Gg, Md, Hh^Vda, Ms, Md, Mdd, Gg, Mv, Mdd, Md, Gg^Fmw, Cv, 1 Kv, Rra, Rr, Hh^Fmf, Hhd, Gg, Gs^Fpa, Gg^Fpa, Gg, Gg, Rrd, Rrc, Rra, Rrc, Gg, Gg, Hh, Hh
Gs, Gs, Gg, Dd, Gs, Gg, Mv, Gg, Hhd, Hhd, Ms, Ms, Hhd, Mm, Ms, Hh, Gg, Hh, Ww, Dd, Gg, Gg, Gg, Gg, Gg, Gg, Gg, Dd, Gg, Rr, Rrc, Rra, Rra, Gg, Hh^Fp, Hh^Fp
Gs, Gs, Gg^Fpa, Ww, Ww, Hh, Gs, Hh, Ms, Gg^Fmw, Hh, Mdd, Mm, Mdd, Hh, Hhd, Hh, Hh, Hhd, Ww, Gg, Gg, Gg, Gg, Gg^Fp, Gg, Ww, Ww, Ww, Rrc, Rrd, Rrc, Rrd, Rra, Hhd, Hhd
Gs, Gs, Gs, Hhd, Ww, Gs, Gs, Hh, Hh^Fmw, Ms, Hhd, Ms, Mdd, Md, Mv, Hh, Gg, Gg, Gg, Ds, Ww, Hh, Gg, Gg, Gg, Ds, Ww, Ww, Ww, Rra, Rr, Rrc, Rrc, Hh, Hhd, Hhd
Ww, Ww, Ww, Ww, Ww, Ww, Ww, Ww, Ww, Ww, Ww, Ww, Ww, Ww, Ww, Ww, Ww, Ww, Ww, Ww, Ww, Ww, Ww, Ww, Ww, Ww, Ww, Ww, Ww, Ww, Ww, Ww, Ww, Ww, Ww, Ww
