Uue^Qhh, Uu^Qhh, Uue^Qhh, Uue^Ufi, Uue^Ufi, Uu^Ufi, Uu^Ufi, Uue, Uu, Uue, Uu, Uue, Uu, Uue, Uu^Qhu, Uue^Qhu, Uhe, Uue, Uue, Uu, Xuc, Xu, Xue, Xue, Xue, Uu, Uu, Uue
Uue^Qhh, Uue^Qhh, Uu^Ufi, Uue^Ufi, Uu^Ufi, Uu, Uu, Uue, Uue, Xuc, Xur, Xuc, Xuc, Xue, Xur, Uhe, Uhe, Uhe, Uh, Uh, Uue, Uu, Uu, Uhe, Uue, Uue, Uue, Xu, Xur, Xur, Uue^Qhu, Uu^Qhu, Uue^Qhu, Uu, Uu, Uu, Uue, Uu, Uue, Uu, Uhe, Uh, Uhe, Uue, Uue, Uue
Uu^Qhh, Uu^Qhh, Uu^Qhh, Uue^Uf, Uu, Uu, Uu, Uu, Uu, Uue, Xuc, Xu, Xur, Xur, Uhe, Uh, Uhe, Uh, Uhe, Uhe, Uu, Uu, Uue, Uu, Uue, Uu, Uue, Uue, Xue, Xu, Uu^Qhu, Uu^Qhu, Uue^Qhh, Uue, Uue, Uue, Uue, Uu, Uue, Uu, Uh, Uh^Ufi, Uhe^Qhu, Uue, Uu, Uu
Uue^Qhh, Uue^Qhh, Uu^Ufi, Uue^Vu, Uu, Uu, Uue, Uue, Uue, Uu, Uue, Uh, Xuc, Uhe, Uh, Uu, Uue, Uue, Uue, Uu, Uu, Uue, Uu, Uue, Uh, Uhe, Uhe, Uh, Uue, Uu, Uu, Uue^Qhu, Uu, Uu, Uu, Uue, Uu, Uu, Uu, Xue, Xur, Cud, Uh^Qhu, Uue^Ufi, Uue, Uue
Uue^Ufi, Uue^Ufi, Uu^Ufi, Uu, Uu, Uue, Uu, Uue, Uue, Uue, Uu, Uue, Uh, Uh, Uh, Uu^Uf, Uu^Qhh, Xu, Uue, Uue, Uu, Uue, Uu, Uue, Uhe, Uh, Uhe, Uhe, Uue, Uue, Uu, Uue, Uu, Uu, Uue, Uu, Uu, Uu, Uue, Xur, Cud, 2 Kud, Cud, Uu^Uf, Uue, Uue
Uue^Ufi, Uue^Ufi, Uu^Ufi, Uue, Uue, Uu, Uu, Uu, Uu, Uu, Uue, Uu, Uu, Uh, Uh, Uu, Uue^Ufi, Uu, Uue, Uu, Uue, Uu, Uu, Uue, Uu, Uue, Uue, Uu, Uue, Uue, Uu, Uue, Uue, Uu, Uu, Uue, Uue, Uue, Uue, Uu, Rrd, Cud, Cud, Uu, Uu, Uu
Uu^Ufi, Uu^Ufi, Uu^Qhu, Uu, Uue, Uue, Uu, Uue, Uue, Uue, Uue, Uue^Qhu, Uu, Uh, Uhe, Uue, Uue, Uu, Uu, Uu, Uue, Uu, Uue, Uhe, Uue, Uue, Uue, Uue, Uu, Uh, Uu, Uue, Uu, Uue, Uue, Uue, Uu, Uue, Uue, Uue, Rr, Uue^Uf, Uu^Ufi, Uue, Uu, Uu
Uu^Ufi, Uu^Ufi, Uue, Uu, Uue, Uu, Uue, Uue, Uue, Uu, Uu, Uu^Qhh, Uh, Uh, Uhe, Uu, Uu^Uf, Uue, Uue, Uu, Uu, Uh, Uh, Uhe, Uue, Uue, Uue, Uu, Uhe, Uh, Uhe, Uue, Uue, Uue, Uue, Uhe, Uue, Uue, Uhe, Uh^Vu, Rrc, Uu^Ufi, Uu^Ufi, Uu, Uu, Uu
Uue, Uue, Uu, Uue, Uue, Uue, Uue, Uue, Uue, Uue, Uu^Ufi, Uue^Ufi, Uh, Uh, Uh, Uu, Uu^Ufi, Uu^Uf, Uue, Uue, Xue, Uhe, Uh, Uhe, Uue, Uue, Uu, Uue, Uhe, Uh, Uh, Uh, Uhe, Uhe, Uhe, Uh, Uhe, Uhe, Uh, Rr, Rr, Uu^Qhh, Uu^Qhu, Uu^Qhu, Uu^Qhu, Uu^Qhu
Uu, Uu, Uu, Uue, Uue, Uhe, Uu, Uue, Uu, Uu^Qhu, Uue^Ufi, Uhe^Qhh, Uh^Qhh, Uhe, Uue, Uue, Uue, Uu, Uu, Uh, Uhe, Uhe, Uh, Uhe, Uu, Uu, Uu, Uh, Uh, Uh, Uhe, Uh, Uh, Uh, Uhe, Uhe, Uh, Uhe, Uhe, Rr, Uu^Uf, Uue^Uf, Uue^Uf, Uue^Ufi, Xur, Xur
Uue, Uue, Uue, Uue, Uu, Uu, Uue, Uue, Uu^Uf, Uu^Qhu, Uue^Qhu, Uh^Uf, Uh^Ufi, Uh, Uhe, Uu, Uu, Uu, Uue, Uu, Uh, Uh^Uf, Uh^Qhu, Uhe, Uue, Uu, Uue, Uue, Uh, Uh, Uhe, Uhe^Ufi, Uhe^Uf, Uh, Uh, Uhe, Uhe, Uhe, Uhe^Vud, Rrd, Uu, Uu^Uf, Uue, Uue, Uue^Uf, Uue^Uf
Uu, Uu, Uue, Uu, Uue, Uu, Uue, Uue, Uu^Qhh, Uu^Uf, Uu^Qhu, Uh^Uf, Uh^Qhu, Uh, Uh, Uh, Uu, Uue, Uue, Uu, Uhe^Qhh, Uhe^Uf, Uh^Qhu, Uhe, Uhe, Uhe, Uh, Uue, Uue, Uh, Uh^Qhu, Uh^Uf, Uhe^Uf, Uhe, Uhe, Uh, Uh^Qhh, Rr, Rr, Uu, Uue, Uu, Uu, Uu, Uue, Uue
Uue, Uue, Uue, Uue, Uue, Uu, Uue, Uu, Uu^Ufi, Uh^Uf, Uh^Qhh, Uh^Qhh, Uh^Qhh, Uhe, Uhe, Uu, Uu, Uue, Uue, Uue, Uh^Uf, Uhe^Uf, Uh, Uhe, Uhe, Uhe, Uh, Uhe, Uh, Uhe, Uh^Ufi, Uhe^Ufi, Uh^Qhh, Uh, Uh^Vu, Rr, Rrd, Uh, Uhe, Uu, Uhe, Uhe, Uhe, Uu, Uue, Uue
Uu, Uu, Uue, Uue, Uue, Uu, Uue, Uue, Uh, Uh, Uh^Uf, Uh^Qhu, Uhe, Uh, Uh, Uu, Uue, Uu, Uu, Uue, Uhe^Ufi, Uh^Ufi, Uhe, Uhe, Uhe, Uh, Uhe, Uhe, Uhe, Uh, Uh^Ufi, Uhe^Vud, Uhe^Qhu, Rrd, Rra, Uue, Uh, Uhe, Uh, Uue, Uh, Uh^Ufi, Uhe, Uu, Uue, Uue
Uue, Uue, Uue, Uu, Uu, Uue, Uu, Uu, Uhe, Uh, Uhe, Uhe, Uh, Uhe, Uhe, Uu, Uu, Uu, Uu, Uue^Vu, Uh^Qhh, Uh, Uh, Uh, Uh, Uh, Uh, Uh, Uh, Uhe, Uh, Rrc, Rra, Uue, Uhe, Uh^Uf, Uhe^Qhu, Uh, Uh, Uhe, Uh, Uh, Uhe, Uu, Uu, Uu
Uu^Qhu, Uu^Qhu, Uu, Uue, Uu, Uh, Uh, Uhe, Uhe, Uhe, Uhe, Uhe, Uhe, Uu, Uu, Uue, Uue, Uu, Uue, Rrc, Uhe^Qhh, Uhe^Qhu, Uh^Ufi, Uh, Uh, Uue, Uu, Uue, Uu^Vu, Rr, Rrd, Uu, Uue, Uu, Uh^Ufi, Uh^Qhu, Uh^Uf, Uh^Ufi, Uh, Uh, Uh, Uu, Uu, Uu, Uu, Uu
Uue^Qhu, Uue^Qhu, Uue^Uf, Uhe, Uh, Uh, Uh, Uhe, Uh, Uh, Uh, Uh, Uu, Uu, Uue, Uue, Uue, Uue, Rrc, Uue, Uh^Qhu, Uhe^Uf, Uh^Ufi, Uhe^Uf, Uue^Qhh, Uue^Vu, Uu, Rra, Rrc, Uu, Uu, Uu, Uu, Uu, Uh, Uh^Qhh, Uhe^Ufi, Uhe^Qhu, Uhe^Qhh, Uh, Uu, Uu, Uue, Uue, Uue, Uue
Uhe, Uhe, Uh, Uhe, Uh, Xur, Xur, Uh, Uh, Uh, Uhe, Uue, Uu, Uu, Uue, Uue, Uue, Uue, Rra, Uue^Vu, Uhe^Qhu, Uh^Qhh, Uhe^Uf, Uu^Qhh, Uue^Qhu, Rrc, Rrd, Uue, Xue, Xur, Uue, Uu, Uu, Uue, Uh, Uh^Qhh, Uh^Ufi, Uh^Uf, Uhe, Uu, Uu, Uue, Uu, Uue, Uu, Uu
Uue, Uue, Uh, Uh, Uh, Xue, Xur, Xue, Uue, Uu, Uh, Uue, Uu, Uu, Uue, Uu, Uue^Vu, Rrc, Rra, Rr, Rra, Rrc, Rrd, Rr, Rra, Uu^Qhh, Uue, Uu, Xu, Xu, Uu, Uue, Uue, Uu, Uue^Qhh, Uhe^Ufi, Uh^Qhh, Uh^Qhh, Uh, Uue, Uu, Uu, Uu, Uue, Uu, Uu
Uue, Uue, Uue, Xuc, Xuc, Uue, Uue, Uue, Uu, Uue, Uu, Uue, Uu, Uu^Vu, Uu, Rra, Rrc, Xu, Uue, Uh, Uh^Qhh, Uhe^Uf, Uh^Vud, Uue^Qhu, Uue^Uf, Uh^Uf, Uue^Uf, Uue, Uue, Uue, Uue, Uu, Uu, Uue, Uu^Ufi, Uue^Uf, Uhe^Ufi, Uh^Ufi, Uhe, Uue, Uue, Uue, Uu, Uu, Uue, Uue
Uu, Uu, Xuc, Xu, Xuc, Uhe, Uh, Uue, Uu, Uu, Uue, Uu, Uu, Rrd, Rrd, Uu, Uu, Xue, Uhe, Uh, Uhe, Uh^Uf, Uh^Qhu, Uu^Uf, Uh^Qhh, Uhe^Uf, Uh^Qhh, Uhe, Uue, Uu, Uue, Uu, Uu, Uu, Uue^Uf, Uu^Ufi, Uu^Qhh, Uue^Ufi, Uue, Uue, Uue, Uue, Uue, Uu, Uu, Uu
Xuc, Xuc, Xuc, Xur, Xu, Uhe, Uh, Uu, Uue, Uue, Uue^Vud, Rrc, Rr, Uhe, Uh, Uh, Uh, Uu, Uu, Uhe, Uue, Uue^Qhh, Uue^Ufi, Uhe^Qhh, Uh, Uue^Ufi, Uhe^Uf, Uhe, Uu, Uu, Uu, Uu, Uue, Uue^Ufi, Uu^Qhu, Uue^Qhh, Uue^Uf, Uue^Uf, Uu^Qhh, Uue, Uu, Uu, Uu, Uu, Uh, Uh
Xu, Xu, Xu, Xue, Uh, Uh, Uh, Uue^Vud, Uue, Rrd, Rrd, Uue, Uue, Uue, Uh, Uh, Uh, Uhe, Uhe, Uue, Uue, Uu^Ufi, Uu^Qhh, Uue^Qhu, Uue, Uu, Uu, Uh, Uu, Uue, Uue, Uu, Uue, Uu^Qhh, Uu^Qhh, Uu^Qhu, Uu^Uf, Uue^Uf, Uu, Uue, Uu, Uue, Uue, Uu, Uu, Uu
Xue, Xue, Xur, Xuc, Uue, Uu, Uue, Rr, Rrc, Uue, Uue, Uue, Uue, Uue, Uu, Uh, Uhe, Uh, Uue, Uue, Uu, Uu, Uu, Uue^Qhh, Uu, Uu, Uu, Uue, Uu, Uue, Uue, Uue, Uu, Uu, Uue^Qhh, Uue^Qhh, Uue^Qhu, Uue^Uf, Uu, Uu, Uue, Uue, Uu, Uue, Uu, Uu
Xue, Xue, Xuc, Cud, Cud, Rra, Rrd, Uh, Uhe, Uhe, Uhe, Uhe, Uu, Uu, Uu, Uu, Uue, Uh, Uue, Uue, Uue, Uu, Uu, Uue, Uu, Uue, Uue, Uue, Uue, Uu, Uue, Uue, Uu, Uu, Uue^Uf, Uu^Uf, Uue^Ufi, Uue, Uue, Uue, Uu, Uue, Uu, Uue, Uu, Uu
Xue, Xue, Uu, Cud, 1 Kud, Cud, Uh, Uhe, Uhe, Uh, Uhe, Uhe, Uhe, Uu, Uue, Uu, Uue, Uu, Uue, Uu, Uu, Uu, Uue, Uue, Uu, Uue, Uue, Uu, Uu, Uue, Uu, Uu, Uue, Uu, Uue, Uu, Uue, Uue, Uu, Uue, Uue, Uue, Uue, Uu, Uu, Uu
Uu, Uu, Uu, Uue, Cud, Uue, Uhe, Uh, Uh, Uhe, Uh, Uhe, Uue, Uu, Uue, Uue, Uu, Uue^Qhh, Uue^Qhu, Uue^Qhh, Uue, Uue, Xur, Xu, Uue, Uue, Uu, Uu, Uue, Uue, Uu, Uu, Uue, Uu, Uu, Uu, Uue, Uue, Uue, Uu, Uu, Uu, Uue, Uue, Uue, Uue
Uu, Uu, Uue, Uu, Uu, Uh, Uue, Uue, Uhe, Uh, Uh, Uh, Uu, Uu, Uu, Uu, Uue^Qhh, Uue^Qhu, Uue, Uu, Uue, Xuc, Xur, Xue, Xue, Uue, Uu, Uue, Uue, Uu, Uue, Uue, Uue, Uue, Uu, Uu, Uue, Uu, Uu, Uue, Uue, Uue, Uu, Uu, Xuc, Xuc
Uue, Uue, Uue, Uue, Uhe, Uh, Uh, Uue, Uue, Uue, Uu, Uue^Ufi, Uhe^Ufi, Uhe^Qhh, Uhe^Qhh, Uu^Uf, Uu^Qhh, Uu^Ufi, Uue, Uue, Uue, Uue, Xuc, Xur, Xu, Uue, Uue, Uu, Uue, Uu, Uue, Uhe, Uh, Uue, Uu, Uu, Xu, Xuc, Xue, Uu, Uu, Uu, Uue, Uue, Xuc, Xuc
Uue^Qhh, Uu^Qhh, Uue^Qhh, Uue^Ufi, Uue^Ufi, Uu^Ufi, Uu^Ufi, Uue, Uu, Uue, Uu, Uue, Uu, Uue, Uu^Qhu, Uue^Qhu, Uhe, Uue, Uue, Uu, Xuc, Xu, Xue, Xue, Xue, Uu, Uu, Uue
