Ww, Ww, Ww, Ww, Ww, Ww, Ww, Dd, Gg^Ebn, Gs^Edb, Gg^Edb, Gs^Edp, Gs^Edp, Gs, Gg, Gg, Gg, Gg^Es, Gg^Es, Gg^Eb, Gg^Eb, Gg^Es, Gg^Efs, Gg^Es, Ww, Ww
Ww, Ww, Ww, Ww, Ww, Ds, Gg, Gg, Gg, Gg, Gs, Gg, Gs, Gs, Gs^Eb, Gs^Es, Gg^Ebn, Gg^Eb, Gs^Efs, Gg, Gs, Gg, Gg, Gg, Gg^Eb, Gs^Ebn, Gg^Efs, Gg^Eb, Gs^Eb, Gs^Edp, Gg^Eb, Gg^Es, Gs^Fds, Gg^Ft, Gs^Fda, Gg^Fda, Gg^Es, Gg^Ebn, Gg^Ft, Gg^Ft
Ww, Ww, Ww, Ww, Ds, Gg, Gg, Gg, Gg, Gg, Gg, Gs, Gs, Gg, Gg^Efs, Gg^Efs, Gs^Edb, Gs^Eb, Ww, Ww, Dd, Gg, Gg, Gg, Gg, Gs^Efs, Gg^Ebn, Gs^Efs, Gg^Es, Gg^Es, Gs^Edp, Gs^Eb, Gs^Ftp, Gs^Fda, Hh^Fts, Gg^Fda, Gg^Fda, Gs^Ebn, Gg^Fdf, Gg^Fdf
Ww, Ww, Ww, Cd, Cdr, Cd, Gg, Gg, Gg, Gg, Gs, Gs, Gs, Gs, Hh, Ai, Gg, Gs, Ww, Ww, Ss, Gg, Gg, Gs, Gg, Gg, Gs, Gg^Efs, Gg^Es, Gg^Eb, Gg^Edb, Gg^Es, Gg^Edb, Gg^Fdw, Gg^Ftd, Gs^Ft, Hh^Fdf, Gg^Fds, Gg^Fdf, Gg^Fdf
Ww, Ww, Ds, Cdr, 1 Kd, Cdr, Gg, Gg, Gs^Es, Gs^Edb, Gg^Es, Ai, Ai, Ai, Aa, Aa, Aa, Ai, Gs, Ww, Ww, Ds, Gs, Gg, Gs, Gg^Eb, Gg^Ebn, Gs^Eb, Gg^Ebn, Gg, Gs^Edp, Gs^Efs, Hh^Fds, Gg^Fts, Gg^Fds, Gs, Gs, Gg, Gs, Gs
Ww, Ww, Dd, Gg, Rr, Gg, Gg, Gg^Edp, Gg^Ebn, Gg^Edp, Aa, Ai, Aa, Aa, Aa, Ai, Ai, Aa, Ds, Ww, Ww, Gs, Gg, Hh, Gg^Eb, Gg^Ebn, Gg^Ebn, Gg^Es, Gg^Es, Gs, Gg^Edp, Gs^Efs, Gg^Fts, Gs^Ft, Gg^Fda, Gs, Gs, Gs, Gs, Gs
Ww, Ww, Ww, Ds, Rp, Gg^Edp, Gg^Ebn, Gg^Edp, Gs^Eb, Gg^Ebn, Aa, Ai, Aa, Ai, Ai, Ai, Ai, Ai, Ai, Ds, Ww, Gg, Gg, Ai, Gs^Eb, Gg^Edp, Gg^Eb, Gg^Edp, Gs^Efs, Gg, Gs, Gs^Edp, Gg^Fdf, Gs^Fds, Hh^Fdf, Gg, Gs, Gg, Gg, Gg
Ww, Ww, Dd, Gg^Edb, Rr, Rp, Gg^Edp, Gs^Vca, Gg^Edp, Gg^Edb, Ai, Ai, Aa, Ai, Aa, Aa, Aa, Aa, Ai, Gg, Dd, Ww, Dd, Aa, Gs^Ebn, Gg^Edp, Gg^Efs, Gs^Edb, Gg, Gs, Gg, Gs^Fdw, Gg^Fts, Gs^Fts, Gg^Ftd, Gg^Ftp, Gs^Ftr, Gg, Gg, Gg
Dd, Dd, Dd, Gg, Gg^Vct, Gg^Efs, Rp, Re, Gs^Eb, Gg^Efs, Aa, Ai, Ai, Ai, Ai, Aa, Ai, Aa, Gs, Gg, Ss, Ww, Ww, Ai, Ai, Aa, Gs^Edp, Gs, Gg, Gs, Gg, Gs^Ftp, Hh^Ftr, Gg^Fts, Gg^Ftp, Hh^Fds, Gs^Fda, Gg, Gg, Gg
Gg^Ebn, Gg^Ebn, Gs^Edp, Gg, Gs, Gg, Gs, Gg, Rr, Rr, Aa, Aa, Ai, Aa, Ai, Aa, Aa, Hhd, Ai, Aa, Gs^Eb, Ai, Aa, Ww, Aa, Ai, Ai, Gg, Gg, Gg, Gs, Aa, Hh^Fds, Hh^Fdf, Gg^Fds, Gg^Fdw, Gg^Ftd, Gg, Gs, Gs
Gs^Edb, Gs^Edb, Gs^Es, Gg^Edb, Gs, Gs, Gs, Gs, Gs^Vc, Aa, Re, Rp^Vca, Aa, Ai, Aa, Ai, Ai, Ai, Gg^Es, Gg^Eb, Gg^Eb, Ai, Ai, Aa, Ww, Ww, Aa, Aa, Hh, Hhd, Ai, Ai, Gs^Fda, Hh^Fdf, Gs^Ftd, Gg^Edb, Gs^Eb, Gg^Edp, Gg, Gg
Gg^Edb, Gg^Edb, Gg^Edb, Gg^Vca, Gs^Eb, Gs, Gs, Ai, Ai, Ai, Aa, Ai, Rr, Rr, Aa, Ai, Gs, Gs, Gg^Fds, Gg^Efs, Gs^Eb, Ai, Ai, Ai, Aa, Ww, Ww, Ai, Aa, Aa, Ai, Ai, Gs^Ftd, Gs^Ftp, Hh^Fdf, Gg^Eb, Gg^Efs, Gg^Edp, Gs, Gs
Gs^Edp, Gs^Edp, Gs^Ebn, Gs^Edp, Gs^Es, Gg, Gs, Ai, Ai, Aa, Aa, Ai, Ai, Ai, Re, Rp, Gs, Gs, Gs^Fds, Gs^Efs, Gg^Ebn, Ai, Aa, Ai, Ai, Ai, Ai, Ww, Aa, Aa, Aa, Aa, Gg^Ft, Gg^Ftd, Gg^Ftp, Gs^Ebn, Gg^Edb, Gg^Edb, Gs, Gs
Gs^Edp, Gs^Edp, Gs^Edb, Gs^Es, Gg^Efs, Gg, Gs, Aa, Ai, Gs, Gs, Gs, Gg, Ai, Aa, Hh^Vct, Rp, Rp, Gs^Eb, Gg^Es, Gg^Ebn, Aa, Aa, Aa, Ai, Ww, Ww, Aa, Aa, Ai, Aa, Ai, Hh^Fdw, Gg^Fdf, Gg^Fts, Gs, Gg^Edp, Gg, Gg, Gg
Gs, Gs, Gs, Gs^Vca, Gg^Es, Gg^Ebn, Gs^Efs, Ai, Hh, Gg, Gg, Gg, Gs, Gg, Gg, Gs, Rp, Rr, Rp, Re, Gs, Gg^Fdw, Aa, Aa, Ai, Ai, Ai, Ww, Ww, Ai, Aa, Gs, Gs, Gg^Ftp, Hh^Fds, Gg, Gs, Gg, Gg, Gg
Gg, Gg, Gs, Gg^Edb, Gg^Ebn, Gg^Es, Gs^Efs, Gs^Efs, Gs, Gg, Gg, Gs, Gg, Gs, Gg, Gs, Gs^Es, Hh, Re, Gg^Vc, Rr, Re, Hh, Aa, Aa, Gg, Ww, Ww, Dd, Gg, Gs, Gs, Gg, Gs^Fdw, Gs^Ftd, Gs, Gs, Gg, Gg, Gg
Gg, Gg, Gg, Gg^Edb, Gg^Edp, Gg^Eb, Gg^Ebn, Gg^Efs, Gg, Gg, Gs, Gg, Gs, Gg, Gs, Gg^Ebn, Gs^Edb, Gs^Edp, Rr, Rp, Gg^Fdw, Gg^Ft, Rp, Rp, Gs, Gg, Ww, Ww, Ds, Gg, Gs^Fds, Hh^Ftr, Gg, Gg^Fdw, Gg^Fdf, Gg, Gs, Gs, Gs, Gs
Gg, Gg, Gg, Sm, Dd, Gg^Edp, Gg, Sm, Gg, Gg, Gg, Gg, Gg, Gg, Gg, Gs, Gg^Ebn, Gg^Es, Re, Gs, Rp, Re, Gg^Vct, Gs, Re, Re, Gs, Ds, Ww, Gg, Hh^Ftr, Gg^Fda, Gg, Gg, Gg^Ft, Gg^Fda, Hh^Ftd, Gg, Gs, Gs
Gg^Es, Gg^Es, Gg, Dd, Ww, Ww, Ww, Ww, Gg, Gg, Gg, Gg, Gg, Gg, Gg, Gg, Gs, Gg^Vc, Rr, Gg, Gg, Gg, Rr, Rr, Gs, Gs^Vct, Re, Rp, Gs, Ww, Sm, Gg^Ft, Gs^Fda, Gs^Fds, Gg^Ftr, Gs^Ft, Gg^Ftd, Gg, Gg, Gg
Gg^Es, Gg^Es, Gg^Es, Ww, Ww, Ww, Dd, Dd, Gg, Gg, Gg, Gg, Gg, Gg, Gg, Gg, Gg, Gg, Rp, Gs, Gg^Es, Gg^Ebn, Gg, Gg, Re, Rr, Gg, Gg, Rp, Rp, Ww, Re, Gg^Vca, Hh^Ft, Gg^Fdf, Gg^Fds, Gg^Ftp, Gg, Hh^Ftd, Hh^Ftd
Gg^Eb, Gg^Eb, Dd, Ww, Ww, Ww, Dd, Gg, Gg, Gg, Gg, Gg, Gg, Gg, Gg, Gg, Gg, Gg, Rr, Gs, Gg^Eb, Gg^Eb, Dd, Ds, Sm, Ds, Rp, Re, Gg^Vca, Dd, Rr, Ww, Re, Gs^Fdw, Gg, Gs^Fdw, Gg^Ftr, Gg^Ftp, Gg^Ftp, Gg^Ftp
Gg^Eb, Gg^Eb, Gg^Efs, Ds, Sm, Wwg, Gg, Gg, Gg, Gg, Gg, Gg, Gg, Gg, Gg, Gg, Gg, Gg^Vc, Rp, Gg, Gg^Edb, Gg^Edp, Ww, Ww, Wwg, Wwt, Gg, Gg, Gg, Ww, Ww, Hh^Ftp, Re, Hh^Ftp, Gg, Gg, Gg^Ftd, Hh^Fds, Dd, Dd
Gg^Es, Gg^Es, Gg^Edb, Gg^Vct, Ds, Gg, Gg, Gg, Gg, Gg, Gg, Gg, Gg, Gg, Gg, Gg, Gg, Gg, Rr, Gg, Gg, Ww, Ww, Ww, Ww, Ww, Gg, Gg, Gg, Ds, Ww, Ww, Rp^Vca, Rr, Gg^Fdw, Cd, Gs^Fdf, Ww, Ww, Ww
Gg^Efs, Gg^Efs, Gg^Edb, Gg, Gg, Gg, Gg, Gg, Gg, Gg, Gg, Gg, Gg, Gg, Gg, Gg, Gg, Gg, Gg, Gg, Dd, Ww, Ww, Ww, Ww, Ds, Dd, Gg, Gg^Eb, Gg^Efs, Ww, Ds, Ds, Gg, Rr, 2 Kd, Cdr, Ww, Gg, Gg
Gg^Es, Gg^Es, Gg^Ebn, Gg, Gg, Gg, Gg, Sm, Gg, Gg, Gg, Gg, Gg, Gg, Gg, Gg, Gg, Gg, Gg, Gg, Gg, Ww, Ww, Ww, Wwg, Ww, Dd, Gg^Edp, Gg^Edb, Gg^Edp, Dd, Ww, Ww, Ds, Cd, Cd, Cdr, Dd, Gg, Gg
Ww, Ww, Ds, Gg^Efs, Gg, Gg, Ww, Ww, Dd, Gg, Gg^Efs, Gg^Edp, Gg^Edb, Gg, Gg, Gg, Gg, Gg, Gg, Gg, Dd, Ww, Ww, Ww, Ww, Ds, Gg^Edp, Gg^Es, Gg, Gg, Dd, Gg, Ds, Ww, Gg, Gg^Es, Gg^Edp, Gg^Edp, Gg^Efs, Gg^Efs
Ww, Ww, Dd, Gg^Ebn, Gg, Ww, Ww, Ww, Ww, Ww, Gg^Edp, Gg^Edb, Gg^Edp, Gg, Gg, Gg, Gg, Gg, Gg, Gg, Gg, Dd, Dd, Ww, Dd, Gg^Eb, Gg^Ebn, Gs^Efs, Gs, Gg, Gs, Gs, Ds, Ds, Dd, Gg^Eb, Gg^Edp, Gg^Edp, Gg^Efs, Gg^Efs
Ww, Ww, Ww, Ww, Ww, Ww, Ww, Dd, Gg^Ebn, Gs^Edb, Gg^Edb, Gs^Edp, Gs^Edp, Gs, Gg, Gg, Gg, Gg^Es, Gg^Es, Gg^Eb, Gg^Eb, Gg^Es, Gg^Efs, Gg^Es, Ww, Ww
