Hhd, Hhd, Hhd, Hhd, Hhd, Hhd, Hhd, Hhd, Hhd, Hhd, Hhd, Hhd, Hhd, Hhd, Hhd, Hhd, Hhd, Hhd, Hhd, Hhd, Hhd, Hhd, Hhd, Hhd, Hhd, Hhd, Hhd, Hhd, Hhd, Hhd, Hhd, Hhd, Hhd, Hhd, Hhd, Hhd, Hhd, Hhd, Hhd, Hhd, Hhd, Hhd
Hhd, Hhd, Hh, Hhd, Gg, Gg, Gg, Hhd, Gg, Hh, Hh^Fp, Hh^Fms, Gs^Fma, Gs^Fmw, Gg^Fds, Gg, Gg, Ms, Hh, Gs, Hh^Fms, Gs, Gs, Gs^Fmf, Gs, Gs, Gg, Gg, Gg, Gg, Gg, Gg, Gg, Gg, Gg, Gg, Gg, Gg, Hh, Rrc, Rrd, Rrd
Mdd, Mdd, Gs^Fpa, Gg, Gs, Gg^Fda, Hhd, Gs, Gg, Hhd, Gg, Hhd, Hhd, Gs^Fpa, Hh, Gg^Fpa, Gg, Mm, Hhd, Gg, Hhd, Hh, Hh, Gg^Fma, Gs, Hhd, Gg, Gg, Gg, Gg, Gg, Hh, Gg, Gg, Gg, Gg, Hhd, Gg^Fda, Gg, Rrd, Rrc, Rrc
Hhd, Hhd, Gg^Fms, Gs^Fdw, Gg, Gs, Gg^Fmf, Hh, Gg^Fda, Hh^Vda, Hh, Hhd, Gs, Hhd, Gg, Gg, Hh^Vda, Gs, Hh, Gs, Hh, Gg^Fma, Gs, Gg, Gg, Gg, Gg, Gg^Fdf, Gg^Fdw, Gg^Fpa, Gg, Gg, Gg, Gg, Gg, Hh, Gg, Gg, Rra, Rr, Rr, Rr
Gg^Fdw, Gg^Fdw, Hhd, Gg, Gs, Gs, Gs, Gs^Fmw, Gg, Hh, Mdd, Md, Gs, Gs, Gs, Gs, Hh^Fdw, Mdd, Gs, Gg, Gg, Gs, Hhd, Gs, Gs, Gs, Gg^Fms, Gs, Hh^Fds, Gs^Fds, Hh, Gs^Fma, Gg, Gg, Gg, Gg^Fmf, Gs^Fms, Gs^Fmf, Rra, Rr, Gg, Gg
Mv, Mv, Hh, Gs, Gs, Gs, Gg, Hh^Fms, Gg^Fpa, Gg^Fmf, Hhd, Gg, Gs^Fda, Gg, Gs^Fds, Hhd, Hhd, Gs, Hhd, Hhd, Gs, Gs, Gs, Gg, Gg, Gs, Gg^Fma, Hh, Gg, Hh^Fmw, Hhd, Hh, Gg^Fma, Hh^Fmf, Gs^Fma, Gg^Fdf, Hh, Gs^Fdf, Rr, Rr, Gg, Gg
Gg^Fms, Gg^Fms, Gg^Fmf, Gg^Fms, Gg, Gs, Gg^Fmw, Gg^Fmw, Hh^Fmf, Gs^Fpa, Gs^Fma, Gg^Fda, Gg^Fda, Gs, Hhd, Gg, Gg, Hh, Hhd, Gs, Gs, Gs, Hhd, Gs, Hhd, Gg^Fda, Gg^Fda, Gs^Fdf, Gg, Gg, Hh, Hh^Fda, Gg^Fmw, Hh^Fdf, Gg^Fmf, Hh^Fdf, Gg^Fpa, Gg, Rrc, Rrc, Rrc, Rrc
Gs^Fmf, Gs^Fmf, Gs^Fda, Hh^Fmw, Gg, Gg, Hh^Fmf, Gg^Fds, Gg^Fds, Gg^Fda, Gs^Fma, Hh^Fmw, Gs^Fmw, Hh^Fms, Gs, Gg, Gs, Hh, Gs, Gg, Gg, Gg, Gg, Hhd, Gg^Fdf, Hh^Fpa, Hhd, Hh, Gs, Gg, Gg, Gg^Fp, Gg^Fma, Hh, Gs^Fmf, Gs, Gg^Fma, Hh, Rrc, Rr, Rrd, Rrd
Gg^Fdw, Gg^Fdw, Gs^Fdw, Gg^Fdw, Gg, Gg, Hh^Fms, Gs^Fp, Gg^Fda, Gg^Fds, Gs, Hhd, Gs^Fma, Gg^Fpa, Hh^Fmf, Gg, Gg^Fp, Hh^Fms, Gs^Fds, Gg, Gg, Hh^Fds, Hh, Gg^Fpa, Gg, Gg, Gg^Fds, Gg^Fdw, Gg^Fmf, Gg, Gg, Gg^Fms, Hh^Fmf, Gg^Fp, Gg^Fms, Gg^Fpa, Gs, Hhd, Rra, Gg, Gg, Gg
Hh, Hh, Gg^Fdf, Gg, Gg, Gg, Gg, Hh^Vda, Gg^Fmw, Hh^Fmw, Gg^Fds, Hh, Gg, Gg^Fp, Gg^Fdw, Hh^Fmf, Gg, Gg^Fdf, Gg^Fms, Hhd, Gg, Hhd, Gg, Dd, Gs^Fpa, Sm, Gg, Gg, Gg, Gs^Fma, Gs^Fds, Gg^Fds, Gg^Fmf, Gs, Gs, Hh^Fpa, Gg, Gs, Rr, Gs, Gg, Gg
Gg^Fda, Gg^Fda, Gs, Gg, Gg, Gg, Gg, Gg, Hh^Fp, Gg, Gg, Gg, Gg, Hh, Gg^Fdw, Hh^Fma, Gg, Gg, Hh, Hhd, Gs^Fdw, Gg, Hh, Ww, Ww, Ww, Hh^Fmw, Gg, Gg, Gs^Fdf, Gg^Fms, Hhd, Gg^Fda, Hhd, Rra, Rrc, Hh, Hh, Rrc, Hh^Fma, Hh, Hh
Gg, Gg, Gg, Gg, Gg, Gg, Gg, Gg, Gg, Gg, Gg, Gg, Hh^Fds, Hh, Hh^Fmf, Gs^Fdw, Gg^Fds, Gs, Gg^Fpa, Gg^Fda, Hhd, Ww, Ss, Ww, Ww, Ww, Wwt, Ds, Gg, Hh^Fmf, Hh^Fda, Gs, Gs^Fma, Dd, Rrd, Rrc, Hh^Fdw, Rrc, Rrc, Gg, Gs, Gs
Gg^Fda, Gg^Fda, Gg, Gg, Gg, Gg, Gg, Gg, Gg, Gg, Gg, Hhd^Vdr, Gg^Fdw, Hhd, Gg^Fmf, Gs^Fda, Hh^Fda, Hh^Fda, Gg^Fda, Ds, Gg, Ww, Ww, Ww, Ww, Ww, Gg, Gg, Gg, Sm, Ww, Dd, Ww, Rp, Rra, Rra, Rr, Hhd, Hh, Gs, Gg, Gg
Hh, Hh, Gs^Fdw, Cer, Cer, Cer, Gg, Gg, Gg, Gg, Gg, Gg, Hh^Fpa, Gg^Fms, Hh^Fdw, Gg, Gg, Gs^Fmw, Hhd^Vdr, Gg, Ww, Ww, Ww, Ww, Ww, Gg, Gg, Gg, Gs, Gs, Dd, Ww, Rp, Rrc, Rrc, Hhd, Rra, Cer, Gg^Fp, Gs, Gs, Gs
Hhd, Hhd, Gg, Ce, 1 Ke, Rrd, Rrd, Rrc, Rra, Rrd, Gg, Hh, Hhd, Hh, Gg^Fds, Hhd, Hh, Gg, Gg, Ds, Ww, Ww, Ww, Ww, Ww, Ds, Gg, Gg, Gg, Ds, Ww, Ww, Hh^Vdr, Rrc, Rrc, Rrd, Rra, 2 Ke, Ce, Gs, Gs, Gs
Gg, Gg, Gg^Fp, Gg, Ce, Hh, Gg, Gg, Gg, Gg, Rrd, Rrd, Gg, Gg, Gg, Hhd, Hhd, Hh^Fmf, Gg, Gg, Gg, Ss, Ww, Ww, Wwg, Rra, Rrc, Gg, Gg, Ww, Ww, Ww, Gs^Fms, Rrd, Rrd, Hhd, Cer, Cer, Cer, Gs, Gs, Gs
Gg, Gg, Gg, Gg, Gg, Hh^Fpa, Gg, Gs, Gs, Gg, Gg, Gg, Rrc, Rrc, Gg, Gg, Hhd, Hh, Hhd, Gg, Gg, Rr, Hh, Rra, Rra, Rrd, Hh, Rrd, Rrc, Rrd, Rr, Rr, Rr, Hh, Hh, Hh^Fda, Ms, Gs, Gs, Gs, Gs, Gs
Gg, Gg, Gs, Gs, Gs, Gs^Fdw, Gs^Fp, Gs, Gg, Gg, Gg, Gs, Hhd, Gs, Rrc, Rr, Gg^Fdw, Hhd, Gg, Rrc, Rrc, Hh^Fmf, Rrd, Rra, Rr, Rr, Rrd, Ww, Ww, Rra, Gs^Fds, Gs, Gg, Hh^Fdw, Gs^Fdf, Gs^Fms, Hh, Gg^Fms, Mm, Gg^Fds, Hhd, Hhd
Hhd, Hhd, Hhd, Gg, Gg, Gs, Gg, Gs, Gg, Gs, Gg, Gg, Gg, Gg^Fda, Gs, Gs, Rrd, Rrc, Rra, Gg, Hhd, Gs^Fda, Gg, Gg, Hhd, Hhd, Ww, Ww, Gg^Fp, Rp, Gg, Hh, Hh, Rrd, Gg^Fpa, Gg^Fms, Hhd, Hhd, Gg^Vhh, Gs^Fpa, Gg^Fdf, Gg^Fdf
Gs, Gs, Gg, Gs, Gs, Gs^Fmf, Hh, Gg^Fds, Hh^Fmw, Gg^Fp, Gg^Fms, Gs^Fp, Gs, Gs, Gs, Gs, Gs, Gg^Fma, Gg^Fds, Gg^Fmw, Hhd, Gs^Fms, Hh^Fmw, Gs^Fp, Gg, Gg, Hhd, Ww, Ww, Ww, Rr, Gs^Fma, Rrd, Rr, Hhd, Gg, Gg, Gg^Fds, Gs, Hhd, Gs, Gs
Gg, Gg, Gg, Gs, Hhd, Hh^Vd, Md, Gg^Fds, Gg^Fdf, Gg^Fms, Gs^Fda, Gg^Fds, Hh, Hh^Fdf, Gg, Gg^Fda, Gg^Fds, Hh^Fda, Gg, Gs^Fms, Gg^Fma, Gg, Gg^Fms, Hh^Fdf, Hhd, Hh^Fdf, Dd, Ww, Ww, Ww, Rr, Gs, Rra, Hh, Hhd, Mdd, Hh, Gg, Gg, Gg, Gg, Gg
Gs, Gs, Hhd, Gg, Gs, Hh^Fmf, Hhd, Hhd, Gg, Gg^Fmw, Hh, Hhd, Gs^Fdw, Gs, Gg, Hhd^Vdr, Hh, Gg^Fdf, Gg^Fda, Hh^Fdf, Gg^Fpa, Gs^Fms, Hh^Fdw, Gg^Fmf, Gg, Ds, Dd, Gs, Ds, Gg, Rp, Rra, Rr, Rrd, Md, Gg^Fma, Gs, Gg, Gg, Gg, Gg, Gg
Gg, Gg, Mm, Hh^Fdw, Gg, Md, Ms, Mm, Gg, Gg, Hh^Vd, Hh^Fp, Hh, Gg^Fmw, Md, Md, Mdd, Hhd, Hh^Fms, Gg^Fda, Gg^Fdf, Gg^Fda, Gg^Fdw, Gg^Fda, Hh^Vda, Gg, Ww, Gs, Gg, Gg, Gg, Hh, Rrc, Rr, Hhd^Vd, Gg, Gs, Gs, Gg, Gg, Gg, Gg
Gg, Gg, Hhd, Mv, Mdd, Mm, Ms, Ms, Mdd, Mm, Mdd, Hh^Fms, Hh, Gg^Fdf, Hhd, Mv, Md, Mm, Hh, Hh^Fds, Gg^Fms, Gg^Fms, Gg, Gg^Fpa, Gg^Fda, Ww, Hh, Hh, Hh, Gs, Hh, Hh, Mv, Mm, Rra, Rra, Hh, Gs, Gg, Gg, Gg, Gg
Gs, Gs, Gg^Fdw, Md, Gg^Fds, Ms, Mm, Hhd, Mm, Hh, Hh, Gg, Gg, Gs^Fdw, Hhd, Mdd, Gg, Mv, Hhd, Gs, Gg, Gg, Gs^Fma, Ww, Ww, Ww, Gg^Fma, Gg^Fms, Gs, Gg, Gs, Mm, Mdd, Hhd, Hhd, Hh, Rrd, Rrc, Gs, Gg, Gg^Fmw, Gg^Fmw
Gs^Fds, Gs^Fds, Hh^Fmw, Hhd^Vda, Gs, Hh, Ms, Md, Mv, Hhd, Hh, Hh, Hh, Hh, Hhd, Hhd, Gg^Fpa, Mv, Gs^Vht, Gg, Gg, Dd, Gs^Fmf, Ww, Ww, Gg, Gs, Gs, Hh^Fpa, Gs, Gg^Vht, Gs^Fmf, Hhd, Hhd, Hhd, Gs, Hh, Gg, Rr, Gg, Gg, Gg
Gg^Fpa, Gg^Fpa, Gg^Fdf, Hh^Fda, Gs, Gg, Hhd, Hh, Mdd, Hhd, Hh, Hhd, Mdd, Gg, Hh, Hh, Gg, Gs, Hh^Fms, Gg, Ds, Ww, Ww, Gg, Gg, Gs, Gs, Gs, Gg, Hh, Gs^Fdf, Hh, Hh^Fmw, Hh, Gg^Fma, Hhd, Gg^Fdw, Hh^Fpa, Gs, Gs, Gg, Gg
Gg^Fma, Gg^Fma, Hh^Fds, Gs^Fmw, Hh, Gs, Gs, Mv, Ms, Md, Md, Mm, Md, Mdd, Mv, Gs^Fdf, Gg^Fds, Gs, Gs, Gg, Ww, Ww, Ds, Gs, Hhd, Gg, Gg, Hh, Hhd, Ms, Hh, Mdd, Hhd, Gg^Fds, Gs^Fp, Gg^Fp, Hh^Fma, Hh, Gg, Gg, Gg, Gg
Hhd, Hhd, Hhd, Hhd, Hhd, Hhd, Hhd, Hhd, Hhd, Hhd, Hhd, Hhd, Hhd, Hhd, Hhd, Hhd, Hhd, Hhd, Hhd, Hhd, Hhd, Hhd, Hhd, Hhd, Hhd, Hhd, Hhd, Hhd, Hhd, Hhd, Hhd, Hhd, Hhd, Hhd, Hhd, Hhd, Hhd, Hhd, Hhd, Hhd, Hhd, Hhd
