Ww, Ww, Ww, Ww, Ww, Ww, Ww, Ww, Ww, Ww, Ww, Ww, Ww, Ww, Ww, Ww, Ww, Ww, Ww, Ww, Ww, Ww, Ww, Ww, Ww, Ww, Ww, Ww, Ww, Ww, Ww, Ww, Ww, Ww, Ww, Ww, Ww, Ww, Ww, Ww, Ww, Ww, Ww, Ww, Ww, Ww, Ww, Ww, Ww, Ww, Ww, Ww, Ww
Ww, Ww, Ww, Ww, Hh^Fp, Gg, Gs, Gg, Gs, Gs, Gs, Gg, Gs, Gg, Gs^Fpa, Gg, Hh, Hh, Hh, Gs, Gg^Ftd, Gg, Gg, Gs, Gg^Ft, Gs, Gg, Gs, Gs, Gg, Hhd, Gs^Ftr, Gs^Ftd, Hh, Hhd, Hhd, Hh^Ftd, Gg, Gs, Gs, Gg, Hh, Hh^Fpa, Hh, Ww, Ww, Ww, Ww, Ww, Ww, Ds, Gg, Gg
Ww, Ww, Dd, Gg, Gg, Gg, Gg, Gg, Gg^Fpa, Gs, Gs, Gs, Gg, Gs, Hh, Hh, Gg, Gs, Hh, Hhd, Gg, Gs, Gs, Gs^Ftr, Gg^Fpa, Gg, Gg, Gg, Gs, Gs, Gs^Fp, Gs, Hhd, Hhd, Gg, Hh^Ft, Gs, Gg, Gs, Gs, Gg, Gs^Ftd, Gg, Gg, Ds, Dd, Ds, Gg, Ww, Ww, Dd, Gg, Gg
Ds, Ds, Ds, Gg, Gg, Gg, Gs, Hh, Hh^Ftp, Gg, Gs^Fts, Gg^Fpa, Hh, Hh, Hh, Hh, Gg^Ft, Hh, Hhd, Gg^Ftr, Gs^Ft, Gg, Gg, Gg, Gs, Ce, Cf, Cf, Gg, Gg, Gs, Gg, Gg, Gs, Gs, Hhd, Hhd, Gg, Gg, Gs, Gg, Gg, Hhd, Hhd, Gg, Gg, Gg, Gg, Ww, Wwg, Dd, Hh, Hh
Gg, Gg, Gg, Gg, Hhd, Gg, Gs, Gs, Gg, Gs, Hh^Vd, Mdd, Hh, Hhd, Hhd, Hhd, Gg^Ftd, Hhd^Vda, Gs, Hhd, Hh, Gg, Gs, Hh^Fp, Hh^Fp, Cf, 2 Ke, Ce, Gg, Gs, Gg, Gg, Gg, Gg^Ftd, Gs, Gg, Gs^Fts, Gg, Gs, Gs, Gg, Gg, Gg, Gg, Gg, Gg, Gg, Gg, Ds, Re, Hhd, Gg^Fp, Gg^Fp
Gg, Gg, Gg, Hh^Vdr, Hh^Ftp, Hhd, Gg^Ft, Gs^Ft, Gs, Gg^Fpa, Hh, Hhd, Hh, Hhd, Hh, Hhd, Hhd, Hhd, Mdd, Hh^Ftd, Gg^Fpa, Gg, Gs, Gs, Gg^Fp, Gs, Rrc, Hhd, Gg^Fp, Gs, Gg, Gs, Gs, Gg^Ftp, Gs, Hh, Hh, Gs^Ftd, Gg, Gg, Gg^Ftp, Gg, Gg, Gg, Gg, Hhd, Gs^Ft, Hh^Ftr, Rra, Hh^Vd, Rrc, Rr, Rr
Gg, Gg, Gg^Ftr, Gg^Ftp, Gs, Gg, Gg, Gs, Gs, Gg, Hh, Gg, Hhd, Hhd, Hhd, Hhd, Hh, Hh, Gg^Fts, Hh^Fp, Gg, Gs, Gs, Hh, Hhd, Gs, Rrc, Gs, Gs, Gs, Gs, Gs, Gg, Hhd, Gg^Fpa, Gg, Gg, Gg, Gg, Gg, Gg, Gg, Gg, Gg, Gs^Fts, Gs^Ft, Gg, Rr, Rr, Rra, Rrc, Gg, Gg
Hh^Fpa, Hh^Fpa, Gs^Fts, Gs, Gg, Gg, Gg, Gs, Gs, Gg^Fp, Gs, Hh, Hhd, Gg, Hh, Hh, Hh, Hh, Gs^Fpa, Hh, Gg, Gg, Gg, Gs, Hh, Gg, Rrc, Gs, Gg, Gs, Gg, Gg, Gg, Hh^Ftr, Hh, Hh, Gg, Gg, Gs, Gg, Gs^Fp, Hhd, Hh, Gg, Hh^Ftd, Rrc, Rrc, Gg, Rrc, Rrd, Rrd, Gg, Gg
Hh^Ftd, Hh^Ftd, Gg^Fts, Gg, Gg, Gg, Gg, Hh, Hhd, Hh, Hh, Gs, Hh^Ftr, Hh^Ftr, Gg^Fts, Gg^Fp, Hh^Fpa, Hhd, Hhd, Gg, Hhd, Gs, Gs, Gg, Gs, Gg, Rr, Gg, Gg, Gg, Gs, Gg, Gg, Gg, Gg^Fts, Gs, Gs, Gg, Gs, Hhd, Gg, Gg, Gg, Rrd, Rr, Gg^Fpa, Gg, Gg, Gg, Rr, Rra, Gg, Gg
Gs^Ftr, Gs^Ftr, Gg^Ftp, Gg^Fp, Gg, Gg, Hhd, Hh, Gg^Fpa, Gg^Fpa, Gs^Ft, Gg, Gg, Gs, Gs, Gs^Fpa, Gs, Gg, Hh, Hh^Fp, Gg, Rr, Gs, Gg, Rrd, Rr, Rrd, Gg, Gs, Gg, Gg, Gs, Gg, Gg, Gs, Hhd^Vda, Gs, Gs, Gg^Ft, Hh^Fts, Gg, Hh, Gg^Ft, Rrc, Hh^Ftp, Hh^Ftp, Hh^Ft, Gg, Gg, Gg, Gg, Gs, Gs
Gs, Gs, Gg^Fp, Hh^Vd, Gg, Gg, Gg^Fts, Hhd, Gg, Gs^Ft, Gg, Gs^Ftd, Gs, Gs^Fp, Gg, Gg, Gs, Gg, Gs^Fp, Gs^Ft, Gg, Gg, Rr, Rrd, Rr, Rrc, Rra, Hh^Ftd, Hhd, Gg, Hhd, Gg, Hh, Gg^Ftr, Gs, Gg^Ft, Md, Hh, Hh^Fts, Hhd, Gg, Gg, Hhd^Vda, Re, Ss, Gg, Gg, Gg, Gg, Gg, Gg, Gs, Gs
Ww, Ww, Dd, Ds, Gg, Hh, Hhd, Gg^Fts, Hh^Fp, Gg, Gg^Fts, Gg, Gg^Fpa, Mdd, Gs, Gs, Gs, Gg, Gg^Ftp, Gg, Gg, Gg, Gg, Gg, Rrc, Gg, Rrd, Hh, Gs^Ftr, Gs, Gs, Gg, Hh, Gs, Hh, Hhd, Gs, Gs, Gs^Ft, Gg, Gg^Fpa, Rrd, Rrd, Gg, Ww, Ww, Ds, Gg, Gg, Gg, Gg, Gg, Gg
Ww, Ww, Ww, Ww, Gg, Gg, Gg, Hhd, Gg^Ft, Gg^Fts, Gs, Gg, Hh^Vda, Gg, Gs, Gs, Gg, Gs, Gg, Gg^Fts, Gg^Ftr, Hh^Ftd, Gg, Gg, Gg, Gg, Rr, Rrc, Hh, Gs, Hhd, Gg, Hhd^Vd, Mm, Ms, Ms, Hh, Gs, Hhd, Rrc, Rrd, Gg, Gg, Rra, Gg, Ds, Gs^Ftp, Hh^Ftr, Gg, Gg, Gg, Hh, Hh
Ww, Ww, Ww, Ww, Dd, Gs, Hhd, Gg^Fpa, Hh, Gg, Gs, Gg, Hh, Hhd, Hh^Ftr, Hh, Gs, Gg, Gg, Gg^Fts, Hh^Fts, Gs^Ft, Hh^Fp, Gg, Gg, Gg, Gg, Gg, Rr, Hhd, Hhd, Gg^Ftd, Hh^Fp, Hh, Mv, Ms, Hhd^Vdr, Rra, Rr, Rrc, Gg^Ftd, Gg, Gg, Rr, Gg, Gg, Gs^Ft, Hhd, Gg, Gg, Hh, Gg^Fts, Gg^Fts
Gg, Gg, Ds, Gg, Ds, Gg, Hhd, Hhd, Gg^Ftd, Gg^Ft, Gs, Hhd, Hh, Hh, Gs, Gg^Fts, Gg^Ft, Gg, Gg, Hh^Ft, Gg^Ft, Gg^Ftr, Gg^Ftp, Gg, Hh^Ftr, Gg, Gg, Gg, Rr, Gs, Sm, Ww, Ww, Ww, Gg, Ms, Hhd, Rrc, Rra, Hh^Fts, Rr, Rr, Rrc, Gg^Fpa, Gg, Gg, Gg, Hh^Ftr, Gg, Gg, Gg, Gg, Gg
Hh, Hh, Gg, Gg, Gg, Gg, Gg^Ftd, Gs, Gg^Ftd, Gg, Gs, Hhd, Hh, Gg^Ftr, Gs, Gs, Gs, Gg^Fts, Gg, Gs, Gg^Ftd, Gg^Fpa, Gg, Gg, Gs^Fp, Gg, Gg, Gg, Rra, Dd, Dd, Dd, Hh, Mv, Mv, Ms, Rra, Mdd, Hh, Hh^Ftp, Gs, Gg^Ft, Gg^Fpa, Gs^Ft, Gg, Gg, Gg, Gg, Gg, Gg, Gg, Gg, Gg
Gg, Gg, Gg, Gg, Gg, Gg, Gg, Gs, Gg, Gs, Gg, Mv, Hhd^Vd, Gs, Gg, Gg, Gs, Hh, Gg, Hh, Hhd, Gg^Ftp, Hhd^Vda, Dd, Gs^Fts, Dd, Gg, Gg, Rra, Rra, Ww, Ww, Hh, Hhd, Mm, Rrd, Rrc, Hhd^Vda, Gg, Hhd, Gg, Gg^Ft, Gs, Gg^Fpa, Gg, Gg, Gg, Gg, Hhd, Gg, Gg, Gg, Gg
Gg, Gg, Gg, Gg, Gg, Gg, Hh, Gs, Gg, Gs, Gg, Gs, Mv, Gs, Gs, Gs, Gs, Gg, Gg, Gg, Gg, Gg, Hh, Wwg, Dd, Ww, Ds, Dd, Hh, Ww, Rrd, Rra, Rra, Hhd^Vd, Rrc, Ms, Gg, Hh, Gg^Fts, Hhd, Gg^Ftr, Gg, Gg, Gg, Gg, Gg, Gg, Gg, Gs, Gg, Hhd, Gs, Gs
Gg^Fpa, Gg^Fpa, Gg, Gg, Gg, Gg, Hh, Hhd, Gs, Gs, Gg, Hh^Fts, Gg, Gg, Gg^Fp, Gs^Fp, Gg^Fts, Gg, Gg, Gg, Gg, Dd, Dd, Sm, Ww, Ww, Ww, Hh, Ds, Dd, Dd, Rra, Gg, Md, Gs^Fp, Mm, Hhd, Mm, Ms, Gg, Hh, Gg, Gs, Gg, Gg, Gg^Ftr, Gg, Gs^Ftp, Hh, Gg^Ft, Hhd, Gs^Ft, Gs^Ft
Hhd, Hhd, Gg, Gg, Gg, Gg^Fpa, Gs, Gg, Gg, Gs, Gs, Gg, Gs, Gg, Hh^Fp, Hh^Fpa, Hh, Gg, Gg, Dd, Gg, Ww, Wwt, Ww, Ww, Ww, Ss, Hhd, Ww, Ww, Dd, Rrc, Gs, Gg, Hhd, Mdd, Gs, Gs, Mdd, Hhd, Gs, Gs, Gg, Gs, Gs, Gg^Ft, Gg, Gg^Ftd, Gg, Gg^Ftd, Gg, Gg, Gg
Hh, Hh, Gg, Gg, Gg, Gg, Gg, Gg, Hhd, Gg^Fp, Gs, Gs, Gs, Gs, Hhd, Hhd, Gs, Gs, Gg, Gg, Ww, Ww, Ww, Ww, Ww, Ww, Gg, Dd, Sm, Hh^Fts, Hh, Rrc, Gs, Gs, Mm, Mm, Hh, Mm, Gg^Ftd, Gs^Fpa, Gg, Hhd, Gg, Gs, Gg, Hhd, Gg, Gs^Ftd, Gg, Gs^Fts, Gg, Gs^Ftr, Gs^Ftr
Hh^Fpa, Hh^Fpa, Gg, Gg, Hhd, Gg, Gg, Gs, Gg, Gs, Gg, Gg, Gs^Ftp, Gs^Ftd, Gg, Gg, Gg, Gs, Gg, Ww, Ww, Ww, Ww, Ww, Ww, Ww, Ds, Ww, Ww, Ww, Gs, Rra, Hh, Gg, Md, Ms, Ms, Hh, Hh^Vda, Gs^Fts, Gg^Fts, Hhd, Gg, Gg, Gg, Hh, Gg, Hh, Gs, Hh^Fpa, Gg, Gg^Fp, Gg^Fp
Gs, Gs, Gg, Gg^Ftr, Hh, Gg^Fts, Gg, Gs, Gs, Gg, Gg, Gg, Gs, Gg, Hh^Ftr, Gs, Gs, Gs, Dd, Hh, Ww, Ww, Ww, Ww, Ww, Ww, Ww, Ww, Ww, Ds, Gg, Hhd, Rra, Gg, Md, Gg^Ftp, Hh, Hh, Gg, Gs, Gs, Gs, Gg, Gg, Gg, Gg^Ftd, Gs^Fpa, Hh^Fts, Gs^Ftr, Gg^Ftd, Hh, Gg^Ftr, Gg^Ftr
Gg, Gg, Gg, Gg, Gg^Ftd, Hh, Gg, Gs, Gs, Gs, Gg, Gs, Gs, Hh, Hh, Hhd, Hhd, Hhd, Gg, Gg, Ds, Ww, Ww, Ww, Ww, Ww, Ww, Ww, Ww, Ww, Ds, Hh^Ftp, Rrc, Gg^Fp, Mv, Gg^Vha, Hh, Hhd, Gg, Gg, Gs, Gg, Gs, Gs, Gg, Gg^Ftr, Hh, Gg^Fpa, Gg^Ft, Gg^Fts, Gg, Gg^Ftd, Gg^Ftd
Gg, Gg, Gg, Gg, Gg, Hh^Ftr, Gs, Gg, Gs, Gs, Gs, Gs, Gs, Gs, Hhd, Hh, Gg, Gg^Fpa, Gg, Hh^Fpa, Gg, Ww, Ww, Ww, Wwg, Ww, Hh, Ww, Ds, Ds, Ww, Ww, Rr, Rra, Gg, Mv, Hhd, Hh, Gg, Gg, Gg, Gg, Gg, Gg, Gg, Gg, Hhd, Gg^Fpa, Hh^Fts, Gs^Ft, Gg, Gg, Gg
Gg, Gg, Gg, Gg, Gg, Gs, Gs, Gg, Gg, Gs, Gg, Gs, Gg, Hh, Hh, Hhd, Gg^Ft, Hhd, Gg, Gg, Dd, Ww, Ww, Ww, Ww, Ww, Ww, Hh, Gg, Gg^Fp, Gg^Ft, Gs, Rrc, Gg, Rrd, Rrc, Gg, Gg, Hhd, Gs, Gg, Gs, Gg, Gg, Gg, Gg^Fpa, Gg, Hh^Ftr, Gg^Ftp, Hhd, Hhd, Hh, Hh
Gs, Gs, Gs, Gg, Gg^Ftr, Gg^Fpa, Gg^Ftd, Hh^Fts, Gg^Ftp, Gs, Gg^Ft, Gs^Fpa, Gg, Hh^Ftp, Gs, Hh^Fpa, Gg^Fpa, Gg, Gg, Gg, Ww, Ww, Ww, Ww, Ww, Ww, Ds, Hh, Gg, Hhd, Gs^Fpa, Gs, Rrd, Gs, Gg, Rrc, Rr, Rrd, Gg, Hh, Hhd, Gg, Gg, Gg, Hhd, Gg, Hh, Hhd, Gg^Fp, Gg^Ftr, Gg^Fpa, Gg, Gg
Gg, Gg, Hh, Gg, Gg^Fts, Gg^Fpa, Gg^Fp, Hh, Gg^Fts, Hh, Gs^Ftp, Gg^Ftp, Hh^Ftr, Gg^Fp, Gs, Gs, Gs^Ftr, Hhd, Gg, Dd, Ww, Ww, Ww, Ww, Ww, Ww, Ds, Hh, Gg, Hh, Hhd, Hhd, Rrd, Gg, Gg, Rrd, Rrd, Gs, Rra, Rr, Gg, Gs, Gg, Gs^Fp, Hhd, Hh, Gg^Fpa, Gg^Fpa, Hhd, Hh^Ftp, Hhd, Gg, Gg
Gg^Fts, Gg^Fts, Gg^Ftd, Gs, Gs, Gg, Gg^Fp, Hh^Fp, Hhd, Gs, Hh^Ftp, Gg^Ft, Gs^Fp, Gg^Fpa, Gg, Gg, Gg^Fts, Gg, Gg, Gg, Ds, Ww, Ww, Ww, Ww, Ds, Hh, Hh, Hh, Hhd, Gs^Ftp, Rrd, Rr, Gs, Rra, Hh, Gs, Gg, Gs, Gs, Rrc, Rra, Hh^Ftp, Gg^Ftr, Hh^Ftd, Gs, Gg^Ft, Gg^Ftr, Gg^Ftp, Gg^Fpa, Gs, Gs^Ft, Gs^Ft
Gs, Gs, Hhd, Gs, Gg, Gg, Gg, Gg, Rr, Rrd, Gg^Fpa, Rrc, Rrc, Gg, Hh, Gg, Gg, Gg, Gg, Dd, Gs, Ww, Ww, Wwt, Ww, Hh, Gg, Gg, Hhd, Rrc, Rrc, Gs, Gs, Gs^Ft, Gs^Fts, Gg, Gg^Ftr, Gs, Gg, Gg, Gg, Gs^Ftd, Rrc, Rra, Gg, Gs, Gg, Hhd, Hh^Ft, Gg^Ftp, Gg^Ftd, Gg^Fpa, Gg^Fpa
Gg, Gg, Gg, Hhd, Hh, Gs, Gg, Gs, Rrd, Rr, Rrc, Rra, Rrd, Rra, Hh^Ftd, Hhd, Gg, Hhd, Gg, Hh^Fp, Ww, Hh^Fts, Ww, Ww, Ww, Ce, Cf, Rrc, Rrd, Gg^Ftd, Gs, Gg, Gg, Gs, Gg, Gg, Gs, Hh^Fts, Gg, Gg, Gg, Gg^Ftp, Hh^Ftd, Gg, Rrd, Rr, Hh^Ftr, Gg^Fp, Gs^Ftd, Gg^Ftp, Hh^Ftd, Gg, Gg
Gg, Gg, Hh, Hhd, Hh, Gg, Rra, Rr, Rrd, Rrc, Rra, Rrc, Rra, Gg, Gs^Fpa, Gg, Gg, Gs, Gg^Ft, Gs^Fpa, Gg^Ftp, Ds, Ww, Ww, Ww, Cf, 1 Ke, Ce, Gs, Gg, Gg, Hh, Gg, Gg, Gg, Gg, Gg, Gg, Gg, Gg^Ftr, Hhd, Gs^Ftp, Hhd, Gg, Hhd, Gg^Ftp, Rr, Rr, Hhd, Rr, Gg^Ft, Hh^Ft, Hh^Ft
Hh, Hh, Gg, Gs, Gs, Gg, Gs, Gs, Hhd, Hh, Rr, Rr, Rr, Rr, Hhd, Gg, Gg, Gg, Gs, Gg^Ft, Hh^Fpa, Dd, Ww, Ww, Wwt, Ww, Rrd, Gg^Fts, Gg, Gg, Gg, Gg, Gg^Ftp, Gg, Gg, Gg, Gg, Gg, Gg, Hhd^Vda, Gg, Hhd, Gg, Gg, Hh, Gs, Gg, Dd, Rrd, Ww, Dd, Gg, Gg
Gs^Fts, Gs^Fts, Gg, Gg^Ftp, Gs, Gs, Gs, Gg, Gg, Gg, Gg, Gg, Ds, Ww, Rrc, Rra, Gg, Gs, Hhd, Gg^Ftp, Gg^Ftd, Gs, Sm, Re, Re, Re, Rra, Hhd, Hh^Ftp, Gg, Gg, Gg, Gg, Gg^Ftp, Gg, Gg, Gg, Ww, Dd, Ww, Ds, Ww, Ds, Gg^Fp, Gg^Ftd, Gg^Ftr, Gg, Ww, Dd, Ww, Ww, Ww, Ww
Gg^Fpa, Gg^Fpa, Gg, Gg, Gg, Gs, Gg, Gg, Gg, Gg, Gg, Ds, Wwg, Ww, Sm, Gg, Rrc, Rrc, Rrd, Rrd, Rrd, Rrd, Rrd, Ww, Ww, Dd, Gg, Gg, Gg, Gg, Gg, Hhd, Gg^Ft, Gg, Gg^Fpa, Gg, Ds, Ww, Ww, Ww, Ww, Ww, Dd, Gg^Fp, Gg, Gs^Ft, Ds, Ww, Ww, Ww, Ww, Ww, Ww
Ww, Ww, Ww, Ww, Ww, Ww, Ww, Ww, Ww, Ww, Ww, Ww, Ww, Ww, Ww, Ww, Ww, Ww, Ww, Ww, Ww, Ww, Ww, Ww, Ww, Ww, Ww, Ww, Ww, Ww, Ww, Ww, Ww, Ww, Ww, Ww, Ww, Ww, Ww, Ww, Ww, Ww, Ww, Ww, Ww, Ww, Ww, Ww, Ww, Ww, Ww, Ww, Ww
