Ww, Ww, Ww, Ww, Ww, Ww, Ww, Ww, Ww, Ww, Ww, Ww, Ww, Ww, Ww, Ww, Ww, Ww, Ww, Ww, Ww, Ww, Ww, Ww, Ww, Ww, Ww, Ww, Ww, Ww, Ww, Ww, Ww, Ww, Ww, Ww, Ww, Ww, Ww, Ww, Ww, Ww, Ww
Ww, Ww, Wwt, Wwt, Wwt, Ww, Ww, Ww, Ww, Ww, Ww, Ww, Ww, Ww, Ww, Wwt, Ww, Wwg, Ww, Ww, Ww, Ww, Ww, Wwt, Ww, Ww, Ww, Ww, Ww, Ww, Ww, Ww, Ww, Wwg, Wwg, Ww, Ww, Ww, Ww, Ww, Ww, Ww, Ww
Wwt, Wwt, Wwt, Ww, Ww, Ww, Ww, Ww, Ww, Ww, Ww, Ww, Ww, Ww, Ww, Ww, Ww, Ww, Ww, Ww, Ww, Ww, Ww, Dd, Ds, Gg, Ds, Dd, Dd, Dd, Hh^Feth, Hh^Feth, Ww, Ww, Wwg, Ww, Ww, Ww, Ww, Ww, Ww, Ww, Ww
Ww, Ww, Wwt, Ww, Ww, Ww, Wwg, Ww, Ww, Ww, Ww, Ww, Ww, Wwt, Ww, Ww, Ww, Ww, Ww, Ww, Ww, Dd, Dd, Gg^Fetd, Gg, Gg, Gg, Gg, Gg, Gg, Gs^Feta, Hh^Fet, Hh^Feta, Dd, Ww, Ww, Ww, Ww, Ww, Ww, Ww, Ww, Ww
Ww, Ww, Wwt, Ww, Ww, Ww, Ww, Ww, Ww, Ww, Ww, Ds, Ww, Ds, Ww, Ww, Ww, Ww, Ww, Dd, Ds, Gg, Hh^Vd, Gg, Gg, Gg, Gg, Gg, Gg, Gs^Feta, Gs^Feta, Gs^Feta, Dd, Ww, Ww, Wwg, Ww, Ww, Ww, Ww, Ww, Ww, Ww
Ww, Ww, Ww, Ww, Ww, Ww, Ww, Ww, Ww, Ds, Ds, Gg, Gg, Gg, Ds, Ww, Ww, Ww, Hh^Fetd, Gg, Gg, Gg, Gg, Gg, Gg, Gg, Gg, Gg, Hh^Feth, Hhd, Hhd, Gs^Feta, Dd, Ww, Re, Ww, Ww, Ww, Ww, Ww, Ww, Ww, Ww
Ww, Ww, Wwg, Ww, Ww, Ds, Ww, Ds, Dd, Hhd, Gg, Gg, Gg, Gg, Gg^Fetd, Hh, Ww, Ww, Hh^Feth, Gg, Gg, Gg^Fet, Hh, Gg, Gg, Gg, Hhd, Hh, Gg^Vh, Gg, Gs^Fetd, Hh^Feta, Gs^Feth, Re, Rr, Ww, Ww, Ww, Ww, Ww, Ww, Ww, Ww
Ww, Ww, Ww, Ww, Hh, Gg, Gg, Gg, Gg^Feta, Gg, Gg, Gg, Gg, Gg, Gg^Fet, Hh^Vda, Ww, Hh^Feta, Ds, Gg, Hh, Hhd, Hhd, Gg, Gg, Hh, Hhd, Md, Md, Hh, Gg, Hh^Feth, Rra, Hh^Feth, Gs^Feth, Ds, Ww, Ww, Ww, Wwt, Wwt, Ww, Ww
Ww, Ww, Ww, Ww, Hhd, Gg, Gg, Gg, Hh^Fetd, Hh^Feta, Gg, Gg, Gg, Gg, Gg, Dd, Ww, Ww, Gg, Gg, Gg, Hh, Gg, Gg, Hhd, Hh, Mdd, Mdd, Hhd, Hh, Gg, Rrd, Rra, Gg^Fetd, Gs, Ds, Ww, Wwt, Wwt, Wwt, Ww, Ww, Ww
Ww, Ww, Ww, Dd, Ds, Gs^Feth, Gg, Gg, Hh^Vda, Mm, Hh^Feta, Hh, Gg, Rrc, Gg, Dd, Ww, Dd, Gg, Gg, Gg, Gg, Gg, Gg, Gg, Hhd, Hhd, Hhd, Hhd, Gg, Rrd, Gg^Fet, Gs^Fetd, Gg^Feth, Gg^Fet, Dd, Wwg, Ww, Wwt, Ww, Ww, Ww, Ww
Ww, Ww, Ds, Gs^Fet, Hh, Hhd, Hhd, Gg, Hh, Hh, Gs, Rr, Rrd, Gg, Gg, Dd, Ww, Ds, Gg, Dd, Gg, Hhd, Gg, Gg, Gg, Gg, Gg, Gg, Gg, Gg, Rrd, Gg^Feta, Gg, Hhd, Hh, Dd, Ww, Ww, Wwt, Ww, Ww, Ww, Ww
Ww, Ww, Ds, Gg^Vhh, Hhd, Gg, Gg, Gg, Hhd, Hhd, Mm, Rra, Hh, Gg, Gg, Dd, Ww, Ww, Ww, Ds, Dd, Ds, Gg, Gg, Gg, Gg, Gg, Gg, Hhd, Hh, Hh^Vd, Hh^Fetd, Ds, Ww, Ds, Wwt, Ww, Ww, Ww, Ww, Ww, Ww, Ww
Ww, Ww, Dd, Gg^Fet, Hh^Fetd, Gs^Fetd, Gg, Gg, Gg, Rrc, Rrd, Hh, Hhd, Gg, Gg, Gg, Ww, Ww, Dd, Ww, Ww, Ds, Dd, Ds, Ds, Dd, Hh^Feth, Gs^Fetd, Gg, Rr, Re, Ww, Wwg, Ww, Wwg, Ww, Wwt, Ww, Ww, Ww, Wwg, Ww, Ww
Ww, Ww, Dd, Ww, Ds, Hh, Gg^Fet, Rra, Rr, Gg^Fet, Gg^Fet, Gg, Gg, Gg, Gg, Gg, Ds, Dd, Ds, Ww, Ww, Ww, Ww, Ww, Ww, Dd, Gg, Hh^Fetd, Rra, Re, Re, Re, Ww, Wwg, Ww, Wwg, Wwt, Ww, Ww, Ww, Ww, Ww, Ww
Ww, Ww, Ww, Ch, Ch, Rrc, Rrc, Gg^Feth, Hh, Hh^Vda, Gg^Feta, Gg, Gg, Gg, Gg, Gg, Gg, Ds, Ww, Ww, Ww, Ww, Ww, Ww, Ds, Ds, Ww, Ww, Rr, Ww, Ww, Ww, Ww, Wwg, Ww, Wwt, Ww, Ww, Ww, Ww, Ww, Ww, Ww
Wwt, Wwt, Ww, Ww, 1 Kh, Rrd, Rrd, Rrc, Gg, Hh^Fetd, Gg, Gg, Gg, Gg, Gg, Gg, Gg, Hh, Ww, Ww, Ww, Ww, Ww, Ww, Ww, Ww, Ww, Ww, Ww^Bw|, Ww, Ww, Ww, Wwg, Ds, Hhd, Ww, Ww, Wwt, Ww, Ww, Ww, Ww, Ww
Ww, Ww, Ww, Ww, Ww, Dd, Ww, Hh, Rr, Rrd, Rrc, Rrd, Rrd, Rrd, Gg, Gg, Gg, Ww, Ww, Ww, Wwt, Ww, Ww, Ww, Ww, Ww, Ww, Wwt, Re, Dd, Ds, Ds, Dd, Rrc, Rr, Rr, Rra, 2 Kh, Ww, Ww, Ww, Ww, Ww
Ww, Ww, Ww, Ww, Ww, Ww, Ww, Hh^Fet, Ww, Dd, Rrc, Rr, Gg, Gg, Rrd, Rr, Gg, Dd, Ds, Ww, Ww, Ww, Ww, Ww, Ww, Ww, Ww, Ds, Re, Gg, Gg, Rra, Rrc, Hhd, Gg^Fetd, Gg, Ch, Chr, Ww, Ww, Ds, Wwg, Wwg
Ww, Ww, Ww, Ww, Ww, Ww, Ww, Ww, Ww, Ww, Dd, Rr, Rrc, Gg, Hh, Rrd, Rrc, Rr, Hh^Fet, Rra, Re, Ww, Wwt, Ww, Ww, Ww, Ww, Ww, Re, Rrd, Rrd, Rrc, Gg, Hh^Fet, Gg, Gg, Hh, Gg, Hhd, Ds, Hhd, Gg, Gg
Ww, Ww, Ww, Ww, Ww, Ww, Ww, Ww, Ww, Ds, Hh^Vda, Rra, Gg, Gg, Rra, Gg, Hh^Feth, Gg, Rrd, Rr, Rra, Re, Ds, Ww, Ww, Ds, Dd, Rra, Rr, Gg, Gg, Gg, Rrd, Gg, Gg, Hhd, Gg, Gg, Gg, Gg, Gg, Gg, Gg
Ww, Ww, Ww, Ww, Ww, Ww, Ww, Ww, Ww, Dd, Rr, Rrc, Gg^Fetd, Gg^Feta, Rrc, Gg^Feth, Hh^Feta, Gs^Fetd, Gg^Feth, Gg, Rrc, Rrc, Rrc, Dd, Dd, Rrc, Rrc, Hh, Gg^Fetd, Hhd, Hhd, Gs, Mm, Hh, Hh, Ms, Gg, Gg, Gg, Gg, Gg, Gg, Gg
Ww, Ww, Ww, Ww, Wwg, Ww, Ww, Ds, Dd, Gs^Feta, Gs^Feta, Gg^Fet, Gg^Feta, Gg^Fetd, Rrd, Hhd, Hh, Hhd, Gg^Feta, Gg, Gg, Gg, Rra, Rra, Rrd, Gg, Gg, Gg, Gg, Gg, Hh, Gs^Feta, Hh^Vd, Mv, Gs^Feth, Hh, Gs^Feth, Hh, Gg, Gg, Gg, Gg, Gg
Ww, Ww, Ww, Ww, Ww, Ww, Wwt, Ww, Hh^Feth, Hhd, Hh^Feth, Gg^Fetd, Mdd, Mm, Gg^Fet, Mm, Hh, Hh, Hhd^Vdr, Gg, Hh, Gg, Gg, Gg, Rrd, Rrc, Gg, Gg, Gg, Gg, Hh, Gs, Hh, Gs, Hh^Feta, Hhd, Gg, Gg, Gg, Gg^Feth, Gg, Gg, Gg
Wwg, Wwg, Ww, Ww, Ww, Ww, Ds, Ds, Ww, Ds, Gs^Fet, Gg^Fet, Gg, Mv, Md, Hhd, Ms, Hhd, Mdd, Hh, Gg, Gg^Feta, Gg, Gg, Gg, Gg, Rr, Rrd, Gg, Gg, Gg, Hh, Hh, Hhd, Hhd, Gs^Feta, Hhd, Hh^Fet, Hhd, Gg, Gg, Gg, Gg
Ww, Ww, Ww, Ww, Ww, Ww, Wwt, Dd, Ds, Gg, Gg^Fet, Hh^Fetd, Hhd^Vda, Hh, Mm, Md, Ms, Gg^Fet, Mv, Gg^Feth, Hh, Gs^Fetd, Gg, Gs^Fet, Gs^Feta, Ds, Gg, Gg, Rrd, Rrd, Rrc, Rrc, Rr, Rr, Hh^Fet, Gg, Gg, Hh^Fetd, Gg, Gg, Gg, Hhd, Hhd
Ww, Ww, Ww, Ww, Ww, Wwt, Ww, Ds, Gg^Fetd, Gg, Gs^Feta, Gg^Feth, Hh^Feth, Gg^Feth, Hh, Hh, Hhd, Hh, Gg, Hhd, Gg, Hh, Gs^Feth, Hhd, Hh^Feth, Ww, Hhd^Vdr, Gg, Gg, Gg, Gs^Fet, Rra, Gg, Gg, Rrd, Rr, Gg, Gg, Gg, Ww, Dd, Ww, Ww
Ww, Ww, Ww, Ww, Ww, Ww, Dd, Ds, Gg, Gg, Gg, Hh^Feta, Gg, Gg, Gg, Gg, Gg, Gg, Gg, Gg^Feta, Hhd, Gg, Gg^Feta, Hhd, Ww, Ww, Hh^Feta, Hh, Gg, Gg, Rrc, Rra, Gg, Gg, Gg, Dd, Rr, Rrd, Sm, Dd, Ww, Ww, Ww
Ww, Ww, Ww, Ww, Ww, Ww, Ww, Ds, Gg, Hhd, Gg, Hh, Gg, Gg, Gg^Fet, Gg, Gg, Gg, Gg^Feth, Gg, Hhd^Vd, Gg, Sm, Ww, Ww, Ww, Ww, Ww, Ds, Rrc, Rrc, Gs^Feta, Gg^Fetd, Hh^Feth, Ds, Ww, Ds, Dd, Re, Ww, Ww, Ww, Ww
Ww, Ww, Ww, Wwg, Ww, Wwg, Ww, Ww, Ds, Hhd, Gg, Gg^Fet, Gg, Gg, Gg, Gg, Gg, Gg, Gg, Ds, Ds, Dd, Dd, Ww, Ww, Ww, Ww, Ww, Ww, Ww, Hh^Vda, Dd, Ds, Ds, Hh^Feta, Dd, Dd, Ww, Ww, Ww, Ww, Ww, Ww
Ww, Ww, Ww, Ww, Ww, Ww, Ww, Ww, Ww, Ww, Ds, Dd, Ds, Dd, Gg, Ds, Gs^Fet, Gg, Gg, Dd, Ww, Ww, Ww, Ww, Ww, Ww, Ww, Ww, Ww, Ww, Ww, Ww, Wwt, Ww, Ww, Ww, Wwg, Ww, Ww, Ww, Ww, Ww, Ww
Ww, Ww, Ww, Ww, Ww, Ww, Ww, Ww, Ww, Ww, Ww, Ww, Ww, Ds, Gg, Hhd, Wwt, Dd, Dd, Ww, Ww, Ww, Ww, Ww, Ww, Wwg, Ww, Ww, Ww, Ww, Ww, Ww, Ww, Ww, Ww, Ww, Ww, Ww, Ww, Ww, Ww, Ww, Ww
Ww, Ww, Ww, Ww, Ww, Ww, Ww, Wwg, Ww, Ww, Ww, Wwt, Ww, Ww, Ww, Ww, Ww, Ww, Ww, Ww, Ww, Ww, Ww, Ww, Ww, Ww, Ww, Ww, Ww, Ww, Ww, Ww, Ww, Ww, Ww, Ww, Ww, Ww, Ww, Ww, Ww, Ww, Ww
Ww, Ww, Ww, Ww, Ww, Ww, Ww, Ww, Ww, Ww, Ww, Ww, Ww, Ww, Ww, Ww, Ww, Ww, Ww, Ww, Ww, Ww, Ww, Ww, Ww, Ww, Ww, Ww, Ww, Ww, Ww, Ww, Ww, Ww, Ww, Ww, Ww, Ww, Ww, Ww, Ww, Ww, Ww
