Gg, Gg, Gg, Gg, Gg, Gg, Gg, Gg, Gg, Gg, Gg, Gg, Gg, Gg, Gg, Gg, Gg, Gg, Gg, Gg, Gg, Gg, Gg, Gg, Gg, Gg, Gg, Gg, Gg, Gg, Gg, Gg, Gg, Gg, Gg, Gg, Gg, Gg, Gg, Gg, Gg, Gg, Gg, Gg, Gg, Gg, Gg, Gg
Gg, Gg, Aa, Ai, Gg, Gs^Fpa, Gg^Fms, Gs, Mm, Gg, Gg, Hh, Gs, Gs, Hh^Fmw, Gg^Fp, Gg^Fpa, Gg, Gg, Hh, Hh^Fmw, Ms, Aa, Aa, Ms, Ms, Mm, Mv, Gg, Gs, Gs, Gg, Gg, Gg, Gs, Gg, Ms, Hhd, Mm, Ms, Mv, Mv, Aa, Gg, Gg, Ms, Ai, Ai
Gs, Gs, Mv, Mm, Gg, Gg, Gg, Gg, Md, Hh, Hh, Mm, Gg, Mm, Ms, Mm, Mm, Hh, Gs, Hh, Hh, Mm, Mm, Hh, Hh, Md, Aa, Gg, Gg, Dd, Gg, Gg, Gg, Gs, Gg, Gg, Ms, Mm, Hh, Gs, Gg, Hhd, Hhd, Hh, Gg, Gg, Ai, Ai
Hh, Hh, Ms, Rr, Cvr, Cv, Gg, Gg, Hh, Mm, Aa, Aa, Aa, Aa, Hhd, Mv, Mm, Hh, Ai, Hhd, Mm, Hh^Vdr, Hhd, Md, Mm, Mm, Md, Md, Gg, Ww, Ww, Gg, Gg, Ds, Hh^Fms, Dd, Ms, Hh, Hhd, Gg, Hhd, Gg, Hh, Hh, Ms, Mv, Mm, Mm
Gg^Fp, Gg^Fp, Gg^Fms, Rra, 1 Kv, Cvr, Gg, Gg, Gg, Hhd, Hh, Mm, Ms, Gs^Fmw, Hhd^Vdr, Hh, Hhd, Gg, Gg, Gg, Gg, Hh^Fp, Gg^Fpa, Gs, Gg, Gs, Hhd, Mm, Ww, Hhd, Ww, Wwt, Ww, Ww, Ww, Ww, Dd, Mm, Hhd, Gg, Hh, Gg, Gg, Gg, Hh, Mm, Md, Md
Gg, Gg, Gg, Gg, Rrd, Rra, Hh, Gg, Gg, Gs, Gg, Hhd, Hh, Hh^Fp, Gg, Hhd, Hh, Gg, Gg, Gg, Gs^Fmf, Gs^Fpa, Gs^Fmw, Gg, Gg, Gg, Hhd, Hhd, Ww, Hhd, Ds, Ds, Ww, Ww, Ww, Ww, Dd, Gs, Gs, Gg, Gs, Mv, Gg, Gg, Gs, Gs, Md, Md
Gg, Gg, Gg, Gg, Rr, Gg, Rrc, Rra, Gg, Gs, Gg, Gg, Gg, Gs^Fma, Gg, Mm, Hh, Gs^Fmf, Gg^Fma, Hhd, Hhd, Gs, Gg, Hh^Fp, Gg, Gg, Mm, Hhd, Ww, Ds, Gs^Fma, Hh^Fp, Ww, Ds, Ww, Ww, Ww, Gg, Gs, Hh, Ms, Ms, Hh, Hh, Gg, Gg, Gg, Gg
Gg, Gg, Gg, Gg, Rrd, Gg, Gs, Gg, Rr, Rra, Hh, Hhd, Gg, Gg^Vh, Gs, Mm, Hhd^Vdr, Gg, Gs^Fpa, Hhd, Hh, Gs, Gs^Fpa, Hh, Gs^Fmw, Md, Mm, Mm, Ww, Gg, Gg, Gg, Ww, Dd, Ds, Gg, Ds, Gs, Hh, Gg, Gg, Gg, Mm, Md, Gg, Gg, Gg, Gg
Gg, Gg, Gg, Rrc, Rr, Mm, Gs, Gs, Ai, Hh, Rrd, Rrd, Gg, Hh, Mm, Md, Hhd, Gg, Gg, Hh, Hhd, Gs, Gg, Gs, Hh^Vda, Md, Ai, Ai, Ww, Dd, Gg, Gg, Ww, Ww, Ds, Gg, Gg, Hhd, Gg, Gg, Gg, Gg, Mm, Hh, Gg, Gg, Gg, Gg
Hh^Fp, Hh^Fp, Gg, Rra, Ai, Hh, Hh, Hh^Vda, Mv, Gg, Gs, Gg, Rra, Rrc, Hhd, Hh, Hhd, Gs, Gg, Hhd, Hhd, Gs^Fmw, Gg^Fms, Gg, Gs, Gg, Mv, Gg, Ww, Gg^Fp, Gg, Gg, Dd, Ww, Ww, Ww, Dd, Mm, Gg, Gg, Gs, Gs, Mv, Hh, Hh, Gg, Gs, Gs
Hh^Fp, Hh^Fp, Gg, Hh, Mm, Ms, Hhd, Gs^Fmw, Ms, Gg, Gg, Gg, Hhd, Hhd, Rrc, Rra, Gg, Gs, Gg, Gs, Hh^Vd, Hhd, Gs, Gg, Gg, Gg, Gg, Gs, Gg, Mm, Gg, Gg, Ds, Ww, Ww, Ww, Mv, Ms, Mm, Gg, Ms, Ms, Hhd, Hh, Hhd, Mm, Ms, Ms
Gg, Gg, Hh, Gs, Gg, Hh, Hh, Hh, Mm, Gg, Gg, Gs, Hh, Hh, Hhd, Hhd, Rr, Rrd, Gg, Md, Md, Md, Mm, Hh, Gs, Gg, Gg, Gg, Ai, Gg, Gg, Gg, Dd, Ww, Hhd, Hhd, Hh, Gg, Gg, Gg, Gg, Ms, Mm, Gg, Gg, Gg, Mdd, Mdd
Hhd, Hhd, Gg, Gs, Gg, Gg, Mv, Hhd^Vdr, Gs, Md, Mm, Ai, Gg, Ms, Md, Aa, Hhd, Gg, Rrd, Rrd, Md, Mm, Hhd, Mdd, Gg, Hhd, Hh, Gg, Gs, Gs, Gg, Gs, Ds, Wwg, Ww, Gg, Mv, Mm, Gg, Gg, Ms, Hh, Hh, Hhd, Gg, Gg, Hhd, Hhd
Hhd, Hhd, Gs, Gg, Hh, Hhd, Mm, Mm, Gg^Fmf, Gg^Fpa, Mm, Md, Mdd, Gg, Gg, Ms, Mm, Rrd, Rr, Rr, Rra, Gs, Mm, Mm, Gs, Hh^Fmf, Gs^Fmf, Gs^Fms, Gs^Fms, Gg, Gg, Gs, Gg, Ds, Dd, Gg, Gg, Gg, Gs, Ms, Ms, Mm, Mm, Hh, Ai, Ms, Hh, Hh
Gg, Gg, Gs, Gs, Mm, Mm, Md, Md, Gg, Gg, Md, Md, Mm, Gg, Gg, Aa, Mv, Hh, Rra, Rra, Rrc, Gg, Hh, Ai, Gg, Gg, Gg, Gg, Gg, Gg, Gg, Gg, Gg, Gs, Gg, Gg, Gg, Gg^Fmf, Gs, Gg, Mv, Ww, Ww, Mm, Ai, Ms, Hhd, Hhd
Gg, Gg, Gg, Dd, Gs, Gs, Gs, Hhd, Gg, Gg, Ms, Gs, Gg, Gg, Gg, Mm, Hh, Md, Mm, Gg, Rr, Gg, Hhd, Hhd, Mm, Mm, Gg, Gg, Gg, Gg, Gg, Gg, Gg, Gs, Gg, Gg, Gg, Gg, Gg, Hhd, Hhd, Mm, Mm, Ms, Hh, Gs, Gs, Gs
Gg, Gg, Gg, Ds, Ww, Ww, Hhd, Mdd, Gs, Gs, Gg, Hhd, Gg, Gs, Gg, Gs, Mm, Mv, Gg, Gs, Rrc, Gg, Hhd, Mv, Md, Hh, Gg, Gg, Gs, Gg, Gg, Gg, Gg, Gg, Gg, Gg, Gs, Gg, Gg, Hh, Hhd, Ww, Mm, Md, Hh, Gg, Gg, Gg
Mm, Mm, Dd, Wwt, Ww, Gg, Mm, Ai, Ms, Hh, Gg, Gg, Hh, Gg, Gs, Gg, Gg, Gg, Gg, Gs, Rra, Gg, Mm, Ms, Gg, Gg, Hhd, Hh, Gg, Gg, Gg, Gs^Fmw, Gg, Aa, Ms, Hhd, Gs, Gg, Gg, Gg, Gs, Dd, Gs, Hh, Gg, Gg, Gg, Gg
Md, Md, Ww, Ds, Gg, Gg, Gs, Hh, Hhd, Hhd, Hhd, Gs^Vh, Gs, Mv, Gs, Gg, Gg, Gg, Gs, Gg, Rrc, Gg, Mm, Mm, Gg, Hh, Hhd, Hhd, Gg, Gg, Mm, Hh^Fmw, Gg, Hhd, Hh, Hhd, Hh, Gg, Gg, Gg, Ww, Ww, Hhd, Gg, Gg, Gs, Gs, Gs
Mm, Mm, Ww, Gg, Gs^Fmf, Gg, Gg, Gs, Aa, Hhd, Gs^Fms, Gs^Fmf, Mm, Mm, Gg, Gg, Gg, Gg, Gg, Mm, Rra, Gg, Gg, Gg, Gg, Md, Hhd, Hh, Gg, Mm, Ms, Hhd, Gg^Fp, Gg, Gg, Hhd, Hhd, Hhd, Dd, Ww, Hh, Gg, Hhd, Gs, Gs, Md, Ai, Ai
Gg, Gg, Ww, Gg, Gg^Fmf, Gs, Gg, Gg, Hh, Ai, Hhd, Gg, Gg, Gg, Gg, Rrc, Rr, Rr, Rrc, Rrc, Rrd, Rrc, Gg, Gg, Gs, Md, Mm, Mv, Hh, Hhd, Ai, Md, Hh^Vda, Hh^Fmw, Hh, Ms, Hhd, Hh, Hhd, Gg, Dd, Gs, Gg, Gg, Gs, Ms, Mv, Mv
Gg, Gg, Gg, Hh, Gg, Gg, Gg, Gg, Hhd, Hh, Ai, Gs, Gg, Rrd, Rrc, Gg, Gg, Gg^Fpa, Gs, Ai, Gg, Gg, Rrd, Rr, Gg, Hh^Fp, Mm, Hhd, Hhd, Aa, Ai, Mm, Ai, Aa, Hh, Mm, Hhd, Hhd, Mm, Hhd, Ww, Ww, Ww, Gg, Gg, Gs, Ms, Ms
Gs, Gs, Hh, Hhd, Hh, Ms, Mm, Mm, Ai, Hhd, Mm, Rrc, Rra, Rr, Gs^Fms, Gg, Hhd, Hh^Vda, Gg^Fma, Gg, Gg, Gg, Hhd, Rrc, Gg^Fmw, Gs^Fms, Mm, Hh, Ai, Ai, Mm, Md, Md, Hhd, Gg, Gs, Mm, Aa, Mm, Hh, Gg, Gs^Fms, Dd, Dd, Gg, Gg, Ai, Ai
Gs, Gs, Hh, Gs, Hhd, Hhd, Mm, Hh, Hh, Rr, Rrd, Gs, Rra, Rrc, Rrd, Mm, Aa, Mm, Gg, Gg, Gg, Gg, Hh, Gs, Rr, Rra, Aa, Mm, Mm, Md, Mv, Ai, Hh, Mdd, Gg, Hhd, Hhd, Ai, Ai, Ai, Gg, Gg, Ww, Dd, Gg^Fp, Gg^Fmf, Ms, Ms
Gg, Gg, Gg, Gs, Hh, Hhd, Gs, Rra, Rra, Hh, Hh, Rr, Rrc, Gg, Hh^Vdr, Gg^Fmw, Gg, Gg, Gg, Gg, Gg, Gg, Gg, Gs, Gs, Gg, Rrd, Rrc, Gg, Gg, Mm, Mm, Mm, Ms, Mm, Hhd, Hh, Md, Mm, Hhd, Gs, Gg, Ds, Ww, Gs^Fp, Gg, Mm, Mm
Gg, Gg, Gg, Gg, Gg^Fms, Rra, Rrd, Gs, Gg, Gs, Rra, Rrc, Md, Gg, Dd, Dd, Gg, Gg, Gs, Gs, Gg, Gg, Gg, Gg, Gs, Gs, Gg, Gs, Rrd, Rrd, Hh, Hh, Hhd, Mm, Hh, Gs, Hh, Hh, Gs, Gg, Hh, Dd, Ww, Ww, Ww, Dd, Mm, Mm
Aa, Aa, Gg^Fma, Gg^Fp, Rr, Hhd^Vd, Mm, Ai, Rrc, Gg, Gg, Gg, Hh^Fma, Ds, Ww, Ds, Gg, Gg, Gg, Gg, Mm, Md, Hhd, Hhd, Hhd, Gg, Gg, Gg, Ww, Dd, Rra, Rra, Rra, Rra, Rr, Rra, Hh, Gs, Gg, Gg, Gg, Hhd, Ww, Cvr, Dd, Rr, Ai, Ai
Mm, Mm, Gg, Ww, Rrc, Mm, Rr, Rra, Rrd, Mm, Gs, Gg, Gg, Gg, Ds, Gg, Gg, Hhd, Gg, Hh, Hhd, Hhd, Md, Mm, Hh, Ww, Ds, Dd, Ww, Ww, Ww, Rra, Rrc, Rrd, Rrc, Rrd, Rrd, Rr, Rrd, Rr, Hhd, Ww, Ww, 2 Kv, Rra, Gg, Rrc, Rrc
Gs, Gs, Gg, Ww, Ww, Wwg, Mm, Mm, Rra, Mm, Ai, Dd, Ww, Ww, Ww, Hh, Gg, Hhd, Aa, Aa, Hhd, Hhd, Mm, Mv, Md, Mm, Ww, Ww, Gg, Dd, Ww, Rrc, Rr, Gg, Rrc, Gg^Fmw, Rr, Rrd, Rr, Gg, Rra, Rr, Ww^Bw\, Ww, Rr, Rrd, Rrc, Rrc
Dd, Dd, Ww, Ww, Ww, Ds, Mv, Aa, Md, Mv, Aa, Mm, Ds, Gg, Ds, Hh, Hhd, Hh, Aa, Hh^Fmw, Gs^Fma, Hhd, Mm, Mm, Mv, Mm, Dd, Gg, Gg, Mm, Ww, Ww, Gg^Fms, Gs, Gg, Gs, Md, Mv, Rra, Re, Rrd, Ww, Ww, Ww, Gg, Gg, Rra, Rra
Gg, Gg, Ds, Gg, Dd, Gg, Gs, Gg, Mv, Gg, Gg, Ms, Ms, Gg, Gg, Gs, Hhd, Hh, Hhd, Hh, Hhd, Hh, Mm, Md, Aa, Mm, Aa, Mv, Mv, Mm, Ww, Ww, Ww, Ds, Gg, Mm, Mm, Gg, Gs, Hhd, Ww, Ww, Gg, Dd, Gs^Fms, Gg, Gg, Gg
Gg, Gg, Gg, Gg, Gg, Gg, Gg, Gg, Gg, Gg, Gg, Gg, Gg, Gg, Gg, Gg, Gg, Gg, Gg, Gg, Gg, Gg, Gg, Gg, Gg, Gg, Gg, Gg, Gg, Gg, Gg, Gg, Gg, Gg, Gg, Gg, Gg, Gg, Gg, Gg, Gg, Gg, Gg, Gg, Gg, Gg, Gg, Gg
