Mv, Mv, Mv, Mv, Mv, Mv, Mv, Mv, Mv, Mv, Mv, Mv, Mv, Mv, Mv, Mv, Mv, Mv, Mv, Mv, Mv, Mv, Mv, Mv, Mv, Mv, Mv, Mv, Mv, Mv, Mv, Mv, Mv, Mv, Mv, Mv, Mv, Mv, Mv, Mv, Mv, Mv, Mv, Mv, Mv, Mv, Mv, Mv
Mv, Mv, Mm, Mm, Mm, Md, Mm, Md, Gs, Gg, Gs, Gg, Gg, Gg, Gs, Gg, Gg, Gg, Gs, Gg, Gg, Gg, Gd, Gs, Gg, Hhd, Gg, Gg, Gg, Gs, Gs^Fts, Gs, Gs, Gs, Gg, Gg, Gg, Gg, Gs, Hhd, Md, Md, Md, Mm, Gg, Gg, Gg, Gg
Gg, Gg, Gg, Hhd, Md, Md, Gd, Gg, Gg, Gg, Gd, Gs, Gg, Hhd, Gd, Gs, Gg, Mm, Gg, Gg, Gs, Gg, Gg, Gs, Gg, Hh, Hhd, Gs, Gg, Gg, Gg, Gs, Gs, Hh, Gg, Gg, Gg, Gg, Gg, Hh, Gg, Gs, Gg, Gg, Gd, Gs, Gs, Gs
Gd, Gd, Gs, Gs, Hhd, Mm, Hhd, Gg, Gg, Gg, Gd, Gg, Gg, Hhd, Hh, Md, Mm, Gd, Gs, Gg, Gg, Gs, Gg, Cm, Cm, Cm, Hh, Hh, Gd, Gs, Gs, Gd, Hhd, Hh, Hh, Gg, Gg, Rr, Rrc, Rrc, Rrc, Rrc, Rra, Rr, Rrc, Gg^Ftp, Gd, Gd
Gg^Ft, Gg^Ft, Gg, Gg, Gg, Md, Hh, Hhd, Gd, Gs, Gg, Gg, Gs, Gs, Gs, Gg, Gs, Md, Gg, Gg, Gg, Gg, Gg, Cm, 2 Km, Rrc, Md, Gg, Gg, Mm, Mm, Md, Hhd, Gg, Gg, Rr, Rr, Hhd, Hh, Gg, Hh, Hh, Gg, Rra, Rrd, Gs, Hh, Hh
Gg^Ft, Gg^Ft, Gg, Gg, Gs, Gs, Gg, Gs, Gd, Mm, Mm, Gs, Gg, Gs, Gg, Gg, Gg, Mm, Gs, Gs, Gg, Gg, Gs, Gg, Cm, Rrd, Md, Hhd, Gg, Gd, Hhd, Hh, Md, Rra, Rra, Gg, Gg, Md, Gs, Gg, Hh, Md, Gg, Rrd, Gg, Gs, Hh, Hh
Gg, Gg, Gg, Gg, Gg, Gg, Gg, Gs, Gs, Hhd, Gg, Gs, Gg, Gg, Gs, Gs, Gs, Gg, Gs^Fts, Gg^Ftd, Gg, Gd, Gg, Gg, Gs, Rra, Mm, Gs, Gg, Gs, Gs, Rrc, Rra, Gs, Mm, Mm, Hhd, Gd, Gg, Gg^Vh, Rrc, Rrc, Rrd, Rra, Gs, Gs, Gs, Gs
Gs, Gs, Gg, Gg, Gs, Gs, Gd, Gg, Hhd, Hhd, Gd, Gg, Gg, Gg, Gd, Gs, Gg, Gd^Vht, Gg^Ftp, Ds, Gd, Gg, Gg, Gg, Gs, Rrd, Hhd, Gs, Gg, Rra, Rrc, Gg, Gs, Gd, Gd, Md, Hhd, Hh, Gg, Gg^Fp, Gg, Mm, Rra, Gg, Gg, Gs, Gs, Gs
Gs, Gs, Gs, Gg, Hh, Hhd, Md, Mm, Ds, Dd, Gs, Gg, Gg, Gd, Gd, Mm, Md, Hhd, Gg, Ww, Ww, Dd, Gg, Gg, Hhd, Rrd, Hhd, Rrd, Rrc, Gg, Hh, Hh, Hh, Hhd, Hh, Hhd, Md, Gs, Gd, Gs, Gg, Gs, Gg, Gg, Gs, Gs, Gs, Gs
Mdd, Mdd, Gg, Dd, Gg, Hhd, Gs, Ds, Ww, Dd, Gg, Gg, Gs, Gs, Gg, Mm, Mm, Hhd, Dd, Ww, Wwt, Hh, Gs, Gg, Rrc, Rrd, Rr, Gg, Gg, Gg, Ds, Ds, Gg, Gg, Gg, Hh, Gd, Gg, Gg, Gs, Gg, Gg, Gg, Gg, Gs, Gg, Gg, Gg
Md, Md, Ww, Ww, Dd, Gg, Dd, Ww, Ww, Dd, Gg^Ftd, Gg, Gg, Gg^Fp, Gg, Gg, Gg, Gg, Gg, Dd, Hh, Gs, Rr, Rr, Rrc, Rrd, Rrd, Gs, Gg, Dd, Wwg, Ww, Ds, Ds, Gd, Hh, Gg, Gg, Hh^Ftr, Gg^Fts, Gg, Hh^Ftd, Gg, Gg, Gg, Gd, Gg, Gg
Mm, Mm, Ww, Ww, Ds, Gg, Ww, Dd, Ds, Gg, Gg, Gg^Fts, Gs^Fp, Hh^Fpa, Gg, Md, Hh, Gg, Gg, Gg, Gs, Gg, Gg, Rrc, Rrd, Rra, Rrd, Gg, Gg, Dd, Ww, Ww, Ww, Gg, Gs, Gg, Gs, Gg, Gg, Hh, Gs, Gg, Hh^Ftp, Gs, Gd, Md, Gs, Gs
Gs, Gs, Dd, Gg, Gg, Gg, Ds, Gg, Gg, Gg, Gs, Gg, Gg, Hh^Vd, Gg, Mm, Hhd, Gs, Gg, Gs, Gg, Gg, Rra, Gg, Gs, Rrd, Gg, Gg, Gs, Gg, Dd, Gg, Gg, Gg, Gg, Gg, Gs, Hh, Gs, Gg, Gg, Gg, Gg, Gg, Mm, Gd, Gs, Gs
Gg, Gg, Gg, Gs, Gg, Gg, Gg, Gg, Gg, Gg, Gg, Gs, Gg, Mm, Gg, Gg, Gg, Gg, Gg, Gs, Gg, Gs, Rra, Rr, Rra, Rrd, Gg, Gs, Gg, Gg, Gg, Gg, Gs^Fpa, Gg^Fp, Hh^Ftp, Gg, Gg, Md, Hhd, Hh, Gg, Gg, Gs, Gs, Gs, Gg, Gs, Gs
Gs, Gs, Gs, Hhd, Gg^Fpa, Gg, Gg, Gg, Gs, Gs, Gs, Gs, Md, Md, Gd, Gg, Gg, Hh, Hh, Gs, Gg, Gg, Rra, Rrd, Rrc, Rrd, Gg, Gg, Gg, Gg, Gg, Gg, Gg, Gg^Vha, Gg, Gg, Gg, Hhd, Mm, Hhd, Hhd, Gs, Gg, Gg, Gg, Gg, Gg, Gg
Gs, Gs, Gg, Gd, Hhd, Gg, Gg, Gg, Gg, Gg, Mm, Md, Mm, Gg, Gg, Hh, Gd, Md, Md, Md, Hhd, Hh, Rr, Rrd, Rra, Rr, Gg, Gg, Gg, Gg, Gg, Gs, Gg, Mm, Mm, Gd, Md, Hhd, Gd, Gg, Gg, Gg, Hh, Hh, Gg, Gg, Gs, Gs
Gg, Gg, Gg, Gs, Hh, Hh, Hh, Gg, Gg^Ftd, Hh^Vd, Mm, Md, Mm, Hh, Gg, Hhd, Hh, Gd, Md, Md, Mm, Mm, Mm, Gg, Rr, Rra, Gs^Fpa, Gg^Fts, Gg, Gg, Gd, Gg, Gs, Md, Md, Gg, Md, Hhd, Gg^Vha, Gg^Ftp, Gs, Hh^Fp, Gg, Gs, Gg, Gg, Gs, Gs
Gs^Ftr, Gs^Ftr, Gg, Gg, Hhd, Md, Md, Md, Mm, Md, Mm, Md, Mm, Hh, Gg, Gg, Hh, Gg, Md, Md, Mv, Hh, Mm, Hhd, Rrd, Rra, Md, Md, Gd^Vhs, Gs, Hh, Mm, Md, Md, Md, Gg, Md, Mm, Mm, Hh, Gg^Ft, Gg, Gg, Gg, Gg, Gg, Gg, Gg
Gg^Fts, Gg^Fts, Gg, Gg, Gg, Gd, Md, Mm, Gd, Gs, Mdd, Mm, Gd, Md, Mm, Gd, Gs, Gg, Hh, Hhd, Hhd, Hhd, Rrd, Rrd, Hh, Rrd, Mm, Hhd, Hh, Gd, Hhd, Md, Md, Hh, Gg, Mm, Mdd, Mm, Hh, Gs, Gs, Gs, Gg, Gg, Hhd, Gg, Gs, Gs
Gg, Gg, Gs, Gg, Gg, Gg, Gs, Gg, Gg, Gg, Ds, Ww, Dd, Md, Md, Ds, Gg, Dd, Hh, Gg, Gs, Rra, Rra, Rra, Rrd, Rrd, Md, Hhd, Gg, Gg, Gg, Gg, Hhd, Gg, Gg, Md, Md, Gg^Fp, Hhd^Vdr, Gs, Gs, Gg, Gg, Gs^Fts, Hh, Hhd, Gg, Gg
Gg, Gg, Gs, Gg, Gg, Gd, Gg, Gg, Gg, Gg, Gs, Gg, Ww, Ww, Ww, Ww, Ww, Ww, Gg, Gg, Hh, Hhd, Rrd, Rrc, Rra, Gg, Rr, Rrc, Rra, Rra, Gg, Gd, Gg, Gg, Gg, Hhd, Gg, Gg^Fts, Gs, Md, Gg, Gg, Gs, Gg, Gg^Fp, Hh, Hhd, Hhd
Gg, Gg, Gs, Gg, Gd, Gs, Gg, Gg, Hh, Gg, Gg, Gg, Gg, Hh^Ftp, Wwg, Ww, Ww, Ds, Ds, Gg, Gd, Gg, Hh^Fp, Rrc, Gg, Gg, Gg, Gg, Gg, Gs, Rr, Rr, Gg, Gg, Gs, Hh, Gg, Hh^Fp, Gg, Mm, Gg, Gg, Gg, Gg, Gg, Gg, Md, Md
Gg, Gg, Gs, Gg, Gg, Hh, Hh, Gd, Hh, Hh, Gs, Gs, Gg, Gg^Ft, Hhd, Hhd, Ds, Gg, Gg, Gg, Gs, Gd, Gs^Fp, Rra, Gs, Gd^Vhs, Gg^Ftp, Gg, Gg, Hhd, Gg, Gg, Rr, Rrd, Gg, Gg, Gs, Gs, Gs^Vhh, Gg, Gg, Gs, Gg, Gg, Gg, Gs, Gs, Gs
Mm, Mm, Gg, Gg, Gs, Gs, Hh, Md, Mm, Hhd, Dd, Dd, Gg, Gg^Ftd, Hh, Hhd, Hhd, Hh, Gs^Ft, Gs^Ftr, Gs, Gs, Gs, Rra, Mdd, Md, Gs, Gg, Gg, Gg, Gg, Gs, Gs, Gg, Rr, Rr, Hh, Hhd, Gg, Gg, Gg, Gs, Gg, Gg, Gg, Gg, Gs, Gs
Md, Md, Gg, Gg, Gg, Gg, Gg, Hh^Vd, Hh, Dd, Ww, Ds, Hh^Vdr, Mdd, Md, Gs, Gd, Gg, Gg, Gg^Ftp, Gg, Gg, Hh, Rrd, Mm, Mm, Mm, Gd, Gg, Gg, Gd, Hhd, Gd, Gg, Gd, Hhd, Rra, Rrc, Gg, Gg, Gs, Gg, Gg, Gg, Gg, Gg, Gs, Gs
Mm, Mm, Gs, Gg, Gg, Gg, Gg, Gs^Fts, Hh, Gs, Wwg, Gs, Md, Mm, Hh, Hhd, Gd, Gg, Gg, Gs^Fpa, Hh^Ft, Gg, Gs, Gd, Rr, Mm, Mm, Gs, Gg, Gg, Hh, Gs, Gg, Hh, Hhd, Gd, Gg, Hhd^Vd, Rra, Rrc, Gs, Gg, Gs, Gs, Gs, Gg, Gs, Gs
Gg, Gg, Gg, Gg, Gd, Hh, Gg, Gg, Gs, Gs, Dd, Hhd, Mm, Md, Gd, Gs, Gg, Gg, Gg, Gd, Gg, Gs, Gs, Hh, Rrd, Md, Md, Gg, Gs, Gs, Hhd, Gg, Gg, Hhd, Mm, Mm, Hhd, Hhd, Mm, Md, Rra, Gg, Gg, Gg, Gg, Gg, Md, Md
Gg, Gg, Gg, Gg, Gg, Rra, Gg, Rrd, Gg, Gg, Gg, Hh, Hh, Rra, Rrc, Rr, Rr, Rrc, Gd, Gg, Gg, Gg, Gd, Hhd, Rra, Gs, Gs, Gd, Gg, Gg, Gd, Gg, Gg, Gs, Gs, Gs, Hhd, Mm, Md, Gs, Rra, Gg, Gg, Gg, Gs, Gs, Md, Md
Gg, Gg, Rr, Gg, Gs, Rrd, Rrc, Rr, Rra, Rra, Rrd, Rrd, Rrd, Hh, Mm, Mm, Hhd, Mm, Rr, Re, Gg, Gg, Gs, Gg, Rrd, Gg, Gg, Gs, Gd, Gs, Gg, Hhd, Hhd, Gg, Gg, Gg, Mm, Gs, Gs, Gg, Rrd, Hh, Gd, Hhd, Gg, Hhd, Gs, Gs
Ww, Ww, Re, Re, Rra, Gg, Rrd, Gg, Gg, Gs^Fpa, Gg, Gg, Gg, Gg, Gs, Hhd, Ms, Md, Gg, Ww, Rr, Rrc, Gs, Gg, Rra, Gg, Gg, Gg, Gd, Gg, Gg, Gs, Gd, Gg, Gg, Gg, Gd, Md, Gg, Gg, Rrd, Rrc, Hh, Gs, Hhd, Hh, Gg, Gg
Ww, Ww, Ww, Ds, Gg, Gg, Gg, Gs, Gs, Gd, Gs, Gs, Gg, Gg, Gg, Hh, Mm, Mm, Dd, Dd, Gg, Gg, Rr, Rrc, Rrc, Cm, Gg, Gs, Mm, Gd, Gg, Gs, Gg, Gg, Gd, Gg, Gs, Md, Gs, Gs, Gg, Gg, Rr, Rr, Gg, Hhd, Gg, Gg
Ww, Ww, Gg, Gg, Gg, Gg, Gg, Gg, Gg^Vhs, Gg^Ft, Gs^Ftr, Hh, Hh, Hh, Gs, Gs, Gs, Dd, Ww, Ww, Dd, Gd, Gg^Ftp, Cm, 1 Km, Cm, Gg, Gg, Mm, Gs, Gg, Gs, Gg, Gg, Gg, Gg, Gg, Gs, Gg, Gg, Gg, Mm, Mm, Mm, Rrc, Gd, Gg, Gg
Ww, Ww, Gg, Gg, Gg, Gg, Gg, Gg, Md, Gs, Gg^Fpa, Hh, Hh, Hhd, Gs, Gg, Gg, Gg, Ww, Ww, Gs, Mm, Gg, Gg, Cm, Gs, Gs, Gg, Hhd, Gg, Gg, Gg, Gs, Gg, Gg, Gg, Gd, Gg, Gg, Gs, Gd, Md, Md, Gd, Rr, Gg, Gg, Gg
Md, Md, Mm, Mm, Gg, Gg, Gs, Hhd, Md, Gg, Gg^Fp, Gs, Gg, Gg, Hh, Gg, Gg, Gg, Ww, Dd, Ww, Md, Md, Mm, Gg, Gg, Md, Gg, Hh, Gs, Gs, Gg, Md, Md, Gg, Gd, Gg, Gg, Gg, Gs, Gg, Gg, Gg, Gg, Gg, Gg^Ft, Gg, Gg
Md, Md, Md, Md, Gs, Gg, Hh, Gs, Gg, Gs, Hh^Ftp, Gg, Gg, Gg, Gg, Gs, Gg, Gg, Gg, Gg, Ww, Md, Ms, Md, Gs, Gs, Mm, Gg, Hh, Gs, Gs, Gd, Gg, Md, Gs, Gd, Hh^Ftd, Gs^Fts, Gg, Gg, Gg, Gg, Gg, Gs, Gg, Gg, Gg, Gg
Mv, Mv, Mv, Mv, Mv, Mv, Mv, Mv, Mv, Mv, Mv, Mv, Mv, Mv, Mv, Mv, Mv, Mv, Mv, Mv, Mv, Mv, Mv, Mv, Mv, Mv, Mv, Mv, Mv, Mv, Mv, Mv, Mv, Mv, Mv, Mv, Mv, Mv, Mv, Mv, Mv, Mv, Mv, Mv, Mv, Mv, Mv, Mv
