Ww, Ww, Ww, Ww, Ww, Ww, Ww, Ww, Ww, Ww, Ww, Ww, Ww, Ww, Ww, Ww, Ww, Ww, Ww, Ww, Ww, Ww, Ww, Ww, Ww, Ww
Ww, Ww, Ww, Ww, Ww, Ww, Ww, Ww, Ww, Ww, Ww, Ww, Ww, Ww, Ww, Ww, Ww, Ww, Ww, Ww, Ww, Ww, Ww, Ww, Ww, Ww
Ww, Ww, Ww, Ww, Ww, Ww, Ww, Ww, Ww, Ww, Ww, Ww, Ds, Ds, Ds, Ww, Ww, Ww, Ww, Ww, Ww, Ww, Ww, Ww, Ww, Ww
Ww, Ww, Ww, Ww, Ww, Ww, Ww, Ww, Ww, Ww, Ds, Ds, Gg, Gg, Gg, Ds, Ds, Ww, Ww, Ww, Ww, Ww, Ww, Ww, Ww, Ww
Ww, Ww, Ww, Ww, Ww, Rr, Rr, Rr, Rr, Ww, Ds, Gg, Rr, Gg, Gg, Gg, Ds, Ww, Ww, Ww, Ww, Ww, Ww, Ww, Ww, Ww
Ww, Ww, Ww, Rr, Rr, Rr, Rr, Rr, Rr, Rr, Rr, Rr, Rr, Rr, Rr, Rr, Rr, Rr, Rr, Rr, Ww, Ww, Ww, Ww, Ww, Ww
Ww, Ww, Ww, Rr, Gg^Vh, Rr, Ds, Rr, Gg^Vh, Rr, Rr, Rr, Gg^Vh, Rr, Rr, Rr, Gg^Vh, Rr, Rr, Ds, Gg^Vh, Ds, Ww, Ww, Ww, Ww
Ww, Ww, Ds, Ce, Gg, Gg, Gg, Rr, Rr, Rr, Rr, Rr, Gg, Gg, Gg, Ds, Ds, Ds, Ds, Gg, Gg, Ce, Ds, Ds, Ww, Ww
Ww, Ww, Ce, 1 Ke, Ce, Rr, Rr, Rr, Rr, Rr, Rr, Rr, Rr, Rr, Rr, Rr, Rr, Rr, Rr, Rr, Ce, 2 Ke, Ce, Ds, Ww, Ww
Ds, Ds, Ce, Ce, Ce, Rr, Rr, Rr, Rr, Rr, Rr, Rr, Rr, Rr, Rr, Rr, Rr, Rr, Rr, Rr, Ce, Ce, Ce, Ds, Ds, Ds
Ww, Ww, Ds, Gg, Rr, Rr, Rr, Gg, Rr, Rr, Rr, Rr, Rr, Ds, Ds, Ww, Ww, Ds, Gg, Gg, Gg, Gg, Gg, Ds, Ww, Ww
Ww, Ww, Ds, Ds, Gg^Vh, Rr, Rr, Rr, Gg^Vh, Rr, Rr, Ds, Gg^Vh, Gg, Gg, Ds, Gg^Vh, Ds, Ds, Gg, Gg^Vh, Gg, Ds, Ds, Ww, Ww
Ww, Ww, Ww, Ww, Ds, Ds, Rr, Rr, Rr, Rr, Rr, Rr, Rr, Rr, Rr, Rr, Rr, Rr, Rr, Rr, Rr, Rr, Rr, Ww, Ww, Ww
Ww, Ww, Ww, Ww, Ww, Ww, Ww, Ww, Ww, Ds, Rr, Rr, Rr, Rr, Rr, Rr, Rr, Rr, Rr, Rr, Rr, Rr, Ww, Ww, Ww, Ww
Ww, Ww, Ww, Ww, Ww, Ww, Ww, Ww, Ww, Ww, Ds, Gg, Gg, Gg, Gg, Gg, Ds, Ww, Ww, Ww, Ww, Ww, Ww, Ww, Ww, Ww
Ww, Ww, Ww, Ww, Ww, Ww, Ww, Ww, Ww, Ww, Ds, Ds, Gg, Gg, Gg, Ds, Ds, Ww, Ww, Ww, Ww, Ww, Ww, Ww, Ww, Ww
Ww, Ww, Ww, Ww, Ww, Ww, Ww, Ww, Ww, Ww, Ww, Ww, Ds, Ds, Ds, Ww, Ww, Ww, Ww, Ww, Ww, Ww, Ww, Ww, Ww, Ww
Ww, Ww, Ww, Ww, Ww, Ww, Ww, Ww, Ww, Ww, Ww, Ww, Ds, Ds, Ds, Ww, Ww, Ww, Ww, Ww, Ww, Ww, Ww, Ww, Ww, Ww
