Wwt, Wwt, Wwt, Wwt, Wwt, Wwt, Wwt, Wwt, Wwt, Wwt, Wwt, Wwt, Wwt, Wwt, Wwt, Wwt, Wwt, Wwt, Wwt, Wwt, Wwt, Wwt, Wwt, Wwt, Wwt, Wwt, Wwt, Wwt, Wwt, Wwt, Wwt, Wwt, Wwt, Wwt, Wwt, Wwt, Wwt, Wwt, Wwt, Wwt
Wwt, Wwt, Ww, Ww, Ww, Ww, Hh^Ft, Gg, Gg, Gg, Hh^Fts, Gg, Gg, Gg, Gg^Es, Gs^Efs, Hh^Ft, Gs^Efs, Hh^Fds, Hhd, Gg^Fda, Hhd, Gs, Gg, Hh, Gs^Ebn, Gs^Efs, Gg^Ebn, Gg^Ebn, Gs^Ebn, Gg^Eb, Gs^Eb, Gg^Fda, Hhd, Gg, Hh^Ft, Hh, Gs^Eb, Gg, Gg
Wwt, Wwt, Ww, Ww, Ww, Ww, Dd, Gg, Gg, Gs, Gg, Gg, Gs, Gg, Gg^Es, Gs^Eb, Gg^Edb, Gg^Es, Hhd, Gg, Gg, Gg, Gs, Gs, Gs, Hh, Gg^Eb, Gg^Fdf, Gg^Edp, Gs^Ebn, Gg^Efs, Gs^Eb, Gg^Efs, Gg^Fts, Hhd, Hh^Fdf, Gg^Ebn, Gs^Efs, Hh, Hh
Ww, Ww, Ww, Rp, Ww, Ww, Dd, Gg, Gg, Gs, Gg, Gs, Gg, Gg, Gg, Ai, Gs, Gg, Hh, Gg, Gs, Gs, Gs, Gs, Gg^Ft, Gg, Hhd^Vca, Hhd, Gg^Fdw, Gg^Fdw, Gs^Ftp, Gg^Es, Gg^Es, Gs^Fdf, Gs^Fdf, Gs^Fds, Gs, Gs^Ft, Gg, Gg
Ww, Ww, Cdr, 1 Kd, Ww, Wwg, Hh^Ftr, Ds, Gs^Fdf, Gg^Ebn, Gg^Eb, Ai, Ai, Aa, Aa, Ai, Ai, Aa, Gs, Gs, Gg, Hhd^Vct, Gg^Ftd, Gg, Hh^Fdw, Hh^Ft, Hh, Gs^Edp, Gg^Es, Gg, Gg^Ebn, Gg^Ftr, Hh^Vc, Gg, Gs^Fds, Gg, Hh, Hhd, Hhd, Hhd
Ww, Ww, Cd, Re, Ww, Wwg, Ww, Hhd^Vct, Gg^Ft, Gg^Fdw, Ai, Aa, Ai, Ai, Aa, Ai, Ai, Aa, Gs, Hh^Ftd, Gs, Gg^Fts, Gg, Gs, Gg^Edb, Hh, Gg^Ftp, Gs^Ftp, Gg^Eb, Gg, Gs^Efs, Gs^Ebn, Hhd, Gg^Fdw, Gg^Fts, Hh^Ftp, Gg^Fdf, Gs, Hh, Hh
Ww, Ww, Ww, Rp, Dd, Ds, Ww, Ww, Gs^Efs, Gg^Ebn, Aa, Ai, Ai, Aa, Ai, Aa, Ai, Aa, Aa, Gs, Hhd, Hh, Gg, Aa, Gg^Es, Gg^Es, Gs^Efs, Gg^Edp, Gg^Edb, Gs, Hhd, Gg^Efs, Gg^Ftr, Gg^Fdw, Gs^Fda, Gs, Gg, Hh, Gg, Gg
Ww, Ww, Hhd, Rr, Gg^Eb, Dd, Wwg, Ss, Gs^Edp, Gg^Edb, Ai, Aa, Aa, Aa, Ai, Ai, Ai, Aa, Ai, Gs, Hh, Gg^Ftd, Gs, Aa, Gs^Efs, Gg^Efs, Gg^Edb, Rp, Hhd, Hh, Hh, Gg^Fdf, Gs, Gs, Gg^Ftr, Hh, Gg^Ftp, Gs^Fda, Gs, Gs
Gg^Ebn, Gg^Ebn, Sm, Re, Gg, Ss, Ww, Dd, Gs^Eb, Gs^Fda, Ai, Aa, Aa, Ai, Aa, Ai, Ai, Aa, Gg, Gs, Hhd, Gs, Ai, Ai, Ai, Re, Rp, Rr, Rr, Re, Rp, Gs^Ftd, Hh^Ftr, Gg, Gs, Hh^Fts, Gs^Ftp, Gs^Fts, Gg, Gg
Hh^Fdw, Hh^Fdw, Gs^Fdf, Rp, Gs, Dd, Ww, Gg, Gg^Ftd, Hh^Ft, Aa, Aa, Aa, Ai, Aa, Ai, Ai, Hh^Fds, Ai, Ai, Gg^Edp, Aa, Aa, Rp, Rr, Ai, Ai, Hhd, Gs, Hh^Vct, Hh, Ai, Gs^Fdw, Hh, Gs, Gg^Ftr, Gg, Gs, Gs, Gs
Gg^Edb, Gg^Edb, Gs^Edp, Hh, Re, Rp, Ww, Hhd, Gs^Vc, Aa, Aa, Aa, Aa, Aa, Ai, Ai, Aa, Aa, Gs^Vct, Gs^Edb, Gs^Edp, Rr, Re, Aa, Aa, Ai, Aa, Aa, Gg^Fdw, Gg^Fdw, Ai, Aa, Hh, Gs^Ft, Gs^Fdw, Gs^Edp, Gs^Es, Hh^Fdw, Gg, Gg
Gs^Ftp, Gs^Ftp, Hh, Gs^Fdf, Rp, Re, Rr, Rr, Rp, Rr, Ai, Aa, Ai, Aa, Aa, Ai, Gg, Gs, Hhd, Re, Rr, Aa, Aa, Ai, Aa, Aa, Ai, Ai, Aa, Aa, Aa, Ai, Gg^Ftp, Hh^Ftr, Gs^Ft, Gs^Edb, Gg^Efs, Hhd, Hhd, Hhd
Gg^Es, Gg^Es, Hh, Gg^Fdw, Gg^Edp, Gs, Rp, Re, Re, Rp, Re, Aa, Ai, Ai, Aa, Gg, Gg, Rp, Rp, Gg^Ebn, Gg^Edp, Aa, Ai, Ai, Ai, Aa, Ai, Ai, Aa, Ai, Ai, Ai, Gs^Ftd, Hh^Fts, Gg^Fdw, Gg^Edp, Gs^Efs, Gg^Es, Gg, Gg
Gg^Eb, Gg^Eb, Gs^Ebn, Gg^Edp, Gs^Eb, Gs, Gs, Aa, Rr, Rr, Rp, Hh^Ftp, Gs^Fdw, Ai, Ai, Rr, Rp, Gs, Gg^Edb, Gg^Edp, Gs^Ebn, Ai, Ai, Ww, Ww, Aa, Aa, Ai, Aa, Ai, Ai, Ai, Gg^Fdw, Gg^Ftr, Hhd^Vc, Gg^Ft, Gg^Efs, Gg, Gs, Gs
Hhd, Hhd, Gs, Gg^Edb, Gs^Es, Gg^Edp, Gg^Efs, Aa, Gg, Rp, Re, Re, Rp, Rp, Rr, Gs, Gs, Gg, Gs^Edb, Hhd, Gg^Fts, Gg, Ai, Ai, Aa, Aa, Ai, Aa, Ai, Aa, Aa, Gs, Gs, Gg^Fdf, Gg^Fts, Gg, Gg, Gs, Gs, Gs
Hh, Hh, Gs, Gg^Edp, Gg^Ebn, Gs^Edb, Gs^Edp, Gs^Edp, Gg, Re, Rp, Re, Re, Re, Re, Rp, Gs^Ebn, Gg^Ebn, Gs, Hhd, Hhd^Vca, Gg^Fdf, Ww, Ww, Aa, Gs, Gs, Gs, Hh, Gg^Vct, Gg, Gg, Gg, Gs^Ftd, Gs^Fdf, Hhd, Gs, Gs, Gs, Gs
Gg, Gg, Gs^Fda, Gg^Edb, Gg^Ftp, Gg^Fda, Gg^Edb, Gg^Es, Gg, Gg, Rr, Rr, Gs, Gg, Rr, Rr, Re, Rr, Hh^Ftd, Rr, Hhd, Re, Rp, Rp, Ds, Hh, Hh, Gs, Gg, Hh, Gg^Fdf, Gs^Fdw, Gg^Ftp, Gs^Fdw, Gg^Ft, Gs^Fdf, Hh, Gs, Hh, Hh
Gg, Gg, Gg, Ds, Gg^Es, Ds, Gg, Gg, Gg, Gg, Gg, Rp, Gg, Gg, Gg, Rr, Rp, Hhd, Re, Rr, Re, Gs, Ww, Sm, Rp, Re, Gg, Gg^Fda, Gs, Gg^Ft, Hhd, Gg^Fdw, Gs, Gg, Gs^Fts, Hh, Hh, Gg, Hh, Hh
Hh, Hh, Gg, Hhd, Ww, Ww, Ww, Ww, Dd, Gg, Rr, Rr, Rr, Rp, Rr, Gg, Gg, Gs, Hh, Gs, Rr, Dd, Hhd, Ds, Hh, Gg^Ftp, Re, Rr, Gs, Gs, Hhd, Gg^Fds, Gg^Ftp, Hh^Fts, Hh^Vca, Hh, Hhd, Gg, Gg, Gg
Dd, Dd, Ds, Ww, Ww, Ww, Ds, Hhd^Vca, Rp, Re, Rp, Rr, Gg, Rp, Gg, Gg, Gg^Fda, Hhd, Gg, Hh^Ftp, Re, Rp, Ww, Ww, Hh^Vca, Gg, Gg, Gg, Rp, Rr, Hh^Fts, Gg^Ftp, Hh^Fts, Gs^Fdw, Hh^Ftd, Gs, Gg, Gg, Gs, Gs
Gg^Eb, Gg^Eb, Ww, Ww, Ww, Ww, Ww, Re, Rr, Hh^Ftr, Rp, Rp, Gg, Re, Gg, Gg, Hh^Fts, Hhd, Gg, Hh^Vc, Rp, Ww, Ww, Ww, Dd, Ds, Gg, Hh, Gg^Fts, Ds, Rp, Re, Gg^Ftr, Gg^Ftd, Gg, Hhd, Gg^Ftp, Gg, Hh^Fdf, Hh^Fdf
Hh^Fds, Hh^Fds, Ww, Ww, Gg, Ww, Dd, Dd, Gg^Ft, Gg^Fds, Gg, Gg, Gg, Rr, Gg, Gg, Hhd, Hhd, Gg, Gg, Ds, Ww, Ww, Ww, Ww, Ww, Ww, Ww, Ww, Ww, Ww, Hh, Rp, Rr, Gg, Gg^Ftp, Hh, Ss, Ww, Ww
Hhd, Hhd, Wwg, Ww, Gg, Dd, Ww, Dd, Gg, Gg, Gg^Fdw, Rp, Re, Gg, Gg, Gg, Gg, Gg, Gg, Gg, Dd, Ww, Ww, Ww, Ww, Ww, Ww, Ww, Ww, Ww, Ww, Gg^Vct, Hhd, Rp, Gg^Fds, Cd, Hh, Wwg, Ww, Ww
Dd, Dd, Ww, Ww, Dd, Ds, Ww, Ww, Dd, Rr, Rr, Gg, Gg, Gs^Fdf, Gg, Hh, Gg, Gg, Gg, Gg, Gg, Ww, Ww, Ww, Ww, Ww, Ww, Ww, Ww, Ds, Dd, Gg, Hh^Ftp, Gg, Rp, 2 Kd, Cd, Ww, Ww, Ww
Gg^Efs, Gg^Efs, Hhd, Re, Ww^Bw/, Rp, Rp, Re, Rp, Hh^Vc, Gg, Gg, Gg, Gg^Ftp, Gg, Hh, Gg, Gg, Gs^Ftp, Gg, Sm, Ww, Ww, Ww, Ww, Ww, Ds, Gg^Eb, Gg^Ebn, Gg^Edp, Gg, Gg, Gg, Gg, Cd, Cdr, Cd, Gg, Ds, Ds
Ww, Ww, Ds, Sm, Ww, Ww, Dd, Ww, Dd, Gg, Dd, Dd, Gg^Ftr, Hh^Ftd, Hh, Gg, Gg, Hh, Hhd, Ds, Gg, Ww, Ww, Ww, Ww, Ww, Ss, Gg^Ebn, Gg, Gg, Hh, Gg, Hhd, Gg, Gg, Gg^Edb, Gg^Es, Gg^Es, Gg^Efs, Gg^Efs
Ww, Ww, Ss, Gg^Eb, Ww, Ww, Ww, Ww, Ww, Ww, Ww, Ww, Ww, Ww, Gg, Gg, Gg, Gg, Gg^Ft, Ds, Ww, Ww, Ww, Wwg, Ww, Hhd, Hh^Ftd, Hh, Gs, Gg, Hhd, Gg^Ft, Gg^Fds, Gg, Gg^Edb, Gg^Eb, Gg^Edp, Gg^Eb, Gg^Es, Gg^Es
Wwt, Wwt, Wwt, Wwt, Wwt, Wwt, Wwt, Wwt, Wwt, Wwt, Wwt, Wwt, Wwt, Wwt, Wwt, Wwt, Wwt, Wwt, Wwt, Wwt, Wwt, Wwt, Wwt, Wwt, Wwt, Wwt, Wwt, Wwt, Wwt, Wwt, Wwt, Wwt, Wwt, Wwt, Wwt, Wwt, Wwt, Wwt, Wwt, Wwt
