Gs^Fms, Gs^Fpa, Gg, Gg, Gg, Gg, Gs, Gs, Gs, Hh, Hhd, Hh, Hhd, Hh, Hhd, Hh, Hhd, Hhd, Gg, Gg, Gg, Gg, Gg, Gg, Gg, Gg, Gg, Gg, Gg, Gg, Gg
Gs^Fms, Gs^Fms, Gg^Fmw, Gg, Gg, Gg, Gg, Gs, Gs, Gs, Gg, Gg, Gg^Fda, Gs^Fp, Hh^Fdf, Gg^Fda, Gs^Fmw, Gg^Fma, Gg^Fma, Gg, Gg, Gg, Hhd, Mv, Hhd, Hhd, Gs, Gs, Gs, Gs, Gg, Gg, Gg, Gg, Gg, Gg, Gg, Gg, Gg, Ww, Ww
Gs^Fpa, Gs^Fpa, Gg, Gg, Gg, Gg, Gg, Gg, Gg, Gg, Gg, Gg, Hh^Fdf, Gs^Fma, Hh^Fp, Gs^Fp, Ww, Ww, Ss, Gg, Gg, Gg, Hh, Md, Hhd, Hhd, Hhd, Gs, Gg, Gg, Ds, Ww, Gg, Gg, Gg, Gg, Gg, Gg, Gg, Ww, Ww
Gg, Gg, Gg, Gg^Vhh, Gg, Gs, Gg, Gs, Gs, Gg, Gg, Gg, Gg, Hh^Fmf, Gs^Fda, Gg^Fmw, Ss, Ww, Ww, Gs, Gs, Gg, Hhd, Hhd, Hhd, Hh, Gg, Gg, Gg, Gs, Dd, Dd, Gg, Ww, Gg, Gg, Gg, Gg, Dd, Ds, Ds
Gg, Gg, Gg, Gg, Gg, Gs, Gg, Gs, Gs, Gg, Gg, Gg, Gg, Gs^Fma, Gg^Fmf, Gg^Fp, Hh^Fdf, Dd, Gs, Ss, Ww, Gs, Hhd, Gg, Gs, Gg, Gg, Gs, Gg, Gg, Gs, Sm, Gg, Dd, Ww, Gg, Gg, Gs^Fma, Gg^Fdf, Hh^Fmf, Hh^Fmf
Gg, Gg, Gg, Gg, Gs, Gg, Gg, Gs^Fmf, Gs^Fds, Gg, Gg, Gg, Gg, Gg^Fda, Gg^Fds, Gs^Fds, Gs^Fda, Hh^Fpa, Gg, Gs, Dd, Ww, Dd, Gg, Gs, Gg, Gs, Gs, Gs, Gg, Gs, Gs, Ww, Ww, Gg, Gg, Gg, Gs^Fdw, Hh^Fda, Gg^Fms, Gg^Fms
Gg, Gg, Gg, Gs^Vhh, Gg, Gg, Gg^Fmw, Gs^Fmw, Gg^Fdf, Gg, Gg, Gg, Gg, Gg, Gg, Gg, Gg^Fmw, Gg^Fdf, Gg, Gs, Gs, Dd, Ww, Ds, Gg, Gg, Gg, Gs, Gs, Gg, Gg, Gs, Ds, Gg, Ww, Ds, Hh^Fma, Gg^Fms, Gg^Fmw, Gg^Fdf, Gg^Fdf
Gs, Gs, Gs, Gs, Gg, Gg^Fdf, Gg^Fma, Gs^Fpa, Hh^Fms, Gg^Fmf, Gg^Fms, Gs^Fdf, Gg, Gg, Gg, Gg, Gg, Gs, Gs, Gs, Gs, Gg, Sm, Ww, Hh^Fpa, Gs, Gs, Gs, Gs, Gs, Hh^Fmw, Gg^Fms, Hh^Fms, Gg, Ww, Ww, Ds, Gg^Fdw, Gg^Fp, Gs^Fdw, Gs^Fdw
Gs, Gs, Gs, Gs, Gs, Gg^Fdw, Hh^Fds, Gg^Fmf, Gg^Fda, Gs^Fdf, Gg^Fmf, Gs^Fp, Gg, Gg, Gg, Gg, Gg, Gg, Gg, Gs, Gg, Gg, Ww, Gg, Sm, Gg, Gs, Gg, Gg, Gg, Gs^Fda, Gg^Fds, Gg^Fmw, Gg, Gs, Ww, Ww, Gg^Fma, Gg^Fmw, Gg^Fmw, Gg^Fmw
Gs, Gs, Gg, Gg^Vh, Gg, Gs, Gg^Fda, Gg^Fdw, Hh^Fda, Gg^Fdw, Hh^Fda, Gg, Gg, Gg, Gg, Gg, Gg, Gg, Gg, Gg, Gg, Gg, Gg, Gg, Ww, Gg, Gg, Gg, Gg, Gg, Gs^Fmf, Hh^Fda, Hh^Fda, Hh^Fp, Gg, Ds, Ss, Ww, Ss, Hh^Fmf, Hh^Fmf
Hh, Hh, Gs, Gs, Gs, Gg, Gg^Fdf, Hh^Fdf, Gg^Fda, Gg^Fds, Gg, Gg, Gg, Gg, Gg, Gg, Gg, Gg, Gg, Gg, Gg, Gg, Gg, Gg, Gg, Ds, Ww, Gg, Gs^Fda, Rr, Gs^Fms, Gs^Fpa, Hh^Fp, Gs^Fms, Hh^Fmf, Gs, Ds, Ww, Ww, Gs, Gs
Hhd, Hhd, Hhd, Gg, Gs, Gg, Gg, Hh^Fmf, Gg^Fma, Gs^Fpa, Gg, Gg, Gg, Gg, Gg, Gg, Gg^Fdw, Hh^Fmf, Gg^Fmw, Gg, Gs^Fda, Gs^Fpa, Gg, Gg, Gg, Gg, Ww, Ww, Rra, Gg^Vhh, Gg^Fda, Gg^Fms, Gg^Fdf, Gs^Fdf, Gg^Fdw, Gg, Ds, Ww, Ww, Ds, Ds
Hh, Hh, Hh, Gs^Vht, Gg, Gg, Gg, Gg^Fda, Gs^Fp, Gg, Gg, Gg, Gg^Fmf, Hh^Fp, Hh^Fma, Hh^Fpa, Gg^Fp, Gg^Fp, Gg^Fds, Hh^Fms, Gg^Fda, Hh^Fpa, Hh^Fp, Hh^Fdw, Gg^Fmf, Gg^Fda, Hh^Fp, Ww, Re, Gg^Fmf, Gg^Fds, Gg^Fdf, Gg^Fdf, Gg^Fp, Gg^Fms, Gg, Ds, Ds, Ww, Gs, Gs
Hhd, Hhd, Hh, Gg, Gs, Gg, Gs, Gg, Gg, Gg, Gg, Gg, Gg^Fds, Hh^Fda, Gg^Fpa, Gg^Fmf, Gg^Fmw, Gs^Fpa, Gs^Fds, Gg^Fpa, Gg^Fdw, Hh^Fma, Gg^Fds, Hh^Fds, Gs^Fdf, Hh^Fma, Ww, Ds, Rr, Hh^Fms, Gg^Fmw, Gs^Fds, Gg^Fds, Hh^Fma, Gs^Fmw, Gg, Gs, Dd, Ww, Gg, Gg
Hh, Hh, Hhd, Gs, Gs, Gg, Gs, Gg^Vht, Gg^Fma, Hh^Fpa, Gg, Gg, Gg^Fp, Hh^Fma, Gs^Fp, Hh^Fda, Gg^Fdw, Gg^Fp, Hh^Fds, Gg^Fpa, Hh^Fp, Gs^Fp, Gg^Fpa, Gg^Fmw, Ww, Ww, Hh^Fdf, Hh^Vdr, Rrc, Hh^Fms, Gg^Fda, Gg^Fpa, Gs^Fp, Gg^Fds, Hh^Fmw, Gg, Gs, Ww, Ww, Dd, Dd
Hhd, Hhd, Hhd, Cer, Ce, Rrd, Rrc, Rr, Rra, Rr, Rra, Rrc, Rra, Rr, Hh^Fdf, Gg^Fmw, Gs^Fda, Hh^Fpa, Hh^Fdw, Hh^Fds, Gg^Fms, Hh^Fmw, Gs^Fdw, Gg^Fp, Ds, Ww, Ww, Rrc, Rra, Gg^Fdw, Gs^Fmw, Gg^Fmw, Hh^Fds, Hh^Fp, Hh^Fds, Rrc, Cer, Cer, Ww, Ds, Ds
Hh, Hh, Hh, Ce, 1 Ke, Cer, Hhd, Gs, Gs, Gg, Gs^Vha, Gg^Fp, Gg, Gg^Vhh, Rrd, Rra, Hh^Fdw, Gs^Vht, Gs, Gg^Fds, Gg^Fma, Hh^Fda, Gg^Fms, Gg^Fpa, Gg^Fma, Rp, Rra, Ww, Gs^Fda, Gs^Fpa, Hh^Fma, Gg^Vhs, Gs^Fmw, Rr, Rra, Cer, 2 Ke, Ww, Ww, Gg, Gg
Hhd, Hhd, Hh, Hhd, Ce, Hhd, Hhd, Hh, Hh, Gg, Gg, Gs, Gs^Fma, Hh^Fda, Gg, Gg, Rrc, Rrd, Rrd, Rrc, Rra, Rr, Gg, Rrc^Vha, Rra, Ww, Ww, Gg^Fms, Ss, Gg^Fpa, Gg, Rr, Rra, Gs^Fdw, Gg^Fds, Hh^Fmf, Ce, Ww, Sm, Gg, Gg
Hhd, Hhd, Hh, Hh, Hhd, Hhd, Hhd, Hh, Hhd, Gs, Gg, Gg, Gs, Gs, Gg, Gs, Gs, Hhd, Gg, Gs, Gg^Vht, Gs, Rrd, Rp, Ww, Ww, Gs^Fma, Rrd, Hh^Vd, Rrc, Rr, Hh^Fmf, Gg^Fmw, Gs^Fmf, Gg^Fpa, Hh^Fdw, Dd, Ww, Ww, Gg, Gg
Gg, Gg, Gg, Gg, Gs, Gs, Hh, Hh, Hhd, Gs, Gs, Gg, Gg, Gs, Gg, Hh, Hh, Hhd, Hh, Hh, Hhd, Gs, Gs, Gg, Re, Rrc, Rrd, Ww, Rra, Gs^Fms, Hh^Fms, Gs^Fmf, Gs^Fpa, Gg^Fmf, Gg^Fds, Gg^Fdf, Gs^Fda, Ww, Gg, Gg, Gg
Gg, Gg, Gs, Gg, Gs, Gg, Gs, Gg, Gg, Gs, Gs, Gs, Gs, Gs, Gs, Hhd, Hh, Mm, Mm, Hhd, Hh, Hhd, Gg, Hhd, Gs^Vht, Hh^Fda, Ss, Ww, Hh^Fds, Gg^Fdf, Gs^Fpa, Gs^Fda, Gg^Fmf, Gg^Fma, Hh^Fdf, Sm, Ww, Gs^Fda, Gg, Gs, Gs
Gg, Gg, Gg, Gg, Gg, Gg, Gg, Gg, Gg, Gg, Gs, Gs, Gs, Gs, Hhd, Hhd, Md, Md, Mdd, Md, Hh, Hh, Hhd, Hh, Hhd, Ww, Ww, Gs^Fdf, Hh^Fmw, Gg^Fds, Hh^Fds, Gg^Fms, Gs^Fpa, Dd, Ww, Ww, Hh^Fma, Gg^Fp, Gg, Gs, Gs
Gg, Gg, Gg, Gg, Gg, Gg, Gs, Gs, Gg, Gg, Gs, Gg, Hhd, Hh, Hh, Ms, Mv, Mv, Mv, Mdd, Hhd, Hhd, Hhd, Hhd, Hhd, Ww, Ww, Hh^Fp, Hh^Fp, Hh^Fmw, Gs^Fda, Hh^Fds, Gs^Fp, Hh^Fdf, Ww, Hh^Fds, Gg, Gg, Gg, Gg, Gg
Gg, Gg, Gg, Gg, Gg, Gg, Gg, Gg, Gs, Hh^Fdw, Gs^Fdf, Hhd, Hhd, Hh, Ms, Mm, Mm, Mm, Mv, Ms, Hhd, Hhd, Hhd, Hhd, Hhd, Hh, Sm, Ww, Ww, Gg^Fdw, Gg, Gg, Gg, Sm, Ww, Dd, Gg, Gg, Gs, Gs, Gs
Gg, Gg, Gg, Gg, Gg, Gg, Gg^Fds, Gg, Gg^Fms, Gs^Fma, Hh, Hhd, Hhd, Hhd, Mdd, Md, Md, Mv, Mdd, Ms, Mv, Hhd, Hh, Hhd, Hh, Hh, Gg^Fma, Gs^Fdw, Ww, Ww, Gg, Gg, Gg, Gg, Ww, Ww, Ds, Gg, Gs, Gg, Gg
Gg, Gg, Gg, Gg, Gg, Gg, Gg^Fms, Gs, Gg, Hh, Hh, Hh, Hh, Hhd, Mdd, Ms, Mm, Mm, Mm, Ms, Mm, Mm, Hh, Hhd, Hhd, Hh, Hhd, Ds, Ww, Ww, Hh^Fds, Gg^Fda, Gg, Dd, Ww, Gg, Gg, Gg, Gg, Hh^Fp, Hh^Fp
Gg, Gg, Gg, Gg, Gg, Gg, Gs, Gg, Gs, Hhd, Hhd, Md, Hh, Mdd, Mdd, Mm, Hh, Hhd, Hh, Hh, Mdd, Hh, Hh, Hhd, Hhd, Hh, Hh, Gs, Dd, Ww, Ww, Dd, Gs^Fdf, Dd, Ww, Dd, Gg^Fma, Sm, Hh^Fmw, Gg^Fda, Gg^Fda
Gg, Gg, Gg, Gg, Gg, Gs, Gs, Gg, Gg, Hh, Hhd, Mdd, Mm, Md, Ms, Mdd, Hh, Hhd, Hhd, Hhd, Hh, Hh, Gg, Hh, Hhd, Hhd, Hhd, Gs, Ss, Gg^Fp, Ss, Ww, Ww, Ww, Ww, Ww, Ww, Ww, Hh^Fda, Gg^Fdw, Gg^Fdw
Gg, Gg, Gg, Gg, Gg, Gg, Gs, Gs, Gs, Hh, Hhd, Md, Ms, Ms, Mv, Ms, Hh, Gg, Gs, Gs, Gs, Gs, Gs, Gs, Gs, Hh, Hh, Hh, Gg, Gs^Fdf, Gg^Fms, Gg^Fdf, Ww, Dd, Ww, Ww, Ww, Ww, Dd, Hh^Fp, Hh^Fp
Gg, Gg, Gg, Gg, Gg, Gg, Gs^Fms, Gg^Fpa, Gs^Fdf, Hh, Hhd, Mdd, Ms, Mdd, Ms, Ms, Hh, Hh, Gg, Gs, Gs, Gg, Gs, Gs, Gs, Hhd, Hhd, Hh, Gg, Gg, Hh^Fds, Ww, Ww, Gs^Fpa, Ww, Ww, Ww, Gg, Gg, Gg^Fdw, Gg^Fdw
Gg, Gg, Gg, Gg, Gg^Fpa, Hh^Fda, Hh^Fdw, Gg^Fpa, Hh^Fmf, Gg, Hhd, Hh, Mv, Mm, Hhd, Hh, Hhd, Hhd, Hhd, Hh, Hhd, Hh, Hhd, Hh, Hhd, Gs, Gs, Gg, Gs, Hh^Fpa, Gg^Fds, Ww, Ww, Gg^Fda, Gs^Fma, Gg, Ss, Ww, Gg, Gg, Gg
Gg, Gg, Gg, Hh^Fdf, Hh^Fmf, Gs^Fmw, Gs^Fds, Gg^Fdf, Gg^Fmw, Gg, Gg, Hhd, Hhd, Hh, Hh, Hhd, Hh, Hhd, Hhd, Hh, Hh, Hh, Hhd, Hhd, Hhd, Gs, Gs, Gs, Gs, Gs, Ds, Hh^Fms, Ds, Gg^Fms, Gs^Fmw, Gg, Ds, Gg, Dd, Gg, Gg
Gs^Fms, Gs^Fpa, Gg, Gg, Gg, Gg, Gs, Gs, Gs, Hh, Hhd, Hh, Hhd, Hh, Hhd, Hh, Hhd, Hhd, Gg, Gg, Gg, Gg, Gg, Gg, Gg, Gg, Gg, Gg, Gg, Gg, Gg
