Ww, Ww, Ww, Ww, Ww, Ww, Ww, Ww, Ww, Ww, Ww, Ww, Ww, Ww, Ww, Ww, Ww, Ww, Ww, Ww, Ww, Ww, Ww, Ww, Ww, Ww, Ww, Ww, Ww, Ww, Ww, Ww, Ww, Ww, Ww, Ww, Ww, Ww, Ww, Ww, Ww, Ww, Ww, Ww, Ww, Ww, Ww, Ww, Ww, Ww, Ww, Ww, Ww, Ww
Ww, Ww, Wwt, Wwg, Wwt, Ww, Ww, Ww, Ww, Wwt, Ww, Ww, Ww, Ww, Ww, Wwt, Ww, Ww, Ww, Ww, Ww, Ww, Ww, Ww, Ww, Ww, Ww, Wwg, Ww, Ww, Wwg, Hh^Fetd, Gs^Feth, Gs, Gg, Gs, Hh, Ww, Ww, Ww, Ww, Wwt, Ww, Ww, Ww, Ww, Ww, Ww, Wwg, Wwt, Ww, Ww, Ww, Ww
Wwg, Wwg, Ww, Ww, Ww, Ww, Ww, Ww, Ww, Ww, Ww, Ww, Ww, Wwg, Ww, Ww, Ww, Ww, Ww, Ww, Wwt, Ww, Ww, Ww, Ww, Ww, Ww, Ww, Hhd, Gg, Dd, Gs^Fetd, Gg^Fet, Rrd, Rrd, Rrd, Ds, Dd, Ww, Ww, Ww, Ww, Ww, Ww, Ww, Ww, Ww, Wwt, Ww, Ww, Ww, Ww, Ww, Ww
Ww, Ww, Ww, Ww, Ww, Ww, Ww, Ww, Ww, Ww, Ww, Ww, Ww, Ww, Ww, Ww, Ww, Ww, Ww, Ww, Ww, Ww, Ww, Ww, Ww, Ww, Dd, Ds, Ds, Gg, Gs^Fetd, Gs^Feth, Hh^Feth, Rrd, Gg^Feth, Rra, Gg^Feta, Gg, Ww, Ww, Ww, Ww, Wwt, Ww, Ww, Ww, Ww, Ww, Ww, Ww, Ww, Ww, Ww, Ww
Ww, Ww, Ww, Ww, Ww, Ww, Ww, Wwt, Ww, Ww, Ww, Dd, Ww, Dd, Ww, Ww, Ww, Ww, Ww, Ww, Ww, Ww, Ww, Ww, Ww, Ds, Ds, Gg, Gg, Gg^Fetd, Hh^Fet, Hh^Feth, Hh^Feth, Hh^Feth, Gg^Feta, Rr, Gg^Fet, Hh^Feth, Ss, Dd, Ds, Dd, Ww, Ww, Ww, Ww, Ww, Ww, Ww, Ww, Ww, Ww, Ww, Ww
Ww, Ww, Ww, Ww, Ww, Ww, Ww, Ww, Ww, Dd, Dd, Gg, Gg, Gg, Dd, Ds, Hh^Feta, Dd, Ww, Ww, Ww, Ww, Ww, Ww, Dd, Gg, Gg, Gg, Gg, Gg^Feta, Gs, Hh, Gg^Fet, Rrc, Rra, Hhd, Rr, Hh^Fetd, Gg, Gg, Gg, Hh, Ds, Dd, Ww, Ww, Wwt, Ww, Ww, Ww, Ww, Ww, Ww, Ww
Ww, Ww, Ww, Ww, Ww, Ww, Ww, Dd, Hhd^Vda, Gg^Feth, Gg, Gg, Gg, Gg, Hhd^Vda, Gs^Fet, Gg, Hhd, Gs^Feta, Dd, Ww, Ww, Ww, Ww, Dd, Dd, Gg, Gg, Gg, Gg, Hh^Feta, Rra, Rra, Hhd, Hh, Hh^Fetd, Hh^Fet, Gs^Feta, Gg^Feta, Hhd, Gg, Gg, Gg, Gg^Fetd, Ww, Ww, Ww, Wwt, Ww, Ww, Ww, Ww, Ww, Ww
Ww, Ww, Ww, Ww, Ww, Gg, Ds, Gg, Gg, Gg, Gg, Gg, Gg, Gg, Gg, Gg^Fetd, Gg, Gg, Hhd, Gg, Ds, Ww, Ww, Ww, Ww, Ww, Gg, Hh^Fet, Hhd, Rrc, Rrc, Hh, Hh, Hh, Hh, Hh^Vdr, Hhd, Gs^Fetd, Hh^Feth, Hh, Gg, Gg, Gg, Rr, Rra, Ww, Ww, Ww, Ww, Wwt, Ww, Ww, Ww, Ww
Ww, Ww, Ww, Wwt, Dd, Gg, Gg, Gg, Hh, Hhd, Gg, Gg, Gg, Gg, Gg, Gg, Gs^Feta, Gg, Gg, Gg, Dd, Hhd^Vdr, Wwg, Ww, Ww, Ww, Ds, Rrd, Rrc, Gg, Hhd, Hh, Hhd, Mm, Hh, Gg, Md, Gg^Feth, Hh^Fetd, Gs^Fetd, Hhd, Rrd, Rra, Gg, Ds, Ww, Ww, Ww, Ww, Ww, Wwt, Ww, Ww, Ww
Ww, Ww, Ww, Ww, Hh, Hh, Gg, Gg, Gg, Hhd, Hhd, Gg, Gg, Gg, Gg, Gg, Hh, Gg, Gg, Gg, Gg, Hh^Feta, Ww, Dd, Ww, Ww, Re, Gg, Gg, Gg, Hhd, Hh, Hh, Md, Gs, Mdd, Gg^Fet, Mm, Hh^Feta, Hh, Rr, Gg, Gg, Dd, Ds, Ww, Ww, Wwt, Ww, Ww, Ww, Ww, Ww, Ww
Ww, Ww, Ww, Ww, Hh, Gg^Fetd, Gs^Feta, Gg, Gg, Gg, Hhd, Mdd, Hh, Hh, Hh, Gg, Gg, Gg, Gg, Gg, Gg, Gg^Fetd, Gg, Rra, Rra, Rrc, Re, Gg, Gg, Gg, Gg, Gg^Feta, Gg, Mm, Gg, Hhd, Hh, Gg, Gg, Rra, Rrc, Gg, Gg^Fetd, Hhd, Ww, Wwt, Ww, Ww, Ww, Ww, Ww, Wwt, Ww, Ww
Ww, Ww, Ww, Ww, Ww, Ww, Dd, Gg, Gg, Gg, Hh^Vd, Hh^Feta, Md, Hhd, Hhd, Hh, Gg, Gg, Gg, Hh, Gg^Feth, Rra, Rr, Ww, Ww, Re, Rr, Rr, Hhd, Gg, Hhd, Gg, Gs^Vhh, Gg, Gg, Hh, Gg, Rrd, Rra, Gg, Gg, Gg, Gs^Feta, Hh^Feta, Ww, Ww, Ww, Ww, Ww, Ww, Ww, Ww, Ww, Ww
Ww, Ww, Ww, Ww, Ww, Dd, Ds, Gg, Gg, Gs^Feta, Hhd, Hhd, Ms, Mdd, Hhd, Hh, Gg, Gg, Gg, Rrc, Rrd, Ds, Ds, Ww, Re, Re, Rra, Gg, Rrc, Rr, Gg, Gg, Hh, Gg^Fetd, Gg^Feta, Rr, Rra, Gg, Gg, Gg, Gg, Sm, Dd, Ds, Wwg, Ww, Ww, Ww, Ww, Ww, Ww, Ww, Ww, Ww
Ww, Ww, Ww, Ww, Dd, Hhd, Hh^Feth, Gg^Fet, Gg^Feta, Hh^Feth, Hh, Hh, Hh, Hh, Hhd, Hhd, Gg, Rra, Rr, Gg, Gg, Dd, Ww, Ww, Wwg, Sm, Re, Dd, Gs^Fetd, Gg, Rrc, Rra, Gg, Hh, Hh, Rrd, Hh, Gg, Gg, Gs^Feta, Hh^Vdr, Dd, Ww, Ww, Ww, Ww, Ww, Ww, Ww, Ww, Wwg, Ww, Ww, Ww
Wwt, Wwt, Ww, Ds, Ds, Gg^Fetd, Gg^Feta, Gg^Fetd, Hhd, Hh^Feth, Gs^Fetd, Hhd, Hhd, Hh, Hh, Rra, Rr, Rr, Hhd, Hhd, Gg, Hh^Vd, Hh, Ww, Ww, Ww, Ww, Ww, Dd, Gg^Fetd, Hh, Hh, Rrd, Rrd, Rrc, Hhd, Rr, Rrd, Gg, Hhd, Hhd, Hhd, Ww, Ww, Ww, Ww, Ww, Ww, Ww, Ww, Ww, Ww, Ww, Ww
Ww, Ww, Ww, Hh^Feta, Gg^Fetd, Gg^Fet, Gg^Feth, Gg, Hh, Gg^Fetd, Gg, Gg, Gg, Rrd, Rra, Rrc, Rrc, Gg^Fetd, Gg, Gg^Feth, Gs^Fetd, Gs^Feta, Ds, Ww, Ww, Ww, Ww, Ww, Ds, Ds, Ww, Ww, Wwg, Dd, Hh, Hh, Rrd, Dd, Rrc, Rr, Gg, Ww, Ww, Ds, Ww, Ww, Ww, Ww, Wwg, Ww, Wwg, Ww, Ww, Ww
Ww, Ww, Ww, Ww, Dd, Chr, Gg, Rrd, Rr, Rrd, Rrd, Rrd, Rra, Rrc, Rra, Rr, Rr, Rrc, Hh^Fetd, Gg, Gg, Ds, Ww, Ww, Ww, Ww, Ww, Ww, Wwg, Ww, Ww, Ds, Dd, Dd, Hh^Feta, Gg, Rra, Ww, Ww, Ds, Rrc, Rr, Ww, Ds, Ww, Ww, Ww, Ww, Ww, Ww, Ww, Ww, Ww, Ww
Ww, Ww, Ww, Ww, Ww, 1 Kh, Rrd, Hh^Fet, Gg, Gg, Gg, Gg, Gg, Gg, Rrd, Rrc, Gg, Gg, Gs^Feth, Gg, Gg, Ds, Ww, Ww, Ww, Ww, Ww, Wwt, Ww, Ww, Wwt, Ww, Dd, Ww, Ds, Wwt, Rrc, Rrd, Ww, Wwg, Gg, Rrc, Rr, Rr, Ds, Dd, Ww, Dd, Ww, Ww, Ww, Ww, Ww, Ww
Ww, Ww, Ww, Ww, Ww, Ww, Ww, Ds, Gg^Fetd, Gg, Gg, Ds, Gg, Gg, Gg^Feta, Hh, Rrd, Rra, Gg, Gg, Gg, Gg, Ds, Dd, Ww, Ww, Ww, Ww, Wwt, Ww, Ww, Ww, Ww, Wwt, Ww, Ww, Wwt, Ww, Rrd, Hh, Hh^Feth, Rrd, Rra, Gg, Rr, Rra, Hh^Fetd, Gg, Ww, Ww, Ww, Ww, Ww, Ww
Wwg, Wwg, Ww, Ww, Ww, Ww, Ww, Wwt, Ww, Ds, Dd, Ww, Dd, Dd, Gg, Gg, Hh^Fetd, Gg, Rra, Rr, Gg, Gg, Gg, Ds, Ww, Ds, Ww, Ww, Ww, Ww, Ww, Ww, Wwg, Ds, Ds, Hhd, Dd, Gg, Rrc, Gg, Gg, Gg, Rr, Gg, Gg, Gg, Rrc, Rrd, Rrd, 2 Kh, Chr, Ww, Ww, Ww
Ww, Ww, Ww, Ww, Ww, Ww, Ww, Ww, Ww, Ww, Dd, Gs^Feth, Ww, Ds, Gg, Hh^Fet, Hh, Gs^Fet, Gg^Fet, Gg, Rr, Rrc, Gg, Gg, Gg, Gg, Ds, Wwt, Wwg, Wwg, Ww, Ww, Wwg, Dd, Gg, Hhd, Gs^Feta, Gg, Rrd, Gg, Gg, Gg, Rrd, Gg, Gg, Gg, Gg, Gg, Rrd, Chr, Ch, Dd, Ww, Ww
Ww, Ww, Ww, Ww, Ww, Ww, Ww, Ww, Ww, Dd, Hh^Fet, Gg^Fetd, Ww, Ww, Dd, Gg^Feta, Gs^Feth, Gs^Feta, Gs^Feta, Gg, Hh, Rr, Gg, Gg, Gg, Gg, Dd, Ds, Ww, Ww, Ww, Wwt, Wwt, Ds, Hh, Gg, Gg, Hh, Gg, Gg, Gg^Feta, Gg, Gs^Feta, Gg, Hh, Gg^Vh, Gg, Gg, Rrc, Gg, Gg, Dd, Ww, Ww
Ww, Ww, Ww, Ww, Ww, Ww, Wwg, Ww, Ds, Gg, Gg^Fet, Hh^Fetd, Hhd, Ww, Ss, Hhd, Gg^Fetd, Gg^Feta, Gg, Gg^Fet, Hhd, Gg, Rr, Rra, Gg, Gg, Gg, Gg, Ds, Ww, Ww, Hh^Fetd, Ds, Gs^Fetd, Hh^Feth, Gg, Gg, Hhd, Gg, Gg, Hh, Hh, Hh, Gs, Mdd, Gg^Fet, Gg, Gg, Rra, Hh, Gg, Gg, Hhd, Hhd
Ww, Ww, Ww, Ww, Ww, Ww, Ww, Ww, Ww, Hh^Fetd, Gs^Fet, Gg^Fetd, Ds, Ds, Dd, Gs, Hh, Hhd^Vd, Gs, Md, Gs^Feta, Mdd, Gg, Gg, Rrc, Rrd, Gg, Gg, Ds, Dd, Ww, Dd, Gg, Gg, Gg, Hh, Gs^Feta, Gs^Feta, Gg, Hhd, Hh, Md, Hhd, Hh^Feta, Mv, Gg^Feth, Gg, Gg, Rra, Gg, Hhd, Gg, Gg, Gg
Ww, Ww, Ww, Ww, Ww, Ww, Ww, Ww, Dd, Gg, Hh^Fetd, Gs^Fetd, Hh^Feta, Gs^Fet, Hh^Fet, Hhd, Hhd, Gs^Fet, Md, Ms, Gs, Gs, Hhd, Gg^Fet, Gg, Gg, Gg, Gg, Gg, Dd, Ww, Dd, Gg, Gg, Gg^Feta, Hhd, Gs^Feta, Gg^Feth, Hh^Fetd, Hhd, Hh, Mdd, Gg, Gs, Ms, Gg, Gg, Gg, Rr, Hh^Feta, Gg^Fet, Hh, Gg, Gg
Ww, Ww, Ww, Ww, Ww, Ww, Ww, Ww, Dd, Gg, Gg^Feta, Gg^Fet, Gg^Feta, Hh, Gg, Hhd, Hh, Mdd, Mv, Hhd, Gg, Hh^Feta, Mm, Gg, Gg, Gg^Fet, Gg, Gg, Dd, Ww, Ww, Ds, Gg, Gg, Gg, Gg, Gg, Gg, Hhd, Hhd, Hhd, Hhd^Vdr, Hhd, Gg^Fetd, Hhd, Hhd, Gg, Gg, Rra, Hhd, Gg, Ww, Dd, Dd
Ww, Ww, Ww, Ww, Ww, Ww, Ww, Ww, Ss, Gg, Gg, Gg^Feta, Gg, Gg, Gg, Hhd, Hh, Md, Mv, Mdd, Hhd, Gg^Fet, Gg^Feta, Gs^Fet, Hh^Feth, Hh^Fetd, Hh, Hhd^Vda, Dd, Ds, Ww, Ww, Ds, Gg, Gg, Gg, Gg, Gg, Gg, Gg, Gg^Fet, Gg, Gg, Gg, Gs^Fetd, Gg, Gg, Gg, Rra, Gg^Feta, Ds, Dd, Ww, Ww
Ww, Ww, Ww, Ww, Ww, Ww, Wwg, Ww, Dd, Hhd^Vdr, Gg, Gg, Gg, Gg, Gg, Gg, Hh, Hhd, Gg^Feth, Gs^Fet, Mv, Hhd, Gs^Fetd, Gg, Gg, Hh, Gg^Fetd, Gg, Gg, Ds, Ww, Ww, Hh^Fetd, Ds, Gg, Gg, Gg, Gg^Fetd, Gg, Gg, Gg, Gg, Gg, Gg, Hhd, Hh, Gg, Gg, Rra, Gs, Gs^Feth, Dd, Ww, Ww
Ww, Ww, Ww, Ww, Ww, Ww, Ww, Ww, Ds, Ds, Gg^Fetd, Gg, Gg, Gg, Gg, Hhd, Gg, Hhd, Hhd, Hhd, Hh^Vdr, Gg, Gg, Gg, Gg, Hh, Hhd, Gg, Gg, Dd, Ww, Ww, Ww, Hh, Gg, Gg, Gg, Gg, Gg, Gg, Gg, Gg, Gg, Gg^Feth, Gg, Hhd, Gg, Gg, Rrc, Re, Ds, Ww, Ww, Ww
Ww, Ww, Ww, Wwt, Ww, Ww, Wwg, Ww, Ww, Ds, Gg, Gg, Gg, Gg, Gg, Gg, Hh^Fetd, Gg, Gg, Gg, Gg, Gg, Gg, Gg, Gg, Gg, Gg, Hh, Hhd, Ww, Ww, Ww, Ww, Ww, Hh^Feth, Dd, Hhd, Gg, Gg, Hhd, Hhd, Gg, Gg, Gg, Gg, Ds, Dd, Ww, Dd, Re, Ww, Ww, Ww, Ww
Ww, Ww, Ww, Wwt, Ww, Ww, Ww, Ww, Ww, Ww, Ds, Dd, Gg, Gg, Gg, Hhd, Gg, Gg, Gg, Gg, Gg, Gg, Gg, Gg, Gg, Ds, Ds, Ww, Ww, Ww, Ww, Ww, Wwg, Ww, Ww, Dd, Dd, Ds, Ds, Gs^Fetd, Gg^Feta, Ds, Dd, Dd, Gg, Ds, Ww, Ww, Ww, Wwg, Ww, Ww, Ww, Ww
Wwt, Wwt, Ww, Ww, Ww, Ww, Ww, Ww, Ww, Ww, Wwg, Ds, Hh^Fetd, Gg^Fet, Gg^Feth, Hhd, Hh^Fet, Gg^Fetd, Gg^Fetd, Gs^Fetd, Gg, Gg, Gg, Gg, Gg, Dd, Ww, Ww, Ww, Ww, Ww, Wwg, Ww, Ww, Ww, Ww, Ww, Ww, Ww, Dd, Dd, Ww, Ww, Dd, Ds, Dd, Ww, Ww, Ww, Ww, Ww, Ww, Ww, Ww
Ww, Ww, Ww, Ww, Ww, Ww, Ww, Ww, Wwt, Ww, Ww, Wwt, Dd, Dd, Hh^Fet, Ww, Ww, Hh, Gg^Fetd, Hhd, Gs^Feta, Dd, Dd, Dd, Ds, Ww, Wwt, Ww, Ww, Ww, Ww, Ww, Ww, Ww, Ww, Ww, Ww, Ww, Ww, Ww, Ww, Ww, Wwg, Ww, Ww, Ww, Ww, Ww, Wwt, Ww, Ww, Ww, Ww, Ww
Ww, Ww, Ww, Ww, Ww, Ww, Ww, Ww, Ww, Ww, Wwg, Ww, Ww, Ww, Ww, Dd, Hh^Feta, Hhd, Hhd, Ds, Gg, Dd, Ww, Ww, Ww, Ww, Ww, Wwg, Ww, Ww, Ww, Ww, Ww, Ww, Ww, Ww, Ww, Ww, Ww, Ww, Ww, Ww, Ww, Ww, Ww, Ww, Ww, Ww, Ww, Ww, Ww, Ww, Ww, Ww
Ww, Ww, Ww, Ww, Ww, Ww, Ww, Ww, Ww, Ww, Ww, Ww, Ww, Ww, Ww, Wwt, Ww, Ww, Ww, Ww, Dd, Ww, Ww, Ww, Ww, Ww, Ww, Ww, Ww, Ww, Ww, Ww, Ww, Ww, Ww, Wwg, Ww, Ww, Ww, Ww, Ww, Ww, Ww, Ww, Ww, Ww, Ww, Ww, Ww, Ww, Ww, Ww, Wwg, Wwg
Ww, Ww, Ww, Ww, Ww, Ww, Ww, Ww, Ww, Ww, Ww, Ww, Ww, Ww, Ww, Ww, Ww, Ww, Ww, Ww, Ww, Ww, Ww, Ww, Ww, Ww, Ww, Ww, Ww, Ww, Ww, Ww, Ww, Ww, Ww, Ww, Ww, Ww, Ww, Ww, Ww, Ww, Ww, Ww, Ww, Ww, Ww, Ww, Ww, Ww, Ww, Ww, Ww, Ww
