Gg, Gg, Gg, Gs, Gs, Gg, Gs, Gg, Gs, Gs, Gs, Gg, Gg, Gg^Edb, Sm, Ww, Ww, Ww, Ww, Ww, Dd, Gs, Gg, Gs, Gg, Gg, Gs
Gg, Gg, Gg, Gg, Gg, Gg, Gg, Ww, Ww, Ww, Ww, Ww, Ww, Ww, Ww, Gg, Gs, Ds, Ai, Ai, Aa, Aa, Ai, Ai, Ai, Aa, Aa, Gs, Gs, Gs, Gg, Gg, Gs, Gs^Es, Ai, Gg^Es, Gg^Ebn, Gs^Eb, Gs, Gg, Gg, Gs, Gg, Gg
Gg, Gg, Gg, Gg, Gg, Gg, Gg, Ww, Ww, Ww, Wwt, Ww, Ww, Hh^Ftp, Dd, Gg^Ftr, Gs, Gs, Ww, Ww, Ww, Ai, Ai, Aa, Aa, Aa, Aa, Gg, Gs, Gg, Gs, Gg, Gg, Aa, Ai, Gg^Es, Gg^Es, Gg^Edb, Gg, Gs, Gg, Gg, Gs, Gs
Gg, Gg, Gs, Gg^Vct, Gg, Gg, Gg, Dd, Ww, Ww, Ww, Ww, Ww, Ds, Gg^Ftp, Gg^Fdw, Gs^Fdf, Gg, Ai, Ww, Ww, Aa, Aa, Ai, Aa, Ai, Aa, Aa, Gs, Gs, Gs, Ai, Aa, Aa, Ai, Gs^Es, Gg^Edb, Gs^Es, Gg^Ebn, Gg, Gs, Gs, Gs, Gs
Gs, Gs, Gs, Gg, Gg, Gg, Ds, Gg, Ww, Ww, Ww, Ww, Wwt, Hh^Fds, Gg^Ftp, Gg^Fda, Gs, Gs, Ai, Ai, Ww, Ww, Aa, Aa, Aa, Aa, Aa, Aa, Ai, Gs^Edp, Ai, Aa, Aa, Ai, Aa, Gs, Gs, Gs, Gg, Gg^Eb, Gg, Gg, Aa, Aa
Gs, Gs, Gg, Gg, Ds, Ww, Ww, Ww, Ww, Ww, Ww, Ww, Ww, Ds, Hh^Fdw, Gg^Fda, Gs^Eb, Gs^Efs, Gg^Ebn, Ai, Ai, Ai, Ww, Ww, Ai, Aa, Ai, Aa, Aa, Aa, Gs^Eb, Ai, Aa, Aa, Aa, Ai, Ai, Aa, Aa, Ai, Ai, Aa, Aa, Aa
Gg, Gg, Gg, Gs, Gg, Wwt, Ww, Ww, Ww, Dd, Dd, Gg^Ebn, Sm, Gg^Fts, Gg^Edb, Gs^Ftd, Gs^Fts, Gs^Ft, Hh^Ft, Ai, Ai, Ai, Ww, Ww, Ww, Ai, Ai, Aa, Ai, Gg^Eb, Ai, Ai, Ai, Ai, Ai, Ai, Aa, Aa, Ai, Ai, Aa, Aa, Ai, Ai
Gs, Gs, Gg, Gg, Dd, Gg, Ww, Ww, Ww, Gg^Es, Gg^Edp, Gg^Es, Gg^Eb, Gg^Eb, Gs^Edp, Gg^Eb, Gg^Ftp, Gg^Edb, Hh^Fds, Aa, Ai, Ww, Aa, Aa, Ww, Ww, Aa, Aa, Aa, Gg^Es, Ai, Aa, Aa, Aa, Aa, Aa, Aa, Ai, Ai, Aa, Ai, Ai, Ai, Ai
Gg, Gg, Gg, Gg^Vc, Re, Gg, Ww, Ww, Ds, Gg^Eb, Gg^Es, Gg^Eb, Gg^Edp, Gs^Edb, Gs^Es, Gs^Eb, Gg^Ftd, Gg^Efs, Gg^Efs, Ai, Ww, Ww, Ai, Ai, Aa, Ai, Ww, Ww, Ai, Ai, Ai, Aa, Aa, Aa, Ai, Ai, Ai, Ai, Aa, Aa, Ai, Ai, Aa, Aa
Gs, Gs, Gg, Gg, Re, Gg, Ds, Dd, Gg, Gg^Ebn, Gs^Efs, Gg^Eb, Gg^Es, Gg, Gg^Eb, Gg^Edb, Gs^Eb, Gs^Es, Gs^Ft, Gs^Ft, Ai, Ww, Ww, Ai, Ai, Ai, Ww, Ai, Dd, Re, Gs, Gg, Aa, Ai, Gg^Edp, Aa, Ai, Aa, Aa, Ai, Ai, Ai, Ai, Ai
Gs, Gs, Gs, Gs, Rr, Gs, Gs, Gs, Gg, Gs^Efs, Gs^Efs, Gs^Efs, Gg^Edp, Gg^Eb, Gg^Eb, Gg^Edb, Gs^Efs, Gs^Edb, Gg^Efs, Gg^Ftr, Gs^Fdf, Hh^Ftd, Ww, Ai, Ai, Ww, Ai, Ai, Rr, Gg^Vc, Gs, Ai, Aa, Gs, Gs^Es, Aa, Ai, Ai, Aa, Aa, Aa, Aa, Aa, Aa
Gs, Gs, Gs, Gg^Vct, Rr, Gs, Gs, Gs, Gs, Gg^Ebn, Gs^Es, Gg^Efs, Gg^Es, Gg^Edp, Gg^Edp, Gg^Edb, Gg^Edb, Gg^Efs, Gs^Eb, Ds, Ds, Ww, Gg, Ai, Ds, Ww, Ww, Rr, Rr, Gs, Gs, Ai, Ai, Re, Gg^Vct, Gs^Ebn, Ai, Ai, Aa, Aa, Aa, Ai, Ai, Ai
Gg, Gg, Gg, Gg, Rp, Gs, Gg, Gg, Gg, Gs, Gg, Gg, Gg, Gg^Edb, Gg^Efs, Gs^Efs, Gg^Es, Gs^Es, Gs^Efs, Gs^Efs, Ww, Gs^Fdf, Ai, Aa, Gg, Ww, Ds, Rr, Gs, Gs, Gg, Rp, Rp, Aa, Re, Re, Gg^Ebn, Aa, Gs^Eb, Gs^Ebn, Aa, Ai, Aa, Aa
Gg, Gg, Gg, Cdr, Rr, Cdr, Gg, Gg^Vca, Gs, Gg, Gg, Gg, Gg, Gg^Vc, Gg^Es, Gg, Gs, Gs, Dd, Ww, Ww, Rp^Vct, Re, Re, Gg, Dd, Ww, Rr, Gg^Vc, Re, Re, Aa, Aa, Ai, Ai, Gs^Ebn, Rr, Re, Gg^Ftp, Cd, Aa, Ai, Ai, Ai
Gg^Edb, Gg^Edb, Gg^Edb, Cd, 1 Kd, Re, Rr, Re, Re, Rr, Re, Rr, Rr, Rp, Rr, Rp, Re, Re, Rr, Rp, Re, Ww, Rp, Rp, Re, Rp, Ww, Rp, Re, Ds, Aa, Aa, Ai, Aa, Aa, Ai, Gs^Vca, Gg^Ebn, Re, 2 Kd, Cdr, Aa, Aa, Aa
Sm, Sm, Dd, Ss, Cd, Gg, Gs, Gs, Gg, Gg, Gg^Vct, Gg, Gg, Gg, Gs, Gg, Gg^Vct, Gg, Gs, Gs^Ft, Ss, Ww, Ww, Re, Gg^Vca, Gg, Rp, Dd, Ww, Ds, Ai, Aa, Ai, Aa, Aa, Ai, Gs, Gg, Cd, Cdr, Cdr, Gg^Edp, Aa, Aa
Ww, Ww, Ww, Ds, Gg, Gg, Gg, Gs, Gg, Gs, Gg, Gg, Gg, Gg, Gg, Gs, Gs, Gg, Gg, Dd, Dd, Ww, Rp, Aa, Ai, Aa, Gg, Ds, Ww, Gs, Ai, Aa, Aa, Ai, Ai, Ai, Gs, Gs, Gg, Hh^Fdf, Gs^Fdw, Gg^Fdf, Gg^Edp, Gg^Edp
Ww, Ww, Ww, Ww, Dd, Gg^Vc, Gg, Gg, Gg, Gg, Gg, Gg, Gg, Gg, Gs^Fda, Gg^Fdf, Gg^Fds, Gg, Hh^Fda, Sm, Ww, Ds, Dd, Gg, Gg, Gs, Gg, Ds, Ww, Dd, Gs^Edb, Ai, Aa, Ai, Ai, Aa, Gg, Gg, Gs, Gs, Hh^Fts, Hh^Ft, Gg^Efs, Gg^Efs
Ww, Ww, Ww, Ww, Gs, Gg, Gg, Gg, Gg, Gs, Gs, Gg, Gg, Gg^Ftp, Gg^Ftr, Gg^Fdf, Gs^Fdw, Gg^Fdw, Ds, Ww, Ww, Dd, Gs, Gg, Gg, Gg, Gg, Gs, Gg, Gs^Edb, Ww, Gs^Eb, Aa, Aa, Aa, Aa, Gg, Gs, Gs, Gg^Fdw, Gg^Ft, Hh^Ftr, Gg^Es, Gg^Es
Ww, Ww, Ww, Ds, Gg, Gs^Fts, Gs^Ftr, Gg, Gg, Gg, Gg^Eb, Gg^Eb, Gg^Efs, Gg, Hh^Ftd, Gg^Fdw, Gs^Ft, Hh^Fds, Gs, Gg, Dd, Ww, Gs, Gg, Gg, Gg, Gg, Gg, Gg^Ebn, Ww, Ds, Gs, Gg^Edb, Gs^Es, Ai, Gg, Gs, Hh^Ftr, Gs, Gg^Fts, Hh^Fts, Hh^Ft, Gg^Fdf, Gg^Fdf
Ww, Ww, Ww, Gg^Vca, Gg^Ftd, Gg^Fdw, Gg, Gg, Gg, Gg^Edb, Gg^Edp, Ww, Gg^Es, Hh^Fdw, Gs^Ftr, Gs^Fds, Hh^Fdw, Gg, Gs, Dd, Ww, Ww, Ds, Gg, Gg, Gs, Gg^Edp, Gs^Eb, Gg^Ebn, Gg^Edb, Dd, Ww, Gg, Gg, Gg, Gs, Gg, Gg, Gg^Fts, Hh^Ftr, Gs^Fts, Gs^Fda, Gg^Ft, Gg^Ft
Dd, Dd, Dd, Gg, Gg^Ftp, Hh^Ftd, Gg, Gg, Gg^Edp, Gg^Edb, Gg^Edp, Wwg, Sm, Hh^Fds, Gg^Fdf, Gg^Fds, Hh^Fda, Gg, Gg, Gs, Ww, Ww, Ds, Dd, Gs, Gs^Eb, Gg^Ebn, Gs^Eb, Gg^Efs, Gs^Edb, Ds, Ww, Dd, Ds, Gs, Gg, Gg, Gs, Gg^Fda, Gs^Fds, Gg^Fdf, Hh^Fds, Gg^Ftr, Gg^Ftr
Gs, Gs, Gs, Gg, Gg, Gg, Gg, Gg, Gg^Es, Gg^Edp, Ss, Gg^Es, Gg^Fds, Gg^Ftd, Gg, Gg^Fds, Gg, Gg, Gg, Gs, Dd, Ds, Dd, Ww, Gg, Gg^Eb, Gs^Edb, Gg^Es, Gg^Ebn, Gg^Ebn, Gg, Ds, Ww, Gs, Gg, Ds, Gg, Gs^Fdf, Gg^Ft, Hh^Ftd, Hh^Ftp, Gs^Fdf, Gs^Fts, Gs^Fts
Gg, Gg, Gg, Gs^Vca, Gs, Gg, Gg, Gg^Eb, Gg^Edb, Gg^Efs, Ww, Ds, Gg^Fds, Gg^Ftd, Gg, Gg, Gg, Gg, Gg, Gs, Gs, Gg, Gs, Ww, Ww, Gs^Edp, Gs^Edp, Gs^Ebn, Gg, Gg, Gg, Gg, Gg, Gg, Ww, Ds, Ds, Gg, Gg, Hh^Ft, Hh^Fdw, Gg^Ft, Gg^Ft, Gg^Ft
Gs, Gs, Gg, Gg, Gg, Gg, Gg, Gg, Gg^Es, Ww, Ww, Ww, Hh^Ft, Ds, Gg^Efs, Gg^Ebn, Gg^Es, Gg, Gg, Gs, Gs, Gs, Sm, Dd, Ww, Ds, Gs, Gg, Gg, Gg, Gg, Gg, Gg, Gg, Gg, Ww, Ww, Dd, Gg, Hh^Ftp, Gs^Fts, Hh^Fdw, Gg^Fda, Gg^Fda
Gg, Gg, Gg, Gg, Gg, Gg, Gg, Gg, Gg, Ww, Ww, Ww, Ww, Ww, Ds, Gg^Edb, Gg^Edp, Gg^Es, Gs, Gg, Gg, Gs, Gg, Dd, Ww, Ds, Gs, Gg, Gg, Gg, Gg^Es, Gs^Eb, Gs, Gs, Gg, Ss, Ds, Ww, Gs, Gg^Edp, Gg^Eb, Gg^Edb, Gg, Gg
Gg, Gg, Gg, Gg, Gg, Gg, Gg, Gg, Ds, Gg, Ww, Ww, Wwg, Ww, Ss, Gg^Es, Gg^Ebn, Gs^Ebn, Gg^Edb, Gg, Gs, Gg, Gs, Gs, Gg, Ww, Gs, Gs, Gs, Gs^Edb, Gs^Eb, Gg^Efs, Gg^Edb, Gs, Gg, Gg, Ww, Ds, Gs^Edp, Gg^Es, Gs^Edb, Gs^Edb, Gg^Ebn, Gg^Ebn
Gs, Gs, Gs, Gs, Gg, Gg, Gg, Gg, Gg, Gg, Gg, Gg, Ds, Ds, Gg, Gg^Es, Gg^Edb, Gg^Efs, Gg^Edp, Gs, Gs, Gg, Gs, Gs, Dd, Gg, Hh^Fts, Hh^Fda, Gg^Fdf, Gs^Es, Aa, Ai, Aa, Gg, Gg, Gs^Edp, Gs^Efs, Gg^Eb, Gs^Edb, Gs^Ebn, Gs^Eb, Gg^Edb, Gg, Gg
Gg, Gg, Gg, Gs, Gs, Gg, Gs, Gg, Gs, Gs, Gs, Gg, Gg, Gg^Edb, Sm, Ww, Ww, Ww, Ww, Ww, Dd, Gs, Gg, Gs, Gg, Gg, Gs
