Wwt, Wwt, Wwt, Wwt, Wwt, Wwt, Wwt, Wwt, Wwt, Wwt, Wwt, Wwt, Wwt, Wwt, Wwt, Wwt, Wwt, Wwt, Wwt, Wwt, Wwt, Wwt, Wwt, Wwt, Wwt, Wwt, Wwt, Wwt, Wwt, Wwt, Wwt, Wwt, Wwt, Wwt, Wwt, Wwt, Wwt, Wwt, Wwt, Wwt
Wwt, Wwt, Ww, Ww, Ww, Ww, Hh^Ft, Gg, Gg, Gg, Hh^Fts, Gg, Gg, Gg, Gg^Es, Gs^Efs, Hh^Ft, Gs^Efs, Hh^Fds, Hhd, Gg^Fda, Hhd, Gs, Gg, Hh, Gs^Ebn, Gs^Efs, Gg^Ebn, Gg^Ebn, Gs^Ebn, Gg^Eb, Gs^Eb, Gg^Fda, Hhd, Gg, Hh^Ft, Hh, Gs^Eb, Gg, Gg
Wwt, Wwt, Ww, Ww, Ww, Ww, Dd, Gg, Gg, Gs, Gg, Gg, Gs, Gg, Gg^Es, Gs^Eb, Gg^Edb, Gg^Es, Hhd, Gg, Gg, Gg, Gs, Gs, Gs, Hh, Gg^Eb, Gg^Fdf, Gg^Edp, Gs^Ebn, Gg^Efs, Gs^Eb, Gg^Efs, Gg^Fts, Hhd, Hh^Fdf, Gg^Ebn, Gs^Efs, Hh, Hh
Ww, Ww, Ww, Rr, Ww, Ww, Dd, Gg, Gg, Gs, Gg, Gs, Gg, Gg, Gg, Hh, Gs, Gg, Hh, Gg, Gs, Gs, Gs, Gs, Gg^Ft, Gg, Hhd, Hhd, Gg^Fdw, Gg^Fdw, Gs^Ftp, Gg^Es, Gg^Es, Gs^Fdf, Gs^Fdf, Gs^Fds, Gs, Gs^Ft, Gg, Gg
Ww, Ww, Cdr, 1 Kd, Ww, Wwg, Hh^Ftr, Ds, Gs^Fdf, Gg^Ebn, Gg^Eb, Hh^Vc, Gg, Mm, Md, Hh, Hhd^Vc, Gg^Fds, Gs, Gs, Gg, Hhd, Gg^Ftd, Gg, Hh^Fdw, Hh^Vc, Hh, Gs^Edp, Gg^Es, Gg, Gg^Ebn, Gg^Ftr, Hh^Vc, Gg, Gs^Fds, Gg, Hh, Hhd, Hhd, Hhd
Ww, Ww, Cd, Re, Ww, Wwg, Ww, Hhd, Gg^Ft, Gg^Fdw, Gg^Ftd, Md, Mm, Mm, Gs, Gs, Ms, Hh, Gs, Hh^Ftd, Gs, Gg^Fts, Gg, Gs, Gg^Edb, Hh, Gg^Ftp, Gs^Ftp, Gg^Eb, Gg, Gs^Efs, Gs^Ebn, Hhd, Gg^Fdw, Gg^Fts, Hh^Ftp, Gg^Fdf, Gs, Hh, Hh
Ww, Ww, Ww, Re, Dd, Ds, Ww, Ww, Gs^Efs, Gg^Ebn, Gs^Ft, Md, Ai, Ai, Ai, Hhd, Hhd, Hh, Gs, Gs, Hhd, Hh, Gg, Mm, Gg^Es, Gg^Es, Gs^Efs, Gg^Edp, Gg^Edb, Gs, Hhd, Gg^Efs, Gg^Ftr, Gg^Fdw, Gs^Fda, Gs, Gg, Hh, Gg, Gg
Ww, Ww, Rr, Rr, Gg^Eb, Dd, Wwg, Ss, Gs^Edp, Gg^Edb, Gg, Gs, Aa, Aa, Ai, Md, Hhd, Hhd, Hh, Gs, Hh, Gg^Ftd, Gs, Md, Gs^Efs, Gg^Efs, Gg^Edb, Gs^Ft, Hhd, Hh, Hh, Gg^Fdf, Gs, Gs, Gg^Ftr, Hh, Gg^Ftp, Gs^Fda, Gs, Gs
Rr, Rr, Re, Rr, Gg, Ss, Ww, Dd, Gs^Eb, Re, Mm, Rr, Aa, Ai, Md, Hhd, Mv, Hh, Gg, Gs, Hhd, Gs^Vct, Gg^Fds, Gs, Hh^Ftr, Hh, Gg^Eb, Hhd, Hhd, Gs, Gg, Gs^Ftd, Hh^Ftr, Gg, Gs, Hh^Fts, Gs^Ftp, Gs^Fts, Gg, Gg
Hh^Fdw, Hh^Fdw, Rr, Re, Rr, Dd, Ww, Gg, Gg^Ftd, Re, Gg^Vca, Mv, Md, Aa, Mm, Hh, Gg, Hh^Fds, Hhd, Hhd, Gg^Edp, Md, Gg^Ftd, Hh^Fts, Gg, Hhd, Hhd, Hhd^Vca, Gs, Hh^Fdw, Hh, Hh, Gs^Fdw, Hh^Vc, Gs, Gg^Ftr, Gg, Gs, Gs, Gs
Gg^Edb, Gg^Edb, Gs^Edp, Rr, Re, Re, Ww, Hhd, Re, Gs, Hh, Hh, Hhd, Hh, Hhd, Gs^Fts, Hh, Hh, Gs^Eb, Gs^Edb, Gs^Edp, Hhd, Hhd, Hhd, Hhd, Md, Md, Mm, Gg^Fdw, Gg^Fdw, Mv, Hh, Hh, Gs^Ft, Gs^Fdw, Gs^Edp, Gs^Es, Hh^Fdw, Gg, Gg
Gs^Ftp, Gs^Ftp, Hh, Re, Gg^Eb, Gs, Re, Rr, Re, Re, Hh, Hh, Hh, Hh, Hh, Mv, Gg, Gs, Hhd, Gg^Es, Gs^Es, Hhd, Mm, Md, Mm, Md, Ai, Gs, Gg^Fds, Hh, Hh, Hh^Ftr, Gg^Ftp, Hh^Ftr, Gs^Ft, Gs^Edb, Gg^Efs, Hhd, Hhd, Hhd
Gg^Es, Gg^Es, Hh, Re, Gg^Edp, Rr, Rr, Rr, Hhd, Hhd, Rr, Re, Gg^Fdf, Hh^Ftr, Hhd^Vc, Gg, Gg, Rr, Gg, Gg^Ebn, Gg^Edp, Hhd, Ai, Aa, Ai, Ai, Mm, Md, Hh, Hhd, Hh, Hh, Gs^Ftd, Hh^Fts, Gg^Fdw, Gg^Edp, Gs^Efs, Gg^Es, Gg, Gg
Gg^Eb, Gg^Eb, Gs^Ebn, Re, Gs^Eb, Re, Re, Rr, Rr, Gs, Hh, Rr, Rr, Rr, Re, Re, Rr, Rr, Gg^Edb, Gg^Edp, Gs^Ebn, Hhd^Vca, Md, Ww, Ww, Aa, Aa, Hh, Hh, Hhd, Hh, Hhd, Gg^Fdw, Gg^Ftr, Hhd, Gg^Ft, Gg^Efs, Gg, Gs, Gs
Hhd, Hhd, Gs, Rr, Gs^Es, Gg^Edp, Re, Hh, Gg, Rr, Re, Gs, Gs, Gg, Rr, Rr, Rr, Re, Gs^Edb, Hhd, Gg^Fts, Gg, Hhd, Md, Mm, Hh, Hhd, Hhd, Gs, Gg^Ftr, Hhd, Gs, Gs, Gg^Fdf, Gg^Fts, Gg, Gg, Gs, Gs, Gs
Hh, Hh, Gs, Re, Gg^Ebn, Gs^Edb, Re, Gs^Edp, Rr, Re, Re, Gs, Gg, Gg, Gs, Re, Re, Rr, Gs, Hhd, Hhd, Gg^Fdf, Ww, Ww, Hh, Gs, Gs, Gs, Hh^Vc, Gg, Gg, Gg, Gg, Gs^Ftd, Gs^Fdf, Hhd, Gs, Gs, Gs, Gs
Gg, Gg, Gs^Fda, Rr, Gg^Ftp, Gg^Fda, Re, Gg^Es, Re, Gg, Gg, Gs, Gs, Gg, Gs, Rr, Rr, Gs^Es, Re, Re, Hhd, Rr, Re, Re, Ds, Hh, Hh, Gs, Gg, Hh, Gg^Fdf, Gs^Fdw, Gg^Ftp, Gs^Fdw, Gg^Ft, Gs^Fdf, Hh, Gs, Hh, Hh
Gg, Gg, Gg, Ds, Gg^Es, Ds, Gg, Gg, Gg, Gg, Gg, Gg, Gg, Gg, Gg, Rr, Gg^Edb, Hhd, Gs^Ft, Hhd, Re, Gs, Ww, Sm, Re, Re, Gg, Gg^Fda, Gs, Gg^Ft, Hhd, Gg^Fdw, Gs, Gg, Gs^Fts, Hh, Hh, Gg, Hh, Hh
Hh, Hh, Gg, Hhd, Ww, Ww, Ww, Ww, Dd, Gg, Gg, Gg, Gg, Gg, Gg, Re, Rr, Re, Hh, Gs, Gg, Dd, Hhd, Ds, Hh, Gg^Ftp, Rr, Rr, Gs, Gs, Hhd, Gg^Fds, Gg^Ftp, Hh^Fts, Hh^Ftd, Hh, Hhd, Gg, Gg, Gg
Dd, Dd, Ds, Ww, Ww, Ww, Ds, Hhd^Vca, Gg^Fda, Hh^Ftp, Gg, Gg, Gg, Gg, Gg, Re, Gg^Fda, Hhd, Re, Hh^Ftp, Gg^Eb, Dd, Ww, Ww, Hh^Vca, Gg, Gg, Gg, Rr, Re, Hh^Fts, Gg^Ftp, Hh^Fts, Gs^Fdw, Hh^Ftd, Gs, Gg, Gg, Gs, Gs
Gg^Eb, Gg^Eb, Ww, Ww, Ww, Ww, Ww, Ds, Gg^Ftd, Hh^Ftr, Gs^Ftp, Gg, Gg, Gg, Gg, Rr, Hh^Fts, Hhd, Gg, Hh^Vca, Sm, Ww, Ww, Ww, Dd, Ds, Gg, Hh, Gg^Fts, Ds, Rr, Re, Gg^Ftr, Gg^Ftd, Gg, Hhd, Gg^Ftp, Gg, Hh^Fdf, Hh^Fdf
Hh^Fds, Hh^Fds, Ww, Ww, Gg, Ww, Dd, Dd, Gg^Ft, Gg^Fds, Gg, Gg, Gg, Rr, Rr, Gg, Hhd, Hhd, Gg, Gg, Ds, Ww, Ww, Ww, Ww, Ww, Ww, Ww, Ww, Ww, Ww, Hh, Re, Re, Gg, Gg^Ftp, Hh, Ss, Ww, Ww
Hhd, Hhd, Wwg, Ww, Gg, Dd, Ww, Dd, Gg, Gg, Gg^Fdw, Rr, Re, Gg, Gg, Gg, Gg, Gg, Gg, Gg, Dd, Ww, Ww, Ww, Ww, Ww, Ww, Ww, Ww, Ww, Ww, Gg^Vc, Hhd, Re, Gg^Fds, Cd, Hh, Wwg, Ww, Ww
Dd, Dd, Ww, Ww, Dd, Ds, Ww, Ww, Dd, Re, Re, Re, Re, Gs^Fdf, Gg, Hh, Gg, Gg, Gg, Gg, Gg, Ww, Ww, Ww, Ww, Ww, Ww, Ww, Ww, Ds, Dd, Gg, Hh^Ftp, Gg, Re, 2 Kd, Cdr, Ww, Ww, Ww
Gg^Efs, Gg^Efs, Hhd, Re, Ww^Bw|, Re, Re, Re, Rr, Hh^Vct, Gg, Gg, Re, Gg^Ftp, Gg, Hh, Gg, Gg, Gs^Ftp, Gg, Sm, Ww, Ww, Ww, Ww, Ww, Ds, Gg^Eb, Gg^Ebn, Gg^Edp, Gg, Gg, Gg, Gg, Cd, Cd, Cd, Gg, Ds, Ds
Ww, Ww, Ds, Sm, Ww, Ww, Dd, Ww, Dd, Gg, Dd, Dd, Re, Hh^Ftd, Hh, Gg, Gg, Hh, Hhd, Ds, Gg, Ww, Ww, Ww, Ww, Ww, Ss, Gg^Ebn, Gg, Gg, Hh, Gg, Hhd, Gg, Gg, Gg^Edb, Gg^Es, Gg^Es, Gg^Efs, Gg^Efs
Ww, Ww, Ss, Gg^Eb, Ww, Ww, Ww, Ww, Ww, Ww, Ww, Ww, Ww, Ww, Gg, Gg, Gg, Gg, Gg^Ft, Ds, Ww, Ww, Ww, Wwg, Ww, Hhd, Hh^Ftd, Hh, Gs, Gg, Hhd, Gg^Ft, Gg^Fds, Gg, Gg^Edb, Gg^Eb, Gg^Edp, Gg^Eb, Gg^Es, Gg^Es
Wwt, Wwt, Wwt, Wwt, Wwt, Wwt, Wwt, Wwt, Wwt, Wwt, Wwt, Wwt, Wwt, Wwt, Wwt, Wwt, Wwt, Wwt, Wwt, Wwt, Wwt, Wwt, Wwt, Wwt, Wwt, Wwt, Wwt, Wwt, Wwt, Wwt, Wwt, Wwt, Wwt, Wwt, Wwt, Wwt, Wwt, Wwt, Wwt, Wwt
