Hhd, Hhd, Hhd, Hhd, Hhd, Hhd, Hhd, Hhd, Hhd, Hhd, Hhd, Hhd, Hhd, Hhd, Hhd, Hhd, Hhd, Hhd, Hhd, Hhd, Hhd, Hhd, Hhd, Hhd, Hhd, Hhd, Hhd, Hhd, Hhd, Hhd, Hhd, Hhd, Hhd, Hhd, Hhd, Hhd, Hhd, Hhd, Hhd, Hhd, Hhd, Hhd
Hhd, Hhd, Hhd, Md, Md, Mv, Md, Md, Md, Hhd, Hhd, Gs^Fetd, Gs^Fet, Gs, Gs, Gs^Feta, Gg^Feth, Hh^Feth, Gg, Gg, Gg, Gg, Gg, Gg^Feta, Gs^Feta, Hh^Feth, Gg, Gs, Gs, Gs, Gg^Feth, Gg^Feta, Gg^Feta, Gg^Fetd, Gg, Gg^Fet, Hhd, Gs, Gs, Gg, Gg, Gg
Hhd, Hhd, Hhd, Hhd, Md, Ww, Mv, Hhd, Hhd, Hhd, Hh, Gs, Gs, Gs, Gs, Hh^Fetd, Gg^Fetd, Gg^Feta, Hh^Fet, Gg^Fet, Gg, Gg, Gg, Gg^Fetd, Gg, Gg, Gg, Gg, Gs, Gs, Gs, Gs, Gg, Hh^Feta, Gg, Gg, Gg^Feth, Hhd, Gs, Gg, Gg, Gg
Hhd, Hhd, Hhd, Rrc, Hhd, Hhd, Hhd^Vhh, Hhd, Hhd, Hhd, Hhd, Gs, Gs, Gs, Gg^Feth, Gg, Gs, Gs, Hh^Vhca, Gs^Fetd, Gg, Gg, Gg, Gs, Gg, Gg, Gg, Gg, Gs, Gs, Gs, Gs, Gs, Gs, Gg, Gg, Hhd, Ch, Gg^Feth, Gs^Fetd, Gs, Gs
Hhd, Hhd, Hhd, Ww^Bw|, Ww^Bw\, Ww, Hhd, Hhd, Hhd, Hhd, Hhd, Gs, Gs, Gs, Gg^Feta, Gs, Gs, Gs, Gs, Gs, Gs, Gg^Feta, Gs, Gs, Gg, Gg, Gg, Gg, Gg^Fetd, Gs, Gs, Gs, Gs^Feth, Gs, Gg, Gg, Chw, 2 Kh, Chw, Gg^Fet, Hhd, Hhd
Hhd, Hhd, Hhd, Rrc, Ww^Bw\, Hh, Hh, Hhd, Hhd, Hhd, Hhd, Hh, Gs, Gs, Gs, Gs, Gs, Gs, Gs, Gs, Gs, Gg, Gs, Gs^Feta, Gg, Gg, Gg, Gg, Hh^Feta, Gs^Feth, Gs, Gs, Gs, Gg^Feta, Gs, Hh^Fetd, Rrc, Chw, Chw, Hh, Hh^Feth, Hh^Feth
Hhd, Hhd, Hhd, Hhd, Rr, Ww^Bw\, Hh, Hhd, Hhd, Gs, Hh, Hh, Gs, Gs, Gs, Gs, Gs, Gs, Gs, Gs, Hh^Feth, Gg^Fet, Gs, Gs, Gg, Gg, Gg, Gg, Gg, Gs, Gs, Gg^Fetd, Gs, Gs, Gs, Rrd, Rrc, Hh, Rrc, Rrc, Ww, Ww
Hhd, Hhd, Hhd, Hhd, Rrd, Hh, Hhd, Hhd, Rra, Gs, Gs, Gg, Gs, Gs, Gs, Gs, Gs, Gs, Gs, Gg, Gg^Fet, Gg^Feth, Gs, Hh^Fetd, Gg, Gg, Gg, Hh^Feta, Gs, Gs, Gs, Hh^Vha, Hh, Hh, Gg, Rr, Gs, Rra, Rr, Hh^Fetd, Ww, Ww
Gs, Gs, Hhd, Hhd, Rrd, Ds, Ww, Hhd^Vht, Rrd, Gg^Feta, Gg, Gg, Gg, Gg, Gs^Feth, Gg^Feta, Gs, Hh^Feth, Gs, Hh, Gg, Gs^Fetd, Gg^Feta, Hh^Fet, Gg^Fetd, Gg, Gg, Gs, Gs, Gs, Gs, Gs, Hh, Hh, Hh, Rrc, Rra, Hh^Vhc, Hh^Feth, Ds, Ww, Ww
Gs, Gs, Gs, Gs, Rrd, Ss, Hh, Hh, Rrc, Gg, Gg, Gg, Gg, Gg, Gg^Fetd, Gg, Gg, Hh^Vh, Hh, Hh, Hh^Vhc, Hh^Feta, Hh^Fet, Hh^Vhs, Gs, Gs, Gs, Gs, Gs, Gs, Gs, Gs, Gs, Rra, Rrc, Gs, Gs, Hh^Feta, Ww, Ww, Ww, Ww
Gs, Gs, Gs, Gs, Rrc, Ds, Ww, Ww^Bw|, Re, Rr, Gg, Gs^Feta, Gg, Hhd^Vhh, Hh^Feth, Gg, Gg, Gs^Feth, Hh^Fetd, Gs, Gs, Gs, Hh, Gg, Gs, Gs, Gs, Gs, Gs, Gs, Gs, Rrc, Rrc, Gg, Gs, Ds, Gs, Ww, Ww, Ww, Ww, Ww
Gs, Gs, Gs^Feth, Gs, Rra, Ds, Sm, Rrd, Rr, Gs, Hh^Vht, Hhd, Hhd, Hh^Feth, Gg, Gg, Gg, Gs^Feta, Gs, Gs, Gs, Gs, Gg, Gg, Gg, Gg, Gs, Gs, Gs, Rr, Rrc, Gs, Gs, Gg, Gg, Ww, Ww, Ww, Ww, Ww, Ww, Ww
Gs, Gs, Gs, Gs, Rr, Gs^Fet, Ww^Bw\, Rra, Rr, Gs, Gs, Gg, Gg, Gg, Gg, Gs, Gg^Feth, Gs, Gs, Gs, Gs, Gg, Gg, Gg, Gg, Gg, Gs, Rr, Rr, Gs, Gs, Gs, Gs, Ww, Ww, Ww, Ww, Ww, Ww, Ww, Ww, Ww
Gg^Fet, Gg^Fet, Gs, Gg, Rrc, Gg, Ds, Gs, Rrc, Gs, Gs, Gg, Gg, Gg, Gs, Gs, Gs, Gs^Feth, Gs, Hh, Hh^Fetd, Gg, Gg, Gg, Gg, Rra, Rrc, Gs, Gs, Gs, Gs, Gs, Gs^Vh, Ww, Ww, Ww, Ww, Ww, Ww, Ww, Ww, Ww
Gg, Gg, Hh^Fetd, Gg, Rr, Re, Ww^Bw/, Ds, Rrd, Gs, Gs, Gs, Gg, Gs, Gs, Gs, Gs, Gg^Feth, Hh^Vh, Hh, Hhd, Gg, Gg, Rra, Rrd, Gs, Gs, Gs, Gs, Dd, Dd, Ds, Dd, Ww, Ww, Ww, Ww, Ww, Ww, Wwr, Wwr, Wwr
Gg^Feta, Gg^Feta, Gg, Gg, Rrc, Gg, Re, Rra, Rr, Rrd, Gs, Gs, Gs, Gs, Gs, Gs, Rr, Rrd, Rra, Rrc, Hhd, Rra, Rra, Gs, Gs, Gs, Gs, Gs, Gs, Ds, Ww, Ww, Ww, Ww, Ww, Ww, Ww, Ww, Ww, Wwr, Wwr, Wwr
Gg^Fetd, Gg^Fetd, Gg, Gs, Rr, Dd, Ww^Bw|, Ww^Bw\, Re, Rr, Gs, Gs, Gs, Gs, Gs, Gs, Gs, Gs, Rr, Rrd, Rrd, Gs, Gs, Gg^Feta, Hh^Vhh, Gs, Gs, Gg, Dd, Ww, Ww, Ww, Ww, Ww, Ww, Ww, Ww, Ww, Ww, Wwt, Wwt, Wwt
Gg, Gg, Gs^Feta, Gg, Rra, Gs, Ds, Ww^Bw\, Rr, Gs, Gs, Gs, Gs, Gs, Hh^Feth, Gg^Feth, Gs, Rra, Rrc, Gs, Gs, Gs, Gs, Gs^Feth, Hh, Gg, Gg, Dd, Gg, Ww, Ww, Ww, Ww, Ww, Ww, Ww, Ww, Ww, Ww, Wwt, Wwt, Wwt
Hh, Hh, Hh^Feth, Gg^Feth, Rrc, Gg, Dd, Ds, Gs, Gs, Gs, Gs, Gs, Gs^Feth, Gs, Rra, Rr, Gs, Gs, Gs, Gs, Gs, Gs, Gs, Gg, Ds, Dd, Ww, Dd, Ww, Ww, Ww, Ww, Ww, Ww, Ww, Ww, Ww, Wwt, Wwt, Wwt, Wwt
Hh, Hh, Hh, Hh, Rr, Gs, Gs, Ss, Ww, Ds, Gs, Gg, Gg, Rrc, Rra, Rr, Hh^Fetd, Gs, Gs, Gs, Gs, Gs, Gs, Gs, Gg, Dd, Ww, Ww, Ww, Ww, Ww, Ww, Ww, Ww, Ww, Ww, Ww, Ww, Ww, Ww, Ww, Ww
Hh^Fet, Hh^Fet, Hh, Gs, Rrc, Rr, Gs, Gg, Ds, Gs, Gs, Rrd, Rrc, Gg^Feta, Gg, Gs, Rrc, Gs, Gs, Gg, Gg, Hh^Feth, Gs, Gs, Gg^Feth, Hh^Fetd, Ww, Ww, Ww, Ww, Ww, Ww, Ww, Ww, Ww, Wwg, Ww, Ww, Ww, Ww, Ww, Ww
Hh, Hh, Gs, Rra, Rrc, Gs, Rra, Re, Ww^Bw|, Rrd, Rrd, Gs, Gg, Dd, Ds, Gs, Gs, Gs, Gs, Gg, Gg, Gg, Gs, Gg, Gg^Fetd, Gg^Feta, Dd, Ww, Ww, Ww, Ww, Ww, Ww, Ww, Ww, Wwg, Wwg, Ww, Ww, Ww, Ww, Ww
Rrc, Rrc, Rra, Rra, Rrc, Gs, Gg, Rrc, Rr, Ww^Bw/, Dd, Gg, Gs, Ww, Ww, Dd, Gs, Gs, Gs, Gg^Feth, Gg, Hh, Gg, Gg, Gg, Gg, Hh^Vhh, Ww, Ww, Ww, Ww, Ww, Ww, Ww, Ww, Wo, Wog, Wog, Ww, Wwr, Wwr, Wwr
Rr, Rr, Rrd, Rrc, Rrc, Rra, Rra, Gg, Ds, Ds, Dd, Ds, Ds, Ww, Ww, Dd, Gs, Gs, Gs^Fetd, Gg^Feta, Gg, Hh, Hh, Dd, Gg, Ds, Ds, Ww, Ww, Ww, Ww, Ww, Ww, Wo, Wo, Wot, Wog, Wog, Wwr, Wwr, Wwr, Wwr
Gs, Gs, Rr, Rr, Rrd, Gs, Gs, Gs, Gg, Dd, Ww, Ww, Ww, Ww, Ww, Ww, Ds, Dd, Gg, Gg^Feta, Gs^Fet, Hh, Hh, Ww, Dd, Ww, Ww, Ww, Ww, Ww, Ww, Ww, Ww, Wo, Wo, Wot, Wog, Wog, Wwr, Wwr, Wwr, Wwr
Rrc, Rrc, Rra, Rrd, Rra, Gs, Gs, Gs, Gs, Gg, Ds, Ww, Ww, Ww, Ww, Ww, Ww, Ds, Gg, Dd, Hh^Vhc, Dd, Dd, Ww, Ww, Ww, Ww, Ww, Ww, Ww, Ww, Ww, Ww, Wot, Wot, Wot, Wog, Wog, Wwr, Wwr, Wwr, Wwr
Gs, Gs, Rrc, Rrd, Rrc, Ch, Gs, Gs, Gs, Ds, Ww, Ww, Ww, Ww, Ww, Ww, Ww, Ww, Dd, Ww, Ww, Ww, Ww, Ww, Ww, Ww, Ww, Ww, Ww, Ww, Ww, Ww, Ww, Ww, Wot, Wwr, Wog, Wwr, Wwr, Wwr, Wwr, Wwr
Gs^Feth, Gs^Feth, Gs, Rra, 1 Kh, Ch, Gs, Gg, Gg, Dd, Ww, Ww, Ww, Ww, Ww, Ww, Ww, Ww, Ww, Ww, Ww, Ww, Ww, Ww, Ww, Ww, Ww, Ww, Ww, Ww, Ww, Ww, Ww, Ww, Wwg, Wwg, Wwr, Wwr, Wwr, Wwt, Wwr, Wwr
Gs, Gs, Gs, Rrd, Chw, Hh^Fetd, Gg, Gg, Gg, Ww, Ww, Ww, Ww, Ww, Ww, Ww, Ww, Ww, Ww, Ww, Ww, Ww, Ww, Ww, Ww, Ww, Ww, Ww, Ww, Ww, Ww, Ww, Ww, Ww, Ww, Wog, Wog, Wog, Wwt, Wwt, Wwt, Wwt
Gs, Gs, Hh^Feth, Gs, Hh, Hh, Gg, Dd, Dd, Ww, Ww, Ww, Ww, Ww, Ww, Ww, Ww, Ww, Ww, Ww, Ww, Ww, Ww, Ww, Ww, Ww, Ww, Ww, Ww, Wwt, Wwt, Wwt, Ww, Ww, Ww, Wot, Wog, Wog, Wwt, Wwt, Wwt, Wwt
Gs, Gs, Gs^Fetd, Gs^Fetd, Gs^Feth, Hh, Hhd, Sm, Wwt, Ww, Ww, Ww, Ww, Ww, Ww, Ww, Ww, Ww, Ww, Ww, Ww, Ww, Ww, Ww, Ww, Ww, Ww, Ww, Ww, Wwt, Wwt, Wwt, Ww, Ww, Ww, Wot, Wot, Wog, Wog, Wot, Wwt, Wwt
Hhd, Hhd, Hhd, Hhd, Hhd, Hhd, Hhd, Hhd, Hhd, Hhd, Hhd, Hhd, Hhd, Hhd, Hhd, Hhd, Hhd, Hhd, Hhd, Hhd, Hhd, Hhd, Hhd, Hhd, Hhd, Hhd, Hhd, Hhd, Hhd, Hhd, Hhd, Hhd, Hhd, Hhd, Hhd, Hhd, Hhd, Hhd, Hhd, Hhd, Hhd, Hhd
