Gg, Gg, Hh, Gg, Gg, Ss, Gg, Gg, Gg, Hh, Gg, Gg, Gg, Gg, Gg, Gg, Gg, Gg, Gg, Gg, Gg, Gg, Gg, Gs^Fp, Gg, Gg, Hh, Hh, Gs^Fp, Gs^Fp
Gg, Gg, Hh, Gg, Gg, Ss, Gg, Gg, Gg, Hh, Gg, Gg, Gg, Gg, Gg, Gg, Gg, Gg, Gg, Gg, Gg, Gg, Gg, Gs^Fp, Gg, Gg, Hh, Hh, Gs^Fp, Gs^Fp
Hh, Hh, Gg, Gg, Gg, Hh, Gs^Fp, Gg, Gg, Gg, Gg, Gg, Gg, Gs^Fp, Ce, Gg, Gg, Gg, Gs^Fp, Gg, Gs^Fp, Gg, Ss, Hh, Gg, Rr, Gg, Gg, Gg, Gg
Hh, Hh, Hh, Gg, Gg, Gg, Hh, Gg, Gg, Hh, Gs^Fp, Gg, Gg, Ce, 2 Ke, Ce, Ss, Gg, Gg, Gg, Gg, Ss, Gs^Fp, Gs^Fp, Gg, Rr, Gg, Gg, Ss, Ss
Gg, Gg, Gg, Gg, Gg, Gg, Gg, Gg, Gg, Rr, Gg, Gg, Gg, Ce, Ce, Ce, Gs^Fp, Gg, Gg, Hh, Gs^Fp, Gg, Gg, Gg, Gg, Rr, Ss, Ss, Gg, Gg
Gg, Gg, Hh, Gg, Gg, Gs^Fp, Gs^Fp, Gg, Hh, Rr, Gg, Gg, Gg, Ss, Rr, Gg, Gg, Gs^Fp, Gg, Gg, Gg, Gg, Gg, Gg, Gg, Rr, Gg, Ss, Gg, Gg
Gs^Fp, Gs^Fp, Gs^Fp, Gg, Gg^Vh, Gg, Gs^Fp, Gg, Gg^Vh, Rr, Gg, Gg, Gg^Vh, Ss, Rr, Gg, Gg^Vh, Gg, Hh, Gg, Gg^Vh, Gg, Gg, Hh, Gg^Vh, Rr, Gg, Gg, Gg, Gg
Gg, Gg, Gg, Gg, Gs^Fp, Gg, Gg, Ss, Gg, Rr, Gg, Gg, Hh, Gg, Rr, Gg, Ss, Gg, Gg, Gg, Gg, Hh, Ss, Gg, Ss, Rr, Hh, Ss, Gg, Gg
Gs^Fp, Gs^Fp, Gg, Gg, Gg, Gs^Fp, Gg, Gg, Gg, Rr, Gg, Gg, Gg, Ss, Rr, Gg, Gg, Gg, Gg, Ss, Gg, Hh, Gg, Gg, Gg, Rr, Ss, Gs^Fp, Gg, Gg
Gg, Gg, Hh, Gg, Gg, Gg, Gg, Gg, Hh, Rr, Gg, Hh, Hh, Gg, Rr, Gg, Gg, Gs^Fp, Hh, Gg, Gg, Gg, Gg, Gg, Gg, Rr, Gs^Fp, Gg, Gg, Gg
Gs^Fp, Gs^Fp, Gg, Gg, Gs^Fp, Rr, Gs^Fp, Gg, Gg, Rr, Gg, Gg, Gg, Gg, Rr, Ss, Ss, Hh, Ss, Gg, Gg, Gg, Gs^Fp, Rr, Gs^Fp, Rr, Gs^Fp, Gg, Gg, Gg
Gg, Gg, Gg, Hh, Gg, Rr, Ss, Gg, Gg, Rr, Gg, Gg, Gg, Gg, Rr, Ss, Gg, Gs^Fp, Gg, Hh, Gg, Gg, Gg, Rr, Rr, Rr, Gg, Gg, Gg, Gg
Gg, Gg, Gg, Ss, Gg, Rr, Gg, Hh, Gg, Rr, Gg, Gg, Gg, Gg, Rr, Gs^Fp, Ss, Gg, Ss, Gg, Gg, Gs^Fp, Gg, Rr, Rr, Rr, Ss, Gg, Gg, Gg
Gg, Gg, Gg, Hh, Gg, Rr, Gg, Gs^Fp, Hh, Rr, Hh, Gg, Gg, Hh, Rr, Gg, Gg, Gg, Hh, Gg, Gg, Gg, Rr, Rr, Rr, Gs^Fp, Gg, Gg, Gg, Gg
Gg, Gg, Gg, Hh, Gg, Rr, Gs^Fp, Gg, Gg, Rr, Rr, Rr, Gg, Gg, Rr, Gg, Gg, Ss, Gs^Fp, Gg, Gg, Rr, Rr, Rr, Gg, Gg, Gg, Ss, Ss, Ss
Gg, Gg, Gg, Gs^Fp, Gg^Vh, Rr, Rr, Rr, Gg^Vh, Rr, Rr, Rr, Gg^Vh, Gg, Rr, Gs^Fp, Gg^Vh, Gg, Gg, Rr, Gg^Vh, Rr, Rr, Rr, Gg^Vh, Gg, Ss, Gg, Gg, Gg
Gg, Gg, Gg, Gg, Gg, Rr, Rr, Rr, Rr, Rr, Rr, Rr, Rr, Rr, Ce, Rr, Rr, Rr, Rr, Rr, Rr, Rr, Rr, Rr, Gg, Gg, Gg, Gg, Gs^Fp, Gs^Fp
Gg, Gg, Gg, Gs^Fp, Gg, Gg, Gg, Gg, Gs^Fp, Hh, Rr, Rr, Rr, Ce, 1 Ke, Ce, Rr, Rr, Rr, Rr, Rr, Rr, Gg, Gg, Gg, Hh, Gg, Gg, Gs^Fp, Gs^Fp
Gg, Gg, Gg, Gg, Gg, Gg, Gg, Gg, Gg, Gg, Rr, Rr, Rr, Ce, Ce, Ce, Rr, Gg, Gg, Gg, Hh, Ss, Gg, Gg, Gg, Gg, Ss, Gg, Gs^Fp, Gs^Fp
Ss, Ss, Gg, Ss, Gg, Gg, Gg, Gg, Gg, Gg, Gg, Ss, Hh, Gg, Gg, Gg, Hh, Gs^Fp, Gg, Gs^Fp, Gs^Fp, Gg, Gg, Gg, Gg, Ss, Gg, Gg, Ss, Ss
Gg, Gg, Gg, Gg, Ss, Gs^Fp, Hh, Gg, Gg, Gg, Gg, Gg, Gg, Gg, Gg, Gg, Hh, Gg, Gg, Gg, Gg, Gg, Hh, Gg, Hh, Gg, Gg, Hh, Gg, Gg
Gg, Gg, Gg, Gg, Ss, Gs^Fp, Hh, Gg, Gg, Gg, Gg, Gg, Gg, Gg, Gg, Gg, Hh, Gg, Gg, Gg, Gg, Gg, Hh, Gg, Hh, Gg, Gg, Hh, Gg, Gg
