Hh, Hh, Gg, Gg, Hh, Hh, Hh, Hh, Mm, Mm, Mm, Mm, Hh, Hh, Hh, Hh, Gg, Gg, Hh, Hh, Hh, Mm
Hh, Gg, Gg, Gg, Gg, Gg, Hh, Hh, Hh, Hh, Hh, Hh, Hh, Hh, Gg, Gg, Gg, Gg, Gg, Hh, Hh, Hh
Gg, Gg, Ce, Gg, Gg, Gg, Gg, Hh, Hh, Hh, Hh, Hh, Hh, Gg, Gg, Gg, Gg, Gg, Gg, Gg, Hh, Hh
Gg, Ce, 1 Ke, Ce, Rr, Rr, Rr, Rr, Rr, Rr, Rr, Hh, Hh, Gg, Gg, Gg, Gg, Gg, Gg, Gg, Hh, Hh
Gg, Ce, Ce, Ce, Rr, Rr, Rr, Rr, Rr, Rr, Rr, Rr, Rr, Rr, Rr, Rr, Rr, Gg, Gg, Gg, Hh, Hh
Hh, Gg, Gg, Gg^Vh, Rr, Rr, Rr, Gg^Vh, Rr, Rr, Rr, Gg^Vh, Rr, Rr, Rr, Gg^Vh, Gg, Gg, Gg, Hh, Hh, Hh
Hh, Hh, Hh, Rr, Rr, Rr, Rr, Rr, Rr, Rr, Mm, Mm, Hh, Rr, Rr, Rr, Rr, Rr, Rr, Hh, Hh, Mm
Hh, Hh, Hh, Hh, Hh, Rr, Mm, Mm, Mm, Rr, Rr, Mm, Mm, Hh, Hh, Rr, Rr, Rr, Rr, Hh, Mm, Mm
Hh, Hh, Hh, Hh, Hh, Rr, Rr, Rr, Mm, Rr, Rr, Mm, Mm, Mm, Hh, Hh, Hh, Hh, Rr, Mm, Mm, Mm
Hh, Hh, Hh, Hh, Hh, Rr, Rr, Rr, Mm, Mm, Rr, Mm, Mm, Mm, Hh, Hh, Hh, Hh, Rr, Hh, Mm, Mm
Hh, Hh, Hh, Hh, Hh, Hh, Hh, Rr, Mm, Mm, Rr, Mm, Mm, Hh, Hh, Hh, Hh, Hh, Rr, Hh, Hh, Mm
Hh, Gg, Gg, Gg, Gg, Hh, Hh, Rr, Rr, Rr, Rr, Rr, Hh, Hh, Hh, Gg, Gg, Gg, Rr, Hh, Hh, Hh
Gg, Gg, Gg, Gg^Vh, Gg, Gg, Hh, Gg^Vh, Rr, Rr, Rr, Gg^Vh, Rr, Rr, Rr, Gg^Vh, Rr, Rr, Ce, Gg, Hh, Hh
Gg, Gg, Gg, Gg, Gg, Gg, Gg, Hh, Hh, Hh, Rr, Rr, Rr, Rr, Rr, Rr, Rr, Ce, 2 Ke, Ce, Hh, Hh
Gg, Gg, Gg, Gg, Gg, Gg, Gg, Hh, Hh, Hh, Hh, Hh, Hh, Gg, Gg, Gg, Gg, Ce, Ce, Ce, Hh, Hh
Gg, Gg, Gg, Gg, Gg, Gg, Hh, Hh, Hh, Hh, Hh, Hh, Hh, Hh, Gg, Gg, Gg, Gg, Rr, Rr, Hh, Hh
Hh, Hh, Gg, Gg, Gg, Hh, Hh, Hh, Hh, Mm, Mm, Hh, Hh, Hh, Hh, Gg, Gg, Gg, Hh, Hh, Hh, Hh
Hh, Hh, Hh, Hh, Hh, Hh, Hh, Mm, Mm, Mm, Mm, Mm, Mm, Hh, Hh, Hh, Hh, Hh, Hh, Hh, Mm, Mm
