Mm, Mm, Hh, Hh, Hh, Hh, Hh, Hh, Hh, Mm, Mm, Mm, Mm, Mm, Mm, Hh, Hh, Hh, Hh, Hh, Hh, Hh, Mm, Mm, Mm, Mm, Mm, Mm, Hh, Hh
Mm, Mm, Hh, Hh, Hh, Hh, Hh, Hh, Hh, Mm, Mm, Mm, Mm, Mm, Mm, Hh, Hh, Hh, Hh, Hh, Hh, Hh, Mm, Mm, Mm, Mm, Mm, Mm, Hh, Hh
Mm, Mm, Hh, Hh, Hh, Hh, Hh, Hh, Mm, Mm, Mm, Mm, Mm, Mm, Ce, Mm, Hh, Hh, Hh, Hh, Hh, Mm, Mm, Mm, Mm, Rr, Mm, Mm, Mm, Mm
Mm, Mm, Hh, Hh, Hh, Hh, Hh, Hh, Mm, Mm, Mm, Mm, Mm, Ce, 2 Ke, Ce, Hh, Hh, Hh, Hh, Hh, Mm, Mm, Mm, Mm, Rr, Mm, Mm, Mm, Mm
Mm, Mm, Hh, Hh, Hh, Hh, Hh, Hh, Hh, Rr, Mm, Mm, Mm, Ce, Ce, Ce, Hh, Hh, Hh, Hh, Hh, Hh, Mm, Mm, Mm, Rr, Mm, Mm, Hh, Hh
Hh, Hh, Hh, Hh, Gg, Gg, Hh, Hh, Hh, Rr, Mm, Mm, Mm, Mm, Rr, Hh, Hh, Hh, Gg, Hh, Hh, Hh, Hh, Mm, Mm, Rr, Mm, Hh, Hh, Hh
Hh, Hh, Hh, Gg, Gg^Vh, Gg, Gg, Gg, Gg^Vh, Rr, Hh, Hh, Gg^Vh, Hh, Rr, Hh, Gg^Vh, Gg, Gg, Gg, Gg^Vh, Hh, Hh, Hh, Gg^Vh, Rr, Hh, Hh, Hh, Hh
Hh, Hh, Gg, Gg, Gg, Gg, Gg, Gg, Gg, Rr, Rr, Rr, Hh, Hh, Rr, Gg, Gg, Gg, Gg, Gg, Gg, Gg, Hh, Rr, Rr, Rr, Hh, Hh, Gg, Gg
Gg, Gg, Gg, Gg, Gg, Rr, Gg, Gg, Gg, Rr, Rr, Rr, Hh, Hh, Rr, Gg, Gg, Gg, Rr, Rr, Rr, Rr, Rr, Rr, Rr, Rr, Hh, Hh, Gg, Gg
Hh, Hh, Gg, Gg, Gg, Rr, Gg, Gg, Hh, Rr, Hh, Rr, Rr, Rr, Rr, Gg, Gg, Gg, Rr, Rr, Rr, Rr, Rr, Rr, Hh, Hh, Hh, Hh, Hh, Hh
Hh, Hh, Hh, Gg, Gg, Rr, Rr, Hh, Hh, Rr, Rr, Rr, Rr, Rr, Rr, Hh, Gg, Gg, Rr, Gg, Gg, Rr, Rr, Rr, Hh, Hh, Hh, Hh, Hh, Hh
Hh, Hh, Hh, Hh, Gg^Vh, Rr, Rr, Rr, Gg^Vh, Rr, Rr, Rr, Gg^Vh, Rr, Rr, Rr, Gg^Vh, Rr, Rr, Rr, Gg^Vh, Rr, Rr, Mm, Gg^Vh, Mm, Mm, Mm, Hh, Hh
Mm, Mm, Hh, Hh, Hh, Hh, Rr, Rr, Rr, Rr, Rr, Rr, Rr, Rr, Ce, Rr, Rr, Rr, Rr, Rr, Rr, Rr, Mm, Mm, Mm, Mm, Mm, Mm, Mm, Mm
Mm, Mm, Hh, Hh, Hh, Hh, Hh, Rr, Rr, Rr, Rr, Rr, Rr, Ce, 1 Ke, Ce, Rr, Rr, Rr, Rr, Hh, Mm, Mm, Mm, Mm, Mm, Mm, Mm, Mm, Mm
Mm, Mm, Hh, Hh, Hh, Hh, Hh, Hh, Mm, Mm, Mm, Mm, Rr, Ce, Ce, Ce, Hh, Hh, Hh, Hh, Hh, Hh, Mm, Mm, Mm, Mm, Mm, Mm, Mm, Mm
Hh, Hh, Hh, Hh, Hh, Hh, Hh, Hh, Hh, Mm, Mm, Mm, Mm, Mm, Mm, Hh, Hh, Hh, Hh, Hh, Hh, Hh, Mm, Mm, Mm, Mm, Mm, Mm, Hh, Hh
Hh, Hh, Hh, Gg, Gg, Gg, Gg, Hh, Hh, Hh, Hh, Mm, Mm, Hh, Hh, Hh, Hh, Gg, Gg, Gg, Hh, Hh, Hh, Hh, Mm, Mm, Hh, Hh, Hh, Hh
Hh, Hh, Hh, Gg, Gg, Gg, Gg, Hh, Hh, Hh, Hh, Mm, Mm, Hh, Hh, Hh, Hh, Gg, Gg, Gg, Hh, Hh, Hh, Hh, Mm, Mm, Hh, Hh, Hh, Hh
