Mm, Mm, Hh, Gg, Mm, Gg, Gg, Mm, Gg, Hh, Gg, Gg, Mm, Mm, Mm, Gg, Gg, Gg, Hh, Gg, Gg, Mm, Hh, Hh, Mm, Hh, Gg, Hh, Mm, Mm
Mm, Mm, Hh, Gg, Mm, Gg, Gg, Mm, Gg, Hh, Gg, Gg, Mm, Mm, Mm, Gg, Gg, Gg, Hh, Gg, Gg, Mm, Hh, Hh, Mm, Hh, Gg, Hh, Mm, Mm
Hh, Hh, Hh, Gg, Hh, Hh, Hh, Gg, Hh, Hh, Mm, Hh, Gg, Gg, Ce, Mm, Hh, Hh, Hh, Gg, Gg, Hh, Gg, Hh, Mm, Rr, Gg, Hh, Hh, Hh
Hh, Hh, Hh, Gg, Hh, Gg, Gg, Gg, Hh, Mm, Hh, Hh, Hh, Ce, 2 Ke, Ce, Gg, Mm, Hh, Gg, Hh, Hh, Gg, Mm, Gg, Rr, Gg, Mm, Mm, Mm
Hh, Hh, Gg, Hh, Mm, Gg, Gg, Gg, Hh, Rr, Mm, Hh, Hh, Ce, Ce, Ce, Gg, Gg, Gg, Hh, Gg, Gg, Gg, Hh, Hh, Rr, Hh, Mm, Gg, Gg
Mm, Mm, Mm, Mm, Gg, Gg, Hh, Gg, Hh, Rr, Gg, Gg, Gg, Gg, Rr, Hh, Gg, Hh, Hh, Mm, Gg, Hh, Gg, Gg, Gg, Rr, Gg, Hh, Hh, Hh
Gg, Gg, Hh, Hh, Gg^Vh, Gg, Hh, Hh, Gg^Vh, Rr, Gg, Mm, Gg^Vh, Hh, Rr, Mm, Gg^Vh, Gg, Gg, Gg, Gg^Vh, Gg, Gg, Hh, Gg^Vh, Rr, Mm, Mm, Hh, Hh
Mm, Mm, Hh, Gg, Hh, Hh, Gg, Mm, Hh, Rr, Hh, Hh, Hh, Gg, Rr, Gg, Hh, Hh, Mm, Gg, Gg, Gg, Hh, Gg, Hh, Rr, Gg, Hh, Gg, Gg
Gg, Gg, Hh, Mm, Gg, Mm, Mm, Hh, Mm, Rr, Hh, Hh, Hh, Gg, Rr, Gg, Gg, Mm, Gg, Hh, Gg, Gg, Gg, Gg, Mm, Rr, Gg, Hh, Gg, Gg
Hh, Hh, Gg, Hh, Mm, Rr, Mm, Hh, Hh, Rr, Gg, Mm, Gg, Hh, Rr, Hh, Hh, Hh, Mm, Gg, Gg, Rr, Rr, Rr, Rr, Rr, Hh, Hh, Hh, Hh
Hh, Hh, Mm, Hh, Gg, Rr, Rr, Hh, Hh, Rr, Hh, Mm, Hh, Hh, Rr, Gg, Gg, Gg, Hh, Mm, Hh, Rr, Rr, Rr, Rr, Rr, Hh, Hh, Mm, Mm
Hh, Hh, Hh, Gg, Gg, Rr, Rr, Rr, Rr, Rr, Gg, Gg, Hh, Gg, Rr, Gg, Mm, Rr, Rr, Rr, Rr, Rr, Rr, Rr, Hh, Gg, Gg, Hh, Hh, Hh
Hh, Hh, Gg, Mm, Hh, Gg, Rr, Rr, Rr, Rr, Gg, Gg, Gg, Gg, Rr, Hh, Rr, Rr, Rr, Rr, Rr, Rr, Rr, Rr, Gg, Hh, Hh, Mm, Gg, Gg
Hh, Hh, Gg, Gg, Gg^Vh, Hh, Mm, Gg, Gg^Vh, Rr, Rr, Rr, Gg^Vh, Mm, Rr, Rr, Gg^Vh, Rr, Gg, Mm, Gg^Vh, Hh, Gg, Gg, Gg^Vh, Gg, Hh, Gg, Gg, Gg
Hh, Hh, Hh, Hh, Gg, Gg, Hh, Gg, Rr, Rr, Rr, Rr, Rr, Rr, Ce, Rr, Rr, Gg, Hh, Gg, Gg, Hh, Gg, Gg, Gg, Mm, Gg, Gg, Mm, Mm
Mm, Mm, Gg, Hh, Mm, Gg, Gg, Hh, Gg, Rr, Rr, Rr, Rr, Ce, 1 Ke, Ce, Hh, Hh, Mm, Mm, Hh, Mm, Mm, Gg, Gg, Gg, Gg, Gg, Hh, Hh
Hh, Hh, Hh, Hh, Gg, Hh, Hh, Mm, Gg, Gg, Hh, Hh, Gg, Ce, Ce, Ce, Hh, Gg, Hh, Gg, Gg, Gg, Mm, Hh, Mm, Mm, Gg, Mm, Gg, Gg
Hh, Hh, Gg, Hh, Gg, Gg, Gg, Hh, Gg, Gg, Mm, Gg, Hh, Gg, Gg, Gg, Gg, Gg, Hh, Hh, Gg, Gg, Gg, Hh, Gg, Hh, Hh, Gg, Hh, Hh
Hh, Hh, Hh, Gg, Mm, Mm, Hh, Hh, Mm, Hh, Mm, Gg, Gg, Hh, Gg, Gg, Hh, Mm, Hh, Gg, Hh, Hh, Hh, Mm, Gg, Mm, Gg, Gg, Gg, Gg
Hh, Hh, Hh, Gg, Mm, Mm, Hh, Hh, Mm, Hh, Mm, Gg, Gg, Hh, Gg, Gg, Hh, Mm, Hh, Gg, Hh, Hh, Hh, Mm, Gg, Mm, Gg, Gg, Gg, Gg
