Hhd, Hhd, Hhd, Hhd, Hhd, Hhd, Hhd, Hhd, Hhd, Hhd, Hhd, Hhd, Hhd, Hhd, Hhd, Hhd, Hhd, Hhd, Hhd, Hhd, Hhd, Hhd, Hhd, Hhd, Hhd, Hhd, Hhd, Hhd, Hhd, Hhd, Hhd, Hhd, Hhd, Hhd, Hhd, Hhd, Hhd, Hhd, Hhd, Hhd, Hhd, Hhd, Hhd, Hhd, Hhd, Hhd, Hhd, Hhd
Hhd, Hhd, Mm, Md, Mm, Md, Hhd, Hh, Gg, Gs, Hh, Hhd, Hh, Hh, Hhd, Gg, Gg, Gs, Gs, Gs, Gs, Gs, Gs, Gg, Gg, Gs, Gs^Fetd, Gs, Gg, Gs, Gs, Gg, Gg, Gg, Gs, Gs, Gs, Gg, Gs, Gg, Gg, Gs, Gg, Gs, Gg, Gs, Gg, Gg
Md, Md, Hh, Mv, Hhd, Hhd, Hhd, Hh, Mm, Gg, Gs, Gs, Gg, Hh, Hh, Gg, Gg, Gs, Gg, Gg, Gs, Gg, Gs, Gg, Gs, Gg, Gs^Fet, Gs, Gg, Gs, Gs, Gg, Gg, Gg, Gg, Gg, Gs, Gg^Fet, Gs, Gg, Gg^Feta, Gg^Fet, Gg, Gs, Gg, Gg, Gg, Gg
Md, Md, Mm, Hhd^Vhs, Mm, Ms, Hhd, Hhd, Mv, Hhd, Gg, Gg, Hhd, Hh, Gs, Gg, Gg, Gs, Gg, Gs, Gg, Gg, Gs, Chw, Ch, Chw, Gg, Gs, Gs, Gs, Gg, Gs, Gs, Gs, Gg, Gg^Vh, Gs^Feta, Gs^Feth, Gg, Gg^Fet, Gg^Fetd, Gs, Gs, Rrc, Rrc, Gs, Gg, Gg
Hh, Hh, Ms, Hhd, Hh, Hhd, Gg, Hh^Vhs, Md, Hh, Hh, Hh^Vh, Hhd, Gg, Hh, Gs, Gg, Gg, Gg, Gg, Gg, Gg, Gs, Rr, 2 Kh, Ch, Gg, Gs, Gg, Gg, Gg, Gs, Gs, Gs, Gg, Gs, Gs, Gg^Feth, Gs, Gs, Gs, Gg, Rrd, Gg, Gg, Gg, Gs, Gs
Hh, Hh, Hh, Hh, Hhd, Ww, Ww, Dd, Mm, Hhd, Ww, Dd, Gg, Hhd, Hhd, Gs, Gs, Gs, Gg, Gg, Gs, Gg, Gs, Rr, Chw, Gg, Gg, Gg, Gg, Gg, Gs, Gs, Gs, Gs, Gs, Gg, Gs, Gs, Gg, Gg, Gs, Rrc, Rr, Gg, Gs, Gs, Ww, Ww
Gs, Gs, Mm, Ms, Hhd^Vha, Hh, Ww, Ww, Hhd, Hh, Ds, Ww, Dd, Dd, Gs, Gs, Gg, Hhd, Gs, Gs, Gg, Gg, Gg, Rr, Gs, Gg, Gs, Gg, Gs, Gg, Gs, Gg, Gs, Gg, Gg, Gs, Gg, Rrd, Rra, Rr, Rrc, Gg, Gs, Gs, Gs, Ds, Ww, Ww
Gs, Gs, Hh, Mv, Hhd, Hh, Dd, Ss, Hhd, Hh^Vhs, Dd, Ds, Ww, Ww, Gs, Gg, Gs, Hh, Gg, Gs, Gs, Gs, Gg, Rr, Gs, Rrd, Gg, Gg^Vhhr, Gs, Gg, Gg, Gg, Gg, Gg, Gs, Rra, Rra, Gs, Dd, Ww, Dd, Gs, Gg, Gs, Gs, Ds, Ww, Ww
Gg, Gg, Hhd, Hh, Hhd, Hh, Gs, Ww, Ww, Hh, Gg, Dd, Dd, Ss, Dd, Gs, Gg, Gg, Gg, Gg, Gs, Gg, Gs, Rr, Gg, Rrc, Gs, Gs, Gg^Feta, Gg, Gs, Gg, Gs, Rra, Rra, Gs, Gg, Ds, Ww, Wwg, Dd, Gs, Gg, Gg, Gg, Gs, Ww, Ww
Gs, Gs, Gs, Hhd, Hhd, Hh^Vht, Dd, Dd, Dd, Hh, Gs, Gs, Ww, Ww, Gg, Gs, Gg, Gs, Gg, Gs, Gs, Gg, Gs, Rra, Rrd, Gs, Gs, Gg, Gg^Feta, Gg, Gg, Rrc, Rrd, Gs, Gs, Gs, Gg, Gs, Dd, Wwg, Gs, Gs, Gs, Gg, Gs, Gg, Ds, Ds
Gg, Gg, Gs, Gs, Md, Mm, Gg, Ww, Dd, Gg^Vhc, Gg, Gg, Dd, Ww, Ds, Gg, Gg, Gg, Gg, Gg, Gg, Gs, Gs, Rra, Rra, Rrd, Rra, Rrd, Rrd, Rrd, Rr, Hh^Fet, Gg, Gg, Gg, Gg, Gs, Gs, Dd, Dd, Ww, Ww, Dd, Gs, Gg, Dd, Ds, Ds
Gs, Gs, Gg, Gs, Gg, Gs, Ds, Dd, Gg, Gs^Fet, Gs, Gg, Ds, Ww, Ww, Gg, Gs, Gs, Gs, Gg, Gg, Gg, Gs, Rrc, Rr, Rrd, Gs, Rrd, Rrc, Gg, Gg, Gg, Hh^Vhhr, Gs, Gs, Gg, Gs, Ds, Ds, Dd, Ds, Gs, Sm, Gg, Wwt, Ww, Ww, Ww
Gg, Gg, Gg, Gs, Gs, Gs, Ww, Ww, Ds, Gg^Feta, Gs, Gg, Gs, Dd, Ds, Gs, Gs, Gs, Gs, Gs, Gg, Gg, Gg, Rrd, Gg, Rrc, Rrd, Gg, Gs, Gs, Gg, Gs, Gs, Gg, Gs, Gg, Gg, Ww, Ww, Ds, Gg, Gs, Gg, Gs, Ww, Ds, Ww, Ww
Gs, Gs, Gs, Hh, Gs, Gs, Ds, Ww, Ww, Gg^Vhca, Gg, Sm, Ww, Ww, Gg, Gg, Gg, Gg, Gg, Gg, Gs, Gs, Gg, Rr, Rrc, Gs, Gg, Gg, Gs, Gs, Gs, Gs, Gg, Gg, Gg, Gs, Ds, Ww, Ww, Dd, Gg, Gs, Dd, Wwg, Ww, Dd, Ww, Ww
Gg, Gg, Gs, Hhd, Gg, Gs, Ds, Ds, Ds, Gg, Gs, Dd, Ww, Ww, Dd, Gg, Gs, Gs, Gg, Gg, Gg, Gg, Gg, Rra, Gs, Gg, Gg, Gs, Gs, Gs, Gg, Gg^Fet, Gs, Gg, Gs, Ds, Ww, Ww, Ww, Ww, Ds, Dd, Gg, Ww, Ww, Ww, Ww, Ww
Gg, Gg, Gs, Gs^Vht, Dd, Ww, Ww, Ww, Ds, Gs, Gg, Gg, Dd, Ds, Ww, Dd, Gg, Gg, Gs, Gs, Gs, Gs, Gs, Rrc, Gg, Gs, Gg, Gs, Gs, Gs, Gs, Gs, Gg^Vh, Dd, Ds, Ww, Ww, Ww, Ww, Ww, Ww, Ww, Ds, Dd, Ds, Ww, Wog, Wog
Gs, Gs, Hhd, Gs^Feth, Ss, Dd, Dd, Gs, Gs, Gg, Gs, Gg, Gg, Gg, Ss, Rra, Gg, Gg, Gs, Gg, Gg, Gg, Gg, Rra, Gg, Gg, Gs, Gs, Gs, Gg, Gg, Gg, Gg, Ds, Ww, Ww, Ww, Ww, Ww, Ww, Ww, Wwg, Ww, Ww, Ww, Ww, Wot, Wot
Gs, Gs, Gg, Gs, Gg, Ww, Dd, Gg, Gg, Gg, Gg, Gg, Gs, Gg, Ww, Ww, Rrc, Rra, Gs, Gg, Gs, Gs, Gs, Rrd, Gs, Gg, Gs, Gs, Gs, Gg, Gs, Gg, Gg, Gg, Ww, Ww, Ww, Ww, Ww, Ww, Ww, Ww, Ww, Ww, Ww, Ww, Ww, Ww
Gs, Gs, Gg, Gs, Ds, Gs, Dd, Gs, Gg, Gs, Gs, Gg, Gg, Gs^Vh, Dd, Dd, Ds, Ds, Rrc, Rrd, Gs, Gs, Gs, Rrd, Gs, Gg, Gg, Ds, Dd, Gs, Gs, Dd, Gs, Dd, Sm, Ww, Ww, Ww, Ww, Ww, Ds, Ww, Wwt, Ww, Ww, Ww, Ww, Ww
Gs, Gs, Gg, Gs, Rrd, Ww, Dd, Rrc, Gg, Gg, Gs, Gg, Gs, Gs^Feta, Gg^Fet, Ds, Ww, Ww, Ww, Dd, Rra, Rr, Gg, Rr, Gg, Gg, Ds, Ww, Ww, Ww, Dd, Wwt, Ww, Dd, Ds, Ww, Ww, Ww, Ww, Ww, Gs, Ww, Ww, Ww, Ww, Ww, Ww, Ww
Gg, Gg, Gg, Gs, Re, Re, Ds, Gg, Rra, Rr, Gg, Gs, Gs, Gg, Gs, Gg, Ds, Dd, Ww, Ww, Ww, Gs, Rrd, Rr, Gg, Gg^Fetd, Ww, Ww, Ww, Wwg, Ww, Ww, Ww, Wwg, Ww, Ww, Ww, Ww, Ww, Ww, Ww, Ww, Ww, Ww, Ww, Ww, Wo, Wo
Hhd, Hhd, Gg, Gg, Rrc, Ww, Gg, Rra, Rra, Gs, Rrc, Rra, Gs, Gs, Gg, Gs, Gs, Gs, Ds, Re, Re, Re, Gs, Rr, Gg, Hh^Vht, Dd, Ww, Wwt, Wwg, Ww, Ds, Ww, Ww, Ww, Ww, Ww, Ww, Wwg, Ww, Wwr, Wwr, Wwg, Ww, Wot, Wot, Ww, Ww
Gg, Gg, Gg, Gs, Rrc, Re, Re, Re, Rrc, Rrd, Gs, Gs, Rra, Rrc, Gg, Gs, Gs, Rr, Rrc, Re, Ww, Ww, Ww, Ww^Bw\, Gs, Ww, Ww, Dd, Ds, Ww, Wwt, Ww, Dd, Ww, Ww, Ww, Ww, Ww, Ww, Ww, Ww, Ww, Wo, Wo, Ww, Wo, Ww, Ww
Gs, Gs, Gg, Gs, Gg, Ds, Ww, Ww, Re, Re, Gs, Gs, Gs, Gg, Rrc, Rrd, Hhd, Rrd, Gs, Gs, Gg, Ww, Ww, Ww^Bw\, Ww, Ww, Ww, Ww, Dd, Ww, Ww, Dd, Ww, Ww, Wwg, Ww, Ww, Ww, Ww, Ww, Ww, Ww, Wot, Wot, Wot, Wo, Ww, Ww
Gg, Gg, Gg, Gs, Gg, Gg, Gg, Ds, Ww, Ww, Rrd, Rr, Gg, Gg, Gg, Gg, Rr, Ww, Gs, Gg, Gg, Ww, Dd, Rra, Ww, Ww, Dd, Dd, Dd, Wwg, Ww, Ds, Wwt, Ww, Ww, Wwt, Ww, Ww, Ww, Wot, Wog, Wog, Wwr, Wot, Wot, Wog, Ww, Ww
Gs, Gs, Gg, Gg, Gs, Gs, Gg, Gg, Ds, Dd, Gs, Ds, Gs, Ds, Gs, Re, Rrc, Rrc, Dd, Gs, Dd, Ww, Dd, Rrc, Hh^Fetd, Dd, Dd, Gs, Dd, Ww, Ww, Ww, Ww, Wwr, Ww, Wwg, Wwt, Ww, Ww, Ww, Wo, Ww, Wog, Wo, Ww, Wo, Ww, Ww
Gg, Gg, Gs, Gg, Gs, Gs, Gs, Gg, Gs, Ww, Ww, Dd, Dd, Ww, Ww, Rra, Ww, Ww, Rr, Rrc, Gg, Ww, Ww, Ww^Bw|, Ww, Gg, Ww, Ww, Ww, Ww, Wwg, Ww, Ww, Wwt, Ww, Ww, Ww, Ww, Ww, Wwr, Wot, Wot, Wot, Wot, Wwr, Wot, Wog, Wog
Gg, Gg, Gs, Gs, Gg, Gg, Gs, Gs, Gs, Gs, Ds, Ds, Ww, Ww, Ww, Ww, Ww, Ww, Ww, Ds, Rr, Ww^Bw/, Ww, Rra, Sm, Ds, Ww, Ww, Wwt, Ww, Ww, Ww, Ww, Ww, Ww, Ww, Ww, Ww, Ww, Wot, Ww, Wot, Wot, Ww, Wwr, Wog, Wog, Wog
Gs, Gs, Gs, Gs, Gs, Gg, Gg, Gs, Gs, Ds, Ww, Ww, Ww, Ww, Ss, Dd, Ww, Ww, Ds, Dd, Dd, Ds, Rrd, 1 Kh, Ww, Ww, Ww, Wwg, Wwr, Ww, Ww, Ww, Wwr, Ww, Wog, Ww, Wog, Ww, Wo, Wwr, Wo, Wwr, Ww, Wot, Wot, Wo, Wot, Wot
Gs, Gs, Gs, Gs, Gs, Gs, Gg, Gs, Gg, Gg, Ww, Ww, Ds, Ww, Gg, Ds, Ww, Ww, Ww, Ww, Ds, Ww, Ww, Ww, Ww, Ww, Ww, Ww, Wog, Wwr, Wwr, Wo, Wo, Ww, Ww, Wot, Ww, Ww, Wot, Ww, Wo, Wo, Wot, Wwr, Ww, Wo, Wot, Wot
Gg, Gg, Gs, Gg, Gs, Gs, Gs, Gg, Gs, Gs, Ds, Dd, Ds, Ww, Dd, Gg, Ds, Ww, Ww, Ww, Ww, Ww, Ww, Ww, Ww, Ww, Ww, Wot, Wo, Wo, Wwt, Wot, Wwr, Ww, Ww, Wwr, Wwg, Wo, Ww, Ww, Wwr, Wo, Wog, Wot, Wo, Wot, Wog, Wog
Hh, Hh, Gs, Gg, Gs, Gg, Gg, Gs, Gs, Gs, Dd, Wwg, Ww, Ww, Dd, Gs, Ds, Ww, Ww, Ww, Ww, Ww, Ww, Ww, Ww, Ww, Ww, Wo, Wog, Wo, Wwr, Wo, Ww, Ww, Ww, Wwr, Wog, Wwr, Wwr, Wwr, Wot, Wwg, Ww, Wo, Wwr, Wot, Wo, Wo
Gs, Gs, Gg, Gg, Gs, Gg, Gs, Gs, Gs, Gs, Gs, Ww, Ww, Ss, Ds, Gs, Ss, Ww, Ww, Ww, Ww, Ww, Ww, Ww, Ww, Ww, Wwr, Wo, Ww, Ww, Wo, Ww, Ww, Ww, Wog, Wwr, Wo, Wwr, Wog, Wo, Wog, Wog, Wo, Wog, Wwr, Wog, Wwr, Wwr
Gs, Gs, Gg, Gg, Gs, Gs, Gg, Gg, Gs, Ds, Ww, Ww, Ds, Ds, Gg, Gg, Ds, Dd, Ds, Ww, Dd, Ww, Wwg, Ww, Ww, Ww, Ww, Ww, Ww, Ww, Wot, Ww, Wo, Ww, Ww, Wot, Wot, Ww, Wwr, Wwr, Wot, Ww, Wot, Wwr, Wot, Wot, Wo, Wo
Gs, Gs, Gs, Gs, Gg, Gg, Gs, Gs^Fetd, Gg^Fet, Gs, Ww, Ds, Ww, Ww, Dd, Ww, Ww, Dd, Ds, Ww, Ds, Wwg, Ww, Ww, Ww, Ww, Ww, Ww, Ww, Wog, Wog, Ww, Wwr, Wwr, Wwr, Ww, Ww, Wo, Wwr, Wo, Wot, Wo, Wo, Wo, Wwr, Wot, Ww, Ww
Hhd, Hhd, Hhd, Hhd, Hhd, Hhd, Hhd, Hhd, Hhd, Hhd, Hhd, Hhd, Hhd, Hhd, Hhd, Hhd, Hhd, Hhd, Hhd, Hhd, Hhd, Hhd, Hhd, Hhd, Hhd, Hhd, Hhd, Hhd, Hhd, Hhd, Hhd, Hhd, Hhd, Hhd, Hhd, Hhd, Hhd, Hhd, Hhd, Hhd, Hhd, Hhd, Hhd, Hhd, Hhd, Hhd, Hhd, Hhd
