Hhd, Hhd, Hhd, Hhd, Hhd, Hhd, Hhd, Hhd, Hhd, Hhd, Hhd, Hhd, Hhd, Hhd, Hhd, Hhd, Hhd, Hhd, Hhd, Hhd, Hhd, Hhd, Hhd, Hhd, Hhd, Hhd, Hhd, Hhd, Hhd, Hhd, Hhd, Hhd, Hhd, Hhd, Hhd, Hhd, Hhd, Hhd, Hhd, Hhd, Hhd, Hhd, Hhd, Hhd, Hhd, Hhd, Hhd, Hhd
Hhd, Hhd, Hhd, Hhd, Hhd, Hh^Fetd, Mm, Mm, Mv, Mdd, Ms, Mm, Ms, Hh, Ms, Mv, Mv, Hhd, Hhd, Hhd, Gg, Gg, Gg, Gg, Gs, Gs^Fet, Gg, Gg, Gs, Gs, Hh^Feth, Gs, Gs, Gg, Gg, Gg, Gg, Gg, Gg, Gg, Gs, Gs, Gs, Sm, Ww, Ww, Ww, Ww
Hhd, Hhd, Hhd, Hh, Gg^Feta, Gg, Mm, Mm, Mm, Mdd, Ww, Ww, Ww, Hh, Hh, Mv, Mv, Hhd, Hhd, Gs, Gg^Fet, Gs, Gs, Gs, Gg^Feta, Gg, Gg^Fet, Gg, Gs, Gs, Gs, Gs, Gg, Gg, Gg, Gg, Gg, Gg, Gg, Gg, Gs, Gs^Fet, Ds, Ww, Ww, Ww, Ww, Ww
Mdd, Mdd, Gs^Fetd, Hh^Vhh, Gg, Gg^Feth, Hh^Vhs, Hh, Hh, Hhd^Vht, Hhd, Hhd, Hhd, Gs^Fet, Hh^Vht, Hh, Gg, Gg, Gs, Hh^Feth, Gg, Gs, Gs, Ch, Ch, Chw, Gg^Feta, Gs, Gs, Gs, Gs, Gs, Gg, Gg, Gg, Gg, Gg, Gs, Gg, Hh, Gs, Gs, Ds, Ww^Bw|, Ww^Bw/, Ww^Bw/, Ww, Ww
Ms, Ms, Mm, Hh, Hh^Feth, Hh^Fet, Hh, Gs, Hh^Feta, Mm, Ww, Hhd, Ww, Hhd, Gs, Gg, Gg^Fet, Gg, Gg, Gg, Gg, Gs, Gs, Ch, 2 Kh, Ch, Gs, Gs, Gs, Gs, Gs, Gs, Gs, Gs, Gg, Gg, Gg, Gs, Gs, Hh, Hh, Gg, Ds, Rrd, Re, Gg, Dd, Dd
Ms, Ms, Hhd, Hh, Hh, Gs, Gs, Gs, Gs, Dd, Dd, Gg, Hhd, Ww, Dd, Gg, Gg, Gg, Gg, Gg, Gs, Gs, Gs, Gs, Rra, Gg, Gs, Gs, Gs, Gs, Gs^Feth, Gs, Gs, Gs, Gg, Gg, Gg, Rr, Gs, Hh^Vha, Hh, Rrc, Rrd, Gs, Gg, Gs, Gs, Gs
Hhd, Hhd, Hhd, Hh, Gs, Gs, Gs, Gg^Feta, Hhd^Vhhr, Ds, Ww, Dd, Dd, Dd, Dd, Gs, Gg, Gg, Gg, Gg, Gg^Fetd, Gs, Gs, Gs, Rra, Gs, Gg^Fet, Gg, Gs, Gg, Gg, Gg, Gs, Gg, Gg, Gg, Gg, Rra, Rrd, Rra, Rrc, Gg, Gg, Gs, Gs, Gs, Gs, Gs
Hhd, Hhd, Hhd, Hh, Gs, Gs, Gs, Hhd, Hhd, Gs, Dd, Gs, Gs, Ds, Ww, Re, Gs, Gs, Gg, Gg, Gs, Gs, Gs, Rrc, Rrc, Hhd, Hhd, Gs, Gg, Gg, Gg, Gg, Gg, Gg, Gg, Gg, Rrd, Rra, Rra, Gg^Feth, Gg^Feta, Gs^Feta, Gs, Gs, Gs, Gs, Gs, Gs
Gg, Gg, Gg^Fet, Gs^Vhca, Gs, Gs, Gs^Feth, Hh^Feta, Gs, Ds, Ww, Ds, Gs, Gs, Dd, Gg, Rrc, Rrc, Gg, Gg, Gg, Rra, Gs, Rrc, Rrd, Gs, Hhd, Gs, Gs, Gs, Gg, Gg, Gg, Gg, Gg, Rr, Rra, Gg, Gg^Feth, Hh^Feta, Gg^Fet, Gg, Gs, Gs, Gs, Gs, Gs, Gs
Gg, Gg, Gg, Mdd, Gs, Gs, Gs^Feth, Gg^Fetd, Gs, Gs, Gs, Ww, Gs, Gs, Ww, Ds, Gg, Gg, Rr, Gg, Gg, Gg, Rrc, Gs, Rrc, Rrd, Rrd, Rr, Gs, Gs, Gs, Gg, Gg, Rrd, Rrd, Gs, Hh^Feta, Gs, Gs, Gs^Feta, Gg^Fet, Gg, Gs, Gs^Feth, Gs, Gs, Gs, Gs
Gg, Gg, Gg, Hhd, Hhd, Gs, Gs, Gg^Feta, Gs, Gs, Ds, Dd, Ds, Ds, Gg, Ww, Ds, Gg, Rra, Hh, Hh, Hhd, Hhd, Hh, Rra, Rrd, Hhd^Vh, Rrd, Gs, Rrc, Rra, Rrc, Rrd, Gg, Gs, Gs^Feth, Gs, Gs, Gs, Gg^Fet, Gg, Gg, Gs, Gs, Gs, Gs, Gs, Gs
Hhd, Hhd, Hhd, Hhd^Vha, Hhd, Gs, Gs, Gg^Fetd, Gs, Gs, Gs, Gg, Ww, Gg, Ds, Gg, Gg^Vhhr, Gs^Feth, Rrc, Rra, Hh, Gg, Hh^Vht, Hh^Feta, Rrc, Gs, Rrc, Rr, Rrd, Hh^Feta, Gg^Fet, Gs, Gs, Gs, Gg, Gg^Fetd, Gs, Gg, Gg, Gg, Gg, Gg, Gs, Gg, Gs, Gg, Gs, Gs
Hh, Hh, Hhd, Mm, Gs^Feta, Gs^Fetd, Gs, Gs, Gs, Gs, Gg, Gg, Ds, Ww, Dd, Ww, Ss, Ds, Gs, Gs, Rra, Rra, Gg, Rrd, Rra, Rrd, Rrd, Gg, Gg, Gg, Gg^Feth, Gg^Feta, Gs, Gs, Gg, Dd, Dd, Ww, Gg, Gg, Gg, Gg, Gg, Gg, Gg^Feth, Hh^Feth, Gg, Gg
Hh, Hh, Gg^Fet, Gg^Feth, Gs, Gs, Gs, Gs, Gs^Fetd, Gs, Gg, Gg, Dd, Dd, Ww, Ww, Ww, Ww, Ds, Gs, Gs, Gs, Rrc, Gg, Gg, Gg, Gs, Gg, Gg, Gg, Gg, Hhd, Hhd^Vh, Dd, Ww, Ww, Ww, Ds, Dd, Gg, Gg, Gg, Gg, Gg, Gg, Gs, Gg, Gg
Gs, Gs, Gs, Gs, Gs^Feta, Gs^Feth, Gs, Gs, Gs, Gs^Feth, Gg, Gs, Gs, Gs, Ds, Dd, Dd, Dd, Dd, Ds, Gs, Gs, Rrc, Gg, Gg, Gg, Gg, Gg, Gg, Rra, Rrd, Hhd, Hhd, Ww, Ww, Ww, Ww, Ww, Dd, Gg, Gg^Feta, Gg, Gg, Gg, Gg, Gs, Gs, Gs
Gs, Gs, Gs, Gs, Gg^Feth, Gs, Gs, Gg, Gg^Fet, Gg, Gg, Gg, Gs, Gs, Gg, Dd, Ww, Ds, Ww, Gg^Feth, Gg^Feta, Gg, Rrd, Gg, Gg, Gg, Gg, Rr, Rrc, Gs, Hh, Ds, Ds, Ww, Ww, Ww, Ww, Ww, Hh^Vhc, Gs^Fet, Gg^Fet, Hhd^Vha, Hhd, Gs, Gs, Gs, Gs, Gs
Hhd, Hhd, Gs, Gs, Gs, Gs, Gg, Gg^Feta, Gg, Gg, Gg, Gg^Feta, Gs, Gs, Gs, Ds, Dd, Gg, Ds, Dd, Gg^Fet, Gg^Feta, Rr, Gs, Gg, Rra, Rrd, Gg, Gs, Dd, Ww, Ww, Ww, Ww, Ww, Ww, Ww, Ww, Ww, Ww, Gs, Gs, Hhd, Hhd, Gs, Ds, Ds, Ds
Gg, Gg, Gg, Gg, Gs, Gs, Gg, Gg^Fetd, Gg, Gg, Gg, Gg, Gs, Gs, Gs, Gs, Ww, Dd, Ww, Gg, Gg, Hh^Fetd, Rr, Rra, Rra, Gs, Gg, Gg, Ds, Ww, Ww, Ww, Ww, Ww, Ww, Ww, Ww, Ww, Ww, Ww, Ds, Gs, Hhd, Hhd, Gs, Dd, Ww, Ww
Gg, Gg, Gg^Fet, Gg, Gg, Gg, Gg, Gg, Gg, Gg, Gg, Gs, Gs, Gs, Gs, Gs, Dd, Dd, Ds, Dd, Gs^Fetd, Rrc, Rrc, Rr, Gs, Sm, Dd, Dd, Gg, Ww, Ww, Ww, Ww, Ww, Ww, Ww, Ww, Ww, Ww, Ww, Ds, Ww, Ww, Dd, Ds, Ww, Ww, Ww
Gs, Gs, Gg, Gs, Gg, Gg, Gg, Gs, Gs, Gs, Gs, Gs, Gs, Gs, Gs, Ds, Ww, Ds, Ww, Ww^Bw\, Ds, Rrd, Rrd, Rra, Gs, Ds, Ww, Ww, Ww, Ww, Ww, Ww, Ww, Ww, Ww, Ww, Ww, Ww, Ww, Ww, Ww, Ww, Ww, Ww, Ww, Ww, Ww, Ww
Gg, Gg, Gs, Gs, Gg, Gg, Gg, Gg, Gs, Gs, Gs, Gs, Gs, Hh^Feth, Gs, Dd, Ds, Ds, Re, Re, Re, Rr, Rr, Rr, Gs, Ww, Ww, Ww, Ww, Ww, Ww, Ww, Ww, Ww, Ww, Ww, Ww, Ww, Ww, Ww, Ww, Ww, Ww, Ww, Ww, Ww, Ww, Ww
Gg, Gg, Gg, Gs, Gs, Gs, Gg, Gg, Gg, Gg, Gg^Feth, Gs, Gs, Gs, Gs, Gs, Ww, Ww, Ww^Bw\, Gs, Rra, Rrc, Gg, Rr, Re, Ds, Ww, Ww, Ww, Ww, Ww, Ww, Ww, Ww, Ww, Ww, Ww, Ww, Ww, Ww, Ww, Ww, Ww, Ww, Ww, Ww, Ww, Ww
Gg^Fetd, Gg^Fetd, Gg, Gg, Gs, Gs, Gg, Gg, Gg, Gg, Gg, Gg^Fet, Gs, Gs, Gs, Gs, Dd, Ww, Ww, Hh^Fet, Gs, Rrd, Gs, Rra, Gg, Dd, Ww, Ww, Ww, Ww, Ww, Ww, Ww, Ww, Ww, Ww, Ww, Ww, Ww, Ww, Ww, Ww, Ww, Ww, Ww, Ww, Ww, Ww
Gg, Gg, Gg, Gg, Gs, Gs, Gg, Gg, Gg, Gs, Gs, Gs, Gs, Gs, Gs, Gs, Dd, Dd, Ww, Dd, Gs, Rrd, Gs, Gs, Gs, Ww, Ww, Ww, Ww, Ww, Ww, Ww, Ww, Ww, Ww, Ww, Ww, Ww, Ww, Ww, Ww, Ww, Ww, Ww, Ds, Ww, Ww, Ww
Gs^Fetd, Gs^Fetd, Gg, Gg, Gs, Gs, Gg, Gs^Fetd, Gs, Gs, Gs, Gs, Gs, Gs, Gs, Gg, Gg, Ds, Ww, Ds, Gs, Rrd, Gs, Gs, Ss, Ww, Ww, Ww, Ww, Ww, Ww, Ww, Ww, Ww, Ww, Ww, Ww, Ww, Ww, Ww, Ww, Ww, Ww, Ww, Ww, Ww, Ww, Ww
Gg, Gg, Gg, Gg, Gs, Gs, Gg^Fet, Gs, Gs, Gs, Gs, Gs, Gs, Gg, Gg, Gg, Gg, Ds, Ww, Ww, Dd, Rrc, Gs, Dd, Ds, Ww, Ww, Ww, Ww, Ww, Ww, Ww, Ww, Ww, Ww, Ww, Ww, Ww, Ww, Ww, Ww, Ww, Ww, Ww, Ww, Ww, Ww, Ww
Gg, Gg, Gg, Gg, Gg, Gg, Gs^Fetd, Gg^Feta, Gs, Gs, Gs, Gs, Gs, Gs, Gg, Gs, Gg, Dd, Ww, Ww^Bw\, Rra, Dd, Ds, Ww, Ww, Ww, Ww, Ww, Ww, Ww, Ww, Ww, Ww, Wwg, Ww, Ww, Ww, Ww, Ww, Ww, Ww, Ww, Ww, Ww, Ww, Ww, Ww, Ww
Gg^Fet, Gg^Fet, Gg, Gs, Gg, Gg, Hh^Fet, Hh^Fet, Gs^Feta, Gs, Gs, Gs, Gs, Gs, Gs, Gs, Gs, Gg, Ww, Ww^Bw\, Ww^Bw/, Ww, Ww, Ww, Ww, Ww, Ww, Ww, Ww, Ww, Ww, Ww, Wwr, Wwr, Wwg, Ww, Ww, Ww, Ww, Ww, Ww, Ww, Ww, Ww, Ww, Ww, Ww, Ww
Gs, Gs, Gs, Gs, Gs, Gg, Gg, Gs, Gs, Gs, Gs, Gs, Gs, Gs, Gs, Gs, Gs, Gg, Ds, Chw, 1 Kh, Ww, Ww, Ww, Ww, Ww, Ww, Ww, Ww, Ww, Ww, Ww, Wwr, Wwr, Wwr, Wwr, Ww, Ww, Ww, Wwr, Ww, Ww, Ww, Ww, Ww, Ww, Ww, Ww
Gs, Gs, Gs, Gs, Gs, Gs, Gg, Gs, Gs, Gs, Gs, Gs, Gg^Feta, Gs, Gs, Gs, Gs, Gg^Feta, Ww, Ww, Ww, Ww, Ww, Ww, Ww, Ww, Ww, Ww, Ww, Ww, Ww, Ww, Ww, Ww, Wwr, Wwr, Ww, Ww, Wwr, Wwr, Ww, Ww, Ww, Ww, Ww, Ww, Ww, Ww
Gg, Gg, Gs, Gg, Gs, Gg, Gg, Gs, Gs, Gs, Gs, Gs^Fetd, Gs, Gs, Gs, Gg^Feta, Gg, Dd, Ww, Ww, Ww, Ww, Ww, Ww, Ww, Ww, Ww, Ww, Ww, Ww, Ww, Ww, Ww, Ww, Wwr, Wwr, Wwr, Wog, Ww, Wwg, Wwg, Wwt, Ww, Wo, Ww, Wwr, Wwr, Wwr
Gg, Gg, Gg, Gg, Gg^Fet, Hhd, Hhd, Hhd, Gs, Gs, Gs, Gg, Gs, Gs, Gs, Gs, Ds, Ww, Ww, Ww, Ww, Ww, Ww, Ww, Ww, Ww, Ww, Ww, Ww, Ww, Ww, Ww, Ww, Ww, Wwr, Wwr, Wwr, Wog, Wog, Wot, Wwt, Wwt, Wo, Wo, Wwr, Wwr, Wwr, Wwr
Ww, Ww, Dd, Ds, Gs^Vh, Gs, Hhd, Gs, Gs, Gg, Gg^Feta, Hh^Fet, Gg, Gs, Gs, Gs, Dd, Wwt, Ww, Ww, Ww, Ww, Ww, Ww, Ww, Ww, Ww, Ww, Ww, Ww, Ww, Ww, Ww, Ww, Ww, Wot, Wot, Wot, Wot, Wwr, Wwr, Wwr, Wo, Wo, Wo, Wwr, Wwr, Wwr
Ww, Ww, Ww, Ss, Gs, Hh^Fetd, Gs, Gg, Gg, Gg, Gg, Gg, Gg, Gs, Gs, Gs, Ds, Wwt, Ww, Ww, Ww, Ww, Ww, Ww, Ww, Ww, Ww, Ww, Ww, Ww, Ww, Wwr, Wwr, Wwr, Wwr, Wwr, Wot, Wwr, Wwr, Wwr, Wwr, Wwr, Wwt, Wwt, Wo, Wwr, Wwr, Wwr
Ww, Ww, Ww, Ww, Gg, Gg, Gg, Gg, Gg, Gg, Gg, Gg, Gg, Gs, Gs, Dd, Ww, Ww, Ww, Ww, Ww, Ww, Ww, Ww, Ww, Ww, Ww, Ww, Ww, Wot, Wot, Wwr, Wwr, Wwr, Wwr, Wwr, Wwr, Wwr, Wwr, Wwr, Wwr, Wwr, Wwt, Ww, Ww, Wot, Wot, Wot
Hhd, Hhd, Hhd, Hhd, Hhd, Hhd, Hhd, Hhd, Hhd, Hhd, Hhd, Hhd, Hhd, Hhd, Hhd, Hhd, Hhd, Hhd, Hhd, Hhd, Hhd, Hhd, Hhd, Hhd, Hhd, Hhd, Hhd, Hhd, Hhd, Hhd, Hhd, Hhd, Hhd, Hhd, Hhd, Hhd, Hhd, Hhd, Hhd, Hhd, Hhd, Hhd, Hhd, Hhd, Hhd, Hhd, Hhd, Hhd
