Wwg, Wwg, Wwg, Wwg, Wwg, Wwg, Wwg, Wwg, Wwg, Wwg, Wwg, Wwg, Wwg, Wwg, Wwg, Wwg, Wwg, Wwg, Wwg, Wwg, Wwg, Wwg, Wwg, Wwg, Wwg, Wwg, Wwg, Wwg, Wwg, Wwg, Wwg, Wwg, Wwg, Wwg, Wwg, Wwg, Wwg, Wwg, Wwg, Wwg
Wwg, Wwg, Ww, Ww, Ww, Ww, Ww, Ww, Ww, Ww, Ds, Dd, Hhd, Gg, Gg, Gs, Gg, Gs, Gg, Gs, Hh, Hh, Hh, Md, Mdd, Hh, Ms, Hh, Gs, Gs, Gg, Ds, Ww, Ww, Ww, Ww, Ww, Ww, Ww, Ww
Ww, Ww, Ww, Ww, Ww, Ww, Ww, Ww, Ww, Ww, Ww, Dd, Gg, Gg, Gs, Gg, Gg, Gg, Gg, Hhd, Hhd, Hh, Mdd, Mdd, Md, Ww, Hhd, Hhd, Gs, Gg, Gg, Dd, Ww, Ww, Ww, Ww, Ww, Ww, Hh, Hh
Ww, Ww, Ww, Ww, Re, Rrd, Re, Re, Ww, Ww, Dd, Gg, Gs, Gg, Gs, Gg, Gg, Hhd, Gg, Gg, Gs, Hhd, Hhd^Vda, Hh, Hh, Hhd, Hhd, Hhd, Gs^Vha, Gg^Ftd, Gg^Fts, Ss, Ww, Ww, Ww, Ww, Ww, Ww, Dd, Dd
Ww, Ww, Ww, Ds, Gg, Gg, Rr, Rra, Rr, Rrc, Rra, Gs, Gg, Gg^Fpa, Gs, Gg, Gs, Gg, Gg, Hhd, Gg, Gg, Hhd, Hhd, Hh, Hhd, Ww, Ww, Ds, Gs, Hh^Fpa, Hh^Fts, Ww, Dd, Ww, Ww, Ww, Gs^Fts, Gg, Gg
Ww, Ww, Ww, Ww, Hhd, Rra, Rra, Rra, Rrc, Rrc, Gs, Gg, Hh^Vda, Hh^Ftr, Hh^Ftd, Gg, Gg, Gg, Gs, Gs, Gg, Gg, Gg, Gs, Gs, Hhd, Hh, Ww, Ds, Gg, Gs^Ftd, Gs^Ftp, Dd, Gg, Ce, 2 Ke, Cf, Gg^Ftr, Gg^Fp, Gg^Fp
Ds, Ds, Dd, Hhd^Vd, Ds, Rrd, Rra, Rrc, Gg, Rr, Rrc, Rrc, Gg, Gs^Fts, Hhd, Gs, Gs, Gs, Gg, Gg^Ftp, Gs, Gs, Gg, Gg, Gs, Gg, Gg, Dd, Ds, Dd, Hh^Fpa, Gg^Ftr, Gg, Rr, Rra, Ce, Ce, Gs^Ftd, Gg^Fpa, Gg^Fpa
Gs, Gs, Hhd, Gg^Fpa, Gs, Gs, Rrd, Hh, Rr, Rr, Rrd, Rr, Gg, Hhd, Gs, Gs^Fts, Gg, Gs, Hh^Vda, Gs, Gg, Gs, Gg, Gs, Gg, Gs, Gs, Gg, Ww, Ww, Dd, Dd, Rr, Rrc, Rrc, Gg^Ftp, Hhd, Gg, Gg, Gg
Gg, Gg, Hh^Fp, Hhd, Gs, Gg, Gs, Gs, Gg, Gg, Rrc, Rrc, Gg, Hh^Fpa, Gs, Gg^Ftd, Gg, Gs, Hhd, Gg, Gg, Gs, Gg, Gs, Gs^Ft, Gg, Gg, Gg, Gs, Gs^Ftd, Ww, Rra, Rra, Rr, Hh^Ftp, Hh, Hh^Fts, Gg^Ft, Hhd, Hhd
Gg, Gg, Hhd, Hh, Gs, Gs, Gg, Gs^Fp, Gg, Gg, Rrd, Rrc, Hhd, Gg, Hh^Ftr, Gg, Gs, Gg, Gg, Hhd, Hhd, Hhd, Hh, Gg, Gs, Gs^Ft, Gs, Gs, Gs^Vha, Hhd, Rra, Ww, Rr, Dd, Dd, Hh^Vd, Hhd, Gs^Ftr, Gs^Ftr, Gs^Ftr
Hhd, Hhd, Hhd, Gg, Gg, Gs, Gg, Gg, Gg, Gg, Hh^Ftr, Rrc, Hh, Gg, Gg, Gg, Gs, Gs, Gg, Hh, Hh, Hhd, Hhd^Vda, Hh^Fpa, Hh^Ftp, Hhd, Hhd, Gg, Gg, Rr, Rr, Gg, Ww, Ww, Ww, Dd, Gg^Ftr, Dd, Ww, Ww
Mv, Mv, Md, Mm, Hhd, Gg, Gg, Gg, Gg, Gg, Hh^Vd, Hh, Rra, Rr, Gg, Gg, Gg, Gs, Hhd, Hh, Hh, Hhd, Gg, Hhd, Gg, Gs, Hh^Fpa, Rr, Rra, Gg, Gg, Gg, Dd, Ww, Ww, Ww, Gg^Fts, Dd, Ww, Ww
Mv, Mv, Mdd, Hh, Gg, Gg, Gg, Gg, Gg, Gg, Gg, Hhd, Gg, Rrc, Gg, Hh^Ft, Gg, Hhd, Hh, Hhd, Hh, Hhd, Gg, Gg^Ftd, Gs^Ft, Rrd, Rrd, Gg, Gg, Gg, Gg^Ftr, Gg^Ftd, Ss, Ds, Ds, Ds, Dd, Gg, Ww, Ww
Md, Md, Ms, Hh, Hh, Gg, Gs, Gg, Gg, Hhd, Gg, Gg, Gg, Rr, Rra, Gg, Gs, Gs, Hhd, Hhd, Gs, Hh, Gs, Rra, Rra, Gg, Gg, Gg, Gg, Gg, Gs, Gg^Ftp, Gg^Ftp, Hh, Ww, Hh, Hh, Hhd, Hh, Hh
Mdd, Mdd, Mm, Ms, Gs, Hhd, Gg, Gs, Gg, Gg, Gg, Gg, Gg, Rrd, Gg, Gs, Hh^Vdr, Gg^Ft, Hhd, Hh, Gg^Fpa, Rrd, Rrc, Hhd, Gg, Gg, Gs, Gg, Hh, Hhd, Hh^Fts, Hhd, Hh, Gs, Hh, Gg^Ftd, Gg^Ftr, Gg, Gs, Gs
Hh, Hh, Ms, Hh^Vdr, Gg, Hhd, Gg, Gg, Hhd, Gg, Gg, Rra, Rrd, Rr, Gg, Gs, Hh, Hhd, Hhd, Rr, Rr, Rr, Gs, Hhd, Gg, Gs, Hh, Hh, Gg, Gg, Gg^Fp, Hhd, Hhd^Vda, Ds, Ww, Ww, Dd, Gg^Fp, Hhd, Hhd
Gs, Gs, Gs, Gg^Fp, Gg, Hh, Gs^Fts, Gs, Hh^Vd, Gg^Fts, Gg, Rr, Rr, Rr, Hh, Gs, Hh, Rrd, Rrc, Rrd, Rr, Gg, Rrd, Rra, Gs, Gg, Hhd, Gg, Hhd, Gg, Gs^Ft, Gg^Ftd, Hh^Ftr, Gs, Ww, Ww, Dd, Gg, Gg, Gg
Gs, Gs, Gg^Fp, Gs^Fts, Hh, Hhd, Gg, Gg, Gs, Gs, Gs, Rra, Gg, Rrc, Hh, Rr, Rrd, Rrd, Rr, Rr, Rr, Rr, Rra, Rr, Rrd, Gs, Gs, Gg, Hhd, Hh^Fts, Hh^Fts, Hh, Gg^Ftr, Ds, Ww, Ww, Dd, Gs, Gg, Gg
Hh, Hh, Gg, Gs, Gg, Gg^Ftr, Gg, Gg, Rra, Rr, Rrc, Gg^Ftr, Gs, Rra, Rrc, Gg^Fpa, Hh, Gg, Rra, Rrc, Rra, Gg, Rr, Hhd, Hh^Vda, Gg^Ft, Gg^Ftd, Hh, Hh^Ftr, Gg, Gg, Gs, Gs^Ftr, Gs^Ft, Dd, Gs, Dd, Dd, Gs^Ftp, Gs^Ftp
Gs, Gs, Gs, Gg, Gg, Gg, Gg, Gg, Gg, Rra, Rra, Rr, Rrc, Gg, Gs, Hh^Ft, Gg, Gs, Gg, Gs, Rra, Rr, Gg, Hhd, Gg, Gg, Gg, Gg, Gg, Gg, Gs, Gs, Gs, Gs, Gs, Gg, Ww, Gg, Gg, Gg
Gs, Gs, Gs, Cf, Cf, Ce, Gg, Rrc, Rr, Hhd, Gg^Fp, Hh, Gg, Gg, Hh^Vdr, Gg, Hh, Gg, Gg, Gs, Gg, Gs^Fts, Rra, Hhd, Gg^Fp, Gg, Gg, Gg, Gg, Gs, Gs, Gg, Gg, Gs, Gg, Ww, Ds, Gs, Gs, Gs
Hhd, Hhd, Gs, Ce, 1 Ke, Rr, Rrd, Gg, Rra, Rrc, Gg, Gg, Gg, Gg, Gg, Hh, Gg, Gg, Gg^Ftr, Gg, Gg, Gg, Gg, Gg, Hh^Ft, Hhd, Hh^Fp, Gg, Gs, Gs, Gs, Gs, Gg, Hh, Dd, Gs, Dd, Gs, Gs, Gs
Hh, Hh, Gg^Ftp, Rr, Rrc, Gg, Gg, Gg, Gg^Fts, Hh^Vda, Gg, Gg^Ftp, Gg, Gg, Gg, Gg, Gg, Gg, Gg, Gg, Gg, Gg, Gg, Gg, Gg, Gg, Gg, Gg, Gs, Gs, Gg, Gs^Vh, Gs, Dd, Ww, Ww, Gs, Gs, Gs, Gs
Gg, Gg, Gg, Gg, Gg, Gg, Gg, Gg, Hh^Fpa, Gs^Ft, Gg, Gg, Hhd, Gs^Ftp, Gg, Gg, Gg, Gg, Gg, Gg, Gg, Hh, Gg, Gg, Gg, Hhd, Gg, Gs, Gs^Fts, Gs, Gg, Gs^Fpa, Hhd, Gs^Ftp, Hhd, Gs, Dd, Gs, Gs, Gs
Gg, Gg, Gg, Gg, Gg, Gg, Gg, Gg, Hh^Ft, Gg, Gg, Gg, Hhd, Gg, Gg, Gg, Gg, Gg, Gg, Hhd, Gg, Gs^Fts, Gg, Hhd, Hh, Gg, Gg, Gs^Fpa, Gg, Gs, Gs, Hhd, Hh^Fts, Ds, Ww, Gg, Gs^Fts, Hhd, Hh, Hh
Wwg, Wwg, Wwg, Wwg, Wwg, Wwg, Wwg, Wwg, Wwg, Wwg, Wwg, Wwg, Wwg, Wwg, Wwg, Wwg, Wwg, Wwg, Wwg, Wwg, Wwg, Wwg, Wwg, Wwg, Wwg, Wwg, Wwg, Wwg, Wwg, Wwg, Wwg, Wwg, Wwg, Wwg, Wwg, Wwg, Wwg, Wwg, Wwg, Wwg
