Aa, Aa, Aa, Aa, Aa, Aa, Aa, Aa, Aa, Aa, Aa, Aa, Aa, Aa, Aa, Aa, Aa, Aa, Aa, Aa, Aa, Aa, Aa, Aa, Aa, Aa, Aa, Aa, Aa, Aa, Aa, Aa, Aa, Aa, Aa, Aa, Aa, Aa, Aa, Aa, Aa, Aa, Aa, Aa
Aa, Aa, Aa, Md, Hh, Gs^Fts, Gg, Gg, Gg, Ss, Gg, Ww, Ww, Ww, Ww, Ww, Hhd, Hh, Hh, Gs^Ftd, Md, Hhd, Gs, Hh, Gs^Fts, Gg^Fds, Gg, Gs, Hh, Gg, Gg, Gs^Fts, Gg, Gg, Dd, Ww, Ww, Ds, Gs^Eb, Gs^Efs, Hhd, Gg^Fds, Hhd, Hhd
Ai, Ai, Aa, Mm, Gg, Gg^Ft, Gg, Gg, Gg, Gg^Eb, Ww, Ww, Ww, Ww, Hh^Ftp, Gg^Ebn, Gs^Fds, Hh, Hhd, Gg, Gs, Mv, Gg, Hhd, Gg, Hh, Gs, Gs, Gg, Hhd, Gg, Gg, Gg, Ds, Wwg, Gg^Efs, Ww, Dd, Gg^Edb, Gg, Hh^Ftd, Gg, Gg^Fdf, Gg^Fdf
Hhd, Hhd, Mm, Md, Hhd^Vct, Hh, Gg, Gg^Ftd, Dd, Ww, Ww, Ww, Ww, Ww, Gg, Gs^Eb, Hh, Gs^Ft, Hh, Hhd, Gs, Cdr, Cdr, Cd, Gs, Gg, Gs, Gs, Gs, Gg, Gg, Gg, Gg, Gg^Ebn, Gg^Eb, Gg^Edp, Gg^Es, Gs, Gs, Re, Gs^Vc, Mm, Hh, Hh
Hh, Hh, Hh, Gg, Hhd, Hhd, Hhd, Hh^Ftp, Gg, Dd, Ww, Ww, Wwg, Dd, Ss, Gs^Vc, Hh, Gs, Gs, Gg, Hhd, Re, 2 Kd, Cdr, Gg, Gs, Hhd, Gg, Gg, Gg, Gg, Hhd, Gg^Edp, Gg^Efs, Gg^Ebn, Gg^Fdf, Gg, Re, Rr, Gs, Gs, Gg, Gs, Gs
Hh, Hh, Hh, Gg, Hhd, Gg, Gg, Gg^Ftp, Gg, Gg, Gs, Gg, Gg, Gg, Hh^Ftp, Gg, Gg^Fdf, Gs, Gs, Gg, Gs, Rr, Cd, Gg, Gs, Rr, Hh^Fts, Gg^Ft, Hh^Ftr, Gg, Gg, Hh, Gg^Efs, Gs^Fds, Gg, Re, Re, Hhd, Gg^Fts, Gg, Gs, Gg, Gs, Gs
Hhd, Hhd, Hhd, Gg, Gs, Gg, Gs, Hh, Hh^Vc, Gs, Hh, Gs^Fdf, Gs, Gg, Gs, Gg, Gs, Gg, Gg, Gg^Fdf, Gg, Re, Gs, Hh, Gg^Ftp, Re, Gs, Gs, Gg, Rr, Gg, Gg^Ebn, Gg^Edb, Gg^Fdf, Hhd, Rr, Gg^Ftr, Gg, Hhd, Gg^Fds, Gs, Gs, Gg, Gg
Gs^Es, Gs^Es, Gg, Gs, Gs, Gs, Gs^Fdf, Gs, Gg^Fdw, Gs, Hh, Hhd, Gg, Gg, Hhd, Hhd, Hh, Gs^Ft, Gg, Hhd, Hh, Re, Gs, Gs, Re, Rr, Gs^Ftr, Rr, Rr, Rr, Rr, Re, Gg, Re, Re, Gg^Fds, Gs^Fdw, Hhd, Hh^Fds, Gs^Fts, Gg, Gg^Fdf, Hhd, Hhd
Gs, Gs, Gs, Gs, Gg, Gg, Gs, Gg, Gs, Gs^Fds, Hh^Ftr, Hh, Hh, Hh, Hh, Gs, Hh, Gg, Gg^Fda, Hhd, Re, Gg^Ft, Hh^Ft, Gg^Ft, Gg^Fda, Gg, Rr, Gs, Rr, Re, Re, Re, Rr, Rr, Gs, Hh, Gg^Fdf, Gg, Hh^Ftp, Hhd, Gg, Gs, Hh, Hh
Hhd, Hhd, Gg, Gs, Gg, Gg, Gg^Ft, Hh^Fds, Gs^Fda, Gg, Hhd, Gg^Edp, Hhd, Hh^Vct, Mdd, Gs^Ftd, Hh^Fds, Gs, Hh^Fda, Rr, Rr, Hh^Fdf, Gg^Fdf, Gg, Gg, Hh^Fda, Hh, Gg, Re, Re, Re, Re, Rr, Rr, Rr, Gg, Gg^Ftp, Gs, Hhd, Gg^Ft, Hhd, Hhd, Gg, Gg
Gg, Gg, Gs, Gg, Gg^Ftd, Gg^Ftr, Hh, Gs, Gg^Ftp, Gs^Fts, Hhd, Gg^Ftp, Gs^Ftd, Gg, Gg, Hh, Hh, Gs, Gs, Rr, Hh, Hh^Vc, Hhd, Gg, Gs, Gg, Gs, Re, Rr, Gs, Gs, Gs^Efs, Gs^Edp, Hh^Fts, Re, Gg, Hh, Hhd, Gs^Fdw, Gs^Ftp, Gg, Gs, Gg^Fdf, Gg^Fdf
Gg, Gg, Gs, Gg, Gg^Fdw, Gs^Fdw, Gs^Ft, Gs^Ftr, Hhd, Hhd, Mdd, Gg, Mm, Gs^Ftr, Hh, Hh, Md, Hhd, Hhd, Rr, Hhd, Gs, Gg^Fds, Hh^Ftp, Gs, Re, Rr, Gg, Hhd, Gg, Gs^Efs, Gs^Ebn, Gg^Es, Gs, Gs, Gg^Ft, Gg, Gg^Ftd, Gs^Ftp, Gs^Ftp, Gs^Fdw, Gg^Ftd, Hhd, Hhd
Hh^Fts, Hh^Fts, Gg, Gs, Gg, Gs, Gs^Fda, Hh, Ai, Mm, Md, Hh, Hhd, Hh, Gg, Hh^Ft, Md, Hhd, Hh, Re, Gg^Ftd, Gs, Hhd, Re, Rr, Gs, Gs, Gs, Hh, Gg, Hh, Hh, Hh, Gs, Gg, Gg, Gg, Gg, Gg^Fda, Gg, Gg, Gg^Ftd, Gs^Ftd, Gs^Ftd
Gs^Ftp, Gs^Ftp, Gg, Gs^Ftd, Gg^Ebn, Hh, Gg^Vct, Hhd, Ai, Aa, Md, Hhd, Hh, Hh, Gs, Ms, Hh^Vc, Hhd, Hh, Rr, Gg, Gs, Hh, Re, Gs, Gg, Gs, Gg, Hh, Gs^Ft, Hh, Gs, Gg^Ftp, Gg, Gs, Gg, Gg, Gg, Gg^Ftr, Hhd, Gg, Gg^Fds, Gg^Fds, Gg^Fds
Gg, Gg, Gg, Hh^Ftd, Gs, Hhd, Mm, Mm, Aa, Ai, Mm, Hh^Vc, Gg^Fdf, Mdd, Gg, Hhd, Hh, Hh, Gg^Fdf, Re, Gg, Re, Re, Gs^Fds, Gs, Gg, Gs, Gs, Hh, Gg, Gg, Gs, Hh^Ftd, Hh, Gs, Gg^Efs, Gs^Edb, Gs, Gg^Fds, Gg^Fdw, Gs, Gg^Fts, Hh^Fds, Hh^Fds
Gs, Gs, Gg, Gg, Gs, Hhd, Mm, Ww, Ww, Ai, Aa, Ww, Gg, Dd, Hh, Hhd, Gs, Gg, Hhd, Re, Rr, Rr, Hh^Ft, Hhd, Gg, Gs, Gs, Gg^Ftd, Gs, Gg, Gg, Gs, Gg^Fdw, Gg^Ftp, Hh, Hhd, Gs^Ebn, Gs^Ftd, Gs^Eb, Gs, Gg, Gg, Hh^Fts, Hh^Fts
Gg, Gg, Gg, Gg^Fds, Gs, Gg^Efs, Hh, Hh, Ai, Ai, Ai, Md, Ww, Ww, Mm, Hhd, Gg, Gg, Gs, Rr, Re, Rr, Re, Re, Re, Re, Hhd, Gg^Ftr, Hhd, Gs, Gs, Gs, Gg, Re, Re, Hh, Gg^Edp, Gs^Efs, Gg^Ebn, Gs, Gg, Gs, Gg, Gg
Ww, Ww, Ds, Wwt, Ds, Ds, Ww, Ww, Mm, Aa, Ai, Ai, Ai, Hh, Hh, Hhd, Gg, Gg^Ftd, Hh^Ftr, Rr, Rr, Re, Rr, Re, Rr, Rr, Gg, Re, Re, Re, Rr, Re, Rr, Hh, Gg^Fdf, Gg^Eb, Gg^Ebn, Gg^Ft, Gs, Gs, Gg, Gg, Hh, Hh
Ww, Ww, Ww, Ds, Ww, Ww, Ww, Ds, Hh, Ai, Ai, Md, Aa, Md, Ww, Ss, Ds, Dd, Gs, Rr, Gg^Fds, Hh^Fts, Hh^Fdf, Gg, Rr, Re, Rr, Hhd, Gs^Fts, Gg, Gg, Gs, Gs, Gg, Hh, Gg^Fts, Gg, Gg^Ft, Hhd, Gg, Gg, Gg^Ftd, Gs^Edb, Gs^Edb
Ww, Ww, Ww, Ww, Ww, Dd, Dd, Gg^Fdf, Hh^Vca, Mm, Md, Mm, Mdd, Md, Hh, Ww, Ww, Hh^Ftd, Hhd, Re, Gs, Rr, Hhd, Re, Re, Gs^Ftr, Rr, Re, Hhd, Gg, Gg, Gs, Gg, Gg, Hh, Gs, Gs^Ftd, Gs, Gg^Fds, Gg, Hhd, Gs^Eb, Gg^Edp, Gg^Edp
Ww, Ww, Ww, Ww, Dd, Gg^Efs, Re, Rr, Gg^Edb, Gg, Hhd, Hh, Hhd, Hhd^Vc, Gg^Fts, Hh, Ds, Gg^Fda, Hh^Fds, Re, Rr, Ww, Re, Dd, Ds, Dd, Hh, Gg, Re, Rr, Hh^Ftd, Gs^Fts, Hh, Gg, Gs, Gg^Edp, Gg^Eb, Gs^Efs, Gs^Edp, Hh, Gs^Efs, Gg^Eb, Gs^Efs, Gs^Efs
Ww, Ww, Ww, Dd, Dd, Gg^Fds, Gs^Efs, Gg^Efs, Rr, Re, Gs^Edp, Gg^Es, Gg^Eb, Gs^Es, Gs^Edb, Gs^Edb, Ww, Gg^Ft, Gs^Fts, Re, Dd, Ww, Ww, Ww, Wwg, Hh, Hhd^Vc, Gg^Fda, Gg^Fts, Gg, Rr, Rr, Hh^Ftd, Gg, Gs, Gs^Es, Gs^Edb, Hhd, Hh, Gs^Efs, Gs^Es, Gs^Ebn, Gg^Ebn, Gg^Ebn
Hhd, Hhd, Ww, Ds, Gg, Gg^Fds, Gg^Efs, Gg^Efs, Gs, Gg, Re, Re, Gg^Efs, Gg^Edp, Gs^Eb, Gs^Edp, Ds, Gg, Gg, Re, Ds, Ww, Ww, Wwt, Wwg, Ww, Sm, Gg^Es, Gg, Gg, Gg, Gs^Fds, Re, Rr, Gs, Gs, Gg^Es, Hhd, Gg^Eb, Hhd, Hh, Gs^Ebn, Gg^Es, Gg^Es
Gg, Gg, Ds, Ww, Ds, Gs^Vca, Gs^Edp, Gs^Edb, Gs, Gs, Gs^Fds, Hh^Ft, Re, Re, Ds, Ww, Ww, Ww, Ds, Rr, Ww, Ss, Ww, Ww, Ww, Ww, Wwg, Ds, Gg, Gg, Gg, Gg^Fts, Hh^Ftd, Gs, Rr, Rr, Gs, Gs^Fdf, Gs^Edp, Gg^Es, Gg^Edp, Gg^Fts, Gg^Eb, Gg^Eb
Ds, Ds, Dd, Ww, Ww, Ss, Gs^Ebn, Gs^Edb, Gs, Hhd, Gs^Efs, Hh, Gs^Edp, Re, Ww, Ww, Ww, Gs, Hh, Re, Ww, Dd, Ww, Ww, Ww, Ww, Ww, Ds, Gg, Gg, Gg, Gs, Gg, Gg, Gs, Gs, Re, Rr, Gs, Gg^Eb, Gs^Ebn, Gg^Edb, Gg^Fds, Gg^Fds
Ww, Ww, Ww, Ds, Dd, Gg^Ebn, Hhd, Gg^Es, Gs, Gg^Eb, Gg^Edp, Gs^Efs, Gg^Eb, Hhd, Re, Re, Re, Re, Gs, Re, Ds, Ww, Ww, Ww, Ww, Ww, Ww, Ww, Dd, Dd, Gg, Gg, Gg, Gg, Gg, Gg, Gs, Gg, Re, Re, Gg^Edb, Gg^Ebn, Gg^Edp, Gg^Edp
Ww, Ww, Ww, Ww, Ds, Gs^Efs, Gg^Eb, Gg^Fda, Gg^Ebn, Gs^Efs, Gg^Efs, Gs^Edp, Md, Gg, Gs, Ds, Ww, Ww, Re, Rr, Wwt, Ww, Ww, Ww, Ww, Ww, Ww, Ww, Ww, Ds, Gg, Gg, Gg, Gg, Gg, Gg, Gs, Gg, Hhd, Ww, Rr, Gg^Efs, Hh, Hh
Ww, Ww, Ww, Gg, Gs, Gs, Hh, Gg, Gg^Edb, Hhd, Gs^Es, Hhd, Gs^Vc, Gg, Hhd, Gs, Ds, Ww, Ww, Re, Ww, Ww, Ww, Ww, Ww, Ww, Ww, Ww, Dd, Hhd, Gs^Fdf, Gg, Hhd, Gs, Gg, Gs, Gg, Gs^Fda, Ww, Ww, Ww, Hh, Gg^Eb, Gg^Eb
Ww, Ww, Ww, Hh, Hh, Hhd, Gs, Gg^Vct, Hh, Hh, Hh, Hhd, Gg^Ftr, Md, Gg, Gs, Gs, Gg, Ww, Ww, Rr, Re, 1 Kd, Ww, Ww, Ww, Ww, Dd, Hh^Vca, Gg, Gg, Gg, Hh, Gg, Gg, Gg, Gg, Dd, Ww, Ww, Ww, Ds, Gg, Gg
Ww, Ww, Ww, Ww, Md, Md, Mm, Gg^Fts, Gg^Fda, Hh, Hh, Hhd, Gg, Gs, Gg, Hh^Fdw, Gs, Gs^Fdf, Ds, Hh^Ftd, Dd, Gg^Ebn, Cd, Ww, Ww, Dd, Ds, Gg^Ftd, Gg^Ft, Gg, Gg^Ft, Gg^Fda, Gg, Gs, Gg, Gg, Gs, Gg, Ww, Ww, Wwg, Ds, Hh, Hh
Hh, Hh, Ww, Mm, Aa, Hh, Md, Gs, Gg^Ftp, Hhd, Hhd, Gs, Gg^Fda, Gs^Ftr, Gs, Hhd, Gg, Hhd, Hhd, Ds, Ww, Dd, Hh^Ftd, Gg^Fda, Ss, Hh^Ftr, Hh^Fts, Gg^Fds, Gs^Fda, Gs^Fdw, Gs^Fdf, Gg, Gg, Gs, Gs, Gg, Gg, Gg, Ww, Hh, Gg, Hhd, Gs, Gs
Aa, Aa, Aa, Aa, Aa, Aa, Aa, Aa, Aa, Aa, Aa, Aa, Aa, Aa, Aa, Aa, Aa, Aa, Aa, Aa, Aa, Aa, Aa, Aa, Aa, Aa, Aa, Aa, Aa, Aa, Aa, Aa, Aa, Aa, Aa, Aa, Aa, Aa, Aa, Aa, Aa, Aa, Aa, Aa
