Gs^Ftd, Gs^Ftd, Gs^Ftd, Gs^Ftd, Gs^Ftd, Gs^Ftd, Gs^Ftd, Gs^Ftd, Gs^Ftd, Gs^Ftd, Gs^Ftd, Gs^Ftd, Gs^Ftd, Gs^Ftd, Gs^Ftd, Gs^Ftd, Gs^Ftd, Gs^Ftd, Gs^Ftd, Gs^Ftd, Gs^Ftd, Gs^Ftd, Gs^Ftd, Gs^Ftd, Gs^Ftd, Gs^Ftd, Gs^Ftd, Gs^Ftd, Gs^Ftd, Gs^Ftd, Gs^Ftd, Gs^Ftd, Gs^Ftd, Gs^Ftd, Gs^Ftd, Gs^Ftd, Gs^Ftd, Gs^Ftd, Gs^Ftd, Gs^Ftd, Gs^Ftd, Gs^Ftd, Gs^Ftd, Gs^Ftd, Gs^Ftd, Gs^Ftd, Gs^Ftd, Gs^Ftd, Gs^Ftd, Gs^Ftd, Gs^Ftd, Gs^Ftd
Gs^Ftd, Gs^Ftd, Gg^Ftp, Gg^Ftp, Hh^Ftr, Hh^Ftd, Gg, Gs, Gg, Gs, Gs, Hh, Hh, Gg, Gs, Gg, Gg, Gg, Gg, Gg, Gg^Fts, Gs^Ftp, Gg^Ftr, Gs, Hh, Gs, Gs, Gg^Ft, Hh^Fts, Gg^Ftr, Gs, Gs, Gs, Hh, Hhd, Gg, Gg, Md, Hh^Fda, Aa, Aa, Ai, Hh, Hhd, Gs, Hh, Hh, Hhd, Gg^Ftr, Gs^Ftp, Hh, Hh
Gs^Fdf, Gs^Fdf, Gg^Fdw, Gg^Fds, Hh^Fds, Hh^Fdw, Gs, Gg, Gs, Gg, Hh^Fts, Hh, Gg, Gs, Gg, Gg, Gg, Gg, Hhd, Gs, Hh^Ftd, Gg^Ft, Gg^Ftr, Gg^Ftp, Hhd, Hhd, Hhd, Gg, Hh^Fds, Hh^Fdf, Gs^Ft, Gg, Hhd, Hhd, Hhd, Hh^Fda, Ms, Hh, Hh, Ai, Ai, Ww, Ww, Md, Md, Mm, Hhd, Gg, Hhd, Hhd, Hh^Ftd, Hh^Ftd
Hh^Ftr, Hh^Ftr, Gs^Ftr, Rr, Hh^Ftp, Hh^Vc, Gs, Gg, Gs, Gg, Gs, Gs^Ebn, Gg, Gg, Gs, Gg, Gg^Edb, Gs^Efs, Gg^Fds, Gg, Gg, Gg, Gg, Gg^Fdf, Gg^Fds, Gs, Gs, Hh^Fda, Gg^Ftp, Hh, Gg, Hh, Gg, Hh, Hh, Gg^Vct, Gs^Fds, Hhd, Hh, Ai, Aa, Hh, Hhd, Hh, Md, Aa, Mm, Cd, Hhd, Hh, Hhd, Hhd
Hh^Ftd, Hh^Ftd, Gs^Ftp, Gs, Rr, Rr, Gs, Gs, Gs, Gg, Gs^Ebn, Gg^Edb, Gg^Eb, Gg, Gs^Ft, Gs, Gg^Edp, Gs^Eb, Gg^Edb, Gg, Gg, Gg, Gg, Hh^Ftp, Gg^Fda, Gg^Ftp, Gg^Fdw, Hh, Hhd, Gg^Fdw, Gg, Gs^Eb, Hhd, Hhd, Hhd, Hhd, Mm, Hhd, Hhd, Md, Ai, Hhd, Ww, Ww, Mm, Aa, Cd, 2 Kd, Cdr, Hh, Gs^Fdf, Gs^Fdf
Gg^Fda, Gg^Fda, Hh, Gg^Ftp, Gs, Hhd, Rr, Rr, Gs, Gs^Fdw, Gs, Gg, Gs, Gg, Gg, Hhd, Gs, Gg, Gg, Gs, Gg, Gs, Hh^Fts, Gg^Ft, Gs^Fda, Gs^Ft, Gs^Fdf, Hh, Hhd, Rr, Hh, Gs^Es, Hh, Hhd, Hh, Hh, Hhd, Hhd, Hh, Md, Mm, Aa, Ww, Ww, Md, Mm, Rr, Cd, Cd, Hhd, Mdd, Mdd
Gs^Fda, Gs^Fda, Gg^Fdf, Gs, Gg^Fdf, Hh^Ftr, Gg, Gg, Re, Hh, Gs, Gg, Ms, Hh^Ftr, Gg^Fdf, Gg, Gs, Gg, Gs, Gg, Gs, Gg, Hhd, Gs, Gs, Gg^Fda, Gg^Fds, Hh^Ftr, Gg^Fds, Re, Gg^Ebn, Gs^Eb, Hhd, Hhd, Hhd, Hhd, Hhd, Gg, Hhd, Ms, Ai, Md, Mm, Md, Md, Hhd, Re, Hh, Hh, Hh, Gg^Fda, Gg^Fda
Gs^Ftd, Gs^Ftd, Gs, Gs^Fda, Gg, Gg, Gg, Gg, Rr, Rr, Gg, Gs, Hh^Vct, Gg, Hhd, Gg, Gs, Gs, Gs, Gs, Hhd, Gg, Gs, Gs, Gg^Fts, Gs^Fdw, Gg^Fts, Gg^Ftp, Gg^Fds, Rr, Gg^Edb, Gs^Edb, Hh, Hh, Hhd, Mv, Hh, Gg, Mm, Hhd, Aa, Hh, Md, Md, Ww, Ww, Re, Hhd, Hhd, Gs, Hh, Hh
Gg^Ft, Gg^Ft, Gs, Gg^Ftp, Gg^Fda, Hhd, Gs, Gs, Gg^Ftr, Hh^Fts, Rr, Rr, Hhd, Gg, Hh^Fdf, Gs^Fts, Hhd, Hhd^Vca, Hhd, Gs^Eb, Gs, Gs, Gg, Gg, Hh^Ftp, Gg, Gg^Ftp, Hh^Fds, Gg^Fdf, Rr, Gs^Edb, Gg^Es, Hhd, Hh, Hh, Hhd, Hhd, Hh, Ms, Mdd, Mv, Aa, Ai, Md, Hhd, Ww, Rr, Md, Aa, Hhd, Hh, Hh
Gs^Ftp, Gs^Ftp, Gs^Fts, Gs, Hhd, Hh^Fts, Gg^Fdf, Hh, Hh, Gg^Ftr, Gg, Gg, Rr, Hh^Fda, Gs^Ft, Hh^Ftd, Gg, Gg^Fdw, Gg^Es, Gg^Efs, Gg, Gg, Gs, Gg, Gg, Gg^Ftr, Gs, Gg^Ftp, Gs, Re, Hh^Fda, Hh, Hh, Hh, Hhd, Hhd, Gs^Es, Gs^Edp, Ms, Mv, Gg, Aa, Gs, Hh, Hhd, Re, Re, Mm, Ai, Aa, Md, Md
Hh^Fts, Hh^Fts, Hh^Ft, Hh^Vca, Gg^Ftd, Hh, Hh, Hhd, Gs, Gg, Gg, Gs, Re, Rr, Gs, Gs, Gg, Gs, Gg, Gg, Gg^Eb, Gs^Edb, Gs, Gg, Gg, Gs, Gg^Efs, Gs, Gg, Rr, Gg, Hh, Gg^Fdf, Mm, Gg^Ft, Hh^Vc, Gg^Edp, Gg^Edp, Gg^Ftd, Gg, Mv, Hh, Hh, Rr, Re, Ww, Ds, Ai, Aa, Ai, Hhd, Hhd
Hh^Fda, Hh^Fda, Hh^Fdf, Hhd, Gg^Ftd, Gs^Ebn, Hhd, Gg^Ftd, Hh^Vct, Hh^Fdf, Gg, Gg, Gs, Gg, Rr, Rr, Md, Hh, Hh, Gg, Gg^Efs, Gs^Efs, Gg^Es, Gg, Gs, Gs, Gg^Ebn, Gg, Gg, Rr, Gs, Gs, Gs, Ms, Mdd, Hh, Gs^Ebn, Gs^Efs, Hh, Gg^Ftp, Ms, Rr, Rr, Hh, Hh, Hhd, Dd, Ai, Ai, Aa, Hh, Hh
Gg^Edp, Gg^Edp, Gg^Efs, Hhd, Hh^Fdw, Gg^Fts, Gs^Efs, Gs^Efs, Gs, Gg, Hhd, Gg, Gg, Gg^Ftr, Gg, Rr, Hh^Fds, Hh, Hhd, Gg, Hhd, Gs, Gg, Gg, Gs, Gs, Gg^Fda, Hh, Hhd, Re, Gg, Hh, Gg, Gs, Mm, Gg^Ftr, Hh, Gg^Efs, Gs^Es, Re, Rr, Gs^Ftd, Hhd, Hhd, Ww, Ww, Aa, Aa, Mm, Aa, Gg, Gg
Gs, Gs, Gs, Gs, Gs, Gg, Gg^Ftr, Gs^Fts, Gs^Ftr, Gg^Ft, Gg, Gg, Gg, Gg, Gs, Hh^Vc, Mdd, Hhd, Gg, Hh, Hh^Fda, Hh, Gg, Gg, Gg, Gs, Hh, Hhd, Gs^Ftp, Rr, Gs, Md, Gg, Gg, Hh^Fts, Mm, Gg, Rr, Re, Gs^Fds, Md, Ms, Mdd, Ww, Mv, Gs^Ftr, Md, Ai, Md, Hh, Mm, Mm
Gs, Gs, Gg, Hh, Gs, Gg, Gg^Fdf, Hh, Gg^Fdf, Gg^Fdw, Gg, Gg, Hhd, Gs^Ftp, Gg^Ftd, Hhd, Re, Rr, Gg^Fts, Gg^Fdf, Gg^Ftr, Gg, Gg, Gg, Gg, Hh, Gg^Eb, Gs^Efs, Gs^Edp, Re, Gg^Efs, Gg^Fds, Hhd^Vct, Gs^Efs, Gg^Ebn, Re, Re, Gs^Efs, Gs^Es, Gs, Gs, Dd, Dd, Md, Gg, Aa, Md, Mm, Hhd, Hh, Hh, Hh
Gs, Gs, Gs^Ftp, Gg, Gs, Hh, Gg, Hh, Gs, Gg^Fdf, Gg^Edp, Gg, Hh, Gg, Gg, Gg, Gs, Gg, Rr, Rr, Hh, Gg^Ftp, Gg, Gg, Gg^Es, Gg^Edb, Gg^Efs, Gs^Ebn, Gg^Eb, Re, Gg^Ft, Gs^Fdw, Gg^Ft, Re, Re, Gs, Gg, Gs, Hh, Gs^Ft, Gs, Gg^Fdf, Ww, Sm, Hh^Fdf, Ai, Hhd, Hh, Hhd, Hhd, Gs^Efs, Gs^Efs
Gg, Gg, Hhd, Gg, Gs^Fda, Hhd, Gg^Fdf, Hh, Gg, Gg^Fdf, Gg^Eb, Gs, Gs, Hhd, Hh^Fds, Gg, Gg, Gg, Gg, Gg, Re, Re, Hhd, Hh^Fda, Hhd, Gg^Edb, Hh, Gs^Edp, Hhd, Re, Hhd, Re, Re, Hh, Hhd, Gg, Gg^Ftd, Hh^Fds, Hhd, Hhd, Hh, Hhd, Dd, Hh^Ftr, Gs^Vca, Mm, Md, Hh, Gs^Ebn, Gs^Ebn, Gs^Es, Gs^Es
Gg, Gg, Gg, Hhd, Hh^Vc, Gg, Hh, Gs, Hhd, Gs^Ebn, Gg^Eb, Hhd^Vct, Gg^Fts, Hhd, Gg, Gg, Gg, Gg, Gg, Gg, Hh^Ftp, Gg, Rr, Re, Gg^Eb, Gg^Efs, Gg^Edp, Gg^Ebn, Hh, Re, Rr, Gg^Eb, Gg^Es, Gg^Efs, Hh, Hh^Fdw, Gg^Fdw, Hhd, Hhd, Gg, Gg, Ds, Ww, Dd, Hhd, Hh, Gs, Gg, Gs, Gs^Es, Gg^Edb, Gg^Edb
Gg, Gg, Gg, Gg, Gg^Edp, Hh, Gs, Gg, Gg^Edb, Gs^Ebn, Gs^Ebn, Gs^Ebn, Gg^Eb, Hhd, Gg, Gg, Gg, Gg, Gg, Gg, Gg^Fts, Gg, Gg, Re, Rr, Rr, Gg^Edp, Re, Rr, Gg^Ebn, Gs, Gg, Gs, Hh, Hh^Ftp, Gs, Hhd, Hh, Gg, Gg, Dd, Ww, Ww, Gs, Gg, Gg, Gg, Gs, Gs, Gs, Gg, Gg
Gg, Gg, Gg, Gg, Gg^Edp, Hh, Hh, Hh, Gg^Ebn, Gg^Efs, Gg^Eb, Gg^Efs, Gg^Edp, Gs, Gs, Gs, Gg, Gg, Re, Re, Gg^Edb, Rr, Rr, Re, Re, Re, Rr, Gg, Gg, Gs, Gg, Gg, Gs, Gg^Ftr, Gg, Gg^Edb, Gg^Fda, Gg, Gg, Ds, Gg, Dd, Dd, Gg, Gg, Gg^Ftr, Gg, Gg, Gg, Gg, Gg^Ftr, Gg^Ftr
Gg, Gg, Hhd, Hhd, Hhd, Gg^Edp, Hhd, Gg^Es, Gg^Edp, Gg^Efs, Gg^Eb, Gs^Efs, Hh, Gg, Gg, Gg, Gg, Gg, Rr, Gg^Eb, Rr, Re, Rr, Rr, Rr, Rr, Gg, Gg, Gs, Gg, Gg, Gg, Gs, Gg, Gs^Es, Gg^Efs, Gg^Ebn, Hhd, Ds, Ww, Ww, Ww, Ww, Hh^Ftp, Hh, Hh, Gg, Gg, Gg, Gg, Hh, Hh
Gg, Gg, Gg, Gg, Gg, Gg^Es, Gs^Efs, Gg^Ebn, Gs^Efs, Gg^Edp, Gg^Es, Gg^Edp, Gg^Fda, Hhd, Gg^Fts, Gg, Gg, Gg, Gg^Es, Gg^Edp, Gg^Es, Rr, Re, Hhd, Re, Rr, Gg, Gg, Gg, Gg, Gg, Gg, Gg, Gg, Gg^Ebn, Gg^Ebn, Gg^Eb, Hh, Dd, Ww, Ww, Dd, Hhd^Vct, Gg, Gg, Gg, Gg, Gg, Gg, Gg, Hh, Hh
Gg, Gg, Gg, Gg, Hh^Ftd, Gg^Fts, Gg^Edb, Gg^Es, Gg^Edb, Gg^Eb, Gg^Es, Gg^Edb, Gg^Ebn, Gg, Gg, Gg^Fdw, Gg, Gg, Gs^Ftr, Re, Re, Dd, Ss, Ww, Re, Re, Gg, Gg, Gg, Gg, Gg, Gg, Gg, Gg, Gg^Es, Gg^Efs, Gg^Edb, Gg^Edp, Dd, Ww, Ww, Dd, Gg, Gg, Gg, Gg, Gg^Ftd, Gg^Ftp, Gg, Gg, Hh^Fts, Hh^Fts
Gg, Gg, Gg, Gg, Gg, Gg, Gg, Gg, Gg, Gg^Ebn, Gg^Ftd, Gg^Edb, Gg, Gg, Gg, Gg, Gg, Rr, Re, Gs, Hh, Dd, Ww, Ww, Ww, Gg, Re, Gg^Ftp, Hhd, Gg, Gg, Gg, Gg, Gg, Gg, Gg^Eb, Gg^Edp, Gg^Edp, Dd, Ww, Ww, Hhd, Gg, Hh^Fts, Gg, Gg, Gs^Ftr, Gg, Gg, Gg, Gg, Gg
Gg^Edb, Gg^Edb, Gg^Eb, Gg, Gg, Gg, Gg, Gg, Gg, Gg, Gs^Fts, Hh, Gg, Gg, Gg, Rr, Rr, Gg^Ftd, Hh, Gg^Ftr, Gs^Fda, Ds, Ww, Ww, Wwg, Dd, Re, Gg, Gg, Gg, Gg, Gg, Gg, Gg, Gg, Ds, Gg^Edp, Ww, Ds, Ww, Ww, Ww, Hhd, Hh, Gg, Gg, Gg^Eb, Gg^Efs, Gg, Gg, Gg, Gg
Gg^Es, Gg^Es, Gg^Edb, Gg, Gg, Gg, Gg, Gs, Gs, Hh^Vca, Hh, Gg^Edb, Hhd, Rr, Re, Gg, Gg, Gg^Ftr, Gs^Ftd, Gg^Fts, Hh^Fda, Hh^Fts, Ww, Ww, Ww, Hhd, Hhd, Dd, Gg, Gg, Gg, Gg, Gg, Gg, Gg, Gg^Edb, Ww, Ww, Ww, Ww, Ww, Ww, Gg, Hh, Gg, Gg^Eb, Hh, Gg^Ftd, Gg^Es, Gg^Edb, Gg^Edp, Gg^Edp
Gg^Edb, Gg^Edb, Gg^Edb, Gg, Gg, Gg, Gs, Hh^Ftr, Gg^Fds, Hh^Fts, Gs, Rr, Rr, Gg, Gg, Gg, Gg, Gg^Fdw, Hh^Fts, Gg^Ftd, Hh^Fdf, Sm, Ww, Ww, Ww, Wwt, Ww, Ww, Hhd, Gg, Gg, Gg, Gg, Gs^Ftp, Gg, Gg^Es, Ds, Wwt, Ww, Ww, Ww, Ww, Dd, Gg, Gg, Gg^Es, Gg^Ftd, Gg^Edb, Gg^Edp, Gg^Ebn, Gg^Edb, Gg^Edb
Gg^Ebn, Gg^Ebn, Gs^Eb, Gg^Ftd, Gg, Gs, Gg, Gs^Fdf, Gg^Fda, Rr, Re, Rr, Re, Gg, Gg, Gg, Gs^Ftr, Gg^Fda, Gg, Hh^Ft, Gg^Fda, Sm, Ww, Ww, Ww, Wwg, Ww, Ww, Ss, Gg, Gg, Gg, Gg, Gg, Gg, Gg^Eb, Sm, Ww, Ww, Ww, Ww, Ds, Dd, Gg, Gs, Gg^Edp, Gg^Edp, Gg^Eb, Gg^Edp, Gg^Edb, Gg^Es, Gg^Es
Gg^Edp, Gg^Edp, Gg^Ftr, Gg, Hh^Fts, Gg^Fdf, Gg, Rr, Re, Hhd, Gs, Rr, Gg, Rr, Gg, Gg, Gg, Gs^Fdw, Gg^Fts, Hhd, Gg, Gg, Ww, Ww, Wwt, Ss, Ds, Ww, Ds, Gg, Gg, Gg, Gg, Gg, Gg, Hhd, Ww, Ww, Ww, Wwt, Ss, Gg, Gg, Gg, Gg, Gs^Edb, Gs^Efs, Gg^Ebn, Gg^Es, Gg^Es, Gs^Efs, Gs^Efs
Gs^Efs, Gs^Efs, Gs^Efs, Gg, Gs, Hh^Fdf, Re, Rr, Gg^Ft, Gg, Gg, Gg, Re, Gg, Gg, Gg, Gg, Gg, Hhd, Gg, Gg, Ww, Ww, Ww, Wwg, Dd, Ds, Dd, Ds, Gg, Gg, Gg, Gg, Gg, Gg^Eb, Hh, Ww, Ww, Dd, Hhd^Vct, Ss, Gg, Gg, Gg, Gs^Ebn, Hhd, Gs^Eb, Gg^Eb, Gg^Edb, Gg^Edp, Gg^Ftp, Gg^Ftp
Gg^Edp, Gg^Edp, Gs^Eb, Re, Rr, Re, Re, Re, Gg^Eb, Gg, Gg^Fdw, Hh, Gg, Gg, Gg, Dd, Gg, Sm, Gg, Dd, Ds, Ww, Ww, Ww, Ww, Ww, Ww, Ds, Gg, Gg, Gg, Gg, Gg, Gg, Sm, Ww, Ww, Ww, Ds, Hh, Gg^Fdw, Gg, Gg, Gs^Es, Hh, Gg^Ft, Gs^Efs, Gg^Edp, Gs^Edb, Gs^Edb, Hhd, Hhd
Gs^Eb, Gs^Eb, Gs, Rr, 1 Kd, Re, Rr, Gg^Edp, Gs^Ftr, Gg^Fdw, Hh^Vc, Hhd, Gg, Gg, Gg, Ww, Ds, Ww, Wwg, Ww, Ww, Ww, Wwg, Ww, Ww, Ww, Ww, Hhd, Gg, Gg, Gg, Gg, Gg, Gg^Ftp, Dd, Dd, Ww, Ww, Ds, Gg, Gg, Gg, Gg, Hh, Gg^Eb, Gg^Es, Gg^Efs, Gs^Efs, Hh, Gg^Es, Gg, Gg
Gg, Gg, Gg, Rr, Rr, Hhd, Gg^Edp, Gs^Fdf, Gs^Ft, Hhd, Hhd, Hh, Hh^Fts, Gg, Dd, Ww, Ds, Ww, Ww, Ww, Ww, Ww, Ww, Ww, Wwt, Ww, Ww, Hhd, Hh, Gg, Gg, Gg, Gg, Gg^Ftr, Hh^Ftp, Gg^Efs, Gg^Ebn, Ds, Ww, Ww, Gg, Gg, Gg^Eb, Gg^Ftd, Gs^Ebn, Gg^Ftd, Hh^Ftp, Gs^Ebn, Gs, Gg, Hhd, Hhd
Gs, Gs, Gs, Gs, Gs, Gs^Ebn, Gg^Ftr, Hh^Ft, Gs^Fdf, Hh^Fdw, Hh^Fdf, Gg, Hhd, Hh, Ds, Ww, Ww, Ww, Ww, Ww, Ww, Gg, Hhd, Hhd, Hhd, Ww, Ww, Gs^Fds, Gg, Gg^Ftp, Gg, Gg, Gg, Gg, Gg, Gg^Es, Gg^Eb, Hh, Gg^Efs, Ww, Ds, Gg^Edp, Gg^Eb, Gg^Edp, Gs^Eb, Gg^Fdw, Gs^Ft, Gs, Gg, Gs, Gs^Fds, Gs^Fds
Hh, Hh, Hh^Fdw, Gs, Gg, Gg, Hh^Ft, Hh^Ft, Gs^Ftd, Gg^Ft, Gs^Ftp, Gg, Hh^Fds, Ds, Ww, Wwg, Ww, Ww, Ww, Wwg, Hh, Gg^Ebn, Gg^Edp, Hh, Hhd, Ww, Ww, Ds, Gg^Fdw, Gg, Gg, Gg, Gg, Gg, Gg, Gs^Ebn, Gg^Edp, Ds, Ww, Gg^Edb, Gg^Ftp, Gg^Ebn, Gg^Edb, Gg^Ebn, Gg, Gg^Ftd, Gg^Ftd, Hh^Fdw, Gs, Gg, Gg, Gg
Gs^Ftd, Gs^Ftd, Gs^Ftd, Gs^Ftd, Gs^Ftd, Gs^Ftd, Gs^Ftd, Gs^Ftd, Gs^Ftd, Gs^Ftd, Gs^Ftd, Gs^Ftd, Gs^Ftd, Gs^Ftd, Gs^Ftd, Gs^Ftd, Gs^Ftd, Gs^Ftd, Gs^Ftd, Gs^Ftd, Gs^Ftd, Gs^Ftd, Gs^Ftd, Gs^Ftd, Gs^Ftd, Gs^Ftd, Gs^Ftd, Gs^Ftd, Gs^Ftd, Gs^Ftd, Gs^Ftd, Gs^Ftd, Gs^Ftd, Gs^Ftd, Gs^Ftd, Gs^Ftd, Gs^Ftd, Gs^Ftd, Gs^Ftd, Gs^Ftd, Gs^Ftd, Gs^Ftd, Gs^Ftd, Gs^Ftd, Gs^Ftd, Gs^Ftd, Gs^Ftd, Gs^Ftd, Gs^Ftd, Gs^Ftd, Gs^Ftd, Gs^Ftd
