Ww, Ww, Ww, Ww, Ww, Ww, Ww, Ww, Ww, Ww, Ww, Ww, Ww, Ww, Ww, Ww, Ww, Ww, Ww, Ww, Ww, Ww, Ww, Ww, Ww, Ww, Ww, Ww, Ww, Ww, Ww, Ww, Ww, Ww, Ww, Ww, Ww, Ww, Ww, Ww
Ww, Ww, Ww, Ww, Ww, Ww, Ww, Ww, Ww, Ww, Dd, Ds, Gg, Gg, Gg, Gg, Gg, Gg, Gg, Hhd, Hh, Hh, Hh, Mdd, Mdd, Hhd, Hhd, Hhd, Gs, Gs, Gg, Ds, Ww, Ww, Ww, Ww, Ww, Ww, Ww, Ww
Ww, Ww, Ww, Ww, Ww, Ww^Bw|, Ww, Ww, Ww, Ww, Ww, Gg, Gg, Gg, Gg, Gg, Gg, Gg, Gg, Hhd, Hhd, Hhd, Mdd, Mdd, Mdd, Ww, Hhd, Hhd, Gs, Gg, Gg, Dd, Ww, Ww, Ww, Ww, Ww, Ww, Dd, Dd
Ww, Ww, Ww, Ww, Re, Re, Ds, Dd, Ww, Ww, Dd, Gg, Gg, Gg, Gg, Gg, Gg, Gg, Gg, Gg, Hhd, Hhd, Hhd^Vdr, Hh, Hh, Hhd, Hhd, Hhd, Gs, Gg^Ftd, Gg^Fts, Dd, Ww, Ww, Ww, Ww, Ww, Ww, Ds, Ds
Ww, Ww, Ww, Dd, Gg, Gg, Rr, Rrc, Dd, Gg, Ss, Gg, Gg, Gg^Fpa, Gg, Gg, Gg, Gg, Gg, Gg, Gg, Gg, Hhd, Hhd, Hh, Hhd, Ww, Ww, Gg^Vhs, Gg, Hh^Fpa, Hh^Vda, Ww, Dd, Ww, Ww, Ww, Ds, Ds, Ds
Ww, Ww, Ww, Ww, Gg, Gs, Gg, Gg, Rr, Rrc, Gg, Gg, Gg, Hh^Vdr, Hh^Ftd, Gg, Gg, Gg, Gg, Gg, Gg, Gg, Gg, Gs, Gs, Hhd, Hhd, Ww, Ss, Gg, Gs^Ftd, Gs^Ftp, Sm, Gg, Ce, 2 Ke, Cf, Gg^Ftr, Gg^Fp, Gg^Fp
Ds, Ds, Ds, Hhd^Vdr, Ds, Gs, Gg, Gg, Gg, Gg, Rr, Rrd, Gg, Gs^Fts, Gs, Gs, Gs, Gs, Gg, Gg^Ftp, Gs, Gs, Gs, Gs, Gs, Gg, Dd, Gg, Dd, Gg, Hh^Fpa, Gg^Ftr, Gg, Rra, Rrc, Cf, Ce, Gs^Ftd, Gg^Fpa, Gg^Fpa
Gs, Gs, Hhd, Gg^Fpa, Gs, Gs, Gs, Gg, Gg^Fp, Gs, Gs, Gg, Rrc, Rr, Gs, Gs^Fts, Gs, Gs, Hh^Vd, Gg, Gs, Gs, Gs, Gs, Gs, Gs, Gg, Dd, Ww, Ww, Dd, Dd, Rr, Gg, Gg, Gg^Ftp, Gg, Gg, Gg, Gg
Hhd, Hhd, Hh^Fp, Hhd, Gs, Gs, Gs, Gs, Gg, Gg, Gs, Gg, Gg, Rra, Gs, Gg^Ftd, Gs, Gs, Gs, Gg, Gg, Gs, Gs, Gs, Gs^Ft, Gs, Gs, Gs, Gs, Gs^Ftd, Ww^Bw\, Rrc, Rrd, Gg, Hh^Ftp, Hh, Hh^Fts, Gg^Ft, Gg, Gg
Hhd, Hhd, Hhd, Hhd, Gs, Gs, Gs, Gs^Fp, Gg, Gg, Gg, Gg^Ftr, Gg, Rra, Hh^Ftr, Gg, Gs, Gs, Gg, Hhd, Hhd, Hhd, Hhd, Hh^Vdr, Gs, Gs^Ft, Gs, Gs, Gs, Rr, Re, Ww^Bw/, Dd, Ds, Dd, Hh^Vd, Hh, Dd, Gs^Ftr, Gs^Ftr
Hhd, Hhd, Hhd, Gg, Gs, Gg, Gg, Gg, Gg, Gg, Hh^Vdr, Rra, Gg, Rr, Gg, Gg, Gs, Gs, Gg, Hhd, Hhd, Hhd, Hhd, Hh^Fpa, Hh^Ftp, Hhd, Hhd, Rra, Rr, Gg, Dd, Gg, Ww, Ww, Ww, Ss, Gg^Ftr, Gg^Ft, Ww, Ww
Mv, Mv, Mv, Gg, Gg, Gg, Gg, Gg, Gg, Gg, Rra, Rrd, Rra, Rrc, Gg, Gg, Gg, Gs, Hh, Hhd, Hhd, Hhd, Hhd, Gg, Hhd, Gs, Hh^Fpa, Rrc, Gg, Gg, Gg, Gg, Ds, Ww, Ww, Ww, Ds, Dd, Ww, Ww
Mv, Mv, Mv, Hh^Vda, Gg, Gg, Gg, Gg, Gg, Gg, Gg, Rrc, Rr, Rra, Gg, Hh^Ft, Gg, Hhd, Hhd, Hhd, Hhd, Hhd, Gg, Gg^Ftd, Gs^Ft, Rrd, Rr, Gg, Gg, Gg, Gg^Ftr, Gg^Ftd, Gg^Fts, Ds, Dd, Ds, Gg, Gg, Ww, Ww
Ms, Ms, Ms, Hh, Hh, Gg, Gg, Gg, Gg, Gg, Gg, Rr, Rrd, Rrc, Gg, Hh^Vda, Hh, Hhd, Hhd, Hhd, Hhd^Vda, Gg, Gg, Rr, Rr, Gg, Gg, Gg, Gg, Gg, Gg, Gg^Ftp, Gg^Ftp, Hh, Ww, Hh^Vda, Gg, Gg, Gg, Gg
Ms, Ms, Ms, Ms, Hh, Gg, Gg, Gg, Gg, Gg, Rra, Gg, Gg, Rr, Gg, Hh, Hh, Gg^Ft, Hhd, Hh, Gg^Fpa, Rr, Rr, Gg, Gg, Gg, Gg, Gg, Gg, Gg, Hh^Fts, Hhd, Hh, Hh, Hh, Dd, Gg^Ftr, Gg, Gg, Gg
Ms, Ms, Ms, Hh^Vdr, Gg, Gg, Gg, Gs, Gg, Gg, Gg, Gg, Gg, Rrd, Gg, Hh, Hh, Hhd, Hhd, Rra, Rr, Gs, Gs, Gs, Gg, Gs, Hh, Hh, Gg, Gg, Gg^Fp, Hhd, Hhd, Dd, Ww, Ww, Ds, Gg^Fp, Gg, Gg
Rra, Rra, Rrd, Gg^Fp, Gg, Gg, Gs^Fts, Gs, Gg, Gg^Fts, Gg, Gg, Gg, Rra, Rrd, Rrc, Hh, Rr, Rr, Hh, Gs, Gs, Gs, Gs, Gs, Gs, Hhd, Hhd, Gg, Gg, Gs^Ft, Gg^Ftd, Hh^Vdr, Gs, Ww, Ww, Gs, Gg, Gg, Gg
Rrc, Rrc, Gg^Fp, Gs^Fts, Gg, Gg, Gg, Gg, Gs, Gs, Gs, Gs, Gg, Rra, Hh, Rrd, Rrd, Rra, Rrd, Rra, Gs, Gg, Gg, Gg, Gs, Gs, Gg, Gg, Hhd^Vda, Hh^Fts, Hh^Fts, Hh, Gg^Ftr, Gs, Ww, Ww, Gs, Gs, Gg, Gg
Rrc, Rrc, Rrc, Gs, Gg, Gg^Ftr, Gg, Gg, Gg, Gg, Gs, Gg^Ftr, Gs, Rra, Rr, Rr, Gg, Rrd, Gg, Rr, Gs, Gg, Gg, Gg, Gg, Gg^Ft, Gg^Ftd, Gg, Hh^Ftr, Gg, Hh, Gs, Gs^Ftr, Gs^Ft, Dd, Dd, Gs, Dd, Gs^Ftp, Gs^Ftp
Gs, Gs, Rra, Rrc, Gg, Rrc, Gg, Gg, Gg, Gg, Gg, Rrd, Rr, Gg, Hh, Hh^Vd, Rrc, Gg, Gg, Gs, Rra, Gg, Gg, Gg, Gg, Gg, Gg, Gg, Gg, Gg, Gs, Gs, Gs, Gs, Gs, Dd, Ww, Gs, Gs, Gs
Gs, Gs, Gs, Rr, Rr, Rrc, Rr, Gg, Gg, Rrc, Rr, Gg, Gg, Gg, Gg, Gg, Gg, Gg, Gg, Gg, Gs, Gs^Fts, Gg, Gg, Gg^Fp, Gg, Gg, Gg, Gg, Gs, Gs, Gs, Gs, Gs, Gs, Ww, Gs, Gs, Gs, Gs
Hhd, Hhd, Gs, Rrc, 1 Ke, Rra, Rrd, Rrd, Rr, Gg, Rrd, Rr, Gg, Gg, Gg, Gg, Gg, Gg, Gg^Ftr, Gg, Gg, Gg, Gg, Gg, Hh^Ft, Gg, Hh^Fp, Gg, Gs, Gs, Gs, Gs, Gs, Gs, Ds, Gs, Dd, Gs, Gs, Gs
Gg, Gg, Gg^Ftp, Rrc, Rr, Gg, Gg, Gg, Gg^Fts, Gg, Gg, Gg^Ftp, Rrc, Rr, Gg, Gg, Gg, Gg, Gg, Gg, Gg, Gg, Gg, Gg, Gg, Gg, Gg, Gg, Gs, Gs, Gs, Gs, Gs, Gs, Ww, Ww, Gs, Gs, Gs, Gs
Gg, Gg, Gg, Gg, Rr, Rrd, Rra, Rra, Hh^Fpa, Gs^Ft, Gg, Gg, Gg, Rrc, Gg, Rra, Gg, Gg, Gg, Gg, Gg, Gg, Gg, Gg, Gg, Gg, Gg, Gs, Gs^Fts, Gs, Gs, Gs^Fpa, Gs, Gs^Ftp, Gs, Dd, Gs, Gs, Gs, Gs
Gg, Gg, Gg, Gg, Rrd, Rrd, Rr, Rr, Hh^Ft, Gg, Gg, Gg, Gg, Gg, Rrc, Gg, Rr, Gg, Gg, Gg, Gg, Gs^Fts, Gg, Gg, Gg, Gg, Gg, Gs^Fpa, Gs, Gs, Gs, Hhd, Hh^Fts, Gs, Ww, Ds, Gs^Fts, Hhd, Hh, Hh
Ww, Ww, Ww, Ww, Ww, Ww, Ww, Ww, Ww, Ww, Ww, Ww, Ww, Ww, Ww, Ww, Ww, Ww, Ww, Ww, Ww, Ww, Ww, Ww, Ww, Ww, Ww, Ww, Ww, Ww, Ww, Ww, Ww, Ww, Ww, Ww, Ww, Ww, Ww, Ww
