Hh, Hh, Hh, Hh, Hh, Hh, Hh, Hh, Hh, Hh, Hh, Hh, Hh, Hh, Hh, Hh, Hh, Hh, Hh, Hh, Hh, Hh, Hh, Hh, Hh, Hh, Hh, Hh, Hh, Hh, Hh, Hh, Hh, Hh, Hh, Hh, Hh, Hh, Hh, Hh, Hh, Hh, Hh, Hh, Hh, Hh, Hh
Hh, Hh, Gg, Gg, Hhd, Hhd, Ww, Ww, Ww, Gg^Fp, Mm, Mm, Aa, Hh, Hh, Mm, Md, Hh^Fmf, Gg^Fmf, Md, Gg, Hh^Fp, Gg, Gg, Gg, Gg, Gg, Gg, Mm, Ms, Md, Ai, Aa, Ai, Aa, Ms, Aa, Aa, Aa, Gg, Gg^Fma, Gs, Gg, Gs, Gs, Gg, Gg
Hh, Hh, Hh, Gg, Hh, Gs, Dd, Ww, Ww, Dd, Gg^Fpa, Dd, Hh, Gg, Gg, Gs^Fma, Gs^Fma, Gg, Gg, Gs, Gs, Gs, Gg, Gg, Gg, Gg, Gg, Gg, Gg, Mm, Mm, Mm, Hhd, Hhd, Mv, Mv, Ms, Dd, Gg, Gg, Gg, Gg, Gg, Gg, Gs, Md, Md
Gg, Gg, Gg, Rrc, Cvr, Cvr, Wwt, Ww, Dd, Ww, Ww, Wwt, Ww, Gg, Gg, Gg, Gs^Fma, Gg, Gg, Gs, Mm, Ai, Gg, Dd, Ww, Gg, Gs, Gg, Gg, Gg, Md, Gg^Fma, Gg, Hh, Gg, Gg, Dd, Ww, Ww, Ww, Gg, Gg, Gg, Gg, Ai, Gs, Gs
Md, Md, Gg, Rrd, 1 Kv, Rrc, Ww, Ww, Ww, Ds, Ww, Ww, Dd, Hhd, Gg, Gg, Gg, Gg, Gg, Gg, Ms, Ai, Gg, Ww, Hh, Hhd^Vd, Gg, Gg, Gg, Gg, Gs, Hh^Fms, Gs, Gg, Gg, Gs, Gg, Dd, Ww, Gg, Gg, Gg, Hh, Hh, Gg, Gs, Gs
Md, Md, Gg, Rrd, Cvr, Gg, Rrc, Rrd, Ww, Gg, Gg, Ds, Gg, Hhd, Hh, Gg, Gg, Gs, Gg, Gg, Md, Mm, Ww, Ww, Ww, Mm, Gg^Fmf, Gg, Gg, Gg, Gg, Gs, Gs, Gg, Gg, Ms, Gg^Vhh, Gg^Fms, Ww, Gg, Gg, Gg, Hhd, Hh, Gg, Ds, Ds
Mm, Mm, Gg, Rrd, Gg^Fp, Gg, Rr, Rrd, Rra, Rrc, Gg, Gg, Gs^Fmf, Gs^Fp, Gg^Fpa, Hhd, Hhd, Gg, Gg, Gg, Hhd, Hh, Aa, Ms, Mv, Hh, Hh^Fma, Gg, Gg, Gs, Md, Gg, Gg, Gg, Gs, Hhd, Hhd, Gg^Fms, Gg, Gg, Gs, Hhd, Dd, Ww, Ww, Ww, Ww
Md, Md, Gg, Rr, Gg^Fpa, Gg, Gg, Rr, Rrc, Rrd, Rrc, Rra, Gs, Gg, Gg, Hh, Gs, Gg, Gg, Gg, Md, Hh, Aa, Mm, Ww, Ww, Gg, Gg, Gs, Mm, Aa, Gs, Gg, Gg, Gg, Gs, Gg, Gg, Gg, Gg, Hhd, Gs, Gg, Wwt, Ww, Md, Md
Gg, Gg, Gg, Rra, Hh, Hh, Gg, Rrc, Gg, Rra, Gs, Gg^Fmf, Rrc, Rrc, Gs, Gs, Gs, Ww, Ds, Mv, Mm, Mm, Hh, Ms, Mm, Hh^Fms, Ds, Gg, Md, Hh, Gg, Gg, Gg, Gs, Ds, Dd, Gg, Gg, Gs, Md, Gs, Gg, Gg, Ds, Ww, Gs, Gs
Gg, Gg, Gg, Rrd, Hhd, Hhd, Hhd, Hh, Rr, Gg, Gg, Hh^Vdr, Gg^Fms, Hh^Fma, Rra, Rra, Dd, Ww, Ww, Mm, Gg, Gg, Mm, Hhd, Ww, Hh, Hhd, Hh, Hhd, Hhd, Hh, Ww, Ww, Ww, Ww, Ww, Gg, Gg, Ms, Ai, Gg, Gg, Gs, Gs, Gg, Gg, Gg
Gg, Gg, Gg, Gg, Md, Aa, Aa, Md, Hhd, Hhd, Ai, Mm, Hh, Hh, Hh, Mm, Rr, Rra, Ww, Gg, Gg, Gg, Hhd, Ww, Ww, Gg, Hhd, Gs, Gg, Gg, Hhd, Dd, Ww, Ww, Ww, Ww, Gg, Gg, Md, Aa, Ai, Ai, Gg, Gg, Gg, Gg, Gg
Gg, Gg, Gg, Gg, Gs, Gs, Ms, Ms, Hh, Mv, Mm, Ms, Mm, Mdd, Mm, Ai, Aa, Gg, Rrd, Rrd, Gg, Gg, Mm, Dd, Dd, Gg^Fma, Hh^Fmw, Hh^Fms, Hhd^Vda, Ms, Mm, Hh, Gg, Ww, Ms, Ms, Mm, Mm, Ai, Ms, Ai, Mm, Hhd, Hhd, Gg, Gg, Gg
Gg, Gg, Gg, Gg, Gg, Gg, Gg, Gg, Mv, Ai, Mdd, Mm, Mv, Ms, Md, Mm, Ms, Gg, Gg, Gg, Rrd, Rr, Aa, Mm, Ww, Ww, Gg, Gg, Hh, Md, Md, Hh, Gg, Ww, Ww, Ms, Mm, Mm, Mm, Mv, Mm, Ms, Ms, Hhd, Hh, Hh, Hh
Gg, Gg, Gg, Gg, Gg, Gg, Gg, Hh^Fms, Gs^Vh, Gg, Gg, Hhd, Hhd, Gg^Vht, Gg^Fpa, Gg^Fms, Md, Ms, Hhd, Gg, Md, Aa, Rrc, Rr, Ww, Ww, Hhd, Hh, Gg, Rr, Gg, Rrd, Ds, Wwt, Ww, Ds, Ds, Dd, Gg, Gg, Gs, Hhd, Hh, Gs, Gg, Hh, Hh
Gg, Gg, Gg, Gg, Gg, Gg, Gg, Gs^Fpa, Gg^Fms, Gg, Gg, Gg, Hh, Gg, Gg, Hh^Fmf, Hh^Fp, Mm, Hh, Gg, Aa, Rrc, Rr, Ww, Rrc, Rrd, Rrd, Rrd, Rrd, Rrd, Rr, Rrc, Mm, Gg, Ww, Ww, Ww, Dd, Gg, Gg, Gg, Gg, Hhd, Md, Hh, Hh, Hh
Gg, Gg, Gg, Mm, Gs, Gg, Gg, Gg, Gg^Fma, Gg, Md, Md, Mm, Gs, Gg, Hhd, Gg^Vha, Gg, Gg, Gg, Rr, Md, Dd, Gs, Mm, Aa, Hh, Gg, Re, Rra, Rrd, Hhd, Hh, Ds, Ww, Ww, Ww, Hh, Hh, Mm, Gs, Gg, Hh, Md, Mm, Mm, Mm
Hh, Hh, Gg, Md, Gs, Gg, Gg, Ms, Gg^Vhs, Hh, Hhd, Ai, Md, Gs, Gs, Hhd, Hhd, Hhd, Gg, Gg, Re, Ww, Ds, Ww, Ww, Wwg, Ww, Wwg, Ww, Mdd, Rra, Rra, Gg, Gg, Gg, Ds, Mm, Mv, Mm, Aa, Gg, Gs, Hh, Hhd, Hh, Mm, Mm
Hhd, Hhd, Gg, Gg, Gg, Aa, Mm, Mm, Ai, Gg, Gg, Gg, Gg, Mm, Mm, Gg, Gg, Mm, Mm, Rra, Rr, Rrc, Ww, Ww, Ww, Ww, Ww, Dd, Ww, Mm, Mm, Rr, Hhd, Ai, Mv, Gg, Gg, Gs, Gg, Hh^Vdr, Gg, Gg, Hh, Hh, Gs^Fmw, Hh^Fma, Hh^Fma
Hhd, Hhd, Gg, Gg, Gs^Vha, Md, Ms, Ms, Ai, Gs, Gg, Gg, Gg, Gs, Md, Gg, Gg, Hh^Fma, Rra, Hh^Vda, Re, Wwt, Ww, Ww, Ww, Ww, Gg, Ds, Ww, Mv, Gg, Rrc, Hh, Ms, Gs, Gg, Gg, Gg, Gg, Mv, Gg^Fpa, Hh^Fmw, Gg, Hhd, Gs^Fp, Gs^Fmf, Gs^Fmf
Gg^Fpa, Gg^Fpa, Hh^Fp, Gg^Fmw, Gg^Fmw, Gg, Hhd, Hh, Aa, Md, Gg, Gg, Gg, Gg, Gs, Gg, Gg, Gg, Rra, Rrd, Ww, Hh, Ww, Ww, Ww, Wwg, Dd, Gg^Fma, Ww, Ww, Ds, Gg, Rr, Rra, Gg, Gg, Gg, Gg, Mm, Gg, Gg, Hhd, Gg, Gg, Gg^Fmw, Gg, Gg
Gg, Gg, Mm, Ms, Gs, Mm, Hh, Hhd, Mm, Mm, Hhd, Hhd, Gg, Ms, Gs, Gg, Gg, Rr, Rra, Hh, Aa, Hhd, Ms, Hhd, Hhd, Gs, Gg, Gg, Dd, Ds, Gg, Mm, Hh, Hhd, Rra, Rrd, Gg, Gg, Gg, Gg, Mm, Hh, Gg, Gg, Gg, Gg, Gg
Gg, Gg, Mm, Aa, Aa, Mm, Gg, Gg, Gg, Mv, Ai, Ai, Md, Ms, Aa, Hh, Hhd, Rra, Hhd, Mv, Aa, Aa, Mm, Mm, Ww, Ww, Gg, Dd, Gg, Gg, Gg, Mv, Ms, Hh, Hh, Hhd, Rr, Rra, Gg, Gg, Ai, Rr, Gg, Gg, Gg, Gg^Fpa, Gg^Fpa
Gg, Gg, Hhd, Md, Mm, Aa, Gs, Gg, Mm, Mm, Gs, Gg, Gg, Hhd, Hh, Hh, Hhd, Rrc, Gs, Mm, Hh, Aa, Mm, Hhd, Hh, Dd, Ww, Ww, Gg, Hhd, Gs, Hh, Mm, Gs, Hh, Gs^Fmf, Hh, Hh, Rrc, Rr, Rrd, Rra, Rr, Gs, Gg, Hh^Fma, Hh^Fma
Hh, Hh, Hhd, Mm, Mm, Mm, Gg, Hhd, Ms, Gs, Gg, Gs, Gg, Hhd, Hhd, Rrc, Rrd, Dd, Hh, Hh, Hhd, Aa, Hhd, Hh, Hh, Ds, Hhd, Hh, Hhd, Gs, Hh, Hhd, Hhd, Hh, Gg, Gg^Fp, Hh^Fpa, Gg^Fms, Rra, Gg, Rrc, Hhd, Hh, Hh, Gg, Gg, Gg
Gg, Gg, Gs, Gs, Gg, Hhd, Mm, Hh, Gg, Gg, Gg, Hhd, Mm, Mm, Hh, Rra, Dd, Ww, Ww, Hh, Hhd, Hh^Vd, Mv, Mm, Hh, Hh, Ww, Hh, Gg, Gs, Gg, Hhd, Hhd, Gg, Gg, Hhd, Gs^Fma, Ww, Rr, Gs, Mm, Mm, Gg, Gg, Gg, Gg, Gg
Hhd, Hhd, Gg, Gs, Gg, Hh, Mm, Hh, Gg, Gg, Gs, Hhd, Hhd, Rrc, Rrd, Gg, Ww, Ww, Ds, Hhd, Hh, Gg^Fmf, Md, Mm, Dd, Ww, Hhd, Hh, Gg, Gg, Gg, Hh, Gs, Gg, Gg, Hhd, Hh, Ww, Re, Rrd, Hhd, Hhd, Gg, Gg, Gs, Gs, Gs
Ai, Ai, Hhd, Hh, Mm, Md, Mm, Hh, Gg, Rra, Rr, Rrd, Rrc, Ds, Gg, Gs, Ww, Ww, Gg, Gg, Gg^Fpa, Gg, Gg, Ww, Ww, Dd, Aa, Gg, Gg, Gg, Gg, Dd, Ds, Gg, Hhd, Hh, Ww, Ww, Dd, Rra, Rrd, Rrd, Cv, Cv, Mm, Ms, Ms
Md, Md, Mm, Gg, Gg, Hh, Ms, Rrc, Rra, Hh, Hhd, Gs, Gg, Ww, Ww, Gg, Dd, Ww, Gg, Gs, Gg^Fpa, Gs^Vhh, Ww, Ww, Ww, Mv, Gg, Dd, Ds, Ww, Ww, Ww, Ww, Ww, Hhd, Mm, Ww, Gg, Dd, Gg, Rr, Rr, 2 Kv, Cv, Md, Mv, Mv
Gs, Gs, Gg, Rrd, Rrc, Rrc, Rra, Hhd, Md, Mv, Hh, Dd, Wwt, Ww, Ww, Ww, Ww, Ds, Gg, Mv, Mm, Ai, Mm, Ds, Md, Mm, Mm, Dd, Ww, Hh, Mv, Mv, Ms, Aa, Ai, Ms, Mm, Hh, Gg, Gs, Rrd, Gg, Cv, Gg, Ms, Mv, Mv
Gg, Gg, Gg, Gg, Hh, Mm, Hh, Mm, Mm, Mm, Mm, Md, Md, Ms, Ww, Gg, Gg, Gg, Mm, Hhd, Mm, Aa, Md, Ww, Ww, Hhd, Gg, Gg, Ww, Gs, Hhd, Hhd, Ms, Md, Mv, Ai, Gg, Hh, Gg, Hh, Hh, Gg, Gg, Hhd, Mv, Gg^Fma, Gg^Fma
Gg, Gg, Gs, Gg, Mv, Mm, Mm, Gs, Gs, Gg^Fpa, Ai, Mm, Ai, Mv, Md, Mm, Mm, Mm, Hhd, Hhd, Hhd, Md, Mm, Mm, Ww, Hh, Gg, Gg, Gg, Gg, Gg, Hh, Hhd, Mm, Mm, Mm, Gs, Gg, Gg, Gg, Gg, Gg, Hhd, Hh, Gs^Fp, Gg^Fmw, Gg^Fmw
Hh, Hh, Hh, Hh, Hh, Hh, Hh, Hh, Hh, Hh, Hh, Hh, Hh, Hh, Hh, Hh, Hh, Hh, Hh, Hh, Hh, Hh, Hh, Hh, Hh, Hh, Hh, Hh, Hh, Hh, Hh, Hh, Hh, Hh, Hh, Hh, Hh, Hh, Hh, Hh, Hh, Hh, Hh, Hh, Hh, Hh, Hh
