Ms, Mv, Ms, Hhd, Hhd, Gs, Gg, Gg, Gg, Gg, Gg, Gg, Gg, Gg, Gg, Gg, Gg, Gg, Gg, Gg, Gg, Gg, Gg, Gg, Gg, Gg, Gg
Ms, Ms, Ms, Md, Mm, Gs, Gg, Gg, Gg, Gg, Gg, Gg, Gg^Fpa, Gs^Ftp, Hh^Fpa, Gs^Ftd, Gg^Ftp, Ds, Gs, Gs, Gg, Ds, Hh, Hhd, Hhd, Gg, Gg, Gg, Gs, Gg, Gg, Gg, Gg^Fts, Gg^Ftr, Gg^Ftd, Gg, Gg, Gg, Gg, Gg, Gg, Gg
Mv, Mv, Mv, Mdd, Hhd, Gg, Gg, Gg, Gg, Gg, Gg, Dd, Gg, Dd, Gg^Ft, Gs^Ftp, Gs^Ft, Ww, Ds, Dd, Gs, Gs, Ww, Hhd, Hh, Gg, Gs, Gs, Gs, Gg, Gg, Gg, Gg, Gg^Ft, Gs^Ftd, Gg, Gg, Gg, Gg, Gg, Gg, Gg
Ms, Ms, Mdd, Hhd, Hh, Gg, Gg^Vhh, Gg, Gg, Gg, Dd, Ww, Ww, Ww, Gg^Fpa, Gg^Fp, Gg^Ft, Dd, Ww, Dd, Dd, Gg, Dd, Ww, Gs, Dd, Hhd, Gg, Gs, Gs, Gg, Gg, Gg, Gg, Gg, Gg, Gg, Gg, Gg, Gg, Gg, Gg
Hhd, Hhd, Hhd, Hhd, Gg, Gg, Gg, Gg, Gg, Gg, Gg, Ww, Ww, Ww, Hh^Ft, Gs^Fpa, Hh^Ftp, Gs^Ft, Ds, Gg, Ww, Gg, Ds, Ds, Ww, Ww, Hh, Dd, Gg, Gg, Gg, Gg, Gg, Gg, Gg, Gg, Gg, Gg, Gg, Gg, Gg, Gg
Hhd, Hhd, Gg, Gg^Vhh, Gs, Gs, Gg, Gg, Gg, Gg, Ds, Ww, Ww, Ww, Dd, Gg^Fp, Gg^Ft, Gg, Gg, Gg, Ds, Ww, Dd, Gs, Dd, Gg, Ds, Ww, Ss, Gs, Gg, Gg, Gg, Gg, Gg, Gg, Gg, Gg, Gg, Gg, Gg, Gg
Gs, Gs, Gs, Gs, Gg, Gg, Gg, Gs, Gg, Gg, Gg, Ds, Ww, Ds, Hh^Ftr, Gg, Gg, Gg, Gg, Gg, Ww, Ds, Dd, Dd, Gg, Ds, Ww, Ww, Ds, Gg, Gs, Gg, Gg, Gg, Gg, Gg, Gg, Gg, Gg, Gg, Gg, Gg
Gg, Gg, Gs, Gg, Gs, Gs, Gs, Gg, Gg, Gg, Gg, Gg, Ww, Ds, Gg, Gg, Gg, Gg, Gg, Gg, Ds, Ds, Ww, Ds, Gg, Dd, Ww, Dd, Dd, Gg, Gg, Gg, Gg, Gg, Gg, Gg, Gg, Gg, Gg, Gs, Gg, Gg
Gg, Gg, Gg, Gs^Vha, Gs, Gg, Gs, Gg, Gg, Gg, Gg, Gg, Gg, Gg, Gg, Gg, Gg, Gg, Gg, Gg, Gg, Ww, Ww, Gg, Gg, Gg, Dd, Ww, Ds, Dd, Gg, Gg, Gg, Gg, Gg, Gg, Gg, Gg, Gs, Gg, Gg, Gg
Gg, Gg, Gg, Gg, Gg, Gs, Gs, Gg, Gg, Gg, Gg, Gg, Gg, Gg, Gg, Gg, Gg, Gg, Gg, Gg, Dd, Ww, Dd, Gg, Gg, Gg, Gg^Ftr, Dd, Ww, Ww, Dd, Gg, Gg, Gs, Gg, Gs, Gg, Gg, Gg, Gg, Gg, Gg
Gg, Gg, Gg, Gg, Gs, Gg, Gs, Gg, Gg, Gg, Gg, Gg, Gg, Gg, Gg, Gg, Gg, Gg, Gg, Ss, Dd, Ww, Gg, Gg, Gg, Gg, Gg, Ww, Ww, Gg, Dd, Gg, Gg, Gg, Gs, Gs, Gs, Gs, Gg, Gg, Gg, Gg
Gg, Gg, Gg, Gg^Vhh, Gg, Gg, Gg, Gg, Gg, Gg, Gg, Gg, Gg, Gg, Gg, Dd, Gg, Gg, Gg, Dd, Ww, Dd, Ww, Rrd, Gg^Vht, Gg, Gg, Ds, Ww, Ww, Hh^Ftp, Gg, Gg, Gs, Gg, Gs, Gs, Gg, Gg, Gg, Gg, Gg
Gg, Gg, Gg, Gg, Gg, Gs, Gg, Gg, Gg, Gg, Gg, Gg, Gg, Ww, Ww, Ds, Gg, Gg, Gg, Gg^Vhs, Ww, Rrc, Re, Ww, Rrd, Rr, Gg^Ftp, Hh^Ftr, Dd, Ww, Ww, Dd, Gg^Ftd, Gg, Gg, Gg, Gg, Gs, Gg, Gg, Gg, Gg
Gg, Gg, Gg, Cf, Ce, Cf, Gg, Gg^Vhs, Gg, Gg, Gg, Gg, Dd, Gg^Vhs, Sm, Gg, Gg, Gg, Gg, Rrc, Rrc, Dd, Dd, Ww, Gg, Gs^Fts, Rrc, Rra, Gg^Ftd, Ww, Ww, Gg, Gg, Gs, Gs, Gg, Gs, Cf, Gg, Gg, Gg, Gg
Gg, Gg, Gg, Ce, 1 Ke, Rrc, Rra, Rr, Rra, Rr, Rrc, Rr, Rrd, Rr, Rr, Rrc, Rrd, Rrc, Rrd, Hh^Ftp, Gg^Ftr, Gs^Ftp, Ww, Ww, Ww, Ww, Ww, Rp, Gs^Vh, Ww, Ds, Dd, Gg, Gg, Gg, Gs, Ce, 2 Ke, Cf, Gg, Gg, Gg
Gg, Gg, Gg, Gg, Ce, Gs, Gg, Gg, Gg, Gg, Gg^Vha, Dd, Ds, Ww, Ww, Gg, Rrc, Rrc, Gg^Vhs, Gs^Ftp, Gg^Ftp, Ds, Ww, Ww, Ww, Ww, Ww, Rrc, Sm, Ww, Ww, Gg^Vhh, Gg, Rr, Rr, Rrd, Rrc, Cf, Cf, Gg, Gg, Gg
Gg, Gg, Gg, Gg, Gg, Gg, Gg, Gg, Gg, Dd, Ww, Ww, Ww, Ww, Ww, Gg, Gg, Gg, Rra, Rrc, Hh^Fp, Gg^Ft, Gs^Ft, Gg, Ww, Ww, Ww, Ds, Re, Rrc, Ww, Rp, Rrc, Dd, Gg^Vha, Gg, Gg, Gg, Gg, Gg, Gg, Gg
Gg, Gg, Gg, Gg^Vhs, Gg, Gg, Gg, Gg, Gg, Ss, Wwt, Ww, Ww, Ww, Ww, Ds, Gg, Gg, Gg^Ftd, Gg^Ftd, Rrd, Rrc, Hh^Fpa, Gg, Gg, Ds, Ww, Ww, Ds, Ds, Rp, Ww, Ww, Ds, Gg, Gg, Gg, Gg, Gg, Gs^Ftd, Gs^Ftr, Gs^Ftr
Gg, Gg, Gg, Gg, Gg, Gg, Gg, Gg, Gg, Dd, Ww, Ww, Ww, Ww, Ww, Gg, Gg, Gg, Gg, Gg^Ftp, Hh^Fts, Hh^Vd, Rrd, Gs, Gg, Gg, Ds, Ds, Ww, Ww, Dd, Ww, Ds, Gg, Gg, Gg, Gg, Gg, Gg, Gs^Ftr, Gg^Ft, Gg^Ft
Gg, Gg, Gg, Gg, Gg, Gg, Gg, Gg, Gg, Gg, Ww, Ww, Ww, Ww, Ww, Ds, Gg, Gg, Gg, Gs, Gg^Ft, Gg^Ftr, Rra, Gg, Gs, Gg, Gg, Gg, Ww, Ww, Ds, Gg, Ds, Ww, Gg, Gg, Gg, Gg, Gg, Gg^Fts, Gs^Fp, Gs^Fp
Gg, Gg, Gg, Gg^Vhs, Gg, Gg, Gg, Gg, Gg, Gg, Ds, Gg, Ww, Ww, Ww, Ww, Gg, Gg, Gg, Gg, Gg^Fp, Gg^Ftp, Gg^Fpa, Gs, Gg, Gg, Gg, Gg, Ss, Ww, Ww, Gg, Ww, Sm, Gg, Gg, Gg, Gg, Hh^Ftr, Gs^Fp, Gg^Ftd, Gg^Ftd
Gg, Gg, Gg, Gg, Gg, Gg, Gg, Gg, Gg, Gg, Gg, Ww, Sm, Ww, Ww, Gg, Gg, Gs, Gg, Gs, Hhd, Gg^Ftr, Hh^Ftp, Gs, Gs, Hh, Hhd, Hhd, Hh, Ww, Ww, Ds, Ww, Ww, Gg, Gg, Gg, Gs, Gg^Ftd, Gs^Ftr, Hh^Fpa, Hh^Fpa
Gg, Gg, Gg, Gg, Gg, Gg, Gg, Gg, Gg, Gg, Gg, Ww, Ww, Ww, Dd, Gg, Gg, Gg, Gg, Hh, Hh, Hhd, Hhd, Gs, Hhd, Hhd, Mv, Mv, Hhd, Hhd, Ds, Ww, Ww, Ds, Gg, Gg, Gg, Gg, Gg, Hhd, Hhd, Hhd
Gg, Gg, Gg, Gg^Vht, Gg, Gg, Gg, Gg, Gg, Gg, Gg, Ww, Wwg, Ww, Gg, Gg, Gg, Gs, Hhd, Hhd, Hh, Hh, Hh, Hhd, Hh, Mm, Mm, Mv, Hhd, Hhd, Ww, Dd, Ds, Ww, Ww, Dd, Gg, Gg, Gg, Hh, Hhd, Hhd
Gg, Gg, Gg, Gg, Gg, Gg, Gg, Gg, Gg, Gg, Dd, Ww, Ds, Ww, Gg, Gg, Gg, Gs, Gg, Hh, Hh, Hh, Hh, Hhd, Hh, Ms, Mdd, Mm, Hhd, Ww, Dd, Ds, Dd, Gg, Ww, Ww, Ds, Gg, Gg, Hhd, Hhd, Hhd
Gg, Gg, Gg, Gg, Gg, Gg, Gg, Gg, Gg, Gg, Gg, Gg, Ds, Ds, Gg, Gg, Gg, Gg, Gs, Gg, Hhd, Hh, Hh, Hh, Hh, Mm, Md, Mv, Hh, Hhd, Ww, Ds, Gg, Ds, Gg, Ww, Ww, Gs, Gs, Gs, Hh, Hh
Gg, Gg, Gg, Gg, Gg, Gg, Gg, Gg, Gg, Gg, Gg, Gg, Gg, Gg, Gg, Gg, Gg, Gg, Gs, Gg, Hhd, Hhd, Hh, Hh, Hhd, Hhd, Hhd, Hhd, Hhd, Gs, Gs, Gg, Ww, Gg, Gg, Gg, Ds, Dd, Ww, Ds, Hh, Hh
Gg, Gg, Gg, Gg, Gg, Gg, Gg, Gg, Gg, Gg, Gg, Gg, Gg, Gg, Gg, Gg, Gg, Gg, Gs, Gg, Hhd, Hhd, Hhd, Hh, Hh, Hh, Hh, Gs, Gg, Gg, Gs, Gg, Gg, Gg, Gg, Gg, Gg, Gg, Ds, Hhd, Hh, Hh
Ms, Mv, Ms, Hhd, Hhd, Gs, Gg, Gg, Gg, Gg, Gg, Gg, Gg, Gg, Gg, Gg, Gg, Gg, Gg, Gg, Gg, Gg, Gg, Gg, Gg, Gg, Gg
