Gs, Gs, Gs, Gs, Gs, Gs, Gs, Gs, Gs, Gs, Gs, Gs, Gs, Gs, Gs, Gs, Gs, Gs, Gs, Gs, Gs, Gs, Gs, Gs, Gs, Gs, Gs, Gs, Gs, Gs, Gs, Gs, Gs, Gs, Gs, Gs, Gs, Gs, Gs, Gs, Gs, Gs, Gs, Gs, Gs, Gs, Gs
Gs, Gs, Gg, Md, Gg^Fp, Gs^Fmw, Hhd, Gg^Fma, Gs^Fms, Gg, Gg, Gg, Gg, Hh^Fms, Gg, Gs^Fms, Hhd, Hh, Mdd, Mdd, Ai, Ai, Ai, Aa, Aa, Md, Hhd, Hhd, Hhd, Hh, Gg^Fpa, Gg, Ww, Ww, Ww, Ww, Ww, Ww, Gg, Hh^Fms, Hh^Fma, Gg, Gg, Gg, Gg, Gg^Fmw, Gg^Fmw
Mdd, Mdd, Mdd, Gg, Gs, Ms, Gg^Fms, Gg, Gg, Gg, Gg, Gg, Gg, Hh, Gg, Hh, Hh^Fp, Hh, Mm, Gg, Ai, Ai, Ai, Ai, Aa, Md, Hhd, Hh, Gg, Gg^Fms, Gg, Hh^Fpa, Gg^Fms, Ww, Ww, Ww, Ww, Ww, Dd, Dd, Gg, Gg, Hh, Gg, Gg, Gg, Gg
Ai, Ai, Mv, Rra, Cv, Cvr, Hhd, Gg, Gg, Gg, Hh^Fp, Hh^Fms, Gg, Gg, Gg, Hhd, Hhd, Gs^Fpa, Hh^Vdr, Gg, Md, Aa, Ww, Ww, Ai, Hh, Gs, Gg^Fms, Hh, Gg^Fmf, Gg, Gs^Fmf, Ds, Gs^Fma, Dd, Ww, Dd, Ww, Ww, Ds, Hhd, Gg, Gg, Gg, Gg, Gg, Gg
Ai, Ai, Aa, Cvr, 1 Kv, Rr, Rra, Rra, Gg, Gg, Gg, Gg, Gg, Rrd, Gg, Rra, Gg, Gs^Fp, Hh, Mm, Mv, Ww, Aa, Aa, Ai, Mm, Mdd, Hhd^Vda, Hh, Hh^Fms, Hh^Fms, Hh, Gg^Fp, Gg, Gg, Dd, Ds, Dd, Ds, Hhd, Gg^Fpa, Gg, Gg, Gg, Gg, Gg, Gg
Ai, Ai, Mv, Hh, Cvr, Mm, Mv, Hh, Rrd, Rrc, Gg, Rrd, Rrd, Gg^Fpa, Rr, Rrc, Gg, Hhd, Hh, Md, Mdd, Ds, Ai, Aa, Mv, Mdd, Hhd, Gs^Fp, Gs, Gg, Gs^Fma, Hh^Fmw, Gg, Gg, Gg, Hh, Gg, Gg, Gg^Fmw, Gs^Fmw, Hh^Fma, Gg^Fmf, Gg, Gg, Gg, Gg, Gg
Hhd, Hhd, Gs, Mdd, Hhd, Ms, Mm, Mdd, Hhd, Hhd, Rrd, Rrd, Hh, Hhd^Vda, Gg, Md, Gs, Hh, Mm, Mv, Ww, Mv, Mv, Hh, Hh, Mm, Hh, Gg, Gg, Hhd, Hhd, Gg, Gg, Gg, Gg, Hh, Gg, Gg, Gg, Gg^Fp, Gg, Gs^Fmw, Gg, Gg, Gg, Gg, Gg
Hhd, Hhd, Hh, Gs, Mdd, Mv, Md, Mdd, Md, Hh, Hhd, Rrd, Gg, Ms, Hhd, Gg^Fpa, Gs, Md, Mdd, Mm, Mv, Mdd, Mv, Mm, Mm, Mm, Gg, Gg, Gg, Gg, Gg, Gg, Gg, Gg, Gg, Hh^Fp, Hhd, Gg, Hhd, Gs^Fmw, Gg, Gg, Gg, Gg, Gg, Gg, Gg
Hhd, Hhd, Gg, Hhd, Mv, Hh, Hh, Hh, Hh, Rrd, Gg, Rra, Hh, Md, Hhd, Ms, Md, Mdd, Mdd, Hh, Ww, Dd, Md, Hh, Gg, Md, Gg, Gg, Gg, Gg^Fmf, Gg, Gg, Hh^Fpa, Gg^Fmw, Gg, Hh^Fma, Hhd, Gg, Gs, Gg^Fmw, Gg, Gg, Gs^Fms, Gg, Hh, Gg, Gg
Hhd, Hhd, Hh, Hh, Hhd, Hhd, Gg, Gg, Gg, Rrc, Rr, Rrc, Md, Gs^Fpa, Gs^Fma, Hh^Fmw, Mdd, Mdd, Mm, Hh^Vd, Ds, Ww, Hhd, Hhd, Gg^Fpa, Hhd, Hh, Gg, Hhd, Gg^Fms, Ms, Hhd^Vdr, Gs^Fma, Mdd, Gg, Hh, Hh, Gg, Gg, Gg, Gg, Gg, Gg, Gg, Gg^Fp, Hhd, Hhd
Gg^Fmw, Gg^Fmw, Gg, Gg, Gg, Gg, Gg, Gg, Gg, Gg, Rrc, Rr, Hhd, Hh, Gs, Hh^Fmf, Mv, Ms, Mdd, Gg, Gs^Fms, Gg, Ww, Ds, Gg^Vha, Gg, Hh, Hhd, Ms, Ms, Mm, Hh, Hh, Hh, Hh, Gg, Hhd, Hhd, Gg, Gg, Gg, Gg, Gg, Gg, Hhd, Gg, Gg
Hh, Hh, Gg, Gg, Gg, Gg, Gg, Gg, Hhd, Hh^Fmw, Gg, Rrc, Hhd, Hhd^Vda, Gg, Gg^Fp, Ms, Mm, Hhd, Gs^Fma, Gs, Mm, Hhd, Hh^Fma, Md, Hhd, Hh, Mv, Mv, Mdd, Ms, Hhd, Hhd, Gg, Gg, Gg, Hh, Hhd, Gg, Gg, Gg, Gg, Gg, Gg, Gg, Hhd, Hhd
Gg, Gg, Gg, Gg, Gg, Gg, Gg, Gg, Gg, Gg^Fmf, Gg, Rrd, Gg^Fms, Ms, Hh, Md, Md, Mv, Mv, Ms, Mv, Hh, Ww, Ww, Hh, Mm, Md, Mdd, Hh, Ms, Ms, Mv, Gg, Hh^Fmf, Gg, Gg, Hh, Hhd, Hh, Hh, Gg, Gg, Gg, Gg, Gg, Hhd, Hhd
Hh, Hh, Hhd, Gg, Gg, Gg, Hh^Fms, Gg^Fp, Hh^Fma, Gg^Fma, Gg, Rrc, Mdd, Ms, Hhd, Mdd, Mm, Ms, Md, Mm, Hhd, Hhd, Hh, Hhd, Ww, Ww, Ms, Md, Mdd, Mv, Ms, Gg^Fms, Mv, Hhd, Gg, Gg, Hhd, Hh, Hhd, Hhd, Gg, Gg, Gg, Gg, Gg, Hhd, Hhd
Hh, Hh, Hh, Gs^Fmw, Gg, Gg^Fms, Gs^Fmw, Gg^Fma, Hhd, Hhd, Mv, Rrc, Hh, Hh, Hh, Md, Mdd, Mm, Hhd, Mdd, Hhd, Gg, Gg^Fms, Hhd, Ww, Ww, Ww, Md, Md, Ms, Mm, Md, Hhd, Hhd, Hh, Hh, Gg^Fp, Hh, Gg, Gg^Fms, Gg^Fp, Gg^Fp, Hhd, Hhd, Gg^Fpa, Hh, Hh
Hh, Hh, Gg, Hh^Fma, Gg, Gg^Fma, Gs^Fms, Hh^Fp, Hhd, Hhd, Hh, Rr, Hhd, Hhd, Hhd, Mdd, Mv, Mdd, Gs, Gg, Hh, Hhd, Mdd, Gg, Hh, Gs, Dd, Hh, Mv, Hhd, Hh, Hhd, Hh, Hh, Hh, Hh, Gg, Hhd, Hh^Fp, Hh^Fmw, Hh^Fpa, Ms, Mm, Gg, Gg, Gs, Gs
Mm, Mm, Hh, Gg, Hhd^Vd, Hhd, Hh, Gg^Fpa, Ms, Md, Hhd, Rra, Hhd, Hhd, Hh, Md, Md, Hh, Mdd, Hhd^Vdr, Hhd, Hh, Gs^Fms, Gs, Gs^Fmw, Mv, Ww, Hhd, Md, Hhd, Hh, Gg, Gg, Gs, Gg^Fp, Hhd, Gg, Gg, Hh, Gs, Md, Hhd, Hhd, Gg, Gg, Ms, Ms
Ms, Ms, Mm, Mm, Md, Mv, Hh, Hhd, Gg^Fmf, Hhd, Gs^Fms, Gs^Fmf, Rra, Rrc, Hhd, Mm, Md, Gg, Gg, Gs, Gg^Fp, Hh, Hh, Mm, Hhd^Vda, Hh^Fpa, Ds, Hh, Gg, Gg, Gg, Gg, Gg, Gg^Fmf, Hh, Gg, Gg, Gg, Hh^Fmw, Mv, Hhd, Gs, Mdd, Gg, Mdd, Gs, Gs
Mm, Mm, Md, Ms, Mm, Mv, Mm, Hhd, Gg, Hhd, Rrd, Rrc, Rrd, Hhd, Rrd, Rr, Ms, Mv, Ms, Gg^Fmf, Md, Hhd, Hh, Hh, Hh, Hh^Fmw, Ww, Ww, Gg, Gg, Gg, Gg, Gg, Hhd, Hhd, Gg, Gg, Gg, Gg, Md, Hhd, Mv, Ms, Ai, Ai, Ai, Ai
Mdd, Mdd, Mdd, Mm, Mdd, Ms, Mv, Mv, Hh^Vd, Rra, Rrd, Hhd, Rrd, Rr, Hh^Fma, Hhd, Rrd, Rra, Rr, Rr, Hhd, Gg, Hh, Hhd, Gs^Fp, Hh, Dd, Gg, Hh^Fpa, Gg, Gg, Gg, Gg, Gg, Hhd, Gg, Hhd, Gg, Hh, Mv, Md, Gg, Mdd, Aa, Ai, Ai, Ai
Mm, Mm, Ms, Gg, Hhd, Hhd, Mdd, Mm, Hhd, Gs^Fp, Gs^Fmf, Gg^Fpa, Hh^Fp, Hhd, Rr, Rrc, Rra, Gg, Gg, Rra, Rr, Rrc, Gg, Gg, Hh, Ds, Ww, Hh, Gg, Gg, Gg, Gg, Gg, Rrd, Gg^Fmf, Hh^Fma, Hhd, Hh^Fma, Gg, Mv, Md, Md, Mm, Ai, Aa, Aa, Aa
Hhd, Hhd, Gg, Mv, Md, Mm, Md, Hhd, Hhd, Gg^Fma, Gg^Fmw, Gg^Fp, Gs^Fma, Hh^Fms, Hh, Gs^Fms, Gg^Fmw, Rrd, Rr, Gg, Gg, Gg, Rra, Rr, Gg, Ww, Ww, Gg, Hh, Rrd, Rr, Rrc, Rrc, Rr, Rra, Rrd, Gg, Gg, Hhd^Vd, Hh, Mv, Ms, Ai, Aa, Ai, Aa, Aa
Mv, Mv, Ms, Ms, Mm, Md, Mm, Mv, Gg^Fp, Gg^Fms, Gg^Fmf, Gg^Fp, Hh^Fma, Gs^Fpa, Hh^Fmf, Rrc, Rrc, Gg, Gg, Hhd, Hhd, Gg, Gg, Gg, Re, Rra, Rrc, Rra, Rrc, Hhd, Gg, Hh^Fpa, Hh^Fmf, Rrd, Rra, Dd, Rra, Re, Gg, Gg, Gg, Hh, Aa, Aa, Ai, Aa, Aa
Ms, Ms, Mdd, Md, Mv, Hhd, Hhd, Hh, Gg, Gg, Gg, Gg^Fms, Gg^Fmw, Rrd, Rr, Hhd, Hh^Fms, Gg, Gg, Gg, Gg, Hh^Fpa, Gg, Ww, Ww, Ww, Gg, Gg, Gg, Gg^Fp, Gg, Gg, Gg, Re, Ww, Ww, Ww, Ww, Rrc, Gg, Hhd, Mv, Aa, Aa, Aa, Ai, Ai
Md, Md, Mv, Ms, Mdd, Ms, Hhd, Hhd, Hh, Gg^Fmf, Gg, Rrd, Rrd, Gs^Fmf, Gs, Gs^Fp, Gs^Fmf, Gg, Gg, Gg^Fp, Gg, Hh, Ww, Ww, Ds, Gg, Gg, Gg, Gg, Hhd, Gg^Fma, Hh^Fpa, Dd, Ww, Ww, Ww, Ww, Wwt, Re, Gg, Gs^Fp, Mv, Hh, Aa, Aa, Aa, Aa
Mdd, Mdd, Mm, Mm, Mm, Mv, Hh, Hh, Gg, Rrd, Rrd, Gg, Hh^Fmf, Gs^Fma, Hh, Gg^Fmw, Gg, Gg, Gg, Gg, Gg, Gg^Fms, Ds, Gg, Ww, Ww, Ww, Gg, Gg, Gg, Gg, Gg, Ww, Ww, Ww, Ww, Ww, Ds, Rrc, Rra, Hhd, Md, Gg, Ai, Aa, Ai, Ai
Hhd, Hhd, Mdd, Md, Mm, Ms, Hhd, Rr, Rr, Gg, Hh^Fms, Gg^Fmf, Gs^Fmw, Hh, Hh, Gg, Gg, Gg, Gg, Gg, Gg, Gg, Gg, Gg, Dd, Dd, Dd, Gg, Gg, Gg, Gg, Ds, Ww, Ww, Ww, Ww, Ww, Gg^Fp, Gg^Fmf, Gg, Rrc, Rra, Cv, Cvr, Ai, Aa, Aa
Rrc, Rrc, Gs, Rra, Gg, Rr, Rra, Hh, Gg, Gg^Fmw, Gs^Fmf, Hh^Fma, Gg^Fpa, Gg^Fmf, Gs^Fp, Gs, Hhd, Gg, Gg, Dd, Dd, Gg^Fmw, Hh, Gg, Ds, Ww, Ww, Gg, Gg, Gg, Hhd, Hhd, Ww, Ww, Ww, Ww, Wwg, Gg, Gg, Gg, Gg, Cvr, 2 Kv, Cv, Aa, Ai, Ai
Rra, Rra, Rra, Rrd, Rra, Ms, Hhd, Hh, Gg, Gg, Gs^Fms, Hh^Fma, Hh^Fpa, Gg^Fma, Gg^Fms, Gs^Fpa, Hh^Fp, Hhd, Gg, Ds, Ww, Dd, Hh, Gg, Hhd, Gg, Gg, Gg, Hhd, Mv, Hh^Vdr, Gg^Fpa, Dd, Ww, Ww, Ww, Ds, Gg, Gg, Gg, Gg, Hh, Cv, Aa, Ai, Ai, Ai
Rr, Rr, Rrc, Mdd, Md, Mdd, Gs^Fmw, Gs, Gg, Gg, Gg, Hh^Fms, Gs^Fma, Gs^Fpa, Gs^Fpa, Hh^Fms, Gg, Gg, Gg, Dd, Ww, Ds, Gg, Hh^Fp, Ww, Ww, Gg^Fms, Gg, Gg, Gg, Hh^Fp, Hh, Gg^Fpa, Ww, Ww, Ww, Dd, Gg, Gg, Gg, Gg, Hhd, Hhd, Aa, Aa, Ai, Ai
Hhd, Hhd, Ms, Mv, Mdd, Hh, Md, Hhd, Gg, Gg, Ms, Gs, Gg^Fmw, Hh^Fmw, Gs^Fmf, Gg^Fmw, Gs^Fpa, Gg, Hhd, Dd, Ww, Ww, Ds, Ww, Gg, Hhd, Hh^Fms, Gg, Gg^Fpa, Gs^Fmf, Gg, Ds, Ww, Ww, Ww, Ww, Dd, Gg, Gg, Gg, Gg, Hhd, Mm, Aa, Aa, Aa, Aa
Gs, Gs, Gs, Gs, Gs, Gs, Gs, Gs, Gs, Gs, Gs, Gs, Gs, Gs, Gs, Gs, Gs, Gs, Gs, Gs, Gs, Gs, Gs, Gs, Gs, Gs, Gs, Gs, Gs, Gs, Gs, Gs, Gs, Gs, Gs, Gs, Gs, Gs, Gs, Gs, Gs, Gs, Gs, Gs, Gs, Gs, Gs
