Ww, Ww, Ww, Ww, Ww, Ww, Ww, Ww, Ww, Ww, Ww, Ww, Ww, Ww, Ww, Ww, Ww, Ww, Ww, Ww, Ww, Ww, Ww, Ww, Ww, Ww, Ww, Ww, Ww, Ww, Ww, Ww, Ww, Ww, Ww, Ww, Ww, Ww, Ww, Ww
Ww, Ww, Ww, Ww, Ww, Gg, Gg, Gg, Gg^Ftp, Gg^Fpa, Gs^Ftr, Gg, Gg, Gs, Gg, Gs, Gg, Ds, Ds, Ds, Gg, Gg, Gg, Gg, Gg, Hh^Fts, Gs, Gg, Gg, Gg, Gs, Rrc, Rrd, Rrc, Gg, Gs, Gg, Gg, Gg, Gg
Dd, Dd, Ds, Gs, Ds, Gs, Gg, Gg, Gg^Fpa, Gg^Ftd, Gs^Fpa, Gg, Gg, Gg, Gg, Gs, Gs, Dd, Ww, Ww, Gg, Dd, Gs, Ds, Gs, Ds, Gs, Gg, Gg, Gg, Gg, Rrc, Rrd, Gs, Gs, Gg, Gg, Gg^Ftr, Gg, Gg
Hh^Fts, Hh^Fts, Gg, Rrd, Gg^Vha, Gg^Ftr, Gg, Gg^Vh, Gg^Ft, Gg^Ft, Gg^Vhs, Gg, Gg, Gg, Gg, Gg, Gs, Gg, Wwt, Ds, Ds, Dd, Ww, Ww, Ww, Gg^Vhs, Hh^Ftp, Gs, Gg, Rr, Rra, Hh^Ft, Rr, Rra, Gs, Ce, Gg, Gg, Gg^Fpa, Gg^Fpa
Gs^Ft, Gs^Ft, Hh^Fts, Gs, Rr, Rrc, Gg^Ftp, Gg, Gg^Fts, Gg^Fp, Gg^Ftr, Gg^Fp, Gg^Ftp, Gg, Gg, Gs, Gs, Wwt, Ww, Gg, Gs, Gg, Dd, Ds, Dd, Gg, Gg, Rrc, Rrd, Gg, Gg, Ss, Ds, Gg^Fp, Rr, 2 Ke, Ce, Gg, Gg, Gg
Gg, Gg, Gg, Gg, Rr, Rra, Rra, Rr, Gg^Ftd, Gg, Gs, Gs, Gs, Gg, Gg, Gs, Ss, Ww, Ds, Gg, Gg, Gg, Gs, Gg, Gg, Rr, Rrc, Gs, Gg, Gg, Gg, Ww, Ww, Dd, Cf, Cf, Cf, Gg, Gs, Gs
Gg, Gg, Gg, Gg, Rrd, Rr, Hh^Vd, Hhd, Rrc, Rr, Gs, Gg, Gg, Gg, Gg, Ds, Ww, Ww, Ds, Gg, Gg, Gs, Gg, Rra, Rr, Rra, Rra, Hh, Gg, Gg, Wwg, Gg, Gg, Gg, Gg, Gg, Gs, Gg, Gg, Gg
Ds, Ds, Hhd, Hh^Fpa, Gg, Gg, Gg, Gs, Gg, Gg, Rrc, Rr, Gg, Gg, Gg, Gg, Ds, Gg, Ds, Gg, Gg, Rra, Rrc, Rr, Rrc, Rrd, Gs, Rrd, Rra, Gg, Dd, Gs, Gs, Gg, Gg, Gs, Gs, Gg, Gs, Gs
Ww, Ww, Ww, Hhd^Vdr, Ww, Ww, Gg, Gg, Gs, Gs, Gg, Gs, Rr, Rrc, Gg, Rrc, Ww, Gg, Gg, Rra, Rr, Gg, Ds, Ww, Rra, Rrc, Rrc, Gs, Gs, Gg, Gg, Gg, Gg, Gs, Gs, Ds, Gg, Gg, Gg, Gg
Dd, Dd, Dd, Ds, Ww, Ww, Dd, Ds, Gs, Gg, Gg, Gs, Gs, Gg, Rr, Rrc, Ds, Rr, Rra, Gg, Gg, Ds, Wwg, Ww, Ww, Ww, Rr, Rrc, Gg, Gs, Gg, Gg, Gs, Ds, Ds, Ww, Gg, Gg, Gg, Gg
Gs, Gs, Gs, Gg, Dd, Gg, Ww, Ds, Gg, Gs, Gs, Hhd, Hh^Vd, Gg^Fts, Gs^Fpa, Rrd, Rr, Rr, Hh, Gg, Gg, Gg, Ww, Ww, Ds, Ww, Dd, Rr, Gg, Gg, Gg, Gg, Gs, Ww, Ww, Gg, Gg, Gg^Fts, Gg^Ftp, Gg^Ftp
Gg, Gg, Gg, Gg, Gs, Dd, Ds, Ds, Gs, Gg, Gg, Hhd, Gg, Rrd, Rrd, Gg^Fpa, Rra, Gg, Gg, Gg, Gg, Gg, Ww, Sm, Dd, Gs, Gs, Ds, Rr, Rr, Gs, Gs, Gs, Gs, Dd, Gg, Gs, Gg^Ft, Gg^Ftd, Gg^Ftd
Gg, Gg, Gg, Gg, Gs, Ww, Ww, Gg, Gs, Gg, Gg, Rrd, Rra, Hh^Ft, Hh^Ftd, Gg^Ftr, Rrc, Gg, Gs, Hh, Gg, Gg, Gs, Hhd, Gs, Dd, Ww, Ww, Gg, Gs, Rra, Rr, Gs, Gg, Gs, Gg, Gg, Gs, Gs, Gs
Gs, Gs, Gg, Gs, Gg, Ds, Dd, Gg, Gg, Rr, Rra, Rrc, Gg, Gs, Gg, Gs, Rrc, Gg, Gg, Hhd, Gg, Gg, Hh, Hh, Ww, Ww, Ww, Ww, Ds, Gs, Gg, Gg, Rr, Rrd, Gg, Gg, Gg, Gg, Gg, Gg
Gs, Gs, Gg, Gs, Gg, Ww, Dd, Rr, Rrd, Re, Re, Gg^Vht, Gs^Fp, Gg, Gg, Gg, Gg, Gg, Gg, Gg, Gs, Gg, Gg, Hh, Gg, Dd, Ww, Ww, Dd, Ds, Ds, Ds, Dd, Rrd, Gg, Gs, Gg, Gg, Gg, Gg
Hh, Hh, Gs, Gs, Gg, Rra, Rra, Rra, Rrc, Ww, Ww, Ww, Rra, Gs, Gg, Gg, Gg, Hh, Hh, Hhd, Gs, Gg, Gs, Gg, Gg, Gg, Ww, Ww, Gg, Ww, Ww, Ww, Ww, Dd, Rr, Rra, Gs, Gs, Gs, Gs
Hh^Ftr, Hh^Ftr, Gg, Gs, Rra, Ww, Ww, Ds, Re, Ww, Ww, Ww, Rrd, Rrd, Gg, Gg, Gg, Hhd, Hhd, Hh, Gs, Gs, Gg, Gg, Gs, Gg, Dd, Wwg, Ww, Dd, Sm, Ss, Ww, Ww, Gg, Ds, Rr, Gg, Gg, Gg
Gg, Gg, Gg, Gg, Rra, Ds, Ww, Ww, Ww, Ds, Ww, Ww, Gg, Gg^Vhh, Rr, Gg, Gg, Hh^Vd, Hhd, Hhd, Hh^Vdr, Hh^Ft, Hh^Ftr, Gg, Gs, Gs^Vhh, Ds, Hh, Dd, Gg, Gg, Gs, Ww, Ww, Ww, Hh^Vd, Gg, Gs, Gg, Gg
Gg, Gg, Gg, Hh, Rrc, Ww, Ww, Dd, Gg, Ds, Dd, Ww, Dd, Gg^Ftd, Gg, Gg, Gg^Ftp, Gg^Fp, Gg^Ft, Gs, Gs, Gg, Gs, Gg, Hh^Fpa, Gs, Gs, Gg, Gg, Gg, Gg, Gs, Dd, Gs, Mm, Hh, Gg, Gg, Gg, Gg
Gg, Gg, Mm, Mm, Rra, Ss, Gs, Ds, Gs, Gg, Ww, Dd, Hh^Fts, Hh^Ftd, Gs, Gg, Hh^Ftr, Gs, Gg^Fts, Ww, Dd, Gg, Gg, Gg, Gg, Gs, Gs, Gs, Gg, Gg, Gg, Gg, Gg, Gs, Mm, Gs, Hh, Gg, Gg, Gg
Gg, Gg, Gg, Rrd, Rra, Cf, Ww, Dd, Gg, Gg, Gg, Gs, Gg^Vhh, Gg^Ftd, Gs, Gs, Hh^Ftp, Gs, Gg, Ww, Ww, Dd, Hhd, Gg, Gs, Gs, Gs, Gs, Gg, Gg, Gs, Gg, Gs, Gs, Gs, Gg, Gs, Gg, Gs, Gs
Gg, Gg, Gg, Rrc, 1 Ke, Ce, Gg, Ww, Gs, Dd, Gg, Gg, Mm, Mm, Gs, Gg, Hhd^Vdr, Dd, Gg, Ww, Ww, Ww, Gs, Gs^Vh, Hhd, Hhd, Gs, Gg, Hh, Hh, Hhd, Gs, Gg, Gg, Gg, Gs, Gg, Gg, Gs, Gs
Gs, Gs, Gs, Rra, Ce, Gg, Dd, Dd, Ww, Ww, Ds, Dd, Dd, Ww, Ww, Ww, Ww, Ww, Ss, Ww, Gs, Ww, Ds, Gg, Gs^Ftp, Gg^Ftd, Gs^Vha, Gg, Hh, Gs, Gs, Gs, Gs, Gg, Gg, Gg, Hhd, Hhd, Gg, Gg
Gs, Gs, Gg, Hh, Gg, Gg, Gs, Gs, Dd, Gg, Ww, Dd, Ds, Ww, Ww, Ww, Wwg, Ww, Wwt, Dd, Gs, Ds, Ds, Gg, Gs, Gg, Gg, Hhd, Gg, Hh, Gs, Gg, Gg, Gg, Gs, Gs, Gg, Hhd, Gs, Gs
Gg, Gg, Gg, Gs, Hh, Hh, Gg, Gs, Gg, Gs, Gs, Ww, Ww, Ds, Ww, Ww, Ww, Ww, Ds, Gg, Gg, Gs, Gg, Gg, Gs, Gg, Gs, Gs, Hhd, Gg, Gs, Gs, Gg, Gg, Gg, Gs, Gg, Gg, Gg, Gg
Ww, Ww, Ww, Ww, Ww, Ww, Ww, Ww, Ww, Ww, Ww, Ww, Ww, Ww, Ww, Ww, Ww, Ww, Ww, Ww, Ww, Ww, Ww, Ww, Ww, Ww, Ww, Ww, Ww, Ww, Ww, Ww, Ww, Ww, Ww, Ww, Ww, Ww, Ww, Ww
