Hh, Hh, Hh, Hh, Hh, Hh, Hh, Hh, Hh, Hh, Hh, Hh, Hh, Hh, Hh, Hh, Hh, Hh, Hh, Hh, Hh, Hh, Hh, Hh, Hh, Hh, Hh, Hh, Hh, Hh, Hh, Hh, Hh, Hh, Hh, Hh
Hh, Hh, Hh, Hhd, Gg, Gg, Gg, Gg, Gs^Fp, Gg^Fmw, Gg^Fds, Hh, Hhd, Mdd, Mdd, Ms, Md, Gs, Gs, Gs^Fdf, Hh^Fdw, Gg^Fdf, Gs^Fdw, Gs, Gg, Gg, Gg, Gg, Hhd, Gs, Gs, Gs^Fdf, Hhd, Hhd, Hh, Hh
Hhd, Hhd, Hhd, Hhd, Hh, Gg, Gg, Gg, Gg^Fms, Gs^Fms, Hh^Fma, Hh, Hhd, Mdd, Mdd, Gg^Fmf, Gg, Gg, Gs^Fma, Gs^Fdf, Gs, Gg, Hh^Fma, Gs, Gs^Fms, Hh, Hh^Fdf, Gg, Gg, Gg, Gs^Fp, Gs, Gg^Fda, Gs, Rrc, Rrc
Hhd, Hhd, Hhd, Hh, Hh, Gs, Gg, Hh, Gs^Fdw, Hh, Hh, Hh, Hh, Hh^Vd, Mdd, Gg, Gg, Ce, Ce, Cer, Gg^Fms, Hh^Fdw, Hhd, Gg, Gg, Gg, Gs^Fmw, Gg, Gg, Gg, Gg^Fds, Hh^Fdf, Rrc, Rra, Rrd, Rrd
Hh, Hh, Hh, Hh^Vda, Hh, Gs, Gs, Hh^Vd, Gg^Fp, Hh, Gs^Fp, Hh, Hh, Hh^Fma, Gg, Gg, Gg, Ce, 2 Ke, Ce, Gg, Hhd, Hhd, Gg^Fmw, Hh^Fma, Gg, Gg^Fds, Gg, Gg, Gg, Hh^Fds, Rra, Rra, Rrc, Rrd, Rrd
Hh, Hh, Hh, Gg, Gs^Fpa, Hh^Fpa, Hh, Mdd, Gg^Fds, Hh, Hh^Vda, Mv, Hh, Hh, Hh, Hh, Gg, Gg, Rrd, Hh^Fds, Gg^Fpa, Gg, Gs^Fdf, Gg^Fda, Gs^Fms, Gg, Gg, Gg, Gg, Rra, Rrd, Gg^Fpa, Rr, Gg, Hh, Hh
Gg, Gg, Gg, Gg, Gs, Hh, Hh, Mdd, Mdd, Ww, Mv, Mv, Ww, Hhd, Hhd, Hh, Hh, Gg, Rrd, Gg^Fmf, Hh^Fdf, Gs^Fds, Gg^Fmw, Gg, Gg, Gg, Gs^Fdw, Rra, Rr, Gg, Gs^Fma, Gs, Gg, Gg, Gg, Gg
Gg, Gg, Gg, Gg, Gg, Gg, Hh^Vda, Ds, Mv, Mv, Mv, Ms, Ms, Ww, Hhd, Hh, Hh, Hh, Rrd, Gs^Fds, Gs, Hh^Fdf, Gg^Fdf, Gg, Gg, Rrd, Rrd, Hh^Fdf, Hh, Gg, Gg, Hh, Hh, Gg, Gs, Gs
Hh^Fms, Hh^Fms, Gg^Fdf, Gg, Gg, Hh^Fds, Gg^Fmf, Re, Ww^Bw\, Hhd, Hhd, Ms, Ms, Hh, Ww, Ww, Hh, Gs, Rra, Gg^Fms, Gs, Gs^Fma, Gg^Fmf, Rrd, Rrd, Gg, Gg, Gg, Hh^Fms, Gs^Fds, Gg, Hh, Hh, Gg, Gs, Gs
Hhd, Hhd, Gs^Fds, Gg, Hh^Fms, Gg^Fda, Ds, Ww^Bw\, Ww^Bw\, Rra, Hhd, Ms, Ms, Gs^Vht, Hh, Hh, Hh, Gs, Rr, Gg, Gs^Fdw, Rrd, Rra, Gg, Gg, Gg, Gg, Gg^Fdf, Gg, Gg, Hh^Fp, Hh, Gg, Gg, Gg, Gg
Dd, Dd, Gg, Ds, Gg^Fmw, Gg^Fma, Hh^Vd, Hh, Gs, Hhd, Rr, Rrc, Gs, Gs^Fpa, Hh, Hh, Ww, Ww^Bw|, Rrd, Rrd, Rrd, Gg, Gg, Gg, Ds, Ww, Ds, Gs^Fmw, Gg, Gg, Gg, Gg, Gg, Gg, Hh, Hh
Ds, Ds, Ww, Ww, Gg, Ww, Ww, Gg^Fdf, Gg^Fmf, Gs^Fp, Gs, Hh, Rra, Rrd, Hh, Hh^Fpa, Ss, Gg^Fda, Ww^Bw|, Ww^Bw|, Gg, Ds, Gg, Gg, Ww, Ww, Ww, Ww, Dd, Gg, Gg, Gg, Gg, Gs^Fda, Hh^Fp, Hh^Fp
Ww, Ww, Ww, Ww, Ww, Ww, Ww, Ww, Ww, Ww, Ww, Hh, Hh, Gg^Fpa, Rrc, Rrc, Gs^Fdw, Gg^Fds, Rr, Gg, Ww, Dd, Gg, Gg, Ds, Gg, Ds, Ww, Gg, Ds, Gg, Gg^Fds, Gg, Gg, Gg, Gg
Gg, Gg, Ds, Ww, Ww, Ww, Ww, Ww, Ww, Ww, Ww, Gg^Fma, Hh, Gs^Fma, Gg^Fmf, Gs^Fdf, Rrc, Rra, Rra, Rra, Dd, Ww^Bw/, Gg, Dd, Gg^Fp, Gg, Ww, Gg, Ww, Ww, Sm, Gg, Gg, Hh^Fpa, Gg, Gg
Ww, Ww, Ww, Gg, Gg^Fp, Dd, Ww, Ww, Dd, Ww, Dd, Gg^Fpa, Gg^Fp, Gg^Fda, Gs^Fma, Gs^Fms, Hh^Fma, Gs^Fma, Rra, Rra, Rrd, Rrc, Ww^Bw\, Ww^Bw|, Gg^Fmw, Ss, Gs^Fma, Gg, Dd, Ww, Ww, Hh^Fma, Gg, Gg^Fdf, Hh, Hh
Ww, Ww, Ww, Gg^Fmf, Hh^Vd, Gg, Gg, Re, Ww^Bw|, Hh, Gs^Fdw, Gs^Fda, Gg^Fms, Gg^Fdw, Gs, Gg^Fp, Gg^Fp, Gg^Fp, Rra, Rr, Rr, Rrc, Rrc, Ww^Bw\, Ww^Bw\, Ww, Ds, Gg, Gg, Gs, Ww, Gg^Fma, Gg, Hh, Hh, Hh
Ww, Ww, Ww, Ww, Ss, Gg, Gg, Gg, Rrc, Rrc, Rrc, Rrc, Hh^Fds, Gs^Fmw, Gg, Gg, Gg, Gg^Fmw, Rrd, Gg, Rrc, Re, Ww^Bw\, Rra, Dd, Dd, Gg, Gs^Fdw, Gs^Fms, Gg, Gg, Gg, Gg, Gs^Fmf, Gs, Gs
Gs, Gs, Ww, Ww, Ww, Ds, Gg, Gg, Hh, Hh, Hh^Fds, Gs^Fp, Rrc, Rra, Gs, Gg^Fds, Gg, Gg, Rr, Gs^Fmf, Gg, Rrd, Rrc, Ww^Bw/, Rrd, Rra, Hh^Fds, Rr, Rra, Rrd, Gg, Gg, Gg, Hh^Fdf, Gs^Fmw, Gs^Fmw
Gs, Gs, Ww, Ww, Dd, Gs^Fms, Gg^Fms, Gg, Gg, Gs, Gs, Gs, Gg^Fda, Gs, Rra, Rr, Gg, Gg^Fdw, Rrc, Rrc, Rrd, Hh^Vd, Ww^Bw/, Ww^Bw/, Ds, Ss, Rra, Rrd, Rra, Gg^Fms, Rr, Rrc, Gg, Gg, Gg^Fma, Gg^Fma
Gg, Gg, Ww, Ww, Gs, Gs, Gs, Gs, Gs, Gs, Gs, Gg, Gg^Fda, Gs^Fmf, Gs^Fds, Gg^Fp, Rra, Rrd, Rrd, Rrd, Rra, Rr, Ds, Hhd, Ww, Ww, Ww^Bw|, Rr, Rrc, Gg, Rr, Gg, Gg, Gg, Gg, Gg
Gg^Fp, Gg^Fp, Dd, Hhd^Vd, Ww, Ww, Gs, Gs, Gs, Gs, Gs, Hhd^Vdr, Gg, Gs, Hhd^Vda, Gg, Gg^Fmw, Cer, Rrc, Ce, Rra, Rr, Gs^Fpa, Gg^Fpa, Ww, Ww, Gg^Fmf, Ss, Rrc, Rrc, Gg, Gg^Fmf, Gg, Gg, Gg, Gg
Mm, Mm, Mm, Mm, Hhd, Ww, Ww, Hh^Fmw, Gs, Gs, Gs^Fms, Hhd, Gg, Gs, Hhd, Gg^Fma, Gg, Ce, 1 Ke, Ce, Hh, Rra, Gg^Fda, Gs^Fmf, Hh^Fdw, Hh^Fdf, Ww, Ww, Gs^Fmw, Dd, Rra, Rr, Gg, Gg, Gg, Gg
Mm, Mm, Mm, Hhd, Hhd, Hhd, Ww, Hhd^Vda, Gg, Gg, Gs^Fds, Hh^Fda, Gg, Gs, Gs, Gs, Gg, Gs, Cer, Gg^Fpa, Hh, Rra, Rr, Hhd^Vda, Hh^Fdf, Mdd, Gg^Vhh, Gg^Fdw, Ww, Ww, Gg, Gg, Rrd, Gg, Gg, Gg
Mdd, Mdd, Mdd, Hhd, Hhd, Hhd, Hhd, Ww, Ww, Gg^Fpa, Hh, Hh, Hh, Hh, Gs, Gs, Gs, Gs, Gs, Gs, Gg^Fmw, Hhd, Rrd, Ms, Mv, Md, Gg, Gg^Fda, Gg^Fdw, Dd, Ds, Gg, Gg, Gg, Gg, Gg
Mdd, Mdd, Mdd, Hhd, Hhd, Hhd, Ww, Ds, Gg, Gg, Gg, Hhd, Hh, Hh, Hh^Fds, Gg^Fdw, Hh^Fp, Gs^Fpa, Hh^Fms, Hh, Ms, Hhd, Ms, Ms, Ms, Hhd, Hh, Gs, Gg, Gg, Ww, Ww, Gg, Gg, Gg, Gg
Hh, Hh, Hh, Hh, Hh, Hh, Hh, Hh, Hh, Hh, Hh, Hh, Hh, Hh, Hh, Hh, Hh, Hh, Hh, Hh, Hh, Hh, Hh, Hh, Hh, Hh, Hh, Hh, Hh, Hh, Hh, Hh, Hh, Hh, Hh, Hh
