Mm, Mm, Mm, Mm, Mm, Mm, Mm, Mm, Mm, Mm, Mm, Mm, Mm, Mm, Mm, Mm, Mm, Mm, Mm, Mm, Mm, Mm, Mm, Mm, Mm, Mm, Mm, Mm, Mm, Mm, Mm, Mm, Mm, Mm, Mm, Mm, Mm, Mm, Mm, Mm, Mm, Mm, Mm, Mm, Mm, Mm, Mm, Mm, Mm, Mm, Mm, Mm
Mm, Mm, Ms, Mv, Gs, Rrc, Rr, Rr, Gg^Fet, Gg^Fet, Gg, Gg, Gg, Gg, Gs, Gg, Gs, Gs^Feta, Gg, Gs, Gs, Gg, Gs, Hh, Gg, Hh^Fet, Gs, Gs^Feta, Gs, Hh^Feth, Hhd, Gs, Hh^Fet, Gs^Fetd, Hh, Hhd, Gs, Gg, Gs, Gs, Hhd, Hh, Gs, Gs, Gs, Gg^Fet, Gs, Gg, Gs, Gs, Ww, Ww
Mdd, Mdd, Mdd, Gg^Fetd, Rr, Rra, Rr, Rr, Gs, Gs, Gs, Gg, Gg, Gg, Gs, Gg^Fetd, Gg, Gg^Feth, Gs, Gg, Gg, Gs, Gg, Hh, Gs^Feta, Gs, Gg, Gs, Gs, Hh^Fet, Hh, Gs, Gg, Gg, Gs^Feta, Hh^Fet, Hh, Gg, Gs, Gg, Gs, Gg^Feth, Gg, Gg, Gs, Gg, Gs, Gs, Gg, Ds, Ww, Ww
Hhd, Hhd, Hhd, Rr, Rrd, Hh, Mdd, Hhd^Vht, Rr, Rrc, Gg, Gg, Gs, Gg, Gg^Fet, Gg, Hh, Hh, Gg, Gg^Fet, Gg, Gs, Gs, Gg, Gg, Gs, Gs, Gs, Gg, Hhd, Gs^Fetd, Gg, Gs, Hh^Feth, Gs^Fetd, Gg^Fetd, Hh, Hhd, Gg^Feth, Gg, Hhd, Gg, Gg, Gg, Gg, Gs, Gg, Ch, Gs, Gs, Ww, Ww
Hhd, Hhd, Hh, Hhd, Hhd, Hhd, Mv, Gs^Feth, Md, Gg^Feth, Rrc, Rra, Gg, Gs, Hh^Vhca, Hh, Gg, Gg, Gs, Gg, Gs, Gg, Gs, Gg, Gg, Gs, Hh, Gg, Gs, Hhd, Gg, Gg, Gg, Hh^Fet, Gg^Feta, Gg^Feta, Gs^Feta, Hh, Gg^Fet, Gs, Gs^Fetd, Gs, Gg, Gg, Gg, Rra, Rrc, 2 Kh, Ch, Gs, Dd, Dd
Mv, Mv, Hh, Hhd, Hhd, Hhd, Mm, Ms, Mm, Mm, Gg, Gs, Rrc, Hh, Gg, Hhd, Gs, Gg, Gg, Gs, Gg^Fetd, Hhd, Gs, Gs, Gg, Gg, Gg, Gs, Gs, Gg, Gg, Gg, Gs, Gg^Fetd, Gs^Feth, Hh, Hh^Feth, Hhd, Hhd, Gg^Feta, Gg, Gs, Hhd, Rrd, Rrc, Hhd, Chw, Chw, Chw, Gs, Gg, Gg
Mdd, Mdd, Mv, Mm, Ms, Hh, Hh, Hh, Hhd, Hhd, Hh, Gg, Rrd, Rra, Gg, Gs, Gs, Gs, Gg^Fet, Hhd, Gg, Rra, Rrd, Gs, Gg, Gs, Gs, Gg, Gs, Gg, Gs, Gs, Gs^Fet, Hh^Feth, Gg^Fetd, Gg^Fetd, Hhd, Gs, Hhd, Gg, Gs, Rra, Rra, Gs, Gg, Gs, Gs, Gs, Gs, Ds, Gg, Gg
Ms, Ms, Mdd, Mdd, Md, Hhd, Hh, Hhd, Hh, Hhd, Hh^Vht, Gg, Gg, Gg, Rrd, Rrc, Gs, Gs, Hh^Feta, Gg^Feta, Rrc, Rr, Rrc, Gg, Gg, Gg, Gg, Gs, Gg, Hh, Gs^Feth, Gg, Gg^Feth, Gs^Fet, Gg^Feth, Gg, Gs, Gg, Gs, Rra, Rr, Gg, Gs, Gg^Fet, Gs, Gg, Gg, Gg, Gg, Dd, Ww, Ww
Mv, Mv, Ms, Ms, Gs, Hh, Hh, Hh, Hhd, Gs^Fet, Hh^Feth, Gg^Fet, Gs, Gg, Gs, Gg, Rra, Rra, Hhd, Hh, Rrc, Rr, Gs, Gs, Gg, Gs, Gs, Gs, Gs, Hh, Hh, Gs^Fetd, Hhd, Hh^Fet, Gg^Fetd, Hh^Fetd, Gs, Rr, Rrd, Gg, Gg, Gg, Gs, Gs, Gs, Gg, Gg, Gs, Gs, Ww, Ww, Ww
Ww, Ww, Ww, Mm, Mv, Hhd^Vhs, Hhd, Gs, Gg, Gs, Hh, Gg^Fet, Gs, Gg, Gg, Gs, Gg, Gs, Rrc, Rrd, Rra, Rrc, Gs, Gg, Gs, Gs, Gs, Gs, Gg, Gg^Feta, Hhd, Gg, Gs, Rra, Rr, Rrd, Rr, Hh, Rra, Rr, Gg, Hh, Gs, Gs, Gg, Gs, Gs, Gg, Gs, Dd, Ww, Ww
Mdd, Mdd, Md, Dd, Hh, Hhd, Gs^Fetd, Gg, Gg, Gs, Gg^Feta, Gs, Gs, Gs, Hh, Gg, Hhd, Hh^Fet, Gs, Gg, Rr, Rr, Gs, Gg, Gs, Gg, Hh, Gs, Hh^Feta, Gg, Gs, Rrd, Rrd, Re, Ds, Hh, Dd, Ww, Ww, Rrc, Hhd, Hh, Gs, Gs, Gg, Gg, Gs, Gg, Gg, Ds, Wwg, Wwg
Mm, Mm, Ww, Ww, Ds, Gg, Hh, Hh, Gs^Fet, Gs, Gs, Gs, Gg^Feth, Gs, Gs, Gs, Gs, Gg, Gs, Gs, Rrc, Rr, Rrc, Gs, Gg, Gg, Hh^Fetd, Hh, Gg, Rra, Rra, Ww, Ww, Ww, Ww, Ww, Ww, Ds, Re, Rr, Gg^Feta, Gg, Gs, Gg^Feth, Hhd, Gg^Feta, Gs, Dd, Ds, Ww, Ww, Ww
Ms, Ms, Ds, Ww, Gg, Hh, Gg, Gs^Fet, Gs^Feta, Gg^Feta, Gg, Gs^Fet, Hh^Fet, Gg^Feth, Gg^Fetd, Gg, Gg, Rr, Hhd, Gg, Rr, Hhd, Gg, Gg, Gs, Gs, Hh, Rrc, Rra, Hh, Gg^Feta, Dd, Ww, Ww, Ww, Ww, Wwg, Ww, Re, Rrd, Rr, Rrd, Gs, Gs, Gg, Ds, Sm, Ds, Ww, Ww, Ww, Ww
Hh, Hh, Gs, Dd, Dd, Dd, Gs, Hh, Gs, Gs, Hh^Vht, Gs, Hh, Gs, Gg^Fet, Gs, Gs, Rr, Gg^Feta, Rra, Rrd, Hh^Feta, Hh, Gs, Gs, Rrc, Rrc, Gg, Gs, Gs, Dd, Ww, Ww, Ww, Ww, Ww, Ww, Wwg, Ww, Wwg, Re, Rra, Gs, Rra, Ds, Ww, Ww, Ds, Ww, Ww, Ww, Ww
Gs^Feth, Gs^Feth, Gs, Mv, Ww, Dd, Hh, Gg, Gs, Gs, Gs, Gs, Gg, Gs, Gs, Gs, Gg, Hh, Rra, Gg, Rr, Gg, Gg, Rra, Rrc, Gs^Fet, Hhd, Gs, Hhd, Dd, Ww, Ww, Ww, Ww, Ww, Ww, Wwt, Ww, Ww, Ds, Hhd^Vht, Gs^Fet, Rrc, Gg, Sm, Ww, Ww, Ww, Ww, Ww, Ww, Ww
Hh, Hh, Hh, Hh^Vhhr, Dd, Ww, Gg, Gs, Gs, Gg, Hhd, Gg, Gg, Gg, Gg, Gg^Fetd, Gs, Gs, Hh^Fetd, Gs, Rrd, Rr, Rr, Gg, Gs, Gg, Gg, Gs^Fet, Gg, Ds, Ww, Ww, Ww, Ww, Ww, Ww, Ww, Dd, Ss, Wwt, Ww, Dd, Gs, Gs, Ww, Wwt, Ww, Ww, Ww, Ww, Ww, Ww
Hh, Hh, Gs, Gg, Hhd, Ds, Hhd, Gs, Gg, Gg, Gs, Gg, Gg, Gs, Gs, Hhd^Vhs, Gg, Gg, Gs, Rrc, Rrd, Gs, Gg, Gs, Gs, Gg, Gs, Gs, Hh^Vhs, Gg, Dd, Gg, Dd, Ds, Dd, Ww, Ww, Ww, Ww, Ww, Ww, Ww, Ds, Ww, Wwg, Wwt, Ww, Ww, Ww, Ww, Ww, Ww
Gg, Gg, Gs, Hhd, Dd, Ww, Hh, Gg, Gs, Gs, Hh, Gg, Gg, Gs, Gg, Hhd, Gg, Rra, Rrc, Gg, Gs, Gg, Gg, Gs, Gg, Gg, Gs, Gg, Gg, Gg, Gg, Gg, Gs, Gs, Gg, Dd, Ww, Ww, Ww, Ww, Ww, Ww, Ww, Ww, Wwg, Ww, Wwg, Ww, Ww, Ww, Ww, Ww
Gs, Gs, Gg, Gs, Hh, Gs, Gs, Gs, Gs, Gs, Gg, Hh^Fet, Gs, Gs, Gg, Gg, Hh^Fet, Rra, Hh, Gg, Gs, Gs, Gg, Hhd, Hh^Feth, Gg, Gg, Gg, Gg, Gs, Gs, Dd, Gg, Gg, Gg, Hh^Feth, Wwt, Ww, Ww, Ww, Ww, Ww, Ww, Ww, Ww, Ww, Ww, Ww, Ww, Ww, Ww, Ww
Gg^Fet, Gg^Fet, Gs, Gg, Gs^Feta, Ww, Gg, Gg, Gg, Gs, Gs, Gg, Gs^Fetd, Gs, Hh, Gg, Hhd, Rr, Gs, Rrc, Gs, Gg, Gg, Gs, Gs, Gs, Gg, Gs, Gs, Gg, Ds, Ww, Dd, Hh, Dd, Ww, Ww, Wwt, Wwg, Ww, Ww, Ww, Ww, Ww, Ww, Wwg, Ww, Ww, Ww, Ww, Ww, Ww
Gg^Feth, Gg^Feth, Hh^Fetd, Gg^Fetd, Ds, Sm, Gg, Gs, Gg, Gg, Gg^Fetd, Gs, Hhd^Vhh, Gs, Gs, Gg, Hh^Feta, Rra, Rrd, Rr, Rrd, Gs, Gg, Gs, Gs, Gs^Fet, Gg^Fetd, Gs, Gg, Gg, Ds, Wwt, Wwg, Hhd, Ds, Ww, Ww, Wwt, Wwg, Ww, Ww, Ww, Ww, Ww, Ww, Ww, Ww, Ww, Ww, Ww, Wog, Wog
Gg^Feth, Gg^Feth, Hh^Feth, Gs, Dd, Ww, Ww, Dd, Gg, Gg, Gg, Gs, Gg, Gs, Gs, Rrd, Rr, Gg, Gg, Gs, Hh, Gs, Gs, Gg, Gg, Gg^Feth, Gs^Fet, Hhd, Gs^Fetd, Gg, Dd, Ww, Ww, Ww, Ww, Ww, Wwg, Wwt, Ww, Wwg, Ww, Ww, Ww, Ww, Ww, Ww, Ww, Wwg, Ww, Ww, Wog, Wog
Gg^Feth, Gg^Feth, Gs, Ds, Dd, Ds, Dd, Gs, Gs, Gg, Gs, Gs, Gg, Rrd, Rrd, Gg, Gs, Gs, Gg, Gg, Gg, Gs, Gs, Gs, Gg, Gg, Gg^Feta, Gg, Gs^Feth, Ds, Dd, Ww, Ww, Ww, Dd, Ww, Ww, Ww, Ww, Ww, Ww, Ww, Ww, Ww, Wwg, Ww, Ww, Ww, Ww, Wwr, Ww, Ww
Gg^Fet, Gg^Fet, Gg, Hhd, Ww, Ds, Gg, Gg, Gg, Gs, Gs, Rr, Rra, Gs, Ds, Gs, Gg, Gs, Gg, Gs, Gg, Gs, Gg, Gg, Gg, Gs, Gs, Gs, Hh^Vh, Hh, Ww, Wwt, Wwg, Wwg, Ww, Ww, Ww, Ww, Ww, Ww, Wwg, Ww, Ww, Ww, Ww, Ww, Ww, Ww, Ww, Ww, Wwg, Wwg
Gs, Gs, Gg, Ww, Ds, Gg, Gg, Gs, Gs, Rra, Rra, Gs, Hhd, Ds, Ww, Hhd, Gs, Gs, Gg, Gg, Gs, Gs, Gs, Gs, Gg, Gg, Gg, Gg, Gg^Fet, Dd, Ww, Ww, Wwg, Wwt, Ww, Ww, Ww, Ww, Ww, Ww, Ww, Ww, Ww, Ww, Ww, Ww, Ww, Ww, Ww, Wo, Wwt, Wwt
Ds, Ds, Ds, Gs, Ds, Gg, Hh^Feth, Hh, Rrd, Gg, Gg, Gg, Gg^Fet, Gg^Feta, Ds, Hh, Gg, Gg, Gs, Hh, Gs, Gg, Gs, Gg, Gg, Gg, Gs, Gg, Ds, Ds, Ww, Wwt, Wwt, Ww, Ww, Ww, Ww, Ww, Ww, Ww, Ww, Ww, Ww, Ww, Ww, Ww, Ww, Ww, Wog, Ww, Wwr, Wwr
Ww, Ww, Ww, Gs, Gs, Gg, Gs, Hh, Rrc, Gg, Gs, Gs, Gs, Gg, Gs, Gs, Hhd, Gs, Gg, Hh^Feta, Gg, Gg, Gs^Feta, Gg, Gg, Dd, Gs, Dd, Ww, Ww, Ww, Ww, Ww, Ww, Ww, Ww, Ww, Ww, Ww, Wwr, Wog, Wwr, Wo, Ww, Ww, Ww, Ww, Wog, Ww, Wo, Wog, Wog
Ww, Ww, Ww, Dd, Gs, Gg, Hh, Rrd, Rra, Hh^Fet, Gg, Gs, Gs, Gs, Gg, Gs, Gg, Gg, Gg, Hhd^Vha, Gg^Fetd, Gg^Fet, Gg^Fetd, Sm, Gg, Dd, Ww, Ww, Wwg, Ww, Ww, Ww, Ww, Ww, Ww, Ww, Ww, Ww, Wog, Wwr, Wot, Wog, Wot, Ww, Ww, Wot, Wo, Wwr, Wog, Wog, Wwr, Wwr
Hhd, Hhd, Ww, Ww, Dd, Gs, Rr, Gs, Hh, Gg^Fet, Hh^Vh, Gg^Feta, Gs, Gg, Gs, Gs, Gg, Gs, Hhd, Ds, Hhd, Gs, Gg^Feta, Ww, Ww, Ww, Ww, Ww, Ww, Ww, Ww, Ww, Ww, Ww, Wwg, Ww, Wo, Wwr, Wog, Ww, Wo, Wwr, Wog, Ww, Wwr, Wo, Wwr, Wot, Ww, Wog, Wo, Wo
Dd, Dd, Ww, Ww, Ds, Ds, Rra, Gg, Gs, Gg, Gg^Fetd, Hhd, Gs, Gg, Gg, Gg, Gs, Gs, Hh, Ww, Hh, Hhd, Hh^Fet, Dd, Ww, Wwt, Ww, Ww, Ww, Ww, Ww, Ww, Ww, Ww, Wog, Wwr, Wo, Ww, Wo, Wot, Wwr, Wog, Wog, Wot, Wo, Wwr, Wog, Ww, Wwr, Wot, Wot, Wot
Gs, Gs, Ds, Ww, Ww, Ww, Rr, Gs, Gg, Gs, Gg, Hhd, Gg, Gs, Gs, Gs, Gg, Ds, Ww, Ww, Ww, Ww, Ww, Ww, Wwt, Ww, Ww, Ww, Ww, Ww, Wwg, Wog, Wog, Ww, Ww, Wwr, Wo, Wog, Wwr, Wwr, Wo, Wo, Ww, Wog, Wwr, Wog, Wot, Wot, Wo, Wot, Ww, Ww
Gs, Gs, Ch, 1 Kh, Ww, Rrd, Rrd, Hh, Gs, Gs, Gg^Feta, Gs, Gg, Gs^Fetd, Gs, Gg^Fet, Hh^Vht, Dd, Ww, Ww, Ww, Wwt, Ww, Wwg, Wwt, Ww, Ww, Ww, Wot, Wog, Wwr, Wwr, Ww, Wot, Wwr, Wwr, Wog, Ww, Wwr, Ww, Wo, Wot, Ww, Ww, Wog, Wot, Wog, Wog, Wo, Wo, Wot, Wot
Gg, Gg, Ch, Rrd, Rrd, Ww, Ds, Gg^Vhc, Gg, Gg, Gs^Feth, Hh, Gg, Gg, Gs, Gs, Hhd, Gg^Feth, Ww, Ww, Ww, Ww, Ww, Ww, Ww, Ww, Wog, Wot, Wog, Wog, Wwr, Wot, Wog, Wo, Wo, Wog, Wo, Wwt, Wog, Wwr, Ww, Wo, Wo, Wwr, Wot, Ww, Wo, Wo, Ww, Wo, Wog, Wog
Hh, Hh, Gs, Gs, Gg, Gs, Hh^Fet, Gg^Feta, Hhd, Gg^Fetd, Gg^Fetd, Gs, Gs, Gg^Fet, Gg^Fetd, Gg^Fetd, Hhd, Gg^Feth, Ds, Wwg, Wwt, Ww, Ww, Wwg, Wo, Wo, Ww, Wo, Wo, Wog, Wot, Wot, Wog, Wog, Ww, Wot, Ww, Ww, Ww, Ww, Wot, Ww, Wo, Wot, Wog, Wo, Ww, Wo, Wot, Ww, Wo, Wo
Hh, Hh, Gg, Gg, Gg, Gg, Ww, Ss, Hh, Gs^Feth, Hh, Gs, Gg, Gs^Feth, Hh^Feth, Gs, Gs, Gs, Gg, Ww, Ww, Ww, Ww, Wot, Wo, Wo, Wwr, Wwr, Wog, Wo, Wo, Wwr, Wog, Wot, Ww, Wot, Wwr, Wot, Wwr, Wog, Wot, Wwr, Ww, Wwr, Wot, Wot, Ww, Wog, Wo, Wot, Wot, Wot
Mm, Mm, Mm, Mm, Mm, Mm, Mm, Mm, Mm, Mm, Mm, Mm, Mm, Mm, Mm, Mm, Mm, Mm, Mm, Mm, Mm, Mm, Mm, Mm, Mm, Mm, Mm, Mm, Mm, Mm, Mm, Mm, Mm, Mm, Mm, Mm, Mm, Mm, Mm, Mm, Mm, Mm, Mm, Mm, Mm, Mm, Mm, Mm, Mm, Mm, Mm, Mm
