Xur, Xuc, Uu^Ufi, Uu, Uu, Uhe, Uh, Uh, Uh, Uhe, Uu, Uu, Uu, Uu^Ufi, Uu^Uf, Uue^Ufi, Uue^Uf, Uue^Qhu, Uu, Uu, Uu, Xue, Xue, Xuc, Uu, Uue
Xur, Xur, Xuc, Xue, Uu, Uhe, Uh, Uh, Uh, Uh, Uh, Uue, Uue, Uue, Uue, Uhe, Xue, Xue, Xur, Xur, Uhe^Ufi, Uh^Uf, Uh, Uh, Uhe, Uhe, Uh, Uue, Uu, Uu, Uue, Uu, Uue, Uue, Uu, Uu, Uu, Uhe, Uh, Uh
Xuc, Xuc, Xu, Xue, Uue, Uu, Uhe, Uhe, Uh, Uh, Uh, Uue, Uue, Uu, Uu, Uu, Xuc, Xue, Xur, Uhe^Qhh, Uh^Uf, Uh^Uf, Uh, Uh, Uh, Uhe, Uue, Uue, Uu, Uue, Uue, Uu, Uu, Uh, Uhe, Uh, Uh, Uhe, Uhe, Uhe
Uu^Ufi, Uu^Ufi, Uue^Qhu, Cud, Cud, Cud, Uh, Uhe, Uhe, Uhe, Uu, Uue, Uue, Uue, Uue, Uu, Uh, Uh, Uhe, Uh, Uh, Uh^Qhh, Uhe, Uh, Uu, Uu, Uue, Uu, Uu, Uue, Uu, Uue, Uue, Uh, Uhe, Uhe, Uh, Uh, Uhe, Uhe
Uu, Uu, Uu, Cud, 1 Kud, Cud, Uh, Uhe, Uh, Uh, Uu, Uue, Uue, Uu, Uu, Uue, Uh, Uhe, Uhe, Uhe, Uue, Uu, Uue, Uu, Uue, Uue^Qhu, Uue^Uf, Uue^Qhh, Uu, Uu, Uu, Uu, Uu, Uu, Uue, Uue, Uue, Uu, Xuc, Xuc
Uu, Uu, Uue, Uue, Rrd, Uh, Uhe, Uu, Uhe, Uh, Uhe, Uue, Uu, Uu^Ufi, Uue^Qhu, Uu, Uh, Uhe, Uhe, Uhe, Uue, Uu, Uue, Uu, Uue, Uu^Ufi, Uu^Qhu, Uu^Ufi, Uu^Uf, Uu^Ufi, Uu^Qhu, Uu^Uf, Xuc, Xu, Uue, Uue, Uue, Xuc, Uue, Uue
Uhe, Uhe, Uu, Uu, Rrd, Uh, Uhe, Uh, Uue, Uue, Uue, Xur, Uue^Qhu, Uu^Uf, Uue^Ufi, Uue^Uf, Uh, Uh^Qhh, Uh^Qhh, Uh, Uu, Uue, Uu, Uue, Uu, Uue^Ufi, Uu^Qhu, Uu^Uf, Uu^Ufi, Uu^Qhh, Uu^Uf, Uue^Ufi, Uu^Uf, Xu, Xur, Xuc, Uue, Uue, Uu, Uu
Uh, Uh, Uhe, Uue, Rrc, Uu^Vud, Uu, Uue, Uu, Uue, Uu, Xur, Xur, Uu^Qhu, Uu^Uf, Uh^Qhh, Uh, Uhe, Uh, Uue, Uu, Uu, Uu, Uue, Uue, Uue^Uf, Uue^Uf, Uue^Qhu, Uu^Qhu, Uue^Uf, Uue^Qhu, Uue^Uf, Uue^Qhu, Xur, Xu, Xur, Uu, Uue, Uu, Uu
Uh, Uh, Uh, Uue, Rrc, Rrc, Uue, Uue, Uue, Uu, Uue, Xur, Xuc, Uue, Uu^Qhu, Uh, Uh, Uhe, Uhe, Uhe, Uu, Uue, Uue, Uue, Uu^Qhu, Uu^Qhh, Uu^Qhu, Uu^Uf, Uhe^Ufi, Uhe^Qhu, Uh^Ufi, Uue^Qhu, Uu^Qhh, Uu^Ufi, Xu, Xur, Xuc, Uu, Xu, Xu
Uh, Uh, Uhe, Uue, Uu, Uu, Rrc, Rra, Uu, Uu^Vud, Uu, Xu, Xue, Uu, Uu, Uhe, Uh, Uh, Uhe, Uhe, Uu, Uue, Uue, Uue, Uu, Uue, Uue, Uhe, Uhe, Uh, Uhe^Ufi, Uh^Qhh, Uu^Ufi, Uue^Qhu, Uue^Uf, Uue, Xur, Xu, Xue, Xue
Uhe, Uhe, Uu, Uue, Uu, Uue, Uue^Vud, Uue, Rrc, Rra, Uu, Uue, Xuc, Uu, Uue, Uu, Uh, Uhe, Uh, Uhe, Uue, Uue, Uue, Xuc, Uue, Uue, Uu, Uue, Uhe, Uhe, Uh^Qhh, Uue^Qhu, Uue^Uf, Uue^Qhu, Uue^Qhu, Uu, Uue, Uu, Uu, Uu
Uu, Uu, Uue, Uu, Uu, Xu, Xu, Xuc, Xuc, Xur, Rr, Rrd, Uue, Uu, Uue, Uu, Uu, Uue, Uue, Uu, Uu, Uue, Uue, Uu, Uue, Uu, Uu, Uu, Uh, Uh, Uh, Uue, Uu^Ufi, Uu^Uf, Uu^Ufi, Uhe^Qhh, Uh, Uu, Uue, Uue
Uu, Uu, Uu, Uue, Xur, Xuc, Xur, Xu, Xu, Xu, Xu, Uu^Vud, Rra, Rrc, Uue^Vu, Uue, Uu, Uu, Uue, Uue, Uu, Uhe^Vud, Uhe, Uue, Uu, Uu, Uue, Uu, Uhe, Uhe, Uh, Uue, Uue, Uu^Ufi, Uu^Ufi, Uu, Uh, Uh, Uhe, Uhe
Uu, Uu, Uu, Uue, Uue, Xuc, Xuc, Xur, Xu, Xur, Uu, Uu, Uu, Uu, Rra, Rra, Uu, Uue, Uue^Qhu, Uu, Uue, Rr, Rrd, Rrc, Uue^Vu, Uhe, Uu, Uu, Uhe, Uh, Uhe, Uue, Uue, Uu, Uue, Uu, Uu, Uhe, Uh, Uh
Uu^Ufi, Uu^Ufi, Uu^Qhh, Uu, Uu, Uu, Xue, Xur, Xuc, Xur, Uu, Uue, Uu, Uu, Uu, Uu, Rr, Rr, Uu^Ufi, Rra, Rr, Uue, Xue, Xue, Uu, Uue, Uu, Uhe, Uh, Uhe, Uh, Uu, Uue, Uu, Uue, Uue, Uhe^Qhh, Uhe^Qhu, Uue^Uf, Uue^Uf
Uu^Uf, Uu^Uf, Uu^Qhh, Uu, Uu, Uue, Xue, Xur, Xu, Xuc, Uu, Uue, Uue, Uue, Uu, Uu, Uue^Vud, Uu, Rrc, Rra, Uu^Vud, Uue, Uu, Uu^Qhu, Uue^Ufi, Uue, Uu, Uhe, Uhe, Uhe, Uh, Uu, Uu, Uu, Uue, Uue^Qhu, Uu^Qhh, Uue^Ufi, Uu^Qhh, Uu^Qhh
Uue^Ufi, Uue^Ufi, Uu^Ufi, Uu, Uu, Uu, Uu, Uu, Uue, Xuc, Uu, Uue, Uh, Uh, Uh, Uu, Uu, Uue, Uu, Uu, Rrc, Rr, Uu, Uue^Ufi, Uue^Uf, Uhe^Uf, Uh, Uhe, Uh, Uh, Uue, Uue, Uu, Uu, Uue, Uu^Qhu, Uu^Qhu, Uue^Qhu, Uue^Ufi, Uue^Ufi
Uue^Uf, Uue^Uf, Uu^Qhh, Uu, Uu, Uue, Xu, Xu, Xue, Xue, Uu, Uue, Uhe, Uh, Uh, Uue, Uu^Ufi, Uu, Uu, Uu, Uu, Uue, Rra, Rrd, Uue^Uf, Uhe^Vu, Uhe, Uh, Uu, Uu, Uue, Uu, Uue, Uu, Uu, Uue, Uue, Uu^Qhh, Uu^Qhh, Uu^Qhh
Uue^Qhu, Uue^Qhu, Uue^Ufi, Uue^Qhh, Uu, Uu, Xuc, Xu, Xu, Xue, Uue, Uu, Uh, Uhe, Uhe, Uhe^Ufi, Uu^Ufi, Uu^Ufi, Uue, Uu, Uu, Uu, Uu^Vu, Uue, Rrd, Rr, Uh^Qhu, Uu, Uue, Uue, Uu, Uu, Uue, Uu, Uu, Uu, Uu, Uu, Uue^Qhu, Uue^Qhu
Uu, Uu, Uu^Qhh, Uue^Uf, Uue^Uf, Uu, Xue, Xu, Xue, Uhe^Ufi, Uhe, Uh, Uue, Uue, Uue, Uue^Qhu, Uue^Ufi, Uue, Uu, Uu, Uue, Uue, Uu, Uu, Uu, Uu, Rra, Rr, Uu, Uu^Vud, Uu, Uue, Uu, Uue, Uue, Uu, Uu, Uue, Uu, Uu
Uu, Uu, Uue, Uue^Qhu, Xuc, Xur, Xu, Xuc, Xue, Uhe^Qhh, Uhe^Qhh, Uu^Qhh, Uue^Qhu, Uu^Qhu, Uu, Uu, Uue, Uu, Uu, Uu, Uu, Uue, Uu, Uue, Uu, Uue, Uu^Vu, Uu, Rra, Rrd, Uu, Uue, Uue, Uue, Uue, Uu, Uu, Uue, Uh, Uh
Uu, Uu, Uue, Uue^Ufi, Xur, Xu, Uue^Ufi, Uue^Qhh, Uh^Ufi, Uh^Uf, Uh^Qhu, Uu^Qhu, Uu^Ufi, Uu^Qhh, Uu, Uu, Uu, Uu, Uue, Uue, Uue, Uue, Uue, Uu, Uu, Uue, Uu, Uue, Uu, Uu, Rra, Rrd, Uu, Uu, Uu, Uu, Uue, Uh, Uhe, Uhe
Xue, Xue, Xue, Xuc, Uue^Ufi, Uue^Uf, Uu^Qhu, Uu^Qhu, Uue^Qhh, Uh^Ufi, Uhe^Uf, Uue^Uf, Uue^Uf, Uue^Ufi, Uu, Uu, Uue, Uu, Uue, Xuc, Xu, Xur, Xuc, Xur, Uu, Uu, Uu, Uue, Uue, Uue, Uue^Vu, Uu, Rra, Rrd, Uue, Cud, Uue, Uue, Uue, Uue
Xue, Xue, Xu, Xu, Uue^Qhh, Uue^Qhh, Uue^Qhh, Uu^Uf, Uue, Uu, Uue, Uh, Uue, Uu, Uu, Uue, Uu, Xue, Xuc, Xu, Xur, Xue, Xuc, Xur, Xuc, Uu, Uue, Uue, Uue, Uu, Uu, Uue, Uue, Uue, Rra, 2 Kud, Cud, Uu, Uue, Uue
Xuc, Xuc, Xu, Uue^Qhu, Uue^Ufi, Uue^Qhh, Uue^Ufi, Uu^Qhh, Uu, Uue, Uu, Uue, Uue, Uu, Uu, Uue, Uhe, Xuc, Xur, Xuc, Xue, Xue, Xu, Xuc, Xue, Uue, Uu, Uu, Uhe, Uh, Uhe, Uu, Uu, Uu, Cud, Cud, Cud, Uu, Uu, Uu
Uu, Uu, Uue, Uue^Qhu, Uue^Qhh, Uue^Ufi, Uue^Ufi, Uu^Qhh, Uue, Uue, Uu, Uu, Uu, Uu, Uhe, Uhe, Uhe^Uf, Uh^Ufi, Uh^Uf, Xur, Xur, Xur, Uu, Uu, Xu, Uue, Uue, Uue, Uhe, Uhe, Uhe, Uhe, Uu, Uu, Uu, Uu^Qhh, Uu^Qhh, Uu^Qhu, Uue, Uue
Uue, Uue, Uu, Uue^Qhu, Uu^Ufi, Uhe^Qhh, Uue^Uf, Uu^Uf, Uu, Uu, Uu, Uu, Uu, Uue, Uu, Uu^Ufi, Uh^Qhh, Uhe^Ufi, Uh^Uf, Uhe^Ufi, Uu, Uue, Uue, Uu, Uue, Uu, Uue, Uu, Uhe, Uhe, Uh, Uh, Uu, Uue, Uu^Qhh, Uu^Ufi, Uue^Uf, Uue^Qhh, Uu, Uu
Xur, Xuc, Uu^Ufi, Uu, Uu, Uhe, Uh, Uh, Uh, Uhe, Uu, Uu, Uu, Uu^Ufi, Uu^Uf, Uue^Ufi, Uue^Uf, Uue^Qhu, Uu, Uu, Uu, Xue, Xue, Xuc, Uu, Uue
