Gg, Gg, Gg, Gg, Gg, Gg, Gg, Gg, Gg, Gg, Gg, Gg, Gg, Gg, Gg, Gg, Gg, Gg, Gg, Gg, Gg, Gg, Gg, Gg, Gg, Gg, Gg, Gg, Gg, Gg, Gg, Gg, Gg, Gg, Gg, Gg, Gg
Gg, Gg, Gg^Fdw, Gg, Gg, Gg, Gg, Hh, Gs^Ftr, Hhd, Md, Aa, Ai, Aa, Hh, Hhd, Hh, Hh, Hh, Hh, Md, Ai, Ai, Ai, Ai, Ai, Mm, Gs, Gs^Ftd, Gg^Fds, Gs^Fts, Mv, Hh^Fts, Hhd, Md, Mm, Mm
Gg^Efs, Gg^Efs, Gg, Gg, Hh, Gg^Ft, Gs, Hh, Gs, Gs, Mm, Aa, Ww, Ww, Md, Hhd, Hh, Hh, Hh, Hh, Hhd, Gs, Ai, Ai, Aa, Md, Mm, Hh, Hh, Hh, Gs^Ftd, Hh, Hhd, Gg^Ftr, Hh, Hhd, Hhd
Gg^Fdf, Gg^Fdf, Gs^Ft, Gg, Gg, Gg, Gg, Gs, Hh, Gg, Md, Mm, Aa, Mm, Mdd, Hhd, Hh, Hh, Gg, Hhd, Hhd, Gg^Ftr, Hhd^Vct, Ai, Gs, Hhd, Hhd, Hhd, Hh, Ms, Ms, Hhd^Vc, Hhd, Rr, Mdd, Md, Md
Hhd, Hhd, Gg, Gg, Gg^Efs, Gg, Gg, Re, Gs, Mv, Hhd, Mm, Ww, Hh^Vct, Ww, Hhd, Hh, Hhd, Gg, Hh^Vca, Mm, Gg, Md, Mm, Hhd, Hhd, Hhd, Hh^Ft, Gs^Vc, Gg^Ftp, Gs^Fda, Rr, Re, Hhd, Hh, Hhd, Hhd
Hhd, Hhd, Gg, Gg, Gg^Efs, Gg^Edb, Gg^Es, Rr, Gs^Ftr, Gs^Vct, Gs, Gs, Ds, Gs, Gg, Ds, Gg, Gs, Gg^Fts, Gg^Fdf, Hhd, Hh, Mm, Re, Hh, Re, Gg, Gg^Fda, Gs, Rr, Re, Gs^Ftr, Gg^Fdf, Gs^Fds, Hhd, Gg^Ft, Gg^Ft
Gg, Gg, Gg, Gg, Gg^Ebn, Gg^Eb, Gg^Edb, Re, Hh, Hhd, Gg, Sm, Ww, Dd, Ww, Gg, Gg, Gg, Gg, Gs^Fts, Hhd, Hh, Hh, Hhd^Vc, Re, Gg, Gg, Re, Re, Gg, Hh, Gg^Fds, Gg^Ft, Gs, Gg^Ft, Gg^Fda, Gg^Fda
Gg, Gg, Gg, Gg, Gg, Gs^Fda, Hh^Fdw, Re, Gg^Edb, Gg, Hh, Ds, Dd, Ds, Ds, Gg, Gg^Fts, Gs^Fda, Gg^Fdf, Gg^Ftp, Hh, Hh^Ft, Gs^Fdw, Rr, Re, Rr, Rr, Gg, Gg, Hh^Ft, Hhd, Gg, Hh^Ftp, Hhd, Gs^Ft, Gg^Fdf, Gg^Fdf
Hh, Hh, Gs^Fda, Gg^Ft, Hh^Vc, Hh, Hhd, Re, Gg^Fts, Hh^Vca, Gg^Ftr, Hhd, Ww, Sm, Ww, Hhd, Gs^Ft, Hhd, Gg, Hh^Ftp, Gg^Fdf, Gg^Ft, Hhd, Rr, Re, Gg, Hh^Fts, Gs^Ft, Gg^Fds, Hh, Gs^Ftr, Gg^Eb, Hh^Ftd, Gg, Hh^Fts, Hh^Fdf, Hh^Fdf
Gg^Ebn, Gg^Ebn, Gg^Efs, Gg, Hh, Hhd, Gg^Eb, Re, Hh, Gg, Gg^Fda, Re, Re, Rr, Re, Re, Gg^Fda, Gg^Ebn, Gg^Es, Gg, Gg^Fdf, Rr, Rr, Gs^Ftp, Gg, Gg, Hh^Fts, Hh^Ft, Gg^Fts, Hh, Hhd, Gg^Es, Gs^Fdf, Hh^Ftr, Gg, Gg^Efs, Gg^Efs
Gg^Edp, Gg^Edp, Gg^Edb, Gg^Es, Gg^Ebn, Gg, Gg, Re, Gs, Re, Rr, Gg^Ftr, Ww, Ww, Ww, Gg^Ebn, Re, Re, Hh, Rr, Rr, Re, Re, Gg, Hhd, Gg, Gg, Gg^Fdf, Hh^Ft, Gg, Gs, Gg, Gs^Fda, Gg, Hh^Fdf, Gg^Eb, Gg^Eb
Gg^Es, Gg^Es, Gg^Efs, Gg^Edp, Gg^Ebn, Gg, Gg, Re, Rr, Hhd, Hh^Ftp, Hh^Ft, Hhd, Ww, Ds, Gg^Es, Re, Gg^Es, Rr, Hhd, Re, Re, Re, Rr, Gg, Hh^Fdw, Gg, Gg^Ftd, Gg^Vca, Hh, Gg, Gg, Gs, Gs^Ftp, Hh, Hh, Hh
Gs^Fdf, Gs^Fdf, Gg^Es, Cd, Cd, Rr, Rr, Gg, Dd, Ww, Ww, Dd, Ww, Ww, Ss, Ds, Re, Gg^Es, Gg^Eb, Gg, Gg, Gg, Hh, Gg^Fds, Rr, Re, Gg, Gg^Fda, Mm, Gs^Ftp, Mdd, Cd, Cd, Cdr, Gs, Gg^Efs, Gg^Efs
Hhd, Hhd, Gg, Cdr, 1 Kd, Cdr, Hh, Gg^Fdf, Gg, Dd, Wwg, Ww, Ww, Ds, Ww, Gg^Edb, Rr, Gg^Eb, Gg, Gg, Gg, Gg, Gg, Hh, Hh^Fdf, Gg, Re, Rr, Mv, Gg^Fds, Gg^Edp, Re, 2 Kd, Re, Gg^Ebn, Re, Re
Gg, Gg, Gg, Gg, Re, Gg^Fds, Gg^Ebn, Gg^Edp, Gg^Es, Dd, Ww, Ww, Ww, Dd, Ds, Dd, Hh^Ftr, Gs^Fdf, Gg^Ftp, Gg, Gg, Gg, Hh^Ftr, Gs^Fdw, Gg, Gs^Ftd, Gg, Hhd, Re, Re, Rr, Hhd, Rr, Rr, Re, Rr, Rr
Gg^Fda, Gg^Fda, Gg, Gg, Rr, Re, Hh, Hhd, Gg^Ebn, Ds, Ww, Hh, Ww, Ww, Ww, Dd, Hh, Hhd, Hh^Vc, Ds, Ds, Gg, Gg, Gg, Gg, Hhd, Gg, Hh, Gg, Rr, Gg, Gg, Gg^Ftd, Gg, Re, Re, Re
Gs, Gs, Gg^Fdw, Gg, Gg^Ebn, Hh, Rr, Re, Hhd, Hhd, Ww, Ds, Hh, Ds, Ww, Ww, Ww, Dd, Ww, Ww, Ww, Gg, Gg, Gg^Fts, Gg, Hh, Gg, Hh, Gg, Rr, Gg^Ftd, Sm, Dd, Gg, Re, Wwg, Wwg
Hh, Hh, Gg, Gg, Hhd, Hh, Re, Re, Re, Rr, Ww, Dd, Hh, Gg^Edb, Hh^Fds, Hh^Vc, Ss, Wwt, Ww, Ww, Ss, Gg, Gg, Gg, Gg, Hh^Ftp, Gg, Hh, Gg, Rr, Gg, Ww, Ww, Ww, Re, Re, Re
Hhd, Hhd, Hh, Gg, Gg, Gg, Rr, Rr, Rr, Rr, Ww^Bw\, Re, Gg^Edb, Gg^Efs, Gg^Es, Hh^Fda, Ww, Ww, Ww, Hhd, Dd, Gg, Gg, Gg, Hh, Gg, Gg, Hh, Hhd, Rr, Gg, Ww, Ww, Ww, Ww, Rr, Rr
Gg, Gg, Gg, Gg, Gg, Gg, Gg, Gg, Hh^Vca, Re, Ss, Gg, Re, Rr, Gg^Fds, Ss, Sm, Ww, Ds, Gg, Gg, Gg, Hh, Gg, Gg, Gg, Gg, Gg, Hhd, Rr, Ds, Dd, Ww, Ww, Ww, Re, Re
Gg, Gg, Gg, Gs^Fts, Gg^Fda, Gg, Gg, Gg, Rr, Ww, Ww, Dd, Hhd, Re, Ds, Ww, Ww, Ss, Gg, Gg, Gg, Gg^Fda, Gg, Gg, Gg, Gg, Gg, Hhd, Gg^Ftr, Rr, Gg, Hh^Vct, Wwg, Dd, Hh^Ftr, Re, Re
Gg, Gg, Gg^Fdw, Gg, Hh^Vc, Dd, Ww, Sm, Ww, Ww, Ww, Ww, Ww, Ds, Ww, Ww, Ww, Gg, Gg, Gg, Gg, Gg, Gg, Gg, Gg, Gg, Hhd, Gg^Fda, Gs^Fdf, Gg, Re, Re, Hh^Ft, Gg, Gg, Gg, Gg
Hh, Hh, Hh, Hh, Hh, Ds, Ww, Ww, Ww, Wwg, Ww, Ww, Ww, Ww, Ww, Ww, Hhd^Vca, Gg^Fda, Gg, Gg, Hh, Gg, Hh^Fts, Gs^Fdf, Hhd, Gg, Hh, Gg, Hhd, Hhd, Hh, Hh, Rr, Re, Gg, Gg^Ftp, Gg^Ftp
Hh, Hh, Gs, Gg, Ds, Ww, Ww, Ww, Ww, Wwg, Ww, Ww, Ww, Dd, Dd, Hh, Dd, Hhd, Gg, Gg, Gg, Gg, Hh^Ftd, Gg, Gg, Hh, Gg, Gg, Gg^Ebn, Gg^Edp, Gg^Eb, Gg, Hh^Ftr, Gg, Gs^Fds, Hh^Fts, Hh^Fts
Hhd, Hhd, Gs, Gg, Ds, Dd, Ww, Ww, Ww, Wwt, Ww, Ww, Ww, Ww, Gg, Gg, Gg^Ftp, Gg^Fts, Gg, Gg, Gg, Gg, Gg, Gg, Gg, Gg, Gg, Gg, Gg, Gg^Es, Gg^Edp, Gg, Gg^Efs, Gg^Ebn, Gg^Edb, Gs^Ftr, Gs^Ftr
Gg, Gg, Gg, Gg, Gg, Gg, Gg, Gg, Gg, Gg, Gg, Gg, Gg, Gg, Gg, Gg, Gg, Gg, Gg, Gg, Gg, Gg, Gg, Gg, Gg, Gg, Gg, Gg, Gg, Gg, Gg, Gg, Gg, Gg, Gg, Gg, Gg
