Gg, Gg, Gg, Gg, Gg, Gg, Gg, Gg, Gg, Gg, Gg, Gg, Gg, Gg, Gg, Gg, Gg, Gg, Gg, Gg, Gg, Gg, Gg, Gg, Gg, Gg, Gg, Gg, Gg, Gg, Gg, Gg, Gg, Gg, Gg, Gg, Gg, Gg, Gg, Gg, Gg, Gg, Gg, Gg, Gg
Gg, Gg, Md, Hh^Fetd, Gs^Fetd, Md, Gs^Feth, Hh, Gg^Feta, Gg^Fetd, Gg, Gg, Gs, Gg, Gg, Gs, Gg, Gs, Gg, Gg, Gg, Gg, Gg, Gg^Fet, Gg, Hh, Gg, Gg, Gs, Hhd, Hh, Gs, Gs, Gs, Gs, Hh, Gs, Gs, Gg, Gs, Hh, Gs^Fetd, Hh^Fetd, Hh^Fet, Hh^Fet
Gs^Feth, Gs^Feth, Gs^Feta, Gg^Feta, Hhd, Gs, Gg^Fet, Gg^Fetd, Gs, Gs, Gs, Gs, Gs, Gg, Gs, Gs, Hh, Gg, Gg, Gg, Gs, Gg^Feta, Gs, Gs, Gs, Gs^Fetd, Gg, Gg, Gg, Gg^Feth, Hh, Gg, Gs, Hh^Fet, Gg^Feth, Gg^Fet, Gg, Gs, Gg, Gs, Gs, Hhd, Gs, Gs, Gs
Hh, Hh, Hhd, Rr, Hhd, Hh, Hh, Hhd, Gg, Gg, Gs, Gg, Gs, Gg, Gs^Fet, Gg, Hhd, Gg, Gs, Gg^Feta, Gs^Fetd, Gg, Gs, Gs, Gs, Gg, Hh, Gg, Gg, Gg^Fet, Hh^Feth, Gg, Gg, Gs^Feta, Gg^Feta, Hh, Hhd, Rra, Rr, Rrc, Chw, Chw, Gg, Gg, Gg
Hhd, Hhd, Hhd, Hhd, Rrc, Rra, Rrc, Rrc, Gg, Gs^Fet, Gs, Gg, Gs, Hh^Fetd, Hh, Hhd, Gg, Gs, Gg, Gg, Gg^Feth, Gg, Gs, Gg, Gs, Gs, Gg^Fetd, Gg, Gs, Hh, Gs, Rrc, Rr, Gg^Feth, Gg^Feta, Rra, Rrd, Hh, Gg^Fet, Ch, 2 Kh, Chw, Gs, Gg, Gg
Mdd, Mdd, Hh, Hhd, Hh, Hh, Md, Md, Hhd^Vhca, Rrc, Gg, Gg, Gg, Gs, Gg, Gg^Fetd, Gg, Gg, Gg, Gg, Hh^Feta, Gg^Feta, Gs, Gs, Gs, Gg, Hh, Gg, Gg, Rra, Rrd, Rr, Gg^Feth, Rrc, Rrc, Hh^Feta, Hh, Hhd, Gg, Gg^Feta, Ch, Gs, Hhd, Gg, Gg
Md, Md, Mm, Ms, Hh, Hh, Hhd, Hh, Hh, Rrc, Rra, Rrd, Hh^Fetd, Hh^Vhc, Gs, Gs, Gg, Gg, Hh, Hh, Gg, Gg^Feta, Gs, Gs, Gg, Gg, Gg, Gg, Gs, Rrc, Rr, Rrd, Rr, Gs^Feth, Gg, Hhd, Hhd, Hh, Gs, Hh^Fet, Gs, Gg, Gg, Gg, Gg
Ms, Ms, Mdd, Mm, Hh, Hhd, Hhd, Hh, Hhd, Hhd, Rrd, Rrd, Hhd, Hh, Gg, Gs, Gs, Gg, Gs, Gs, Gg, Hhd, Gg^Feth, Gs, Gs, Gg, Gs, Gs, Gg, Rrd, Rr, Hh, Gs^Feta, Ss, Hh^Feta, Ds, Hh, Ds, Gg^Fet, Gs, Gs, Gs, Gg, Gg^Feta, Gg^Feta
Ms, Ms, Mdd, Mdd, Gg^Fet, Hhd, Hh, Gs, Gg, Rra, Rrc, Gg^Fet, Rrc, Rr, Gg, Gs, Gs, Gs, Hhd^Vhc, Gg^Feta, Gs^Feth, Hhd, Gg, Gg, Gg, Gg, Gg, Rr, Rrc, Gs^Feth, Hhd, Ds, Hh^Vhc, Ww, Ww, Ww, Ww, Dd, Gs, Gg, Gs, Gg, Gs, Gg, Gg
Ms, Ms, Ww, Md, Hhd, Hhd, Gs, Gg, Gg, Gg, Rrd, Hh, Gs, Rra, Rra, Rrc, Gg, Gg, Hh, Hh^Feth, Gg, Gs, Gs, Gg, Gs, Rra, Rrd, Gs, Gs, Hh^Fet, Wwg, Hh^Feth, Gg, Dd, Ww, Dd, Dd, Ds, Ds, Ds, Gg^Fetd, Hhd^Vhs, Gg, Gs, Gs
Ms, Ms, Mdd, Ww, Hhd, Gs, Gg, Gg, Gg, Gs, Rrc, Rr, Rrd, Rrc, Gs, Gs, Rra, Rr, Gg, Gg, Gg, Gs, Gs, Rra, Rr, Hh, Hh, Dd, Hh^Fetd, Ds, Ww, Ww, Ds, Ww, Ww, Wwt, Dd, Ww, Wwt, Dd, Gs, Ds, Gs, Ds, Ds
Mdd, Mdd, Md, Md, Ds, Gs, Gs^Fet, Hh^Fetd, Hhd^Vht, Gs, Rra, Hh^Fetd, Rr, Hh^Vhh, Rra, Gs, Hhd, Gg, Rrc, Hh, Gg, Rrc, Rrd, Gg, Gs^Feta, Gg, Gs, Ds, Ww, Ww, Ww, Ww, Ww, Ww, Ww, Ww, Ww, Ww, Ww, Ds, Hh^Fet, Gs, Ww, Dd, Dd
Mm, Mm, Mv, Hh^Vhc, Ww, Dd, Ds, Ds, Gg^Feth, Hh, Rr, Gg, Rrd, Rr, Rr, Gs, Gg, Gs, Rra, Rrd, Rra, Gg^Feta, Gg, Gs, Gs, Gs, Gs^Fet, Ds, Ww, Ww, Ww, Wwg, Ww, Ww, Ww, Ww, Wwg, Wwt, Wwg, Wwt, Ww, Wwg, Ww, Ww, Ww
Hhd, Hhd, Gg^Feth, Gg^Feta, Ds, Ww, Ww, Rrc, Hh, Gs, Rrd, Rrc, Rrc, Gs, Gg, Gg, Gs, Gg, Gs, Rra, Gs^Feta, Hh^Feta, Hh, Gs, Gs, Gg, Gg, Gs, Ds, Ww, Ww, Ww, Ww, Ww, Ww, Ww, Ww, Wwt, Wwt, Ww, Ww, Ww, Ww, Wwg, Wwg
Gg, Gg, Mm, Gg, Gg, Gs^Fetd, Dd, Ds, Rrc, Rrd, Rr, Hh^Fet, Gg, Gs, Gs, Gg, Hh, Hh^Feta, Gg^Feth, Rrd, Gg, Gg, Gg, Gs, Gg, Gs^Feth, Gg^Fetd, Hhd^Vhh, Gs, Ww, Ww, Ww, Ww, Wwg, Ww, Ww, Ww, Ww, Ww, Ww, Ww, Ww, Ww, Ww, Ww
Hhd, Hhd, Gs, Hh, Gs, Hh, Ww, Ww, Gg, Gg, Rrc, Rra, Gg, Gs, Gg, Hh, Gs, Gs, Hh^Feth, Rra, Gg, Gg, Gg, Gs, Gs, Gg^Fet, Hhd, Hh, Ds, Gg, Ww, Ww, Ww, Ww, Ww, Ww, Ww, Ww, Ww, Wwg, Ww, Wwg, Ww, Ww, Ww
Gg, Gg, Gs, Gs, Gs^Feth, Hhd, Dd, Dd, Gg^Feta, Gg, Gg, Rr, Gs, Gs, Hh^Vhs, Gs, Gg, Rra, Rrd, Gs, Gg, Gg, Gg, Gg, Gg, Gg, Gg, Hh^Fet, Gs, Gg, Ds, Ww, Ww, Ww, Ww, Wwg, Ww, Ww, Ww, Ww, Ww, Wwt, Ww, Ww, Ww
Gg, Gg, Gg^Feth, Gg, Gs, Gg^Fet, Ww, Ww, Gg, Gg, Hhd, Rrd, Gs, Hhd, Gg^Feta, Rra, Rra, Gs, Rra, Rrc, Gs, Gg, Gg, Gg, Gg, Gg, Gg, Gg, Gs, Ds, Ds, Ds, Ww, Ww, Ww, Ww, Ww, Ww, Ww, Ww, Ww, Ww, Ww, Ww, Ww
Gg, Gg, Gg, Gg, Hhd^Vhca, Hhd, Ds, Dd, Dd, Gg, Gg, Rrc, Gg, Rr, Rr, Gg, Gg^Fet, Hhd, Gg^Feth, Gg, Rra, Rrc, Gg, Gg, Gs, Gg, Gg, Gs, Gs, Ds, Ww, Ww, Ds, Ww, Wwg, Wwg, Wwt, Ww, Ww, Ww, Ww, Ww, Ww, Ww, Ww
Gg^Feta, Gg^Feta, Gs, Gs, Gg^Fetd, Gg^Fetd, Ww, Ww, Ds, Gs, Hhd, Rrd, Hhd, Rr, Gs, Gg, Gs, Gg, Gg, Gs, Gg, Gg, Rrd, Gg^Feta, Gs, Gs, Gg, Gg, Gs, Ds, Ww, Ww, Ww, Ww, Ww, Wwg, Wwt, Ww, Ww, Ww, Ww, Ww, Wwg, Ww, Ww
Gg^Fet, Gg^Fet, Gs^Feta, Gg, Gs^Feth, Gg, Gg, Dd, Dd, Gg, Gs, Rr, Rrc, Rra, Gs, Gs, Gs, Gs, Gs, Gg^Fet, Gg^Fet, Hhd, Gg, Gg, Gs, Gg^Fet, Hh^Fetd, Hhd, Ww, Ww, Wwg, Ww, Wwg, Wwt, Ww, Ww, Ww, Wwg, Wwg, Ww, Ww, Ww, Ww, Wwt, Wwt
Hh^Feth, Hh^Feth, Gg^Feta, Gs, Gg, Dd, Ww, Ww, Gs, Hh, Hhd, Rra, Rr, Rrd, Gs, Gs, Gg, Gg, Gs, Gs, Hh, Gg, Gs, Gs, Gs, Hh^Fetd, Gs^Fetd, Gs^Fet, Hh^Feta, Ww, Ww, Ww, Ww, Ww, Ww, Ww, Ww, Wwt, Wwt, Ww, Wwg, Ww, Ww, Ww, Ww
Gs, Gs, Gs, Gs, Gg, Dd, Ds, Ds, Dd, Rrd, Rrd, Gs, Rrc, Rr, Rrc, Gg, Gg, Gs, Gs, Gs, Gg, Gs, Gs, Gg, Gs, Gs, Gg^Feta, Hh^Vhs, Ds, Ww, Ww, Ww, Ww, Ww, Wwt, Wwg, Ww, Wwt, Ww, Ww, Ww, Ww, Ww, Ww, Ww
Gg, Gg, Gs, Gg^Feta, Gg, Ds, Ww, Rrd, Rrc, Gs, Gg, Gg, Gs, Hh, Gs, Ds, Gg, Gg, Gg, Gg, Gs, Gs, Gg, Gs, Gg, Gs, Gs, Gg^Feta, Sm, Ww, Ww, Ww, Wwg, Ww, Ww, Ww, Ww, Ww, Ww, Wog, Wog, Ww, Ww, Ww, Ww
Gs, Gs, Gs, Gs, Gg, Rr, Rrd, Ww, Gg, Gs, Gg, Gs, Ds, Ww, Ww, Hhd, Gg, Gg, Gs, Gg, Gs, Gs, Gg, Gg, Gg, Gs, Gs, Ds, Dd, Ww, Ww, Ww, Ww, Wwg, Ww, Ww, Ww, Ww, Ww, Wwr, Wot, Ww, Ww, Wwg, Wwg
Gg, Gg, Gg, Gs, Gg, Rrd, Ds, Hhd^Vh, Dd, Ds, Gg, Gs, Ds, Ww, Ww, Ww, Ds, Gs, Gg, Gg^Feta, Gs, Gs, Gg, Dd, Gs, Gg, Gg, Dd, Ww, Ww, Ww, Ww, Wwt, Ww, Ww, Ww, Wwt, Ww, Wog, Wog, Wwr, Wog, Wot, Wot, Wot
Gg, Gg, Gs, Gg, Hh, Rr, Hhd, Hh^Fet, Ww, Ww, Dd, Ds, Dd, Dd, Ww, Ww, Ww, Ds, Hh^Vh, Gs, Gg, Gg, Dd, Ww, Ww, Ss, Dd, Ww, Ww, Ww, Ww, Ww, Ww, Ww, Ww, Wwt, Ww, Wot, Wot, Ww, Wog, Wot, Wog, Wwr, Wwr
Hh^Feta, Hh^Feta, Gg, Gs, Rrc, Gg, Hh, Hh, Dd, Ww, Ww, Gg, Gg, Gg, Ww, Ww, Wwg, Ds, Gs, Gg, Hh^Feta, Ds, Gg^Feth, Ww, Ww, Ww, Ww, Ww, Ww, Ww, Ww, Ww, Ww, Ww, Ww, Ww, Ww, Wo, Ww, Ww, Wo, Wwr, Wot, Wog, Wog
Gs, Gs, Gs, Rr, Rrd, Ch, Gs, Gs, Hhd, Hh, Ww, Ww, Ds, Dd, Ww, Ww, Ww, Ww, Hhd, Ds, Ww, Dd, Dd, Ww, Ww, Ww, Ww, Ww, Ww, Ww, Ww, Ww, Ww, Wo, Wwt, Wot, Wot, Ww, Ww, Wo, Wo, Wog, Wo, Wo, Wo
Gg, Gg, Gg, Rrc, 1 Kh, Chw, Gs, Gg, Gg, Gs, Hh^Fetd, Hh^Vhhr, Ww, Ww, Ww, Ww, Ww, Ww, Ww, Ww, Ww, Wwt, Ww, Ww, Ww, Ww, Ww, Ww, Ww, Wot, Wwr, Wo, Wot, Ww, Ww, Wwr, Wwr, Wot, Wwr, Wog, Ww, Wog, Ww, Wwr, Wwr
Gs, Gs, Gs, Rrc, Chw, Gg, Gs, Gg, Gg, Gg, Hhd, Gs, Ds, Dd, Ww, Ww, Ww, Ww, Ww, Ww, Ww, Ww, Ww, Ww, Ww, Ww, Ww, Wot, Ww, Ww, Ww, Ww, Ww, Ww, Wog, Wog, Ww, Wwr, Wog, Wot, Wwr, Wwr, Wwr, Wwr, Wwr
Gg, Gg, Gg, Gs, Hhd, Gs, Hhd, Hhd, Gs, Gg, Gg^Feta, Gg, Gg, Hh, Ww, Ww, Ww, Ww, Wwt, Ww, Ww, Ww, Ww, Ww, Ww, Ww, Wot, Wo, Wo, Wog, Ww, Wog, Wot, Wo, Wo, Wog, Wwr, Wot, Wo, Wo, Wog, Wo, Wog, Wot, Wot
Gg, Gg, Gs, Gg, Gs, Gg, Gg^Fet, Hh, Gs, Gg, Gs, Gs^Fet, Gg, Gg, Ds, Ww, Ww, Ww, Ww, Ww, Ww, Ww, Ww, Ww, Ww, Wwr, Wo, Wwr, Wo, Wot, Wog, Wot, Ww, Ww, Wot, Ww, Wot, Wwg, Wwr, Ww, Wo, Wot, Ww, Wo, Wo
Gg, Gg, Gg, Gg, Gg, Gg, Gg, Gg, Gg, Gg, Gg, Gg, Gg, Gg, Gg, Gg, Gg, Gg, Gg, Gg, Gg, Gg, Gg, Gg, Gg, Gg, Gg, Gg, Gg, Gg, Gg, Gg, Gg, Gg, Gg, Gg, Gg, Gg, Gg, Gg, Gg, Gg, Gg, Gg, Gg
