Gg, Gg, Gg, Gg, Gg, Gg, Ss, Gg, Gg, Gg, Hh, Gg, Gg, Gg, Gg, Gg, Gg, Gg, Gg, Gg, Gg, Ss, Gg, Gg, Gg, Gg, Gg, Gg
Gg, Gg, Gg, Gg, Gg, Gg, Ss, Gg, Gg, Gg, Hh, Gg, Gg, Gg, Gg, Gg, Gg, Gg, Gg, Gg, Gg, Ss, Gg, Gg, Gg, Gg, Gg, Gg
Hh, Hh, Gg, Gg, Gs^Fp, Gg, Gg, Gg, Gg, Gs^Fp, Gg, Hh, Gg, Gg, Gg, Gg, Hh, Gg, Gg, Gg, Gs^Fp, Gg, Gg, Hh, Gg, Gg, Gg, Gg
Gg, Gg, Gg, Gg, Gg, Gg, Ss, Gg, Gg, Ss, Gg, Ss, Gg, Gg, Gg, Hh, Ss, Gg, Hh, Gg, Gg, Gg, Gs^Fp, Ce, Rr, Gg, Ss, Ss
Gg, Gg, Gs^Fp, Gg, Gg, Gg, Gg, Gg, Rr, Gs^Fp, Gg, Hh, Gg, Rr, Gg, Ss, Gg, Gg, Gg, Gg, Gg, Gg, Ce, 2 Ke, Ce, Gg, Gg, Gg
Ss, Ss, Gg, Gg, Gs^Fp, Gg, Gg, Gg, Rr, Gg, Gg, Gg, Gg, Rr, Gg, Gg, Gs^Fp, Gg, Gg, Gs^Fp, Rr, Rr, Ce, Ce, Ce, Gg, Gg, Gg
Gg, Gg, Gg, Gg, Gg^Vh, Gg, Gg, Gg, Gg^Vh, Gg, Gg, Gg, Gg^Vh, Rr, Gg, Gg, Gg^Vh, Gg, Gg, Rr, Gg^Vh, Gg, Rr, Rr, Rr, Gg, Gg, Gg
Hh, Hh, Gg, Gg, Hh, Gg, Gg, Gs^Fp, Rr, Gg, Gg, Gg, Gg, Rr, Ss, Gg, Gg, Gs^Fp, Ss, Rr, Rr, Gg, Rr, Rr, Rr, Gg, Gg, Gg
Ss, Ss, Gg, Gg, Gg, Gg, Gg, Gg, Rr, Ss, Gs^Fp, Gg, Gg, Rr, Gg, Gg, Hh, Gg, Rr, Rr, Hh, Gg, Rr, Rr, Ss, Ss, Hh, Hh
Gg, Gg, Gg, Gg, Gg, Gg, Gg, Gg, Rr, Gs^Fp, Ss, Hh, Gg, Rr, Hh, Gg, Gg, Gs^Fp, Rr, Rr, Rr, Rr, Rr, Rr, Gg, Hh, Gs^Fp, Gs^Fp
Gg, Gg, Gg, Gg, Gg, Gg, Gg, Gg, Rr, Gg, Gg, Gg, Hh, Rr, Gg, Hh, Rr, Rr, Rr, Rr, Rr, Rr, Rr, Rr, Gg, Gs^Fp, Ss, Ss
Gg, Gg, Gg, Ss, Gg, Hh, Gg, Gs^Fp, Rr, Hh, Gg, Gg, Ss, Rr, Rr, Rr, Rr, Rr, Rr, Rr, Rr, Gs^Fp, Gg, Rr, Gg, Ss, Gg, Gg
Gg, Gg, Ss, Gs^Fp, Gg, Gg, Gg, Gg, Rr, Gg, Gg, Rr, Rr, Rr, Rr, Rr, Rr, Gg, Gg, Gg, Gg, Gg, Rr, Rr, Gs^Fp, Ss, Gg, Gg
Gg, Gg, Gg, Gg, Gg, Hh, Rr, Rr, Rr, Rr, Rr, Rr, Rr, Rr, Rr, Rr, Rr, Rr, Rr, Rr, Rr, Rr, Rr, Rr, Gs^Fp, Gg, Gg, Gg
Gg, Gg, Ss, Ss, Gg, Rr, Rr, Rr, Rr, Rr, Rr, Rr, Rr, Rr, Rr, Rr, Rr, Rr, Rr, Rr, Rr, Rr, Rr, Gg, Gs^Fp, Gg, Gs^Fp, Gs^Fp
Gg, Gg, Gg, Ce, Gg^Vh, Rr, Rr, Rr, Gg^Vh, Rr, Rr, Rr, Gg^Vh, Rr, Rr, Gg, Gg^Vh, Gg, Gs^Fp, Gg, Gg^Vh, Gg, Gg, Gg, Gg, Hh, Gg, Gg
Ss, Ss, Ce, 1 Ke, Ce, Rr, Rr, Rr, Rr, Rr, Rr, Rr, Rr, Rr, Hh, Gg, Gg, Gg, Gg, Gg, Gg, Gg, Gg, Gg, Gg, Gg, Gg, Gg
Gg, Gg, Ce, Ce, Ce, Rr, Rr, Rr, Rr, Rr, Rr, Rr, Rr, Gg, Gg, Gg, Gg, Gs^Fp, Gg, Ss, Gs^Fp, Gg, Hh, Gg, Gg, Ss, Gg, Gg
Hh, Hh, Gg, Gg, Gg, Gg, Gg, Gg, Gg, Gg, Gg, Gg, Gg, Gg, Gg, Gg, Gg, Hh, Gg, Gg, Gg, Gg, Hh, Gg, Gg, Gg, Gg, Gg
Gg, Gg, Gg, Gg, Gg, Hh, Gg, Gg, Gg, Gg, Gg, Gg, Gg, Hh, Ss, Gs^Fp, Gg, Gg, Gg, Gg, Gg, Gg, Gg, Gg, Gg, Gg, Gg, Gg
Gs^Fp, Gs^Fp, Gg, Gg, Gg, Gg, Gs^Fp, Hh, Gg, Gg, Gg, Ss, Gg, Gg, Gg, Gg, Gg, Gg, Gg, Gg, Gg, Gg, Gg, Gg, Gg, Gg, Ss, Ss
Gs^Fp, Gs^Fp, Gg, Gg, Gg, Gg, Gs^Fp, Hh, Gg, Gg, Gg, Ss, Gg, Gg, Gg, Gg, Gg, Gg, Gg, Gg, Gg, Gg, Gg, Gg, Gg, Gg, Ss, Ss
