Ww, Ww, Ww, Ww, Ww, Ww, Ww, Ww, Ww, Ww, Ww, Ww, Ww, Ww, Ww, Ww, Ww, Ww, Ww, Ww, Ww, Ww, Ww, Ww, Ww, Ww, Ww, Ww, Ww, Ww, Ww, Ww, Ww, Ww, Ww, Ww, Ww, Ww, Ww, Ww, Ww, Ww, Ww, Ww, Ww, Ww, Ww, Ww, Ww, Ww, Ww, Ww, Ww, Ww
Ww, Ww, Ww, Dd, Gs^Fda, Gg, Gg, Gg, Gg, Gs, Gg, Gs, Gg, Hh, Hhd, Hhd, Gs, Gg, Gg, Gs, Gg, Gs, Gs, Gg, Aa, Mm, Gg, Gg, Gg, Gg, Gg, Gg, Gs, Gg, Dd, Ds, Gg^Efs, Gg^Es, Gg, Gs, Gg, Gg, Gg, Gg, Gs, Gg^Edp, Gg^Eb, Gg^Edp, Gg, Gg, Gs, Hhd, Hh, Hh
Ww, Ww, Sm, Hh^Ftr, Hh^Fds, Gs, Gg, Gg, Gs, Gg, Gg, Gs, Gs, Gs, Gs^Fda, Gg, Gg, Gs, Gg, Gg, Gg, Gg, Gg, Gs^Ebn, Gs^Edp, Gg^Eb, Gg^Ebn, Gg^Efs, Gg, Gg, Hhd, Hhd, Hhd, Gs, Ww, Ww, Gg^Efs, Gg^Ebn, Gg, Gg, Hh^Fdw, Gs, Gs, Gg, Gs, Gg^Es, Hh, Gs, Gg, Gg, Gs, Hh, Gs, Gs
Ww, Ww, Ds, Rr, Ds, Ds, Dd, Gg, Gs, Gs, Gg, Gg, Ai, Gs, Gg^Ftd, Gg, Gg, Mm, Gg, Gg, Gs, Gg, Gs, Gg^Ebn, Hhd, Gg^Edb, Gg^Edb, Gs^Es, Gg, Gg, Hh, Hhd, Gs, Gg^Ftr, Ww, Ww, Ds, Gg^Eb, Gs^Edb, Gg^Edp, Hh^Fds, Gg, Gg, Md, Gs, Hh, Hhd, Gs, Gg, Re, Re, Hh, Hhd, Hhd
Ds, Ds, Ds, Re, Ww, Ww, Wwt, Gg^Eb, Gg, Gs, Gg, Gg, Gg, Hhd, Hhd, Gs, Gg, Ai, Gg, Gg, Gg, Gg, Gg, Gg^Ebn, Gg^Efs, Gg^Eb, Gg^Es, Gg, Gs, Gg, Gs, Gs^Ftr, Gs^Fdf, Gg^Fts, Gg^Fdf, Hhd^Vct, Dd, Gs^Es, Gg^Es, Gs^Edp, Gs^Fds, Gg^Fda, Gg^Vct, Gg, Hh, Gs, Gs, Re, Rr, Gs, Ai, Hhd, Gs, Gs
Gs^Es, Gs^Es, Gg^Efs, Re, Ww, Ww, Ds, Gg^Ebn, Gg^Eb, Gg^Edp, Gg, Gg, Gg, Hhd, Hhd, Gs, Gg, Gg, Gs, Gs, Gs^Fds, Gs^Fdw, Gs, Gg^Edp, Gg^Eb, Gg, Gg, Gg, Gg, Gg, Gs, Hh^Ftr, Gg, Gg, Gg^Ftp, Gg, Ds, Ww, Ds, Gs^Es, Gs^Es, Gg, Gg^Es, Gg^Ebn, Gs^Es, Rr, Re, Gg, Gg, Gs, Hh, Gg, Gs, Gs
Gg^Efs, Gg^Efs, Gs^Efs, Rr, Gg^Ftr, Gg^Vca, Sm, Gg^Ebn, Gg^Eb, Gs^Ebn, Gs, Gg, Gg, Dd, Gg^Efs, Gs, Gs, Gg, Gg, Gs, Gg^Ftd, Hh^Fdf, Gs, Gs^Es, Gg^Efs, Gg, Gs, Gs, Gg, Gs, Gg, Hh^Ft, Gg, Gg, Gs, Ds, Ww, Ww, Ww, Gg^Efs, Gs^Eb, Aa, Gg^Edp, Rr, Rr, Gs, Gg^Fds, Gg, Gs, Hh, Hh, Gg^Es, Gg^Edb, Gg^Edb
Gg^Es, Gg^Es, Gg^Edb, Rr, Hh^Fds, Sm, Dd, Gg^Fds, Gg^Ebn, Ds, Dd, Dd, Wwg, Ds, Gg^Edp, Gg, Hh^Fdw, Gg, Gg, Gs, Gs, Gg, Gs, Gs^Ebn, Gs, Gg, Gs, Gs, Gg, Gg, Gg, Gg^Ft, Gg, Gs, Gg, Gg^Fda, Ds, Ww, Dd, Hh^Ftd, Gg^Edb, Hhd, Hhd, Re, Gs^Fts, Gg^Ftr, Gg^Ftr, Gg, Gg, Gg, Gs^Edp, Gg^Eb, Gs, Gs
Gg, Gg, Gs, Rr, Dd, Ww, Ww, Gg^Eb, Gg, Rr, Wwg, Ww, Ww, Gg^Es, Gg^Ebn, Gs, Gs^Fdf, Gs^Fdf, Gg, Hh, Gg, Gg, Gg, Gg, Hhd, Aa, Gs, Gg, Gs, Gg, Gg, Gg, Gg, Gg, Gg, Gs, Ww, Ds, Ww, Hh, Hh, Hhd, Gg^Eb, Rr, Gs^Es, Gg, Ds, Ss, Gg, Gs, Gg, Gg^Efs, Gs^Efs, Gs^Efs
Gg, Gg, Hh^Ft, Hh^Fdf, Re, Gs, Ds, Re, Re, Ds, Re, Ww, Ds, Gg^Edp, Gs, Mm, Gs^Ftp, Gg^Ftd, Gg, Hh, Gg, Gs, Gg, Gs, Hhd, Gg, Gs, Gs, Gg, Gs, Gs, Gg, Gs, Hhd, Gg, Gg, Dd, Gs^Ftd, Ww, Ai, Hhd, Hhd, Gg^Fts, Re, Dd, Ww, Ww, Ww, Ww, Gs^Ftr, Gg, Gs^Ebn, Gg^Fds, Gg^Fds
Hh, Hh, Hhd, Hh, Rr, Re, Rr, Ww, Ww, Ww, Rr, Gg, Dd, Gg, Mm, Ai, Md, Gg^Vc, Gs^Ftr, Hhd, Gs, Ds, Gg, Gs, Gg, Ds, Gs, Ss, Gs, Gg, Hhd, Hh^Vca, Gs, Hhd, Gg, Gg, Gg, Gg, Dd, Md, Ww, Gs, Hh^Vca, Rr, Ww, Ww, Ww, Ww, Hh^Fds, Gg, Gs^Efs, Gg^Ebn, Hh^Ftp, Hh^Ftp
Re, Re, Re, Rr, Re, Gg, Ww, Ww, Ww, Ww, Dd, Gg, Dd, Ww, Ww, Ww, Aa, Gs, Gg, Gg, Ds, Ww, Ww, Sm, Gg, Ww, Dd, Dd, Ww, Ww, Dd, Hh^Fda, Dd, Hh^Ftp, Gg, Gg, Gg, Gg, Gg, Dd, Dd, Gg^Es, Ds, Re, Dd, Ww, Ww, Wwt, Ww, Ss, Gg^Efs, Gg^Edb, Gg^Ebn, Gg^Ebn
Rr, Rr, Rr, Gs, Re, Gg, Gg, Gg, Ss, Ww, Gg, Ds, Ww, Ww, Dd, Gg, Gg, Gg, Gg, Gg, Ww, Ww, Ww, Ww, Gg, Gg, Ww, Ww, Ww, Dd, Ww, Ww, Ww, Ww, Ds, Ds, Gs, Gs, Dd, Ww, Ww, Ww, Ww, Re, Gg, Dd, Ds, Ww, Ww, Gs, Gs, Gg, Gg^Eb, Gg^Eb
Re, Re, Gg^Fts, Gg^Ftr, Re, Hh^Ft, Gs, Dd, Ww, Ww, Ww, Ww, Ww, Ds, Gg, Md, Gs, Hh, Gs, Dd, Ww, Ai, Dd, Gg, Gg, Gg, Gg, Ds, Ww, Ww, Ww, Ww, Wwt, Ww, Ww, Ww, Ds, Sm, Ww, Ww, Dd, Gs^Edb, Ds, Rr, Gg, Gg, Gg, Dd, Dd, Gg, Gg, Gs, Gs, Gs
Wwg, Wwg, Re, Rr, Re, Gg, Gs, Dd, Ww, Ww, Ww, Ds, Dd, Gs, Ai, Aa, Hhd^Vca, Gg, Gg, Gg, Wwt, Hh, Gg, Gs, Gs, Gs, Gg, Hh, Ww, Ww, Ww, Ds, Ss, Dd, Dd, Ww, Ww, Ww, Ww, Sm, Ds, Hhd, Gs, Rr, Gg, Gs^Ebn, Gg^Es, Gs^Efs, Gg, Hhd, Hhd, Gg, Gg, Gg
Ww, Ww, Ds, Ss, Re, Gs^Fda, Gg^Fdf, Hh^Vca, Ww, Wwg, Ww, Ww, Ds, Ds, Gs, Dd, Gg, Gs, Gs, Ds, Wwg, Ww, Hhd, Gs^Eb, Gg, Gs, Gg, Dd, Ww, Ww, Dd, Gg, Gg, Gg, Gs, Dd, Dd, Ww, Ww, Ww, Gs, Dd, Hh^Vct, Rr, Gg, Gg^Ebn, Gg^Eb, Gg^Edb, Gg^Ebn, Hh, Hh, Gs, Gs, Gs
Gg, Gg, Dd, Ww, Re, Gg, Gg, Gg, Dd, Ww, Ww, Ww, Gg, Dd, Ww, Dd, Gs, Gg, Gg, Gg, Gs^Es, Ww, Hh, Hhd, Gg, Gg, Gg, Gg, Gg, Gg, Ww, Ss, Gg, Gg, Gs, Dd, Ww, Rr, Re, Rr, Wwg, Re, Rr, Gg, Gg, Gs^Es, Gs^Ebn, Gg^Fds, Gg^Ftr, Hh^Fts, Mv, Gs, Gg, Gg
Gg, Gg, Dd, Ww, Rr, Cd, Gg, Gg, Ds, Ww, Ww, Ww, Gg, Ss, Wwt, Ww, Dd, Gg, Gs, Gg, Ds, Gg^Ebn, Hh, Hhd, Gg, Gg, Gg, Gg, Gs, Gs, Gs^Ebn, Gs^Ebn, Gs, Gs, Gg, Re, Rr, Ww, Rr, Sm, Rr, Rr, Re, Re, Re, Re, Ai, Gg^Eb, Gg, Cd, Gg^Ftd, Hhd, Gs, Gs
Dd, Dd, Gg, Cdr, 1 Kd, Re, Gg, Gs, Gg, Ww, Ww, Ww, Ss, Ds, Ww, Ww, Gg, Sm, Gs, Gs, Gg, Gg, Gg^Fdf, Gg^Fdf, Gg^Fdw, Gs, Hh^Ftp, Gg^Vct, Mm, Gs, Gs^Eb, Gg, Gs, Rr, Re, Gg^Edp, Ww, Ww, Ww, Dd, Gg, Re, Gg^Ftp, Gg^Fts, Gg^Edb, Hhd, Re, Rr, Re, 2 Kd, Cdr, Hh, Gg, Gg
Gs, Gs, Ww, Ds, Ww, Ww, Re, Rr, Dd, Ww, Ww, Gg^Ftr, Ds, Gg, Ww, Ww, Ds, Ww, Ds, Ds, Gs, Ds, Gs^Ftr, Gg, Gs, Re, Rr, Gg, Ai, Gs, Gg, Re, Re, Gg, Gg, Gg^Edp, Ww, Ww, Ww, Ww, Gg^Edb, Re, Gg^Eb, Gg^Edp, Hhd, Gg^Ftd, Gg^Efs, Gs^Ebn, Cdr, Cdr, Cdr, Gg, Gg, Gg
Gg, Gg, Gs, Gg, Ww, Ww, Gg, Gg, Re, Re, Re, Re, Rr, Rr, Dd, Re, Sm, Ww, Ww, Ww, Ww, Ds, Ss, Re, Rr, Re, Re, Gg, Gs, Re, Rr, Gs, Gg, Gs, Gs, Gs^Efs, Gg^Edb, Ww, Wwt, Ww, Gg^Edp, Gg^Ebn, Re, Re, Gg^Edp, Gg^Efs, Gg^Ftp, Gs^Edp, Gg, Gg, Gg, Hh, Gs, Gs
Gg, Gg, Gg, Gs, Gg, Ds, Dd, Ds, Ww, Ww, Gs, Gs^Edp, Gg, Hh, Rr, Hhd, Re, Re, Gg, Dd, Dd, Rr, Ww, Re, Rr, Re, Re, Re, Rr, Gg, Gs, Gg, Gg, Gg, Gs, Hh, Gs^Es, Ww, Ww, Ww, Ss, Gg^Efs, Gg^Eb, Gg^Es, Re, Rr, Gg^Fts, Gs^Edb, Gg, Gg, Gg, Gs, Hhd, Hhd
Gg, Gg, Gs, Gs, Gs, Gs, Dd, Ww, Dd, Gs, Hhd, Gg^Edb, Hh, Gg, Gg, Hhd, Gg, Gs, Rr, Rr, Re, Ww, Re, Rr, Re, Ww, Gg, Gg, Gg, Gs, Gg, Gg, Gg, Hh^Fdf, Gg, Hhd, Sm, Dd, Sm, Hh, Hhd, Hhd, Hhd, Hhd, Hh, Re, Gs^Ebn, Gs, Ai, Gs, Gg, Gg^Ft, Gg, Gg
Gg, Gg, Gg, Gs, Hhd^Vc, Md, Dd, Ww, Ww, Ww, Hhd, Hh, Aa, Gs, Gg, Gs, Gs, Gg, Gs, Ss, Ww, Ww, Dd, Gs, Gg, Dd, Sm, Gg, Hh, Gg, Gg, Gg, Gg, Gs, Gg, Gg, Gg^Efs, Ww, Ww, Gs^Efs, Hh, Ai, Ai, Hh, Gg, Re, Gg, Gs, Gg, Gs, Gg, Gg^Ftp, Gg, Gg
Hhd, Hhd, Gg, Gg, Hh, Mm, Ww, Gs, Mm, Sm, Gg^Ebn, Gg^Efs, Gg^Efs, Hh^Fds, Gg, Hh, Gg, Gs, Gs, Dd, Ww, Ss, Gs, Gg, Gs, Ww, Ww, Ds, Hh, Gs, Gg, Hh^Ftr, Gs, Gs, Gs, Gg, Dd, Dd, Gs^Edp, Gs, Hhd, Gg^Ebn, Hh, Hhd, Gg, Gg, Rr, Re, Gs, Gs, Gg, Gg, Gs, Gs
Hh, Hh, Gg, Gs, Hh, Hhd, Gg^Eb, Ds, Mm, Gg, Gs^Eb, Gg, Gg^Edb, Gg^Fdw, Hhd, Gg, Gg, Gs, Gs, Ss, Ww, Sm, Gs, Dd, Ww, Ww, Ww, Gg, Gg, Gg, Hh^Fts, Gs, Gs, Gg, Gg, Gg, Ww, Ds, Ds, Hhd, Hhd, Gs^Eb, Hhd, Hh, Gg, Gg, Gg, Gs, Re, Re, Gs^Edp, Gg^Edb, Gs^Edp, Gs^Edp
Mm, Mm, Md, Gs, Gg, Gs^Edb, Ww, Ww, Ww, Gg^Eb, Gg^Es, Gg, Ds, Dd, Gg, Gg^Eb, Gg^Ebn, Hh^Vc, Gs, Gs, Gg, Gs^Fdw, Gg, Ds, Ww, Ww, Ww, Sm, Gg, Gg, Gg, Gg, Gg, Gs, Gg^Fdf, Gg, Dd, Ww, Ww, Hhd, Gs^Eb, Gg^Edp, Gs^Edp, Hh, Gs^Edb, Aa, Gg^Fdf, Gs^Fds, Gg, Gg, Rr, Re, Gg^Efs, Gg^Efs
Hh, Hh, Gg, Hh, Gs, Gg^Efs, Gg^Edp, Dd, Ds, Ds, Gg^Edp, Gg^Ebn, Ww, Ww, Gg, Gs^Eb, Gg^Fds, Md, Aa, Hh, Gs, Gg, Hh^Fdw, Ds, Ww, Ww, Ww, Dd, Gg, Gg, Gg, Gs, Gg, Gs, Gs^Fdf, Gg^Fds, Ds, Ww, Gg, Ds, Gg^Eb, Hhd, Ai, Hh^Vca, Gg, Md, Gs^Vca, Gg^Fds, Gs^Fdf, Gs, Gs^Edp, Dd, Re, Re
Hh^Ftd, Hh^Ftd, Hhd, Gg, Gg, Gg^Efs, Gg, Hhd, Ww, Ww, Gg^Efs, Dd, Ww, Dd, Gg, Gs, Aa, Hh, Hhd, Hhd, Gg, Gg, Dd, Ww, Ww, Ww, Ww, Ww, Ds, Gg, Gg, Gg, Gg, Gg, Gg^Fts, Sm, Ww, Ww, Ww, Ww, Hh, Ai, Aa, Mm, Gg, Gs, Dd, Ww, Ww, Ww, Ww, Ss, Rr, Rr
Hh^Fts, Hh^Fts, Hh^Fdw, Gg, Gg, Gg^Edp, Hh, Hhd, Ww, Ds, Gg^Eb, Ds, Dd, Dd, Gg, Gs^Eb, Gg^Efs, Gg^Es, Gg, Hh, Mm, Gg, Gg, Ww, Wwt, Gs, Ds, Gg, Dd, Gg, Gg, Gg, Gs, Gg, Gs^Fds, Gg, Ww, Ww, Ww, Ww, Dd, Gs, Gg, Hhd, Gg, Dd, Ww, Ww, Ww, Hhd, Sm, Gs^Efs, Re, Re
Ww, Ww, Hh^Ftr, Gg, Gg^Ebn, Gg^Efs, Hhd, Gs^Es, Ww, Ww, Ww, Gg^Eb, Wwt, Gg^Eb, Hh^Ftp, Hh^Ftr, Gg^Efs, Gg^Edp, Gg, Gs, Mm, Gg, Dd, Dd, Ds, Gg^Edb, Gs^Es, Aa, Aa, Gs^Ftr, Gg^Ftr, Gg, Gg, Gg, Gg, Gg, Ww, Ww, Ww, Ww, Ds, Gg, Gg, Gg, Hhd, Ds, Wwg, Ww, Ww, Ww, Ww, Gg^Ebn, Re, Re
Ww, Ww, Ww, Gs^Eb, Gg^Es, Gg^Es, Gs^Efs, Gs, Dd, Ss, Ds, Ds, Ww, Dd, Gs^Fds, Gs^Eb, Gs^Efs, Gs^Edp, Gs, Gg, Gg^Es, Gs^Edp, Gs^Es, Hh^Vct, Gg^Eb, Hhd, Gg^Ebn, Gs^Eb, Ai, Aa, Gs, Gg, Hhd, Gs, Gs, Ds, Ww, Wwt, Ww, Ww, Ww, Hh, Gg, Hh^Fdf, Gs, Dd, Ww, Ww, Mv, Md, Hhd, Re, Re, Re
Ww, Ww, Ww, Dd, Gg^Edp, Gg^Es, Gg^Eb, Gg^Ebn, Gg^Eb, Ds, Ww, Ww, Ww, Hh, Hhd^Vc, Gs, Gg^Efs, Gg^Es, Gs^Edp, Gs, Gg^Eb, Gg^Es, Gg^Ebn, Hh^Fdw, Hhd, Gs, Gg^Ebn, Gg^Edb, Gg, Hhd, Hhd, Hhd, Hhd, Gs, Gg, Gg, Gg, Ds, Ww, Ww, Gs, Gs, Gg, Gs^Fdw, Gg^Ebn, Dd, Wwg, Ww, Ww, Mv, Rr, Gs, Rr, Rr
Gg, Gg, Ss, Gg^Fdw, Gg^Efs, Gg^Efs, Gs^Edb, Hh^Fda, Gs^Edp, Gg, Hh^Fdf, Hhd, Hhd, Gg^Edp, Gg^Es, Gg, Gs, Hh, Gg^Edb, Gg^Es, Gg^Ebn, Gg^Edb, Gg^Edb, Gg^Efs, Hh, Gs^Ebn, Gg^Edp, Gg^Edp, Gg^Eb, Gg^Edb, Gg^Edp, Gg^Edp, Gg, Gs, Gs, Gg, Gg, Gs, Dd, Ww, Ds, Ds, Gs, Gg, Gg^Eb, Gg^Es, Dd, Ww, Ww, Ww, Ds, Rr, Re, Re
Gg, Gg, Gg, Gg, Gg^Eb, Gg^Efs, Gg^Edp, Gs^Es, Gs, Gs, Ww, Hhd, Hh, Gs, Gs, Gg, Gg, Hh, Gg^Eb, Gg^Efs, Gg^Edp, Gg^Ebn, Gg^Ebn, Gg^Es, Hhd, Gs^Es, Gg^Es, Gg^Eb, Gg^Edp, Gg^Efs, Gs^Efs, Gg^Es, Gg^Ebn, Gg, Gs, Gg, Gg, Gs, Ds, Hh^Fdw, Ww, Ww, Ds, Gg, Gg^Eb, Gg^Edb, Ss, Ww, Ai, Ww, Ds, Re, Re, Re
Ww, Ww, Ww, Ww, Ww, Ww, Ww, Ww, Ww, Ww, Ww, Ww, Ww, Ww, Ww, Ww, Ww, Ww, Ww, Ww, Ww, Ww, Ww, Ww, Ww, Ww, Ww, Ww, Ww, Ww, Ww, Ww, Ww, Ww, Ww, Ww, Ww, Ww, Ww, Ww, Ww, Ww, Ww, Ww, Ww, Ww, Ww, Ww, Ww, Ww, Ww, Ww, Ww, Ww
