Uu, Uu, Uu, Uu, Uu, Uu, Uu, Uu, Uu, Uu, Uu, Uu, Uu, Uu, Uu, Uu, Uu, Uu, Uu, Uu, Uu, Uu
Uh, Uh, Uu, Uu, Uu, Uu, Uu, Uu, Uu, Uu, Uu, Uu, Uh, Uh, Uh, Uh, Uu, Uu, Uu, Uu, Uu, Uu
Xu, Xu, Cud, Uh, Uu, Uu, Uu, Uu, Uu, Uu, Uh, Uh, Xu, Xu, Xu, Uh, Uh, Uu, Uu, Uu, Uu, Uu
Xu, Cud, 1 Kud, Cud, Uu, Uu, Uu, Uu, Uu, Uu, Uu, Xu, Xu, Xu, Xu, Xu, Uh, Uh, Uu, Uu, Uu, Uu
Xu, Cud, Cud, Cud, Uu, Uu, Uu, Uu, Uu, Uu, Uu, Uu, Uu, Uu, Uu, Uu, Uu, Uh, Uu, Uu, Uu, Uu
Xu, Xu, Xu, Uu^Vud, Uu, Uu, Uu, Uu^Vud, Uu, Uu, Uu, Uu^Vud, Uu, Uu, Uu, Uu^Vud, Uh, Uh, Uu, Uu, Uu, Uu
Xu, Xu, Uh, Uu, Uu, Uu, Uu, Uu, Uu, Uu, Uu, Uh, Xu, Xu, Xu, Uh, Uh, Uu, Uu, Uu, Uu, Uu
Uh, Uh, Uu, Uu, Uu, Uu, Uu, Uu, Uu, Uu, Uu, Uu, Uu, Uu, Uh, Uh, Uu, Uu, Uu, Uu, Uu, Uu
Uu, Uu, Uu, Uu, Uu, Uu, Uu, Uu, Uu, Uu, Uu, Uu, Uu, Uu, Uu, Uu, Uu, Uu, Uu, Uu, Uu, Uu
Uu, Uu, Uu, Uu, Uu, Uu, Uu, Uu, Uu, Uu, Uu, Uu, Uu, Uu, Uu, Uu, Uu, Uu, Uu, Uu, Uu, Uu
Uu, Uu, Uu, Uu, Uu, Uu, Uu, Uu, Uu, Uu, Uu, Uu, Uu, Uu, Uu, Uu, Uu, Uu, Uu, Uu, Uu, Uu
Uh, Uu, Uu, Uu, Uu, Uu, Uu, Uu, Uu, Uu, Uu, Uu, Uu, Uh, Uu, Uu, Uu, Uu, Uu, Uu, Uu, Uu
Uh, Uh, Uh, Uu, Uu, Uu, Uu, Uu, Uu, Uu, Uu, Uh, Uh, Uh, Uh, Uu, Uu, Uu, Uu, Uu, Uu, Uu
Xu, Xu, Uh, Uh, Uu, Uu, Uu, Uu, Uu, Uu, Uu, Uh, Xu, Xu, Xu, Uu, Uu, Uu, Uu, Uu, Uu, Uu
Xu, Xu, Xu, Uu^Vud, Uh, Uu, Uu, Uu^Vud, Uu, Uh, Uu, Uu^Vud, Xu, Xu, Xu, Uu^Vud, Uu, Uu, Cud, Uu, Uu, Uu
Xu, Xu, Xu, Uh, Uh, Uu, Uu, Uu, Uu, Uh, Uu, Xu, Xu, Xu, Xu, Xu, Xu, Cud, 2 Kud, Cud, Uu, Uu
Xu, Xu, Xu, Uh, Uu, Uu, Uu, Uu, Uu, Uh, Uh, Xu, Xu, Xu, Xu, Xu, Uh, Cud, Cud, Cud, Uu, Uu
Xu, Uh, Uh, Uu, Uu, Uu, Uu, Uu, Uu, Uu, Uh, Uh, Xu, Xu, Xu, Uh, Uh, Uu, Uu, Uu, Uu, Uu
Uh, Uh, Uu, Uu, Uu, Uu, Uu, Uu, Uu, Uu, Uu, Uu, Uh, Uh, Uh, Uu, Uu, Uu, Uu, Uu, Uu, Uu
Uu, Uu, Uu, Uu, Uu, Uu, Uu, Uu, Uu, Uu, Uu, Uu, Uu, Uu, Uu, Uu, Uu, Uu, Uu, Uu, Uu, Uu
