Hh^Fpa, Hh^Fts, Hh, Hh, Hh, Hh, Hhd, Gs, Gg, Gs, Gg, Gs, Gs, Gg, Gs, Gg, Gg, Gg, Gs, Gs, Gg, Ww, Ww, Ww, Hh^Ft, Gg^Fp, Hh^Fpa, Gs^Ft
Hh^Fpa, Hh^Fpa, Gg^Ft, Hhd, Hh, Gg^Ft, Gg^Ftp, Gg^Ftp, Gg^Ftd, Gg^Ftp, Gg, Gg, Gg, Gg, Gg, Gg, Gg, Gg, Gs, Gs, Gg^Fp, Gg^Fts, Gs^Ft, Gs^Fpa, Gg^Fp, Gs^Ftp, Gg^Fts, Gg, Gg, Gg, Gg, Gg, Gs, Ss, Gg, Gg, Gg, Gg, Dd, Ww, Ww, Ds, Gg, Gg
Hh^Fts, Hh^Fts, Gs^Fpa, Gs, Hhd, Gs^Fp, Gg^Ft, Gs^Ft, Hh^Fpa, Gg^Fp, Gg, Gg, Gg, Gg, Gg, Gg, Gg, Gg, Gs, Gg, Hh^Fpa, Gs^Ftp, Hh^Fp, Gs^Ftd, Gg^Ftr, Gs, Gg^Ft, Gg^Ftp, Gg, Gg, Gg, Gg, Ds, Ww, Gg, Gg, Gg, Gg, Dd, Ww, Wwt, Ww, Dd, Dd
Hh, Hh, Gg, Gs^Vha, Gg, Gs^Fp, Hh^Fpa, Gs^Ftd, Gg^Ftp, Gs^Ft, Gg, Gg, Gg, Gg, Gg, Gg, Gg, Gs, Gs, Gs, Gs, Gg, Gg, Gs, Gs, Gg, Gs, Gs, Gs, Gg, Gg, Gs, Gg, Dd, Sm, Ww, Ds, Gg, Gg, Cf, Gg, Gg, Gs, Gs
Hh, Hh, Hhd, Gs, Gs, Gg^Fpa, Gg^Fp, Gs^Ftr, Gs^Fts, Gg^Ft, Gg, Gg, Gs, Gg, Gg, Gg, Gg, Gs, Gs, Gs, Gs, Gs, Gs, Gg, Gs, Gs, Gs, Gg, Gs, Gg, Gg, Gg, Gs, Ww, Ww, Sm, Sm, Gs, Ce, 2 Ke, Ce, Gg, Gs, Gs
Hh, Hh, Hhd, Hh, Gs, Hh^Fpa, Gg^Ftp, Gg^Ft, Hh^Ftr, Gg, Gg, Gg, Gg, Gg, Gg, Gg, Gg, Gg, Gs, Gs, Gg, Gg, Gg, Gs, Gg, Gs, Gg, Gg, Gg, Gs, Gg, Gg, Ds, Ds, Ds, Ww, Gs^Vhs, Rra, Rra, Ce, Cf, Gg, Gs, Gs
Hh, Hh, Hh, Hhd, Hhd, Gs, Gs, Hh^Ft, Gs^Ft, Gs, Gg, Gg, Gg, Gg, Gg, Gg, Gg, Gg, Gs, Rrd, Gg, Gs, Gs, Gs, Gs, Gs, Gg, Gg, Gg, Gg, Gs, Gs, Ds, Sm, Ww, Rp, Rrc, Gg, Gg, Gs, Gs, Gg, Gs, Gs
Hhd, Hhd, Hhd, Hh, Hh, Gg, Gg, Hh^Fp, Gg^Fts, Gs, Gg, Gg, Gg, Gg, Gg, Gs, Gg, Gg, Gs^Vha, Rr, Gs, Gg, Gg, Gg, Gs, Gg, Gg, Gs, Hh, Hhd, Gg^Ft, Gs, Ww, Ww, Rp, Dd, Gg, Gg, Gg, Gg, Gg, Gg, Gs, Gs
Gs, Gs, Hhd, Hh, Gg, Gs, Gs, Gg^Ftr, Gg^Ftd, Gg, Gg, Hh, Gs, Hh, Gs, Gg, Gg, Gg, Gs, Rrd, Gs, Gg, Gg, Gs, Gs, Gs, Gg, Gs, Gs, Gs, Hh^Ft, Gs, Gg^Vhs, Rra, Rrc, Ww, Gg, Dd, Gs, Gs, Gg, Gs, Gs, Gs
Gg, Gg, Gs, Gs^Vht, Gg, Gs, Gs, Hh^Ftp, Hh^Fpa, Gg, Hh, Hhd, Hh, Hhd, Hhd, Hhd, Gs, Gs, Gs, Rra, Gg, Gs, Gs, Hh, Hh, Gs, Gg, Gs, Gs, Gg^Vhs, Gg, Rra, Rrd, Gg, Dd, Dd, Ww, Ww, Ds, Ds, Gg, Gg, Gs, Gs
Gs, Gs, Gg, Gs, Gs, Gs, Gg, Gg, Gs, Gg, Hhd, Mm, Md, Hhd, Hhd, Hh, Gg, Gg, Gs^Vha, Rr, Gs, Gg, Gs, Gg, Gs, Gs, Gs, Gg, Gs, Rrd, Rra, Gs, Gs, Gs, Gg, Gs, Dd, Ww, Ww, Dd, Gg, Gs, Gs, Gs
Gg, Gg, Gg, Gs, Gs, Gs, Gs, Gg, Gs, Hh, Mdd, Ms, Mv, Hhd, Hhd, Hh, Gs, Gs, Gg, Rr, Gg, Gs, Gs, Gg, Gg, Gs, Gg^Vha, Rrc, Rra, Gs, Gg, Gs, Gs, Gg, Gs, Gs^Ftd, Gg, Gg, Ds, Ww, Ww, Ds, Gs, Gs
Gs, Gs, Gs, Gg^Vh, Gg, Gg, Gg, Gs, Gg, Hhd, Hh, Mdd, Hh, Hh, Hhd, Hhd, Hhd, Gg, Gs, Rrc, Gs, Gs, Gs, Gg^Vh, Gg, Rr, Rrd, Gs, Gg, Gs, Gg, Gg, Gg^Ftp, Hh^Fts, Gg^Fp, Gs, Gg, Gs, Gg, Dd, Dd, Ww, Sm, Sm
Gs, Gs, Gs, Gs, Gg, Gs, Gs, Gs, Gs, Hhd, Hhd, Hh, Hhd, Hhd, Hhd, Hhd, Gg, Gg, Gg, Rra, Gg, Gg, Gg, Rrd, Rra, Gs, Gg, Gs, Gs, Gg, Gs, Gg, Gs, Gg, Gg, Gg, Gg, Gg, Gg, Gg, Ww, Ww, Gg, Gg
Gg, Gg, Gg, Gs, Gs, Gg, Gg, Gg, Gg, Gs, Hh, Hh, Hh, Hh, Gs, Gg, Gs, Gs, Gg, Rrd, Gg^Vh, Rrd, Rrc, Gg, Gs, Gs, Gs, Gg, Gs, Gs, Gg, Gs, Gs, Hhd, Hh, Hh, Gg, Gg, Gg, Dd, Ww, Ww, Dd, Dd
Gs, Gs, Gg, Gg^Vha, Gs, Gg, Gs, Gs, Gs, Gg, Gs, Gg, Gg, Gs, Gs, Gs, Gg, Gg^Vh, Gg, Rrc, Rrc, Gg, Gs, Gg, Gg, Gg, Gs, Gg, Gs, Gg, Gg, Gs, Gs, Hh, Hhd, Hhd, Gg, Gg, Gg, Gg, Ww, Ww, Ds, Ds
Gg, Gg, Gs, Gs, Gg, Gg, Gs, Gs, Gs, Gs, Gs, Gg, Gg, Gg, Gg, Gs, Gs, Rrd, Rrc, Gg, Gs, Gs, Gg, Gs, Gg, Gg, Gg, Gs, Gs, Gs, Gs, Gs, Gg, Gs, Gs, Gg, Gs, Gg, Gg, Gg, Ds, Ww, Gg, Gg
Gg, Gg, Gg, Gs, Gs, Gs, Gs, Gs, Gg, Gs, Gs, Gs, Gg, Gg, Gs, Rrd, Rrc, Gs, Gg, Gs, Gg, Gs, Gs, Hh, Gg, Gs, Gg, Gg, Gs, Gs, Gs, Gs, Gs, Gg, Gs, Gg, Gg, Gg, Gg, Ds, Ww, Ww, Dd, Dd
Gg, Gg, Gg, Gs, Gg, Gs, Gg, Gg, Gg, Gg, Gg, Gg, Gg, Gs, Rrd, Gs^Vh, Gg, Gg, Gs, Gg, Hh, Hh, Hh, Hhd, Gs, Gg, Gg, Gs, Gs, Gs, Gs, Gs, Gs, Gs, Gg, Gg, Gg, Gg, Gg, Ww, Ww, Dd, Gg, Gg
Gs, Gs, Gs, Gs, Gg, Gg, Ds, Gg, Gg, Ds, Ds, Ds, Gg, Gg, Rr, Gs, Gs, Gs, Gg, Gg, Hhd, Hh, Mv, Mm, Hh, Gs, Gs, Gs, Gg, Gs, Gg, Gs, Gs, Gs, Gg, Gs, Gs, Gs, Dd, Gs, Dd, Ww, Gs, Gs
Gs, Gs, Gg, Gg, Gg, Ds, Ww, Gg, Gg, Ww, Ww, Ds, Gg, Gg, Rrd, Gs, Gg, Gg, Gg, Gg, Hhd, Hhd, Hhd, Ms, Hh, Gs, Gg, Gg, Gg, Gg, Gs, Gs, Gg, Gs, Gg, Gg, Gs, Gg, Gg, Gs, Ww, Gg, Gg^Fp, Gg^Fp
Gg, Gg, Gg, Gg, Gg, Ds, Ww, Ww, Ww, Ww, Ww, Dd, Gg, Dd, Rrc, Gg^Vhs, Gs, Gg, Gs, Gg, Hhd, Hhd, Ms, Mv, Hhd, Gg, Gs, Gs, Gg, Gs, Gg, Gg, Gg, Gg, Gg, Dd, Ds, Ds, Gs, Gs, Ww, Ww, Ds, Ds
Ww, Ww, Gg, Gg, Ww, Ww, Ww, Ww, Ww, Dd, Ww, Ww, Ww, Ww, Rrc, Gs^Ft, Gg^Fpa, Gg, Gs, Gg, Hh, Hhd, Md, Md, Mm, Gg, Gs, Gs, Gg, Gg, Gg, Dd, Gg, Ss, Gg, Ww, Ww, Ds, Gg, Gs, Dd, Ww, Ds, Ds
Ww, Ww, Ww, Ww, Dd, Ww, Ww, Ww, Ww, Dd, Ds, Ww, Ww, Ww, Rrd, Gs^Fts, Gg^Fts, Gs, Gs, Gs, Hhd, Ms, Mv, Mm, Ms, Md, Gg, Gg, Gg, Gg, Gg, Ww, Ww, Dd, Dd, Ww, Ww, Ww, Gg, Gs, Ww, Ww, Dd, Dd
Ww, Ww, Wwg, Ww, Ww, Ww, Ww, Ww, Sm, Gg, Ds, Gg, Ww, Ww, Rrd, Gs^Fts, Hh^Ftp, Gs^Fts, Hh^Fts, Gg, Hh, Hhd, Mm, Md, Md, Hhd, Gs, Gs, Gg, Gg, Gg, Ww, Ww, Ww, Ww, Ww, Ww, Dd, Dd, Gg, Ww, Ww, Gs, Gs
Hh^Ft, Hh^Ft, Ss, Ce, 1 Ke, Ww, Ww, Ww, Hh^Fts, Gg, Gg, Gg, Dd, Rrd, Rrd, Hh^Ft, Gg, Gs, Gs, Hh^Ftd, Hh^Fts, Gg, Hh, Hh, Hh, Gg, Gs, Gs, Gs, Gg, Gs, Ds, Gg, Ww, Ww, Ww, Ww, Ww, Ds, Gg, Ds, Ww, Dd, Dd
Gg^Fp, Gg^Fp, Gg^Ftr, Gg^Fpa, Rra, Rr, Gg^Fpa, Ss, Ds, Gs^Vh, Gg, Rrc, Rrd, Gs^Vhs, Hh^Ftp, Gs^Fts, Gg, Gs, Gs, Hh^Fpa, Gs^Ftr, Gs^Fpa, Gg, Gg, Gs, Gs, Gg, Gg, Gg, Gs, Gs, Gg, Dd, Ds, Ww, Ww, Ww, Ww, Dd, Dd, Ww, Ww, Dd, Dd
Hh^Fpa, Hh^Fpa, Gg^Ftp, Hh^Ft, Gg, Gg^Fp, Rrd, Rra, Rr, Rra, Rra, Gs^Ftd, Gs^Fp, Gs^Ftd, Gg^Ftp, Gg^Fp, Gg, Gg, Gg, Gg, Hh^Fpa, Gg^Fp, Gg, Gg, Gs, Gg, Gs, Gg, Gg, Gs, Gg, Gg, Gg, Gg, Dd, Ww, Wwt, Dd, Gg, Ww, Ww, Dd, Dd, Dd
Gs^Ft, Gs^Ft, Gg^Ftd, Gg, Gg, Gg, Gg, Hh^Ftr, Gg^Ft, Gs^Ft, Hh^Ftd, Gs^Fpa, Hh^Ft, Gg^Fp, Gs^Ft, Gg^Fpa, Gg, Gg, Gg, Gs, Gg, Gg, Gs, Gs, Gg, Gg, Gs, Gs, Gg, Gg, Gs, Gs, Gg, Gg, Gg, Dd, Ww, Wwt, Hh^Fpa, Ds, Gg^Fpa, Gs^Fp, Gs, Gs
Hh^Fpa, Hh^Fts, Hh, Hh, Hh, Hh, Hhd, Gs, Gg, Gs, Gg, Gs, Gs, Gg, Gs, Gg, Gg, Gg, Gs, Gs, Gg, Ww, Ww, Ww, Hh^Ft, Gg^Fp, Hh^Fpa, Gs^Ft
