Xur, Xur, Xur, Xur, Xur, Xur, Xur, Xur, Xur, Xur, Xur, Xur, Xur, Xur, Xur, Xur, Xur, Xur, Xur, Xur, Xur, Xur, Xur, Xur, Xur, Xur, Xur, Xur, Xur, Xur, Xur, Xur, Xur, Xur, Xur, Xur, Xur, Xur, Xur, Xur, Xur, Xur, Xur, Xur, Xur
Xur, Xur, Xuc, Xue, Uu, Uhe, Uh, Uh, Uh, Uh, Uh, Uue, Uue, Uue, Uue, Uhe, Xue, Xue, Xur, Xur, Uhe^Ufi, Uh^Uf, Uh, Uh, Uhe, Uhe, Uh, Uue, Uu, Uu, Uue, Uu, Uue, Uue, Uu, Uu, Uu, Uhe, Uh, Uue, Uu, Uue, Uue, Uu, Uu
Xue, Xue, Xuc, Xur, Uu, Uu, Uhe, Uhe, Uh, Uh, Uh, Uue, Uue, Uu, Uue, Uue, Xur, Xu, Xu, Uh^Ufi, Uh^Uf, Uhe^Qhu, Uhe, Uh, Uhe, Uhe, Uu, Uu, Uu, Uue, Uu, Uu, Uue, Uhe, Uh, Uh, Uhe, Uhe, Uhe, Uu, Uue, Uu, Uue, Uue, Uue
Uue^Uf, Uue^Uf, Uue^Qhu, Rr, Cud, Cud, Uh, Uh, Uhe, Uh, Uu, Uu, Uue, Uue, Uu, Uu, Uh, Uhe, Uh, Uh, Uhe, Uh^Qhh, Uhe, Uh, Uue, Uue, Uu, Uu, Hh^Vu, Uu, Uu, Uue, Uu, Uhe, Uh, Uhe, Uh, Uh, Uh, Uue, Uue, Uu, Uu, Uue, Uue
Uu, Uu, Uue, Rr, 1 Kud, Cud, Uh, Uhe, Uh, Uhe, Uue, Uue, Uue, Uu, Uue, Uue, Uh, Uh, Uh, Uh, Uu, Uu, Uue, Uue, Uue, Uu^Qhu, Uu^Qhh, Uue^Qhh, Uu, Uue, Uu, Uue, Uu, Uue, Uue, Uu, Uu, Uu, Xue, Xuc, Xur, Uu, Uue, Uue, Uue
Uue, Uue, Uue, Uu, Rrd, Uh, Uhe, Uu, Uh, Hh^Vu, Uhe, Uu, Uu, Uu^Uf, Uu^Ufi, Uu, Uhe, Uh, Uh, Uhe, Uu, Uue, Uue, Uue, Uue, Uue^Qhu, Uu^Ufi, Uue^Uf, Uue^Ufi, Uue^Qhh, Uue^Ufi, Uue^Qhu, Xur, Xu, Uue, Uu, Uue, Xu, Uu, Xur, Xue, Uu, Uue, Uu, Uu
Uh, Uh, Uue, Uu, Rr, Uh, Uhe, Uh, Uu, Uue, Uu, Xu, Uu^Ufi, Uu^Qhh, Uu^Uf, Uue^Ufi, Uh, Uh^Uf, Uh^Qhu, Uhe, Uue, Uu, Uu, Uue, Uue, Uue^Uf, Uu^Qhh, Uu^Qhu, Uu^Ufi, Uu^Ufi, Uue^Uf, Uu^Ufi, Uue^Ufi, Xue, Xur, Xue, Uu, Uu, Uu, Xue, Xuc, Uue, Uu, Uue, Uue
Uh, Uh, Uhe, Uue, Rrd, Uue, Uue, Uu, Uue, Uue, Uue, Xu, Xue, Uue^Ufi, Uu^Ufi, Uh^Qhu, Uh, Uh, Uh, Uue, Uu, Uu, Uue, Uue, Uue, Uu^Qhh, Uu^Qhu, Uue^Ufi, Uue^Ufi, Uu^Qhh, Uue^Qhh, Uu^Qhh, Uue^Qhu, Xur, Xuc, Xur, Uue, Uu, Uue, Xur, Xu, Uue, Uu, Uue, Uue
Uhe, Uhe, Uh, Uu, Rra, Rra, Uu, Uue, Uu, Uu, Uu, Xur, Xuc, Uu, Uu^Ufi, Uhe, Uhe, Uh, Uh, Uhe, Uue, Uu, Uu, Uu, Uu^Qhh, Uu^Ufi, Uue^Uf, Uu^Qhh, Uhe^Uf, Uhe^Qhh, Uhe^Uf, Uue^Qhh, Uue^Qhh, Uu^Qhu, Xur, Xur, Xue, Uu, Xur, Xue, Xuc, Uue, Uu, Uue, Uue
Uh, Uh, Uh, Rrd, Rra, Uu, Rrc, Rra, Uue, Uue, Uue, Xue, Xuc, Uu, Uue, Uhe, Uh, Uhe, Uh, Uh, Uue, Uu, Uue, Uue, Uue, Uue, Uue, Uhe, Uhe, Uh, Uhe^Qhh, Uhe^Uf, Uue^Qhh, Uue^Qhh, Uu^Qhh, Uue, Xuc, Xuc, Xu, Xue, Uu, Uu, Uu, Uue, Uue
Uh, Uh, Uu, Uu, Uu, Uue, Uue, Uu, Rr, Rra, Uue, Uu, Xue, Uu, Uu, Uue, Uhe, Uh, Uh, Uhe, Uue, Uu, Uue, Xu, Uu, Uu, Uu, Uu, Uh, Uhe, Uh^Ufi, Uu^Uf, Uu^Ufi, Uue^Qhh, Uu^Ufi, Uue, Uu, Uu, Uue, Uu, Uue, Uu, Uu, Uu, Uu
Uu, Uu, Uu, Uu^Vud, Uu, Xu, Xue, Xue, Xur, Xur, Rra, Rra, Uu, Uue, Uue, Uue, Uu, Uu, Uue, Uu, Uue, Uue, Uu, Uue, Uue, Uu, Uu, Uu, Uh, Uh, Uh, Uu, Uue^Uf, Uu^Qhh, Uue^Qhu, Uhe^Ufi, Uh, Uu, Uu, Uu, Uu, Uu, Uue, Uue, Uue
Uu, Uu, Uue, Uue, Xuc, Xur, Xuc, Xue, Xue, Hhd^Vu, Xuc, Rrc, Uu, Uu, Uue, Uu, Uue, Uue, Uue, Uu, Uue, Uh, Uh, Uue, Uu, Uu, Uu, Uu, Uhe, Uh, Uh, Uu, Uue, Uu^Qhu, Uu^Ufi, Uue, Uh, Uh, Uh, Uu, Uu, Uue, Uue, Uu, Uu
Uu, Uu, Uue, Uu, Uue, Xue, Xue, Xur, Xuc, Xu, Uue, Uu, Rra, Rrc, Uu, Uue, Uu, Uue, Uue^Qhh, Uue, Uue, Uhe, Uhe, Uu, Uu, Uh, Uu, Uue, Uh, Uh, Uhe, Uue, Uu, Uu, Uue, Uu, Uue, Uhe, Uhe, Uu, Uu, Uue, Uu, Uue, Uue
Uu^Uf, Uu^Uf, Uue^Uf, Uu^Vud, Uue, Uue, Xur, Xue, Xu, Xuc, Uue, Uue, Uu, Uu, Rrc, Rra, Uue, Uue^Qhu, Uu^Qhh, Hh^Vu, Uu, Uu, Xue, Xue, Uu, Uu, Uu, Uh, Uh, Uh, Uh, Uu, Uue, Uue, Uu, Uue, Uh^Ufi, Uh^Uf, Uu^Qhu, Uu^Ufi, Uu, Uue, Uu, Uue, Uue
Uu^Qhh, Uu^Qhh, Uu^Qhh, Uu, Uu, Uue, Xu, Xur, Xue, Xue, Uu, Uu, Uue, Uu, Uue, Uu, Rra, Rrc, Uue, Uue, Uu, Uue, Uu, Uu^Qhh, Uu^Uf, Uue, Uu, Uh, Uhe, Uhe, Uh, Uue, Uue, Uu, Uu, Uue^Ufi, Uu^Uf, Uu^Uf, Uu^Qhh, Uue^Qhu, Uue^Uf, Uue, Uue, Uue, Uue
Uu^Uf, Uu^Uf, Uu^Qhu, Uu, Uue, Uu, Uu^Vu, Uue, Uue, Xu, Uue, Uu, Uhe, Uhe, Uhe, Uue, Uu, Uue, Rrd, Rrc, Uu, Uue, Uu, Uu^Qhh, Uue^Uf, Hh^Vu, Uhe, Uhe, Uh, Uh, Uu, Uu, Uu, Uue, Uu, Hhd^Vud, Uu^Qhu, Uue^Uf, Uu^Qhu, Uu^Qhh, Uue^Ufi, Uu^Qhu, Uu^Ufi, Uu^Ufi, Uu^Ufi
Uu^Qhh, Uu^Qhh, Uue^Uf, Uu^Vu, Uue, Uue, Xu, Xuc, Xu, Xu, Uue, Uu, Uhe, Uhe, Uh, Uue, Uu^Qhh, Uue, Uue, Uue, Rr, Rra, Uu, Uue, Uu^Uf, Uhe^Qhu, Uh, Uh, Uu, Uu, Uue, Uue, Uue, Uu, Uu, Uu, Uue, Uu^Qhh, Uue^Ufi, Uu^Qhu, Uu^Ufi, Uue^Qhu, Uue^Qhu, Uu, Uu
Uu^Qhu, Uu^Qhu, Uue^Qhu, Uue^Qhh, Uue, Uu, Xue, Xuc, Xuc, Xu, Uue, Uu, Uh, Uhe, Uh, Uh^Uf, Uu^Qhu, Uu^Qhu, Uu, Rr, Rrd, Rr, Rra, Rrd, Uu, Uhe, Uhe^Qhh, Uue, Uu, Uu, Uue, Uu, Uu, Uue, Uue, Uu, Uu, Uu, Uue^Ufi, Uue^Qhh, Uu^Ufi, Uu^Uf, Uu, Uue, Uue
Uu, Uu, Uue^Uf, Uu^Ufi, Uue^Uf, Uu, Xu, Xur, Xuc, Uhe^Qhu, Uhe, Uhe, Uu, Uu, Uue, Uu^Qhu, Uu^Ufi, Rrd, Rrc, Rr, Rra, Rr, Rrc, Uue, Rrc, Rrc, Uue^Qhh, Uue, Uue, Uu, Uue, Uu, Uu, Uue, Uu, Uue, Uue, Uue, Uu, Uh^Qhh, Uu, Uue, Uu, Uue, Uue
Uu, Uu, Uue, Uu^Vud, Xu, Xuc, Xu, Xue, Xuc, Uh^Ufi, Uhe^Ufi, Uu^Ufi, Uu^Qhu, Uue^Qhh, Uue, Rra, Rra, Uue, Uue, Rr, Uue, Uue, Uue, Uue, Uu, Uu, Rrc, Rrd, Uue, Uue, Rra, Uue, Uu, Uu, Uue, Uu, Uue, Hhd^Vud, Uhe, Uh, Uh, Uue, Uu, Uue, Uue
Uue, Uue, Uu, Uu^Qhh, Xuc, Xur, Uue^Ufi, Uue^Qhu, Uhe^Uf, Uh^Qhh, Uhe^Qhh, Uue^Qhh, Uu^Ufi, Rra, Rrd, Uue, Uue, Uue, Uu, Uue, Uue, Uue, Uu, Uu, Uue, Uu, Uue, Uu, Rra, Rr, Rrd, Rrd, Uue, Rra, Rr, Rra, Uue, Uhe, Uhe, Uh, Uhe, Uue, Uue, Uu, Uu
Xu, Xu, Xue, Xur, Uue^Uf, Uu^Ufi, Uue^Ufi, Uu^Ufi, Uu^Uf, Uh^Qhh, Uhe^Qhu, Rrc, Rrc, Uue^Ufi, Uu, Uue, Uue, Uue, Uu, Xur, Xur, Xu, Xuc, Xue, Uue, Uu, Rrd, Rr, Rrd, Rrd, Rr, Rr, Rra, Rr, Rra, Rr, Uue, Uue, Uue, Uue, Uue, Uhe, Uue, Uu, Uu
Xur, Xur, Xur, Xur, Uue^Uf, Uue^Ufi, Uue^Qhh, Uue^Ufi, Uue, Rra, Rra, Uh, Uue, Uue, Uue, Uu, Uu, Xu, Xu, Xur, Xu, Xu, Xu, Xuc, Xur, Uu, Rr, Uu, Rr, Rrd, Rrc, Uu, Rra, Rra, Rra, Rrc, Uue, Uue, Uu, Uue, Uu, Uhe, Uu, Uue, Uue
Xue, Xue, Xu, Uu^Vud, Uue^Ufi, Uue^Uf, Uu^Qhu, Rrc, Rra, Rrc, Rr, Uu, Uu, Uue, Uue, Uu, Uhe, Xue, Xue, Xue, Xur, Xu, Xu, Xuc, Xue, Uu, Rrd, Rrc, Rrc, Rrd, Rra, Rrc, Uue, Uu, Rra, Rrc, Rra, Uue, Uu, Uue, Uue, Uue, Uue, Uue, Uue
Uue, Uue, Uue, Uu^Uf, Uu^Uf, Rr, Rra, Rrc, Rrc, Uue, Rrc, Uu, Uue, Uue, Uh, Uhe, Uhe^Qhu, Uhe^Qhh, Uhe^Uf, Xur, Xue, Xuc, Uue, Uue, Xue, Uu, Uu, Uue, Rr, Uh, Rrc, Rrc, Uue, Uu, Uu, Uue^Ufi, Rra, Rrc, Uu, Uue, Uu, Uue, Uu, Uu, Uu
Hhd, Hhd, Uu, Rrd, Rrd, Uhe^Uf, Rr, Uue^Qhh, Uue, Uue, Uue, Uu, Uu, Uue, Uue, Uue^Qhh, Uhe^Uf, Uh^Qhh, Uh^Ufi, Uhe^Qhu, Uue, Uue, Uu, Uu, Uue, Uu, Uu, Uue, Uh, Uh, Rrc, Uhe, Uu, Uue, Uu^Qhu, Uu^Uf, Uue^Ufi, Uu^Qhh, Rrd, Rr, Cud, Cud, Uue, Uu, Uu
Uhe, Uhe, Uu, Uue^Vud, Uhe^Ufi, Uhe^Qhu, Uu^Qhh, Uue^Ufi, Uue, Uue, Uu, Uu, Uue, Uu, Uu, Uu, Uue^Qhh, Uhe^Uf, Uhe, Uh, Uhe, Uu, Uue, Uue, Uu, Uu, Uue, Uu, Uh, Uhe, Rr, Uh, Uu, Uu, Uu, Uue^Qhu, Uu^Uf, Uu^Ufi, Uue, Cud, 2 Kud, Cud, Uu, Uue, Uue
Uhe, Uhe, Uue, Rrd, Uh, Uh, Uh, Uue, Uu, Uue, Uue, Uue, Uue, Uue, Uue, Uu, Uue, Uu, Uh, Uhe, Uu, Uhe, Uue, Uue, Uue, Uue, Xue, Uu, Xu, Xu, Uh, Uhe, Uu, Uue, Uue, Uu^Qhu, Uu^Qhu, Uue^Qhh, Uu, Uue, Cud, Uhe, Uh, Uue, Uue
Uu, Uu, Uhe, Uhe, Uh, Uh, Uhe, Uue, Uu, Uue, Uu, Uue, Uue, Uu, Uue, Uu, Uu, Uue, Uu, Uue, Uu^Uf, Uhe^Ufi, Uue^Ufi, Uue^Uf, Uu^Ufi, Uue^Ufi, Xu, Uu, Xu, Xue, Xur, Uh, Uu, Uu, Uue, Uu, Uu, Uu, Uu, Uu, Uh, Uh, Uh, Uhe, Uhe
Uu, Uu, Uh, Uh, Uh, Uhe, Uhe, Uue, Uu, Uu, Uue, Uue, Uu, Uu, Uue, Uue, Uue, Uue, Hhd, Uue, Uu^Ufi, Hhd, Hhd, Uu^Qhu, Uue, Uue^Ufi, Xue, Xur, Xue, Xu, Uhe, Uh, Uu, Uu, Uue, Uue, Uue, Uue, Uue, Uu, Uh, Uh, Uh, Uue, Uue
Xur, Xur, Xur, Xur, Xur, Xur, Xur, Xur, Xur, Xur, Xur, Xur, Xur, Xur, Xur, Xur, Xur, Xur, Xur, Xur, Xur, Xur, Xur, Xur, Xur, Xur, Xur, Xur, Xur, Xur, Xur, Xur, Xur, Xur, Xur, Xur, Xur, Xur, Xur, Xur, Xur, Xur, Xur, Xur, Xur
