Mm, Mm, Mm, Mm, Mm, Mm, Mm, Mm, Mm, Mm, Mm, Mm, Mm, Mm, Mm, Mm, Mm, Mm, Mm, Mm, Mm, Mm, Mm, Mm, Mm, Mm, Mm, Mm, Mm, Mm, Mm, Mm, Mm, Mm, Mm, Mm, Mm, Mm, Mm, Mm, Mm, Mm, Mm, Mm, Mm, Mm, Mm, Mm, Mm, Mm, Mm, Mm
Mm, Mm, Ms, Mv, Mv, Mv, Gs^Fet, Ms, Gg^Fet, Gg^Fet, Gg, Gg, Gg, Gg, Gg, Gg, Gs, Gs^Feta, Gs, Gs, Gs, Gs, Gs, Hh, Hh, Hh^Fet, Gs, Gs^Feta, Gs, Hh^Feth, Hhd, Gs, Hh^Fet, Gs^Fetd, Hh, Hh, Gs, Gs, Gs, Gs, Hhd, Hh, Gs, Gs, Gs, Gg^Fet, Gs, Gs, Gs, Gs, Ww, Ww
Mdd, Mdd, Mdd, Gg^Fetd, Hh, Hh, Hh^Feta, Hhd, Gs, Gs, Gg, Gg, Gg, Gg, Gg, Gg^Fetd, Gg, Gg^Feth, Gs, Gg, Gs, Gs, Gs, Hh, Gs^Feta, Gs, Gs, Gs, Gs, Hh^Fet, Hh, Gs, Gs, Gs, Gs^Feta, Hh^Fet, Hh, Gg, Gs, Gg, Gs, Gg^Feth, Gg, Gg, Gs, Gg, Gs, Gs, Gs, Ds, Ww, Ww
Hhd, Hhd, Hhd, Rrc, Rr, Rrd, Hhd, Hhd, Gs, Gs, Gs, Gg, Gg, Gg, Gg^Fet, Gg, Gg, Gg, Gg, Gg^Fet, Gg, Gs, Gs, Gg, Gg, Gs, Gs, Gs, Gs, Hhd^Vhca, Gs^Fetd, Gg, Gg, Hh^Feth, Gs^Fetd, Gg^Fetd, Hh, Gg, Gg^Feth, Gg, Gg, Gg, Gg, Gg, Gg, Gg, Gs, Ch, Gs, Gs, Ww, Ww
Hhd, Hhd, Hhd, Hhd, Hhd, Hhd, Rra, Gs^Feth, Gs^Vhh, Gg^Feth, Gg, Gg, Gg, Gs, Gg, Gs, Gg, Gg, Gg, Gg, Gg, Gs, Gs, Gg, Gg, Gg, Gs, Gs, Gs, Hhd, Gg, Gg, Gg, Hh^Fet, Gg^Feta, Gg^Feta, Gs^Feta, Hhd, Gg^Fet, Gg, Gs^Fetd, Gs, Gg, Gg, Gg, Gg, Chw, 2 Kh, Ch, Gs, Dd, Dd
Mv, Mv, Hhd, Hhd, Hhd, Hhd, Rrd, Ms, Mm, Mm, Gg, Gs, Gs, Gs, Gs, Gs, Gs, Gg, Gg, Gg, Gg^Fetd, Gg, Gs, Gs, Gg, Gg, Gs, Gs, Gs, Gs, Gg, Gs, Gg, Gg^Fetd, Gs^Feth, Hh, Hh^Feth, Hhd, Hhd, Gg^Feta, Gs, Gs, Gs, Gs, Gg, Rrc, Rr, Rrc, Chw, Gs, Gg, Gg
Mdd, Mdd, Mv, Mm, Hhd, Hh, Rrd, Rr, Hhd, Hhd, Hh, Gg, Gs, Gs, Gs, Gs, Gs, Gs, Gg^Fet, Gg, Gg, Gg^Feth, Gs, Gs, Gg, Gg, Gs, Gs, Gs, Gs, Gs, Gs, Gs^Fet, Hh^Feth, Gg^Fetd, Gg^Fetd, Hhd, Gs, Hhd, Gg, Gs, Gs, Gs, Rra, Rrc, Gs, Rra, Rrd, Gs, Ds, Gg, Gg
Ms, Ms, Mdd, Mdd, Md, Hh, Hh, Hh, Rrd, Hhd, Hh^Vha, Gg, Gg, Gg, Gs, Gs, Gs, Gs, Hh^Feta, Gg^Feta, Gg, Gs, Gs, Gs, Gs, Gs, Gs, Gs, Gs, Hh^Vhca, Gs^Feth, Gs, Gg^Feth, Gs^Fet, Gg^Feth, Gg, Gs, Gs, Gs, Gg^Fet, Gg, Rrc, Rr, Gg^Fet, Gs, Gs, Gs, Gs, Rrd, Dd, Ww, Ww
Ms, Ms, Ms, Ms, Hhd, Hhd, Hh, Hhd, Rra, Gs^Fet, Hh^Feth, Gg^Fet, Gg, Gg, Gs, Gs, Gs, Gs, Gs, Gs, Gs^Feth, Gs, Gs, Gs, Gs, Gs, Gs, Gs, Gs, Hh, Hh, Gs^Fetd, Gs, Hh^Fet, Gg^Fetd, Hh^Fetd, Gs, Rr, Rra, Rrd, Rra, Gg, Gs, Gs, Gs, Gs, Gs, Rr, Rrc, Ww^Bw|, Ww, Ww
Ww, Ww, Ww, Ms, Hhd, Hhd, Hhd, Gs, Rrc, Gs, Hh, Gg^Fet, Gg, Gs, Gs, Gs, Gs, Gs, Gs, Gs, Gs, Gs, Gs, Gs, Gs, Gs, Gs, Gs, Gs, Gg^Feta, Gg, Gg, Gs, Rra, Rrc, Rrc, Rrc, Ss, Hh^Fetd, Gg, Gg, Hh, Gs, Gs, Gs, Gs, Gs, Gs, Rra, Dd, Ww, Ww
Md, Md, Md, Ds, Hhd^Vhc, Hhd, Gs^Fetd, Gs, Rrc, Rrd, Gg^Feta, Gs, Gs, Gs, Gs, Gs, Gs, Hh^Fet, Gs, Gs, Gs, Gs, Gs, Gs, Gs, Gs, Gs, Hh^Vhc, Hh^Feta, Gg, Gg, Rra, Rrd, Dd, Dd, Ds, Ds, Ww, Ww, Gg, Gg, Hh, Gs, Gs, Gs, Gg, Gs, Gg, Rra, Gg, Wwg, Wwg
Mm, Mm, Ww, Ww, Gs^Feta, Gg, Hh, Hh, Gs^Fet, Gs, Rra, Gs, Gg^Feth, Gs, Gs, Gs, Gs, Gg, Gs, Gs, Gs, Gs, Gs, Gs, Gs, Gs, Hh^Fetd, Hh, Hh, Rr, Re, Ww^Bw/, Ww^Bw\, Ww, Ww, Ww, Ww, Dd, Ds, Gg, Gg^Feta, Gg, Gs, Gg^Feth, Gg, Gg^Feta, Gg, Gg, Gg, Ww, Ww, Ww
Gs, Gs, Ds, Ww, Dd, Gg, Hh, Gs^Fet, Gs^Feta, Gg^Feta, Rrc, Gs^Fet, Hh^Fet, Gg^Feth, Gg^Fetd, Gg, Gg, Gg, Gg, Gg, Gs^Fet, Gs, Gs, Gs, Gs, Gs, Hh, Rra, Rrc, Gs, Gg^Feta, Ds, Ww^Bw\, Ww, Ww, Ww, Ww, Ww, Gg^Feth, Ds, Gg, Gs, Gs, Gs, Gg, Dd, Dd, Dd, Ww, Ww, Ww, Ww
Gs, Gs, Gs, Ds, Ds, Sm, Gs^Vh, Gs, Gs, Gs, Rrd, Rra, Gs, Gs, Gg^Fet, Gs, Gg, Gg, Gg^Feta, Gg, Gg^Feta, Hh^Feta, Gs, Gs, Gs, Rrc, Rrd, Gs, Gs, Ds, Dd, Ww, Ww, Ww, Ww, Ww, Ww, Ww, Ww, Gs, Ds, Gs, Gs, Gs, Dd, Ww, Ww, Dd, Ww, Ww, Ww, Ww
Gs^Feth, Gs^Feth, Gs, Mv, Ww, Gg, Gs, Gs, Gs, Gs, Rrc, Gs, Rrd, Rrd, Gs, Gs, Gs, Hh^Vhhr, Gg, Gg, Gg, Gs, Gs, Rr, Rra, Gs^Fet, Gs, Gs, Gs, Dd, Ww, Ww, Ww, Ww, Ww, Ww, Ww, Ww, Ww, Dd, Ds, Dd, Gs, Gs, Dd, Ww, Ww, Ww, Ww, Ww, Ww, Ww
Hh, Hh, Hh, Hh^Vht, Dd, Ww, Ds, Gs, Gs, Gs, Rra, Gg, Gg, Gg, Rra, Rra, Gs, Gs, Hh^Fetd, Gs, Gs, Rrc, Rrd, Gs, Gs, Gs, Gs, Gs^Fet, Gs, Gg, Ww, Ww, Ww, Ww, Ww, Ww, Ww, Dd, Dd, Ww, Ww, Ss, Gs, Ds, Ww, Ww, Ww, Ww, Ww, Ww, Ww, Ww
Hh, Hh, Hh, Gs, Gg, Ds, Dd, Gs, Gs, Gs, Rr, Gg, Gg, Gs, Gg, Rra, Rra, Rrc, Gs, Rr, Rrd, Gs, Gs, Gs, Gs, Gs, Gs, Gs, Gs, Gg, Ds, Ds, Gs, Gs, Ds, Ww, Ww, Ww, Ww, Ww, Ww, Ww, Ds, Ww, Ww, Ww, Ww, Ww, Ww, Ww, Ww, Ww
Gs, Gs, Gs, Gs, Dd, Ww, Ds, Gs, Gs, Gs, Rra, Gg, Gg, Rra, Gs, Rra, Gg, Rr, Rrd, Rr, Gs, Gs, Gs, Gs, Gs, Gg, Gs, Gg, Gg, Gg, Gg, Gg, Gs, Gs, Gg, Ds, Ww, Ww, Ww, Ww, Ww, Ww, Ww, Ww, Ww, Ww, Ww, Ww, Ww, Ww, Ww, Ww
Gs, Gs, Gs, Gs, Gs, Gs, Ds, Gs, Gs, Rra, Rr, Rrd, Gs, Rra, Gs, Rrc, Hh^Fet, Rrc, Rra, Rr, Gs, Gs, Gs, Gs, Hh^Feth, Gg, Gg, Gg, Gg, Gg, Gg, Ds, Gg, Gg, Gg, Hh^Feth, Ww, Ww, Ww, Ww, Ww, Ww, Ww, Ww, Ww, Ww, Ww, Ww, Ww, Ww, Ww, Ww
Gg^Fet, Gg^Fet, Gs, Gg, Gs^Feta, Ww, Gs, Rrd, Rr, Gs, Rr, Rra, Rrd, Gs, Gs, Rrd, Rr, Gs, Gs, Rr, Gs, Gs, Gs, Gs, Gs, Gs, Gg, Gs, Gs, Gg, Dd, Gg, Dd, Ds, Dd, Ww, Ww, Ww, Ww, Ww, Ww, Ww, Ww, Ww, Ww, Ww, Ww, Ww, Ww, Ww, Ww, Ww
Gg^Feth, Gg^Feth, Hh^Fetd, Gg^Fetd, Gg^Feta, Ds, Re, Rrd, Rr, Gg, Rr, Rra, Gs, Rra, Rrc, Gs, Hh^Feta, Gg, Gs, Rr, Gs, Gs, Gs, Gs, Gs, Gs^Fet, Gg^Fetd, Gs, Gs, Gg, Gg, Ww, Ww, Ds, Sm, Ww, Ww, Ww, Ww, Ww, Ww, Ww, Ww, Ww, Ww, Ww, Ww, Ww, Ww, Ww, Ww, Ww
Gg^Feth, Gg^Feth, Hh^Feth, Gs, Gs, Ww, Ww^Bw/, Re, Gg, Gg, Rra, Rrc, Rra, Gs, Gs, Gs, Gs, Gg, Gg, Gs, Gs, Gs, Gs, Gs, Gs, Gg^Feth, Gs^Fet, Gs, Gs^Fetd, Gg, Ds, Ww, Ww, Ww, Ww, Ww, Ww, Ww, Ww, Ww, Ww, Ww, Ww, Ww, Ww, Ww, Ww, Ww, Ww, Ww, Ww, Ww
Gg^Feth, Gg^Feth, Gs, Ds, Dd, Gg, Ds, Gs, Gs, Gs, Rrd, Gs, Gs, Gs, Gs, Gs, Gs, Gs, Gg, Gs, Gs, Gs, Gs, Gg, Gg, Gg, Gg^Feta, Gs, Gs^Feth, Gs, Ds, Ww, Ww, Ww, Ds, Ww, Ww, Ww, Ww, Ww, Ww, Ww, Ww, Ww, Ww, Ww, Ww, Ww, Ww, Ww, Ww, Ww
Gg^Fet, Gg^Fet, Gg, Dd, Ww, Gg, Gg, Gs, Gs, Gs, Rra, Gs, Gs, Gs, Gs, Gs, Gs, Gs, Gs, Gs, Gs, Gs, Gs, Gg, Gg, Gg, Gg, Gg, Hh^Vhh, Hh, Ww, Ww, Wwg, Wwg, Ww, Ww, Ww, Ww, Ww, Ww, Ww, Ww, Ww, Ww, Ww, Ww, Ww, Ww, Ww, Ww, Ww, Ww
Gs, Gs, Dd, Ww, Gg, Gg, Gg, Gs, Gs, Gg, Rrd, Gs, Gs, Dd, Gs, Dd, Gs, Gs, Gs, Gs, Gs, Gs, Gs, Gs, Gg, Gg, Gg, Gg, Gg^Fet, Gg, Ww, Ww, Wwg, Ww, Ww, Ww, Ww, Ww, Ww, Ww, Ww, Ww, Ww, Ww, Ww, Ww, Ww, Ww, Ww, Ww, Ww, Ww
Ss, Ss, Sm, Gs, Gs, Rrd, Hh^Feth, Hh, Gg, Gg, Rrc, Gs, Gg^Fet, Gg^Feta, Gg^Fet, Gg, Gg, Gg, Gg, Hh^Vhs, Gs, Gs, Gs, Gg, Gg, Gg, Gg, Ds, Gg^Feta, Dd, Ww, Ww, Ww, Ww, Ww, Ww, Ww, Ww, Ww, Ww, Ww, Ww, Ww, Ww, Ww, Ww, Ww, Ww, Ww, Ww, Wwr, Wwr
Ww, Ww, Ww, Ds, Rrc, Gs, Hh^Vh, Hh, Gg, Gg, Rra, Gs, Gs, Gs, Gg, Gs, Gg, Gg, Gg, Hh^Feta, Gg, Gg, Gs^Feta, Gg, Gg, Gg, Dd, Ds, Ww, Ww, Ww, Ww, Ww, Ww, Ww, Ww, Ww, Ww, Ww, Wwr, Ww, Ww, Ww, Ww, Ww, Ww, Ww, Ww, Ww, Wog, Wwr, Wwr
Ww, Ww, Ww, Dd, Gs, Rrd, Rr, Hh, Hh, Hh^Fet, Rrc, Gs, Gs, Gs, Gs, Gs, Gg, Gg, Gg, Hhd, Gg^Fetd, Gg^Fet, Gg^Fetd, Gg, Gg, Dd, Ww, Ww, Ww, Ww, Ww, Ww, Ww, Ww, Ww, Ww, Ww, Ww, Ww, Wwr, Wwr, Wog, Ww, Ww, Ww, Wwr, Wwr, Wwr, Wog, Wog, Wwr, Wwr
Hhd, Hhd, Ww, Ww, Ds, Rrc, Rra, Gs, Hh, Rr, Rrc, Gg^Feta, Gs, Gs, Gs, Gs, Gs, Gs, Hhd, Hhd^Vhh, Hhd, Hhd, Gg^Feta, Ww, Ww, Ww, Ww, Ww, Ww, Ww, Ww, Ww, Ww, Ww, Ww, Ww, Ww, Wo, Wwr, Wwr, Wwr, Wog, Wog, Ww, Ww, Wwr, Wwr, Wwr, Wog, Wog, Wog, Wog
Ds, Ds, Ww, Ww, Dd, Ds, Rr, Rr, Rr, Gg, Gg^Fetd, Gg, Gg, Gs, Gs, Gs, Gs, Gs, Ss, Ww, Ww, Ww, Hh^Vhhr, Dd, Ww, Ww, Ww, Ww, Ww, Ww, Ww, Ww, Ww, Ww, Ww, Wwr, Wo, Wo, Wwr, Wwr, Wwr, Wog, Wog, Ww, Wwr, Wwr, Wwr, Wot, Wwr, Wot, Wot, Wot
Gs, Gs, Ds, Ww, Ww, Ww^Bw/, Rra, Gs, Gs, Gs, Gg, Gg, Gg, Gs, Gs, Gs, Gs, Dd, Ww, Ww, Ww, Ww, Ww, Ww, Ww, Ww, Ww, Ww, Ww, Ww, Ww, Ww, Ww, Ww, Ww, Wwr, Wo, Wog, Wwr, Wwr, Wo, Wo, Ww, Ww, Wwr, Wot, Wot, Wot, Wot, Wot, Wot, Wot
Gs, Gs, Chw, 1 Kh, Ww^Bw/, Rr, Rrd, Gs, Gs, Gs, Gg^Feta, Gs, Gg, Gs^Fetd, Gs, Gg^Fet, Gs, Ds, Ww, Ww, Ww, Ww, Ww, Ww, Ww, Ww, Ww, Ww, Ww, Wog, Wwr, Wwr, Ww, Ww, Wwr, Wwr, Wog, Wog, Wwr, Wwr, Wo, Wo, Ww, Ww, Wot, Wot, Wot, Wo, Wo, Wo, Wot, Wot
Gg, Gg, Chw, Rrd, Rr, Ww^Bw|, Gg^Feth, Gg^Feta, Gg, Gg, Gs^Feth, Gs, Gg, Gg, Gs, Gs, Hhd^Vha, Gg^Feth, Ww, Ww, Ww, Ww, Ww, Ww, Ww, Ww, Ww, Ww, Wog, Wog, Wwr, Wot, Wog, Wog, Ww, Ww, Ww, Ww, Ww, Ww, Ww, Wo, Wo, Wot, Wot, Ww, Wo, Wo, Wo, Wo, Wo, Wo
Hh, Hh, Gs, Gs, Dd, Ds, Hh^Fet, Ds, Gg, Gg^Fetd, Gg^Fetd, Gs, Gg, Gg^Fet, Gg^Fetd, Gg^Fetd, Hhd, Gg^Feth, Gg^Feta, Ww, Ww, Ww, Ww, Ww, Ww, Wo, Ww, Wwr, Wog, Wog, Wot, Wot, Wog, Wog, Ww, Ww, Ww, Ww, Ww, Ww, Ww, Ww, Wo, Wot, Wot, Ww, Ww, Wo, Wo, Wot, Wo, Wo
Hh, Hh, Gg, Gg, Gg, Gg, Ww, Ds, Gg, Gs^Feth, Gs, Gs, Gs, Gs^Feth, Hh^Feth, Gs, Gs, Gs, Ds, Ww, Ww, Ww, Ww, Ww, Wo, Wo, Wwr, Wwr, Wog, Wo, Wo, Wwr, Wog, Wot, Ww, Ww, Ww, Ww, Ww, Ww, Ww, Ww, Ww, Wwr, Wot, Wot, Ww, Wog, Wo, Wot, Wot, Wot
Mm, Mm, Mm, Mm, Mm, Mm, Mm, Mm, Mm, Mm, Mm, Mm, Mm, Mm, Mm, Mm, Mm, Mm, Mm, Mm, Mm, Mm, Mm, Mm, Mm, Mm, Mm, Mm, Mm, Mm, Mm, Mm, Mm, Mm, Mm, Mm, Mm, Mm, Mm, Mm, Mm, Mm, Mm, Mm, Mm, Mm, Mm, Mm, Mm, Mm, Mm, Mm
