Gg, Gg^Eb, Gg^Fdw, Gg, Gg, Gg, Gg, Gg, Gg^Edb, Gg^Edp, Gg^Es, Gg^Eb, Gg, Gg, Gg, Gg, Gg, Gg, Gg, Gg, Gs, Gg, Gg, Gs, Gg, Gg, Gg, Gg, Gg, Gg^Fdw, Gg^Fds
Gg, Gg, Gg, Gg, Gg, Gg, Sm, Hh, Hh, Ai, Ai, Ai, Aa, Aa, Hhd, Hh, Hhd, Hhd, Hhd, Hh, Aa, Aa, Aa, Aa, Ai, Aa, Aa, Hhd, Gg^Fdf, Gg^Fds, Gs^Ftp, Gg^Ft, Hh, Hh, Hhd, Ai, Aa, Ai, Aa, Hhd, Hhd
Gg^Eb, Gg^Eb, Gg, Gg, Gg, Ds, Ww, Ds, Hhd, Hh, Aa, Ai, Aa, Aa, Hhd, Ww, Ww, Hhd, Hh, Hhd, Hh, Mm, Ai, Aa, Aa, Ai, Hh, Hhd, Hhd, Hh^Ftp, Hh^Fdw, Hh, Hh, Hh, Hhd, Hhd, Aa, Ai, Hhd, Hhd, Hhd
Gg^Fdw, Gg^Fdw, Gg^Fda, Gg^Vc, Gg, Ww, Ww, Gs, Hh, Hhd, Hh, Ai, Ai, Aa, Hh, Ww, Hh, Hhd, Hhd, Hh, Hh, Hhd, Ai, Ai, Aa, Hhd, Hhd, Hh, Hh, Hhd, Hh^Ftr, Hhd, Hh, Hh, Hhd, Hhd, Hhd, Hhd, Hh, Hh, Hh
Gg, Gg, Gg, Gg, Gg^Efs, Ds, Ww, Ds, Hh, Hh, Hh, Hhd, Hhd, Hhd, Ww, Hh, Hhd, Hh, Hhd, Hhd, Hhd, Hh, Hhd, Hh, Hh, Hhd, Hhd, Gg, Gs^Ebn, Gs^Es, Gs^Efs, Hh^Ftr, Hh^Ftp, Gg^Ft, Gg^Fts, Gg^Ftp, Hh, Hhd, Hh, Hhd, Hhd
Gg, Gg, Gg, Gg, Gg^Ebn, Gg^Efs, Ww, Ww, Sm, Sm, Gs, Gs, Gg, Dd, Ww, Ww, Dd, Gs, Gs, Hh, Hhd, Hh, Hh, Hhd, Hh, Gg, Gg, Gg, Gs, Gg, Gg, Gg, Hh^Fdw, Gg^Ft, Gg^Ftp, Gg^Fds, Gs^Ftp, Hh, Hh, Hh, Hh
Gg, Gg, Gg, Gg^Vct, Gg^Edb, Gg^Ebn, Sm, Ww, Ww, Ds, Gg, Gg, Gg, Gg, Gg, Gg, Ww, Ww, Gg, Gg^Ftr, Hh, Hhd, Hhd, Hhd, Hhd, Gg, Gg, Gg, Gg, Gg, Gg, Gg, Gs^Fdw, Gs^Fdf, Gg^Fdf, Gg^Ftr, Hh^Fds, Hh^Fdw, Hhd, Ai, Ai
Gg, Gg, Gg, Gg, Gg, Gg^Efs, Dd, Dd, Gg^Ebn, Ds, Ww, Ds, Gg, Gg, Gg, Gg, Ds, Ww, Dd, Hh^Fts, Gs^Ftr, Hh^Ftp, Hh^Fts, Hh, Gs, Gg, Gg, Gg, Gg, Gg, Gg, Gg, Gg^Fts, Hh^Ftd, Gg^Ft, Gs^Fts, Gg^Fdw, Hh^Ft, Hhd, Md, Md
Gg, Gg, Gg, Gg, Gg, Gg^Eb, Gg^Eb, Gg^Efs, Gg, Dd, Ww, Gg, Gg, Gg, Gg, Gg^Es, Sm, Ds, Ww, Gg^Ft, Gg^Fts, Gs^Fts, Hh^Fdw, Gg^Fdf, Gg, Gg, Gg, Gg, Gg, Gg, Gg, Gg^Ebn, Gs^Ftr, Gg^Ftr, Gg^Fds, Hh^Fda, Gg^Ftr, Hh^Fdf, Hh, Hhd, Hhd
Gg^Edb, Gg^Edb, Gg^Ebn, Gg^Vct, Gg, Gg^Ebn, Gg^Es, Gg^Edb, Ww, Ww, Dd, Ds, Gg, Gg, Gg^Ebn, Gg^Es, Gg^Es, Ww, Gg^Es, Dd, Gg^Ftp, Hh^Fda, Gg, Gg, Gg, Gg, Gg, Gg, Gg, Gs, Gg, Gg^Ebn, Gg^Fda, Hh^Fts, Gg^Fdw, Gg^Ebn, Gg^Es, Gg^Es, Hh, Hh, Hh
Gg^Edp, Gg^Edp, Gg^Eb, Gg^Es, Gg^Es, Gg, Gg, Gg, Ds, Ds, Ww, Ds, Gg, Gg, Gg^Edb, Gg^Ebn, Ds, Ds, Ds, Ww, Gg^Fdf, Hh^Ftd, Gg, Gg, Gg, Gg, Gg, Gg, Gg, Gs, Gg, Gs, Hh^Ft, Gs^Ftr, Gg^Es, Gg^Es, Gg^Edb, Gs, Hhd, Hh, Hh
Gg^Es, Gg^Es, Gg^Edp, Gg^Eb, Gg^Es, Gg, Gg, Ss, Ww, Ww, Ss, Gg, Gg, Gg, Gg^Efs, Gg^Edp, Gg^Edb, Ww, Ww, Sm, Ds, Gg, Gg, Gg, Gg, Gg, Gg, Gs^Vct, Hh, Rr, Gs^Vc, Gs, Gs, Gg^Edp, Gs^Eb, Gg^Efs, Gs^Ebn, Gg, Hhd, Hh, Hh
Gg^Eb, Gg^Eb, Gg^Es, Gg^Es, Gg^Edp, Gg, Gg, Gg, Ww, Ww, Ds, Dd, Gg, Dd, Gg^Edp, Gg^Es, Ds, Ds, Dd, Gg, Ww, Dd, Gg, Gg, Gg, Gg, Gs, Re, Re, Hhd, Gs, Gs, Gg, Gs^Es, Gg^Edb, Gg^Es, Gs^Ebn, Gg, Hh, Hhd, Hhd
Gg, Gg, Gg, Gg, Gg, Gg, Gg, Gg, Dd, Dd, Ww, Ww, Ww, Ss, Gg^Ebn, Gg^Ebn, Gg^Edp, Gg^Es, Gg, Ds, Ww, Ww, Ds, Gg, Gg, Re, Re, Gs, Gg, Gg, Gg^Eb, Gg^Efs, Gg^Efs, Gg^Edp, Gg^Efs, Gs, Gg, Gg, Hh, Hhd, Hhd
Gg, Gg, Gg, Gg, Gg, Gg^Eb, Gg^Eb, Gg^Eb, Gg^Es, Gg^Es, Dd, Ww, Ww, Gg, Gg^Eb, Gg^Vc, Gg^Efs, Gg^Es, Gg, Gg, Dd, Ww, Dd, Dd, Gg, Rp, Gg^Vct, Gg, Gg, Gg, Gg, Gg, Gg, Gg, Gg^Eb, Gg, Gg, Gg, Gg, Hhd, Hhd
Gg, Gg, Gg, Cd, Cdr, Cd, Gg^Es, Gg^Vca, Gg^Ebn, Gg^Edb, Ss, Ww, Ww, Rp, Rp, Rp, Rr, Rp, Rr, Rr, Dd, Dd, Ww, Ww, Gg, Rp, Gg, Gg, Gg, Gg, Gg, Re, Rp, Rp, Re, Rr, Cdr, Cd, Gs, Hhd, Hhd
Gg, Gg, Gg, Cd, 1 Kd, Rp, Rr, Rr, Rp, Rp, Rr, Rp, Rr, Ww, Sm, Gg^Es, Gg^Edb, Ds, Gg^Vc, Ss, Rp, Rr, Dd, Ww, Ww, Re, Rr, Rp, Rp, Re, Re, Dd, Gg^Vca, Ss, Gg^Edb, Cdr, 2 Kd, Cdr, Hh, Hhd, Hhd
Gg, Gg, Gg, Gg, Cd, Gg^Ebn, Gg^Edp, Gg^Es, Gg^Edb, Ss, Re^Vca, Rp, Ww, Gg^Ebn, Gg^Edb, Gg^Edb, Gg^Eb, Ww, Ww, Gg, Gg, Gg^Vca, Rr, Re, Rp, Dd, Ww, Dd, Rr^Vc, Rp, Dd, Ww, Ww, Ww, Ww, Gg^Edb, Cdr, Gg^Eb, Hh, Hh, Hh
Gg, Gg, Gg, Gg, Gg, Gg, Gg^Edb, Gg, Gg, Gg, Ww, Ww, Rr, Gg^Vca, Gg^Ebn, Gg^Edp, Ds, Ww, Ww, Gg, Gg, Gg, Gg, Gg, Gg^Vct, Ds, Dd, Ww, Gg, Gg, Ss, Ww, Ww, Ww, Ww, Ds, Gg, Gg, Gg, Hh, Hh
Gg, Gg, Gg, Gg, Gg, Gg, Gg, Gg, Gg, Dd, Dd, Ww, Re, Rr, Gg, Gg, Gg, Ww, Ss, Gg, Gg, Gg, Gg, Gg, Gg, Gg, Ww, Ww, Dd, Gg, Ds, Gg, Dd, Ww, Ww, Sm, Gg, Gg, Gs, Gs, Gs
Gg, Gg, Gg, Gg, Gg, Gg, Gg, Dd, Ds, Ww, Ww, Sm, Ds, Ww, Rp, Re, Ds, Dd, Dd, Gg, Gg, Gg, Gg, Gg, Gg, Gg, Ds, Ds, Ww, Ww, Ds, Gg, Gg, Dd, Ww, Gg, Gg, Gg, Gg^Fdw, Hh^Fts, Hh^Fts
Gs, Gs, Gg, Gg, Gg, Gg, Gg, Ds, Ww, Ww, Ww, Ww, Ww, Ds, Ww, Ww, Gg^Vc, Gg, Gg, Gg, Gg, Gg, Gg, Gg, Gg, Gg, Gg, Gg, Dd, Ww, Ww, Gg, Gg, Gg, Gg, Gg, Gg, Gg, Gg^Fts, Gs^Ftd, Gs^Ftd
Gg, Gg, Gg, Gg, Gg, Ds, Ww, Wwt, Ww, Ww, Ww, Ww, Ww, Ds, Ww, Ds, Dd, Gg, Gg, Gg, Gg, Gg, Gg, Gg, Gg, Gg, Gg, Gg, Ww, Ww, Ds, Gg, Gg, Gg, Gg, Gg, Gg, Gg, Gg, Gg, Gg
Gg, Gg, Gs, Gg, Dd, Ww, Ww, Ww, Ww, Ww, Ww, Ww, Ww, Dd, Sm, Ww, Gg, Gg, Gg, Gg, Gg, Gg, Gg, Gg, Gg, Gg, Gg, Gg, Gg^Edb, Ww, Ds, Dd, Gg, Gg, Gg, Gg, Gg, Gg, Gg, Gg, Gg
Gs, Gs, Gs, Gg, Ds, Dd, Ww, Ww, Ww, Ww, Ww, Dd, Ww, Dd, Gg, Ww, Dd, Dd, Gg, Gg, Gg, Gg, Gg, Gg, Gg, Gg, Gg, Gg, Ds, Gg^Es, Dd, Ww, Gg^Ebn, Gg^Es, Gg^Efs, Gg, Gg, Gg, Gg, Gg, Gg
Gg, Gg, Gg, Gg, Gg, Gg^Ebn, Ww, Ww, Ww, Ww, Gg^Eb, Gg^Efs, Ds, Gg, Dd, Ww, Ww, Dd, Gg, Gg, Gg, Gg, Gg, Gg, Gg, Dd, Ds, Sm, Gg, Gg, Gg, Ds, Ww, Gg^Eb, Gg^Edp, Gg^Edp, Gg^Edb, Gg^Efs, Gg^Edp, Gg, Gg
Gg, Gg, Gg, Gg, Gs, Gg^Edp, Ds, Gg^Ebn, Ds, Gg^Ebn, Ds, Gg^Efs, Gg^Ebn, Gg, Ds, Ww, Ww, Dd, Gg, Gg, Gg, Gg, Gg, Gg, Gg, Gg, Ww, Ss, Gg, Gg, Dd, Ww, Ww, Dd, Gg^Ebn, Gg^Edb, Gg^Edp, Gg^Edb, Gg^Efs, Gg^Ebn, Gg^Ebn
Gg, Gg, Gg, Gg, Gs, Gg^Eb, Gg^Es, Gg^Eb, Gg^Edb, Gg^Eb, Gg^Eb, Gg^Edb, Gg^Efs, Gg, Ds, Dd, Ww, Ww, Gg, Gg, Gg, Gg, Gg, Gg, Gg, Gg, Ww, Ww, Ds, Gg, Gg, Ds, Ds, Ww, Gg^Ebn, Gg^Edb, Gg^Eb, Gg^Edp, Gg^Edb, Gg, Gg
Gg, Gg, Gg, Gg, Gg, Gs, Gg, Gs, Hhd, Hh, Hh, Hhd, Hhd, Hhd, Hh, Dd, Ww, Dd, Gg, Gg, Gg, Gg, Gg, Gg, Gg, Gg, Ds, Ww, Ww, Ww, Ds, Ww, Ww, Ds, Dd, Gg^Eb, Gg^Ebn, Gg^Edb, Gg, Gg, Gg
Gg, Gg, Gg, Gg, Gg, Gs, Hhd, Hh, Hhd, Aa, Aa, Ai, Ai, Ai, Hh, Hh, Dd, Ww, Gg, Gg, Gg, Gg, Gg, Gg, Gg, Gg, Ds, Ww, Ww, Ww, Dd, Ds, Ds, Ww, Gs^Fda, Hh^Ftp, Gg^Fds, Gg^Fdf, Gs^Fdf, Gg, Gg
Gg^Fdw, Gg^Fdw, Hh^Ftr, Gg, Gg, Hhd, Hhd, Ai, Aa, Ai, Ai, Aa, Aa, Ai, Aa, Hhd, Ww, Dd, Gg, Gg, Gg, Gg, Gg, Gg, Gg, Gg, Gg, Ww, Ww, Ww, Ww, Ww, Ww, Hh^Ftp, Gg^Fds, Gs^Ftd, Hh^Fdf, Hh^Fds, Gg^Fts, Gg, Gg
Gg^Fds, Gg^Fds, Gs^Fts, Gs, Gg, Hhd, Hh, Ai, Aa, Ai, Ai, Ai, Aa, Aa, Aa, Hhd, Hh, Gg, Gg, Gg^Ftd, Gg^Ftr, Gg^Ft, Gg, Gg, Gg, Gg, Gg, Ww, Ww, Ww, Ww, Wwt, Ds, Gg^Fts, Hh^Ft, Gs^Fds, Gg^Fts, Gg^Fts, Gg^Fdf, Gs^Fda, Gs^Fda
Gg, Gg^Eb, Gg^Fdw, Gg, Gg, Gg, Gg, Gg, Gg^Edb, Gg^Edp, Gg^Es, Gg^Eb, Gg, Gg, Gg, Gg, Gg, Gg, Gg, Gg, Gs, Gg, Gg, Gs, Gg, Gg, Gg, Gg, Gg, Gg^Fdw, Gg^Fds
