Gg^Ftp, Gg^Ftp, Gg^Ftp, Gg^Ftp, Gg^Ftp, Gg^Ftp, Gg^Ftp, Gg^Ftp, Gg^Ftp, Gg^Ftp, Gg^Ftp, Gg^Ftp, Gg^Ftp, Gg^Ftp, Gg^Ftp, Gg^Ftp, Gg^Ftp, Gg^Ftp, Gg^Ftp, Gg^Ftp, Gg^Ftp, Gg^Ftp, Gg^Ftp, Gg^Ftp, Gg^Ftp, Gg^Ftp, Gg^Ftp, Gg^Ftp, Gg^Ftp, Gg^Ftp, Gg^Ftp, Gg^Ftp, Gg^Ftp, Gg^Ftp, Gg^Ftp, Gg^Ftp, Gg^Ftp, Gg^Ftp, Gg^Ftp, Gg^Ftp, Gg^Ftp, Gg^Ftp, Gg^Ftp
Gg^Ftp, Gg^Ftp, Hh^Ftp, Gg^Ft, Hh^Ftr, Gg, Ww, Ww, Ww, Ww, Ww, Gg, Gs^Ftr, Gs^Fdf, Gg^Fdw, Gs^Fts, Hh, Hhd, Hhd, Gg, Gs, Gs, Gg, Hh, Hhd, Gs, Gs, Gg, Gg, Gg, Gg, Gg, Gg, Gg, Gg, Hh^Fts, Gg^Efs, Gg^Edp, Gg, Hh, Hh^Fts, Gg, Gg
Gg^Ftp, Gg^Ftp, Gg^Ftd, Gg, Gg, Sm, Ww, Ww, Ww, Ww, Ds, Gg^Fdw, Hh^Fts, Gs^Fts, Hh^Fds, Hh^Fds, Gg, Hh, Gg, Gg, Gg, Hhd, Hh, Gg^Es, Gg^Fts, Gs^Efs, Gg^Efs, Gs^Edp, Gg, Gg, Gg, Gg, Gg, Gg, Gg, Gg^Fda, Hh, Gg^Eb, Gg, Hhd, Gg, Gg, Gg
Gg, Gg, Hhd, Gg, Gs^Vca, Gg^Fdw, Ww, Ww, Ww, Ww, Gs^Fts, Hh^Fts, Gg^Fdw, Gs^Fdf, Gg^Fts, Gg^Fda, Gg^Fdf, Gg, Gs, Gg, Gg, Hhd, Hhd, Gs^Es, Hhd, Gs^Es, Gg^Eb, Gg^Edp, Gg, Gg, Hhd, Gg, Gg, Gg, Gg, Hh, Gs^Ftd, Gg^Ebn, Hh^Ftr, Rr, Gg, Hhd, Hhd
Gg, Gg, Gg, Hhd, Hhd, Gg^Es, Ww, Sm, Ww, Ww, Hh, Gg^Ft, Hh^Ftd, Gs^Fdw, Gg^Ftd, Gs^Fdw, Gg^Fda, Gg, Gs, Gs, Gs, Gg, Gs, Hh^Ftp, Gg^Fdw, Hhd, Hh^Fts, Gg, Gg, Gg^Fda, Hhd, Hh, Gs^Ftd, Gg, Gg, Gs^Fdf, Hhd, Hh, Rr, Gg^Edp, Gg, Gg, Gg
Gg^Edb, Gg^Edb, Gg^Edb, Gg, Gs^Efs, Gs^Es, Ds, Ss, Ww, Dd, Gs^Ftp, Gg, Gg^Fdw, Hh^Fdw, Gg^Fdf, Gg^Fda, Gs, Gg, Gs, Gs, Hhd, Gg, Hh^Vct, Gg^Fdw, Gg^Fts, Gs, Gs, Gg, Gg, Hhd, Gg^Fts, Hhd, Gg, Gg, Gg, Hh^Ftr, Hh^Fdw, Rr, Re, Gg^Es, Gg^Es, Gg^Efs, Gg^Efs
Gg^Eb, Gg^Eb, Gg^Ebn, Gs^Eb, Gs^Ebn, Gg^Es, Gs^Fts, Gg^Edp, Gg^Vc, Gs^Ftd, Hhd, Hhd, Gg^Ftd, Gg^Fds, Gg^Fdw, Gg, Gs, Gs, Gs, Hh, Gg, Gs^Ft, Gg, Gg^Edb, Gs^Edb, Gs, Gs, Gg, Gg, Gs^Ftd, Gs^Ftd, Gg, Gg, Gg, Hhd, Rr, Re, Hhd, Gg^Ftr, Gg^Edp, Gg^Eb, Gg^Es, Gg^Es
Gg^Es, Gg^Es, Gg^Eb, Gg^Edp, Gs^Eb, Gs^Eb, Gg^Es, Gs^Fds, Gg^Fdf, Gs, Gg^Fdf, Gg^Fds, Gs^Fdw, Gg^Es, Gg^Edb, Gs, Gs, Gg, Gg, Hhd, Gg, Gg, Gg, Gg^Eb, Gg^Ebn, Gg, Gg, Gg, Gg, Gg^Ftd, Hh^Ft, Gg, Gg, Rr, Rr, Hh, Gg^Fds, Hh, Gg^Es, Gg^Es, Gg^Edp, Gg^Es, Gg^Es
Gg, Gg, Gg^Ftp, Hh, Hhd, Hhd, Gg^Fts, Gg^Ftp, Hh, Gg^Ftp, Gg^Fdw, Gs^Fdf, Hhd, Gs^Es, Gs^Edb, Gs, Gg, Gg, Gs, Gs, Gs, Hh, Gg, Gg, Gs, Hh, Hh^Vc, Gg^Ftp, Gs, Hh, Gg, Re, Re, Re, Gg, Hhd, Hhd, Hhd, Gg^Ebn, Gg^Ebn, Gg^Ebn, Gg^Ebn, Gg^Ebn
Mm, Mm, Gs, Gs^Ft, Gs, Mdd, Gg^Fdf, Mm, Gg, Gg^Fdw, Hh, Hhd, Hh^Vca, Hhd, Gs^Efs, Gs, Gs, Gg, Gs, Gs, Gg, Hh^Fdw, Hhd, Hhd, Gg, Gg, Hh, Gg^Fts, Hhd, Re, Rr, Rr, Re, Gg, Hh, Gg, Gg, Hh, Gg, Gg, Gs^Eb, Gs^Ebn, Gs^Ebn
Md, Md, Mm, Mv, Hhd^Vca, Hhd, Gg, Hh^Ftr, Hhd, Hhd, Hh, Hh, Md, Hh, Hhd, Gs, Gg, Gs, Hhd, Gs, Hh, Gg^Vc, Gs, Hhd, Hhd, Hh, Gs, Gg^Ftr, Hh^Fdw, Rr, Re, Re, Rr, Hhd, Gg^Ft, Gg, Hhd, Gg, Gg, Gg, Gs^Edb, Gg^Ebn, Gg^Ebn
Aa, Aa, Aa, Ai, Mm, Hhd, Hh, Mdd, Hh, Hh, Md, Ai, Ai, Md, Hhd, Hhd, Gs^Fdf, Gg, Gs, Gs, Gg, Hh, Mm, Hhd, Hhd, Hh, Hhd, Re, Rr, Gs, Re, Gg, Hh, Hhd, Gg^Fts, Hhd, Gg, Gg, Gg, Gg, Gg, Hhd, Hhd
Ai, Ai, Aa, Ww, Ww, Mm, Mm, Gs, Hh, Md, Ai, Aa, Md, Ww, Ds, Gs, Gs^Vct, Gs, Gs, Gs, Gg, Re, Mv, Mdd, Hhd, Hh, Gg^Fda, Re, Gg, Hh^Ft, Gs^Ft, Gg^Fts, Gg, Gs, Gs, Gg, Gg, Gg, Gs, Hhd, Gs^Eb, Hhd, Hhd
Aa, Aa, Aa, Aa, Md, Hh, Hh, Mm, Gs, Hh, Ai, Ai, Aa, Md, Ww, Ww, Ds, Gg, Gs, Gs, Re, Rr, Rr, Re, Hh, Gs, Hh, Rr, Gs, Gg^Fts, Hh, Gg, Gg, Gg, Gg, Gg^Edb, Gg^Efs, Gs^Ftr, Hh, Gs, Gs^Edp, Hh, Hh
Ai, Ai, Ai, Ai, Ww, Ww, Dd, Hh, Gg, Gg, Hhd, Mm, Aa, Md, Md, Hh, Hhd, Gs, Gg, Gs, Gg, Rr, Re, Rr, Gs, Rr, Re, Hh, Hhd, Gs, Gg, Gs^Fds, Gg, Gg, Gg^Edp, Gg^Edb, Gg^Efs, Gg^Edp, Gs^Ebn, Gs, Hhd, Hh, Hh
Aa, Aa, Aa, Cd, Cd, Cdr, Ww, Ww, Ww, Dd, Gs, Hh, Md, Mm, Md, Hh, Ww, Ww, Gg, Dd, Re, Gg^Edb, Rr, Re, Rr, Hh^Fds, Gg, Gs^Fda, Gg, Gg^Fds, Gg, Hh, Gg, Gg, Gg^Efs, Gg^Eb, Gg^Edp, Cdr, Cd, Cd, Gg, Hhd, Hhd
Ai, Ai, Mm, Cd, 1 Kd, Re, Hh, Hhd, Dd, Hhd, Gs, Hhd^Vc, Mm, Mdd, Mm, Gg^Fdf, Ds, Ww, Ww, Ds, Gg^Eb, Re, Re, Re, Rr, Rr, Hh, Gs, Hhd, Hhd, Gs, Gg^Eb, Gg, Gg, Gg^Fdw, Gg^Es, Gg^Es, Re, 2 Kd, Cdr, Gg, Hhd, Hhd
Mm, Mm, Mm, Hhd, Cdr, Gg, Re, Re, Ww, Gg, Hh^Fts, Gg, Gg^Ft, Gs^Ftp, Hh, Hhd, Ds, Rr, Re, Re, Re, Rr, Rr, Hh, Gg, Gg, Rr, Re, Rr, Re, Rr, Re, Rr, Re, Re, Rr, Re, Gg^Efs, Cd, Gs, Gs, Gs, Gs
Hh, Hh, Hhd, Mv, Gs, Gg, Hhd, Hhd, Rr, Rr, Re, Rr, Re, Rr, Rr, Re, Rr, Gg, Ww, Ww, Re, Ww, Ww, Sm, Dd, Dd, Gg, Gg, Gg, Gs, Re, Re, Gs, Gg, Gg, Gg^Edb, Gg^Efs, Hh, Gs^Edb, Gg^Edb, Gg, Hh^Ftr, Hh^Ftr
Hhd, Hhd, Hhd, Hh, Hhd, Gs^Ftr, Gg, Gs, Ww, Ww, Hhd, Gg^Fdf, Gg^Ftd, Gg^Fts, Hh, Hh^Ftd, Gg, Gg, Hh, Ds, Ww, Ww, Ww, Ww, Ww, Ds, Gg, Gg, Gs, Gs, Gg, Gs, Re, Rr, Gg, Gg^Edp, Gs^Efs, Gs^Eb, Gg^Efs, Gg^Edp, Gg^Fda, Gg^Efs, Gg^Efs
Hh, Hh, Hhd, Hhd, Hh, Gs^Fdf, Gs, Gs, Ds, Hh, Hh, Gs^Ftr, Hh^Fda, Hhd, Hh^Fda, Gg^Fdf, Gg, Dd, Ww, Ww, Ww, Wwg, Ww, Ww, Ww, Ds, Gg, Gg, Gs, Hh, Gg^Fds, Gg, Gs, Gg, Re, Re, Gg^Es, Gs^Ftr, Gg^Ebn, Mv, Gg^Fts, Gg^Eb, Gg^Eb
Hh, Hh, Hhd, Hh^Ftr, Gs, Gs, Gg, Ss, Ww, Ww, Gg, Hh, Hh^Fts, Gg^Fda, Gg^Ftr, Gg^Fds, Dd, Ww, Wwg, Ww, Ww, Ww, Ww, Ww, Ww, Ww, Ds, Sm, Hhd, Hh, Hh, Gg, Gg, Hhd, Rr, Re, Gs^Es, Hhd, Gs^Ebn, Hh, Gg^Ftr, Gs^Ebn, Gs^Ebn
Mv, Mv, Gs, Gs, Gg^Fts, Gg, Dd, Ww, Ww, Ds, Gs^Ebn, Gg^Edb, Hh^Ftp, Gs^Ftp, Gs^Fds, Gg^Ftr, Ds, Ww, Ww, Ww, Ww, Ww, Ww, Ww, Ww, Ww, Ww, Gg, Gs, Gg, Hhd, Gg, Gs, Hhd, Hhd, Re, Gs^Edp, Gg^Eb, Gs^Ebn, Gg^Ebn, Gg^Fdf, Gg^Edb, Gg^Edb
Hh, Hh, Gg, Gg, Hhd^Vct, Ds, Ww, Ww, Gg^Efs, Gg^Vct, Gs^Efs, Gs^Ft, Hh, Hh^Fdw, Gs^Ftd, Hh^Vc, Ds, Ww, Wwt, Ww, Ww, Ww, Ww, Ww, Ww, Ww, Ds, Gg, Gs^Ft, Gs, Gg, Gs, Gg^Fds, Hhd, Gs, Re, Gg^Eb, Hh^Vca, Gg^Ftd, Gg^Edp, Gg^Ft, Gg^Edb, Gg^Edb
Hhd, Hhd, Hhd, Hhd, Gg, Gg, Ww, Ww, Dd, Gs^Fdw, Hhd, Hhd, Hh, Hh, Hhd, Gg, Ds, Ww, Ww, Ww, Ww, Ww, Ww, Ww, Ww, Wwt, Gg, Dd, Gs, Gg, Gg, Gs^Fdf, Gg^Fda, Gs, Gg, Rr, Gs, Mm, Gg^Fds, Gs^Edb, Gg^Edb, Hh, Hh
Gs, Gs, Gs, Gg, Gs, Gg^Efs, Ds, Ww, Ww, Hh, Gs^Fdf, Gg^Ft, Hh, Hhd, Hh^Ftp, Gg, Gs, Hh, Ww, Ww, Ww, Ww, Ww, Ww, Ww, Ww, Ww, Hh, Gg, Gg, Gs, Gs, Gg, Hh^Fdf, Hh, Re, Gs, Gs, Gs^Efs, Gs^Ebn, Hhd, Hh, Hh
Gg, Gg, Gg, Gs, Gg, Gg^Ebn, Hh^Ftp, Dd, Ww, Ww, Dd, Hh, Gs^Edb, Gg^Ftd, Hh^Fds, Gg, Hh^Fdf, Ds, Ww, Sm, Ww, Ww, Ww, Ww, Ww, Ww, Ww, Gg, Gg, Gg, Gg, Gg, Gg, Hhd, Gg^Ftd, Hh, Re, Gs, Gs, Gs^Es, Gs^Edp, Hh, Hh
Gs, Gs, Hh, Gg, Gg, Gg^Ebn, Gs^Fda, Hhd, Hhd, Ww, Ww, Ds, Hh, Hhd, Hh^Ft, Hhd, Hhd, Hh^Fts, Dd, Gs^Fds, Dd, Hhd, Ds, Ww, Ww, Ww, Ww, Dd, Gg, Gg, Gg, Gg, Gg, Hh, Hh^Ftp, Gg^Fds, Rr, Gg, Gs, Gg, Gg^Edb, Gg^Es, Gg^Es
Gs, Gs, Hh, Gg^Ftp, Hh^Vc, Gg^Ftp, Gs^Ftd, Hh, Ww, Ww, Ww, Gg^Edp, Gs^Ftp, Gg^Ftd, Hhd, Gs^Fdf, Gs, Gg, Gs, Gs, Hh^Vct, Ds, Ww, Ww, Ww, Wwg, Ww, Ww, Gg, Gg, Gg, Gg, Gg, Gg, Gg, Gg, Re, Rr, Gs, Gg, Gs, Gs^Edp, Gs^Edp
Gg^Fdw, Gg^Fdw, Gg^Fts, Gs^Fdw, Gs^Ft, Hh, Hh, Ds, Ww, Ww, Hhd^Vc, Mdd, Md, Hhd, Gg, Gs^Ftp, Gs^Efs, Gg^Es, Gg, Gg^Ft, Gg, Gg, Ww, Ww, Ww, Hhd, Ds, Gg, Ds, Gg^Ftd, Gg^Fda, Hh, Gg, Gg, Gg, Gg, Gs, Gg, Rr, Re, Gg, Gs, Gs
Gs^Fdf, Gs^Fdf, Gg, Gs, Gs^Edb, Hhd, Hh, Ww, Gg^Edb, Dd, Gs^Fts, Hh^Ftp, Gg^Fds, Mdd, Hh, Hhd, Gs^Es, Gg^Edp, Gs, Gs, Gs^Fds, Gs, Dd, Ss, Ww, Ww, Ww, Ds, Gg^Efs, Hh, Hhd, Gg, Hhd, Gg, Gg, Gg, Gg, Gg, Gs, Gs, Gs, Gg, Gg
Gg, Gg, Gs, Gs^Edb, Gs^Edb, Dd, Ww, Ww, Hhd, Hhd, Gs, Gs, Gg^Fdw, Mm, Hhd, Hhd, Hh, Gs^Ebn, Gs, Gg, Gg^Edp, Hhd, Hhd, Hh, Dd, Ds, Ww, Gg^Efs, Gg^Es, Hh, Gg, Gg, Gg, Gg, Gg, Gg, Gg, Gg, Gg, Gs, Gg, Gg, Gg
Gg^Ftp, Gg^Ftp, Gg^Ftp, Gg^Ftp, Gg^Ftp, Gg^Ftp, Gg^Ftp, Gg^Ftp, Gg^Ftp, Gg^Ftp, Gg^Ftp, Gg^Ftp, Gg^Ftp, Gg^Ftp, Gg^Ftp, Gg^Ftp, Gg^Ftp, Gg^Ftp, Gg^Ftp, Gg^Ftp, Gg^Ftp, Gg^Ftp, Gg^Ftp, Gg^Ftp, Gg^Ftp, Gg^Ftp, Gg^Ftp, Gg^Ftp, Gg^Ftp, Gg^Ftp, Gg^Ftp, Gg^Ftp, Gg^Ftp, Gg^Ftp, Gg^Ftp, Gg^Ftp, Gg^Ftp, Gg^Ftp, Gg^Ftp, Gg^Ftp, Gg^Ftp, Gg^Ftp, Gg^Ftp
