Mdd, Mdd, Mdd, Mdd, Mdd, Mdd, Mdd, Mdd, Mdd, Mdd, Mdd, Mdd, Mdd, Mdd, Mdd, Mdd, Mdd, Mdd, Mdd, Mdd, Mdd, Mdd, Mdd, Mdd, Mdd, Mdd, Mdd, Mdd, Mdd, Mdd, Mdd, Mdd, Mdd, Mdd, Mdd, Mdd, Mdd, Mdd, Mdd, Mdd, Mdd
Mdd, Mdd, Mm, Gs, Mm, Md, Md, Hh, Mdd, Gg, Hh, Hh, Hh, Hh, Hhd, Gs, Gs^Feth, Gg, Gg, Hh^Feth, Gs^Fet, Hh^Feth, Gg^Feth, Gs, Gg, Gs, Gs, Gs, Gs, Gs, Gs, Gs, Gg, Gg^Fet, Gs^Fetd, Gs, Hh^Fetd, Gg, Gs^Fetd, Gg^Feth, Gg^Feth
Md, Md, Mv, Chw, Chw, Ww, Gg^Feta, Hh, Mm, Gg^Fetd, Hh, Hhd, Hhd, Gs, Gs, Gg^Feta, Gg^Fetd, Gg, Gs, Gg^Feth, Gg^Fetd, Hh, Hhd, Hhd, Hhd, Gg, Gs, Gg, Gg, Gs, Gs, Gg, Gs, Hhd, Gg, Gs, Gg, Gs, Gs, Gs, Gs
Md, Md, Ms, Rrd, 1 Kh, Rra, Gs^Fet, Hhd, Hhd^Vh, Gs^Fet, Gs^Fet, Ms, Gs, Gs, Gg, Gg, Gg, Hhd^Vha, Gs^Feta, Gg, Gg^Fetd, Gs^Feta, Hh^Fet, Gs, Hhd, Gs, Gg, Gg^Fetd, Hh, Gg^Fet, Gs, Gg, Gg, Hh, Gs, Gs, Gs, Gs, Gs, Hh, Hh
Ms, Ms, Md, Hh, Ww, Ww, Rra, Hhd, Hh, Hh, Gs, Gg, Gs, Gg, Hh, Hh, Gg, Gg, Gg, Gg, Gs^Fet, Gg^Fet, Gs^Fet, Hh, Gg^Feta, Gg, Gg, Gg, Gg, Gg, Gs, Gs, Gg, Gs, Gs, Gs, Gs, Gg, Gs, Hhd, Hhd
Hh, Hh, Hhd, Hh, Hh, Hhd, Rra, Hhd, Hhd, Hh, Gg, Hh, Hh, Gs, Gs^Feth, Gg, Gg, Gg, Gs, Gs^Feth, Gg^Fet, Hh^Feta, Gs^Fetd, Gg, Gs, Gs, Gs, Gg, Gg, Gs, Gs, Gg, Gs, Gs, Gs, Gs, Gs, Gg^Feta, Gs, Hhd, Hhd
Hhd, Hhd, Gg, Hhd, Ww, Gg, Rr, Rrc, Hhd, Hhd, Hh^Feth, Hh^Feta, Hh^Vhh, Hhd, Gg, Gg, Gg, Gg, Gg, Gs, Hh, Gg^Fet, Gg, Gs^Fet, Hhd, Hh^Fet, Gg, Gg, Gg, Gs, Gg, Gs, Gs, Gg, Hh, Gg, Hh^Fetd, Gg^Feth, Hhd, Gg, Gg
Gg^Fetd, Gg^Fetd, Gs, Gs^Vht, Dd, Ww, Rr, Rra, Rr, Rra, Rrd, Rrc, Gg, Gg, Gs, Gs, Gs, Gs, Gg, Gs^Feta, Gg, Hh^Vh, Gs, Gg^Fetd, Hh^Feth, Gg^Feta, Gs^Fet, Gg, Gs, Gs, Hh, Gs, Gs, Rr, Gg, Gg, Hh^Vh, Ds, Hhd, Gs, Gs
Gg, Gg, Hhd, Gg^Feta, Gs, Ds, Ds, Hh^Fetd, Rrc, Rra, Hh^Fet, Gg^Feth, Hh, Gg, Gs, Gg, Gs, Gg, Gs, Gs, Gg, Gg, Gs, Gs^Feth, Hhd, Gs, Gg, Gg, Gg, Gg, Gg, Rr, Rr, Gs, Gg, Gg, Ds, Ww, Ds, Gs, Gs
Gg, Gg, Gs, Hh, Gg^Fetd, Ds, Ww, Ww, Dd, Gg, Rra, Rrd, Gs^Feta, Hh, Gs, Gs, Gs, Gs, Gs, Gs, Gs, Gg, Gs, Gs, Gg, Gg, Gg, Hh, Gs^Feta, Rrc, Re, Ww, Ww, Ds, Dd, Dd, Gs, Ds, Ds, Ww, Ww
Hh, Hh, Gs, Gs, Gg, Dd, Dd, Ds, Dd, Gs, Gg^Feta, Hhd, Rrc, Rrd, Gs, Gg, Gs, Gs, Gg^Feth, Gs, Gg, Gs, Gg, Gg, Gg, Gg, Gg, Rr, Rra, Re, Ww, Ww, Ww, Ww, Ww, Ww, Ds, Ww, Ww, Ww, Ww
Gg^Fet, Gg^Fet, Gg, Gs, Gs, Gs, Ww, Dd, Gg, Gs, Gs^Feth, Rrd, Rrc, Rra, Rr, Rrd, Gg, Hhd, Hhd^Vh, Gg, Gs, Gs, Gs, Gg, Gs, Rrc, Rra, Rra, Rra, Rrd, Re, Gs, Ww, Ww, Ww, Ww, Ww, Ww, Ww, Ww, Ww
Gs, Gs, Gs, Gs, Gg, Gg^Feth, Dd, Hhd^Vht, Gs^Feth, Gg, Gg^Feta, Rra, Rrc, Hh^Vht, Rrd, Rrd, Rr, Rrd, Gg, Hh, Gs, Gs, Gs, Rra, Rrd, Gg, Gs, Rrd, Rrc, Rp, Rra, Hhd, Ww, Ww, Ww, Ww, Ww, Ww, Ww, Ww, Ww
Gs, Gs, Gg, Gs, Gs, Gs, Ww, Ww, Ds, Rra, Rrd, Gg, Rr, Rrc, Rr, Hh^Feth, Gg^Fetd, Hh, Rr, Rrd, Gs, Rra, Rrd, Gg, Gg, Gg, Gg, Hhd, Rrc, Hh^Vht, Ww, Ww, Ww, Ww, Ww, Ww, Ww, Wwt, Wwg, Ww, Ww
Gs, Gs, Gs, Gs, Gg, Ds, Ds, Hh, Re, Rra, Rrd, Hhd, Rra, Rrc, Rra, Gg, Hh, Hh, Gs, Hh, Rra, Rrd, Gg^Fetd, Gg, Gs, Hh, Gg^Feth, Hhd, Gg^Feta, Dd, Ww, Ww, Ww, Wwt, Ww, Ww, Wwt, Ww, Wwt, Ww, Ww
Gs, Gs, Gg, Gg, Gs, Ds, Ww, Hh, Gg, Gg, Gg, Hhd, Rra, Gg, Hhd, Gs^Fet, Hhd, Hhd, Gg, Hh, Gg^Fetd, Gs, Rrc, Rrd, Gs, Gs, Gg^Feth, Dd, Hhd, Ww, Ww, Ww, Ww, Ww, Ww, Ww, Wwg, Ww, Ww, Wwr, Wwr
Hh^Fet, Hh^Fet, Gs, Gg^Fetd, Gg, Ds, Gg^Fetd, Hh, Gs, Gg, Gs, Gs, Rrd, Gg, Gg, Gs, Hhd, Gg, Gg, Hh, Gs, Gs, Gs, Gg, Rra, Rra, Ch, Ch, Ww, Ww, Ww, Ww, Ww, Ww, Ww, Ww, Ww, Ww, Ww, Wwr, Wwr
Gs, Gs, Gs, Hhd, Gg^Feta, Gs, Ww, Ww, Ds, Gs, Hhd, Rrd, Rrc, Hhd, Gs, Gs, Hh, Gs, Gs, Gs, Hhd, Gg, Gs, Gs, Gs, Chw, 2 Kh, Ww, Ww, Wwg, Ww, Ww, Ww, Ww, Ww, Ww, Wot, Wo, Wog, Wot, Wot
Gg, Gg, Gg^Feta, Gg, Hhd^Vhca, Dd, Hhd, Hhd, Gs, Gg, Gg, Rrc, Hhd^Vhs, Hh^Fetd, Gs, Gs, Gs, Gs, Gs, Gg, Gg, Gg, Ds, Ww, Ds, Ds, Ww, Ww, Ww, Wwt, Ww, Ww, Ww, Ww, Ww, Wog, Ww, Wwg, Wwt, Wog, Wog
Gs, Gs, Gs, Gs, Hhd, Hhd, Ww, Ww, Gg^Fet, Gg^Feta, Gs, Rr, Gg^Fetd, Gg, Gs, Gs, Gg, Gg^Fetd, Hhd, Gg^Feth, Gs, Gg, Gg, Ww, Ww, Ww, Ww, Ww, Ww, Ww, Wwt, Wwr, Ww, Wwr, Wog, Wo, Wo, Wwg, Wwt, Wwg, Wwg
Gs, Gs, Gg, Gg, Gs, Gg^Fet, Ds, Dd, Gg, Gg, Gg, Rra, Gs, Gg, Gg, Hhd, Hh, Hh, Hh^Fetd, Hh, Gg^Feth, Ds, Ww, Ww, Ww, Ww, Ww, Ww, Ww, Wot, Wot, Ww, Wot, Wot, Wog, Wwr, Ww, Ww, Ww, Ww, Ww
Gs, Gs, Gs, Gs, Gs, Gs, Ww, Dd, Gs, Gg, Gg, Rrc, Gs, Gs, Gs^Fetd, Hh, Gs^Feth, Hh, Hh, Hh^Vh, Gs, Ds, Ds, Ww, Ww, Ww, Ww, Ww, Wwr, Wot, Wwr, Ww, Wwr, Wot, Wo, Wot, Wog, Ww, Ww, Wo, Wo
Gg^Fet, Gg^Fet, Gg, Gs, Gg, Ds, Dd, Ds, Gs, Rrc, Rr, Gg, Gg, Gs, Hh, Gg^Fet, Gg, Gg, Hh^Fetd, Dd, Sm, Ww, Ww, Ww, Ww, Ww, Ww, Wot, Ww, Wo, Wo, Wot, Wwr, Ww, Wot, Wog, Ww, Wot, Wo, Wog, Wog
Hh^Feta, Hh^Feta, Gs^Fet, Gs, Gs, Gg, Ww, Rrd, Rrd, Gg, Gs, Gs, Gg, Gs, Gs, Gs, Gg, Dd, Hh^Fet, Ww, Ww, Ww, Ww, Ww, Ww, Ww, Ww, Wot, Wwr, Wot, Wog, Wwr, Wwr, Ww, Ww, Ww, Wot, Wwr, Ww, Wwr, Wwr
Gg^Feth, Gg^Feth, Hh^Fetd, Gg, Gg, Rrd, Re, Hh^Feth, Gs, Gg, Gs, Gs, Gs, Gg, Gg, Gs, Hhd, Dd, Wwg, Ww, Wwt, Wwt, Ww, Ww, Wwg, Ww, Ww, Wot, Wo, Wot, Ww, Wog, Wot, Wot, Wog, Wwr, Wwr, Wo, Ww, Wwr, Wwr
Hh^Feth, Hh^Feth, Gs^Fet, Hh^Feta, Gg^Vh, Re, Ww, Ww, Gs, Gs, Gg^Fet, Gs, Gs, Gg, Gs, Gs, Ds, Ww, Ww, Ww, Ww, Ww, Ww, Ww, Ww, Ww, Ww, Wwr, Wwr, Wo, Wot, Wwr, Wwr, Wo, Wwr, Wo, Wog, Ww, Wot, Wwr, Wwr
Gg^Feth, Gg^Feth, Gs^Fet, Hh^Feth, Gg, Rp, Hh, Ds, Gg, Gs, Gg, Hhd, Gs, Dd, Ds, Ww, Ww, Ww, Ww, Ww, Ww, Ww, Ww, Ww, Ww, Ww, Ww, Ww, Wot, Ww, Wwr, Wo, Wot, Wwr, Wot, Ww, Wot, Wot, Wo, Ww, Ww
Gg^Feta, Gg^Feta, Gg^Feta, Gs^Fet, Rrc, Dd, Ww, Hhd, Gs^Fet, Hhd, Gg, Gs, Hh^Vht, Ds, Ww, Ww, Ww, Ww, Wwg, Ww, Ww, Ww, Ww, Wwg, Wo, Wog, Ww, Wo, Wot, Wo, Ww, Wo, Wot, Ww, Wo, Wog, Wwr, Wo, Wot, Wo, Wo
Hh^Feta, Hh^Feta, Gs^Fet, Rr, Rr, Gs, Hhd, Hh, Hhd, Gs, Gg, Gs, Hh^Fetd, Gs, Ww, Ww, Ww, Ww, Ww, Ww, Ww, Wo, Wwg, Wwg, Ww, Wwr, Wo, Wwr, Wo, Ww, Wo, Ww, Wot, Ww, Wwr, Wog, Wwr, Wo, Wot, Wog, Wog
Gs^Fet, Gs^Fet, Hhd, Hh^Feta, Hh, Dd, Ww, Dd, Gg, Gs, Gg, Gg, Gs, Gg, Ds, Ww, Ww, Wwg, Ww, Ww, Wwr, Wog, Wwg, Ww, Wog, Wot, Wog, Wot, Wwr, Ww, Wot, Wot, Ww, Wo, Ww, Wot, Ww, Ww, Wwr, Wog, Wog
Hh^Feth, Hh^Feth, Hh^Fet, Gs^Feta, Ds, Ww, Gs, Gs, Gg, Gg, Gg, Gg, Gs, Gg, Ds, Ww, Ww, Ww, Ww, Wog, Ww, Wwg, Wo, Ww, Wwr, Wot, Wo, Wwr, Wo, Ww, Wot, Wwr, Wo, Wo, Wwr, Wo, Wo, Wwr, Wwr, Wot, Wot
Mdd, Mdd, Mdd, Mdd, Mdd, Mdd, Mdd, Mdd, Mdd, Mdd, Mdd, Mdd, Mdd, Mdd, Mdd, Mdd, Mdd, Mdd, Mdd, Mdd, Mdd, Mdd, Mdd, Mdd, Mdd, Mdd, Mdd, Mdd, Mdd, Mdd, Mdd, Mdd, Mdd, Mdd, Mdd, Mdd, Mdd, Mdd, Mdd, Mdd, Mdd
