Ms, Ms, Ms, Ms, Ms, Ms, Ms, Ms, Ms, Ms, Ms, Ms, Ms, Ms, Ms, Ms, Ms, Ms, Ms, Ms, Ms, Ms, Ms, Ms, Ms, Ms, Ms, Ms, Ms, Ms, Ms, Ms, Ms, Ms, Ms, Ms, Ms, Ms, Ms, Ms, Ms, Ms, Ms
Ms, Ms, Mv, Mm, Md, Hh, Mv, Mv, Hhd, Hhd, Hhd, Hhd, Hh, Hh, Gg^Feth, Gg, Gs^Feta, Gg^Fetd, Gg^Fet, Gg^Feta, Gg^Fet, Hh^Feth, Gs, Gg, Hh, Gs, Gs, Gs, Gs, Gs, Gs, Gs, Gs, Gg^Feth, Hh^Fetd, Gs, Hh^Feth, Hh^Feta, Gs, Gs^Fetd, Gs, Gs, Gs
Ww, Ww, Ww, Mm, Hh, Hh, Hh, Hh, Gg^Feth, Gs, Hhd, Hhd, Hh, Hh, Gg, Gg, Gg, Gg, Gg, Gs^Fet, Gg^Fet, Gg, Gg, Gg^Feta, Gs, Gs, Gs, Gs, Gs, Gs, Gs, Gs, Gs, Gs, Gs, Gs, Gs, Gs, Gs, Gs, Gs, Gs, Gs
Mv, Mv, Mm, Rrd, Rrc, Rrc, Hh, Hhd, Hh, Gs^Feth, Mv, Hh^Feta, Hh, Hh, Hh, Gg, Gg, Gg, Gg^Fet, Gg, Gg^Feta, Hh^Feth, Gg, Gg, Gs^Feth, Gs, Gs, Gs, Gg^Fet, Gg^Feth, Gg, Gg, Gs, Gs, Gs, Gs, Gs, Gs, Gs, Gs, Gs, Gs, Gs
Mdd, Mdd, Ww, Chw, 1 Kh, Rrd, Rr, Rra, Rr, Hhd^Vhca, Mv, Rrc, Hh^Vhs, Hh, Hh^Fetd, Gg^Feth, Gg, Gg, Gg, Gg, Gg^Feta, Gg^Fetd, Gg^Fet, Gg, Gg^Fetd, Gs, Gs, Gs, Gg, Gg, Gg, Gg, Gg, Gs, Gs, Gs, Gs, Gs, Gs, Gs, Gs, Gg^Fet, Gg^Fet
Hhd, Hhd, Hhd, Hhd, Chw, Hh, Rrc, Rrc, Rr, Hhd, Rrc, Gg, Gg^Fetd, Gs, Gg^Feta, Gg, Gg, Gg, Gg, Gs^Fetd, Gg, Gg^Feth, Gg^Fetd, Gs, Gs, Gs, Gs, Gs, Gg, Gg, Gg, Gg^Feta, Gg, Gs, Gs, Gs, Gs, Gg^Fetd, Hh^Feth, Gg^Feta, Gs, Gs^Fet, Gs^Fet
Hh, Hh, Ww, Hhd, Hh, Hh^Fet, Hh, Gs, Rra, Rr, Gg, Gs, Gs, Gs, Gg, Gg, Gg, Gg, Gg, Gs^Fetd, Gs, Gg^Feta, Gs, Gs, Gs, Gs, Gs, Gs, Gs, Gs, Gg, Gg, Gg, Gg, Hh^Fetd, Gs, Gg^Feth, Hh^Fet, Gg^Feth, Gs, Gs, Gs, Gs
Hh, Hh, Hh, Dd, Gs, Gs, Gs, Gs, Gs^Feth, Gs, Rrd, Rra, Gs^Fetd, Gs, Gg, Gg, Gg, Gg, Gg, Gs, Gs, Gs, Gs, Gg, Gs, Gs^Feta, Gs, Gs, Gs, Gs, Gg, Gg, Gg, Gg, Gs, Gs, Gs, Gs, Gs, Gs, Gs, Gs, Gs
Gs, Gs, Ww, Ds, Gs, Gs, Gg^Feta, Gs, Gs, Gs, Gs, Hh, Rra, Rrd, Gg^Fet, Gg, Gg, Gg, Gg, Gs^Feth, Gg^Fetd, Gg, Gg, Gg, Gg, Gs, Gs, Gs, Gs, Gs, Gg, Gg^Feth, Gg, Gs, Gs, Gs, Gs, Gs, Gs, Gs, Gs, Gs^Feth, Gs^Feth
Dd, Dd, Gs, Gg^Feta, Hh^Vhh, Gs, Gs, Gs, Gs, Gs, Gs, Hh, Hh, Gg, Rra, Rrd, Gg, Gg, Gg^Feta, Gs, Gg, Gg, Gg, Gs, Gg, Gs, Gs, Gs, Gs^Feta, Gs, Gs, Gs, Gs, Gs, Gs, Gs, Gs, Gs, Gs, Gs, Dd, Ds, Ds
Gs, Gs, Ww, Ww, Ds, Gs, Gs, Gs, Gs, Gs, Gs, Gg, Hh^Vhs, Gg, Gg, Rrd, Rra, Rrd, Gs^Fet, Gs, Gs, Gs, Gs, Gs, Gs, Gs, Gs, Gs, Gs, Gs, Gs, Gs, Gs, Gs, Gs, Sm, Dd, Dd, Dd, Ww, Ww, Ww, Ww
Hh^Feth, Hh^Feth, Ds, Dd, Ds, Gs, Gs, Gs, Gs, Gs, Gg^Fetd, Gg, Gg^Fetd, Gg, Rra, Rrd, Rrc, Rrd, Rra, Rra, Gs, Gs, Gs, Gs, Gs, Gs, Gs, Gs, Gs, Gs, Gs, Gs, Dd, Ww, Ww, Ww, Ww, Ww, Ww, Ww, Ww, Ww, Ww
Gs, Gs, Ww, Ww, Gs, Gg, Gs, Hh^Fetd, Gs, Gs, Gs, Gs^Feta, Gg, Hh, Hh, Hh, Rr, Hh^Vh, Rrc, Rra, Rra, Rrd, Gs, Gs, Gs, Gs, Gs, Gg, Gg^Feth, Hhd, Gg^Feta, Dd, Ds, Ww, Ww, Ww, Ww, Ww, Ww, Ww, Ww, Ww, Ww
Gs, Gs, Dd, Ww, Ds, Gg^Vhca, Hh, Hh, Gs, Gs, Gs, Gg, Gg, Gs^Fet, Hhd^Vhh, Hhd, Rra, Rrd, Rr, Rr, Rr, Rrd, Gs, Gs, Gg, Gg, Gs, Gg^Feth, Gg^Fetd, Hhd, Ww, Ww, Ww, Ww, Ww, Ww, Ww, Ww, Ww, Ww, Ww, Ww, Ww
Gg, Gg, Ds, Ds, Dd, Ds, Hh^Fet, Gg, Gg, Gg, Gg^Fetd, Gg, Gg^Fetd, Gs, Gs, Gs, Gg, Rrc, Rrc, Rrc, Rr, Rra, Gs, Gs, Gg, Gg, Gg, Gg^Feta, Gg, Gg^Feth, Ww, Ww, Ww, Ww, Ww, Ww, Ww, Ww, Ww, Ww, Ww, Ww, Ww
Gg, Gg, Gg, Gs, Ww, Gg, Gg, Gg, Gg, Gg, Gg, Gs, Gs, Gs, Gs, Gg, Gg, Rra, Gg, Hhd, Rrc, Hh^Fetd, Rrd, Rrc, Gs, Gg, Gg^Feta, Re, Gg, Ds, Ww, Ww, Ww, Ww, Ww, Ww, Ww, Ww, Ww, Ww, Ww, Ww, Ww
Gs, Gs, Gs, Dd, Ds, Ds, Hh^Fetd, Hh, Gg, Gg, Gg, Gs, Gs, Gs, Gg^Fetd, Gg, Gg, Rrc, Gs, Gs^Fetd, Rr, Gs, Gs, Gs, Rr, Rr, Rrd, Rrc, Ww^Bw/, Ww, Ww, Ww, Ww, Ww, Ww, Ww, Ww, Ww, Ww, Ww, Ww, Ww, Ww
Gs, Gs, Gs, Dd, Ww, Gg, Gg^Feth, Hh^Fetd, Hh, Hh, Hh, Hh, Gs, Hh^Fetd, Hh, Gs, Gg^Feth, Rra, Gs, Gs, Gs, Gs, Gs, Gs, Gs, Hh, Rra, 2 Kh, Ww^Bw|, Ww, Ww, Ww, Ww, Ww, Ww, Ww, Ww, Ww, Ww, Ww, Ww, Ww, Ww
Gs, Gs, Gs, Gs, Dd, Ds, Hh^Vhh, Gs^Feth, Hh, Hh, Hh, Hh, Hh, Hh^Vh, Gs, Rrd, Rrc, Gs, Gs, Gg, Gs, Gs, Gs, Gs, Gs, Hh, Rrc, Ww, Ww, Ww, Ww, Ww, Ww, Ww, Ww, Ww, Ww, Wwg, Wwg, Wwg, Ww, Wwt, Wwt
Gs, Gs, Gs, Gs, Ww, Ww, Sm, Gg, Hh, Hh^Fetd, Hh^Vh, Gs, Hh^Feta, Rr, Rra, Gs, Gs, Gg, Gg^Fet, Gg, Gg, Gg, Gs, Ds, Dd, Ww, Ww, Ww, Ww, Ww, Ww, Ww, Ww, Ww, Ww, Wwr, Wwr, Wwg, Wwg, Wwt, Wwt, Wwt, Wwt
Gs, Gs, Gs, Gs, Dd, Ds, Dd, Dd, Gg, Gg, Gg, Rrd, Rr, Gs, Gs, Gs, Gg^Feth, Gg^Fet, Gg, Gg, Gg, Gg^Fetd, Gg, Ww, Ww, Ww, Ww, Ww, Ww, Ww, Ww, Ww, Ww, Ww, Wwr, Wwr, Wwr, Ww, Wwg, Wwt, Wwt, Ww, Ww
Gs^Fetd, Gs^Fetd, Gs, Gs, Gs, Gg, Ww, Ww, Hh^Feth, Rrc, Rrc, Gs, Gs, Gs, Gs, Hh^Vhhr, Hhd, Hhd, Hhd^Vht, Gs, Gg, Gg, Dd, Ds, Ww, Ww, Ww, Ww, Ww, Ww, Ww, Wwr, Ww, Ww, Wwr, Wot, Wot, Wwt, Ww, Ww, Ww, Ww, Ww
Hh^Fetd, Hh^Fetd, Gs, Gs, Gs, Gg, Ds, Ds, Re, Hh^Vhhr, Gs, Gs, Gs, Gs, Hh^Feth, Hh, Hhd, Gg, Gs, Ds, Gs, Dd, Gg, Ww, Ww, Ww, Ww, Ww, Ww, Ww, Wwr, Wwr, Wwr, Wot, Wot, Wot, Wot, Wwr, Wwr, Ww, Ww, Ww, Ww
Hh, Hh, Gg^Feth, Gs, Gs, Ds, Ww^Bw/, Re, Rra, Gs, Gs, Gs, Gs, Gs, Gs, Gg, Gg^Feth, Dd, Ds, Ww, Ww, Ww, Ww, Ww, Ww, Ww, Ww, Ww, Ww, Wot, Wot, Wwr, Wwr, Wwr, Wot, Wot, Wot, Wwr, Wwr, Wo, Ww, Wwr, Wwr
Hh^Feth, Hh^Feth, Gs^Fet, Hh^Feta, Gs, Re, Re, Ds, Gs, Gg^Feta, Gs, Gs, Gs, Gs, Gs, Gs, Gg^Fetd, Ds, Ww, Ds, Ww, Ww, Ww, Ww, Ww, Ww, Ww, Ww, Ww, Wot, Wot, Wwr, Wwr, Wwr, Wot, Wot, Wot, Wot, Wwr, Wo, Wo, Wwr, Wwr
Hh, Hh, Gg^Feth, Hh^Fet, Gs, Rrc, Ww^Bw\, Ww, Gg, Gg, Gs, Gs, Gs, Gs, Gs, Gg, Gg^Feta, Ds, Ww, Ww, Ww, Ww, Ww, Ww, Ww, Ww, Ww, Ww, Ww, Ww, Wwr, Wwr, Wwr, Wwr, Wot, Wot, Wot, Wot, Wot, Wwr, Wwr, Wwr, Wwr
Gg^Feta, Gg^Feta, Gs^Fet, Gg^Feth, Gs, Re, Dd, Ds, Gg, Gs, Gs, Gs, Gs, Dd, Ds, Ww, Ds, Ww, Ww, Ww, Ww, Ww, Ww, Ww, Ww, Ww, Ww, Ww, Ww, Ww, Ww, Wwr, Wwr, Wwr, Wot, Wot, Wot, Wot, Wot, Wot, Wwr, Wwr, Wwr
Gg^Feta, Gg^Feta, Gs^Fetd, Hh^Vhc, Rrd, Dd, Ww, Ds, Gg, Gs, Gs, Gs, Hh^Vha, Ds, Ww, Ww, Ww, Ww, Ww, Ww, Ww, Ww, Ww, Ww, Ww, Ww, Ww, Ww, Wwr, Wwr, Ww, Ww, Wwr, Wwr, Wwr, Wwr, Ww, Ww, Wot, Wot, Ww, Ww, Ww
Gg^Fet, Gg^Fet, Gs^Fet, Rra, Rrc, Gg, Ds, Gs, Gg^Feta, Gg, Gs, Gs, Gs^Fet, Dd, Ww, Ww, Ww, Ww, Ww, Ww, Ww, Ww, Ww, Ww, Ww, Wo, Ww, Wwr, Wwr, Wwr, Wwr, Ww, Ww, Ww, Wwr, Ww, Ww, Wot, Wot, Wot, Ww, Ww, Ww
Gg^Fet, Gg^Fet, Gg, Hhd, Hh^Fet, Gg, Ww, Ww, Ds, Gg, Gg, Gg, Gs, Gs, Dd, Ww, Ww, Ww, Ww, Ww, Ww, Ww, Ww, Wwg, Wo, Wo, Wo, Wwr, Wwr, Ww, Ww, Ww, Ww, Ww, Ww, Ww, Wot, Wot, Wot, Wog, Ww, Ww, Ww
Gs^Feth, Gs^Feth, Hhd, Hhd, Gg, Ww, Ds, Ds, Gs, Gs, Gg, Gg, Gg, Gg, Dd, Ww, Ww, Ww, Ww, Ww, Ww, Wwg, Wwg, Wwg, Wo, Wwr, Wwr, Wwr, Wwr, Ww, Ww, Ww, Ww, Ww, Ww, Ww, Wot, Wot, Wog, Wog, Wwg, Wwt, Wwt
Ms, Ms, Ms, Ms, Ms, Ms, Ms, Ms, Ms, Ms, Ms, Ms, Ms, Ms, Ms, Ms, Ms, Ms, Ms, Ms, Ms, Ms, Ms, Ms, Ms, Ms, Ms, Ms, Ms, Ms, Ms, Ms, Ms, Ms, Ms, Ms, Ms, Ms, Ms, Ms, Ms, Ms, Ms
