Mv, Mv, Mv, Mv, Mv, Mv, Mv, Mv, Mv, Mv, Mv, Mv, Mv, Mv, Mv, Mv, Mv, Mv, Mv, Mv, Mv, Mv, Mv, Mv, Mv, Mv, Mv, Mv, Mv, Mv, Mv, Mv, Mv, Mv, Mv, Mv, Mv, Mv, Mv, Mv, Mv, Mv
Mv, Mv, Gs, Gg, Hhd, Gs, Mm, Ms, Mdd, Hh, Hhd, Hhd, Ms, Gs^Fmw, Hhd, Hhd, Hh^Fp, Gg, Gg, Gg, Gg, Gg, Gg, Gg, Gg, Gg, Gg, Gg, Gg, Hhd, Hhd, Gg, Gs, Hh, Ms, Mdd, Mv, Hhd, Hh, Gg, Gg^Fds, Gg^Fds
Ww, Ww, Ww, Mv, Ms, Ms, Mdd, Hhd, Mv, Hhd, Hhd, Mdd, Mdd, Mv, Hh, Gs, Hh^Fdw, Hhd, Gg, Gg, Gg, Gg, Gg, Gg, Gg, Gg, Gg, Gg, Hhd, Hhd, Hhd, Hh, Md, Mdd, Gg, Hhd, Mdd, Mdd, Mdd, Gg, Gg^Fda, Gg^Fda
Ms, Ms, Ms, Md, Hh, Hhd, Mdd, Hh, Hh, Hhd, Hh, Mm, Mdd, Gg^Fmf, Hh^Vd, Gg, Gg, Gg^Fms, Gg, Gg, Gg, Gg, Gg, Hh, Gg, Gg, Gg, Gg, Hh, Hhd, Hh, Mm, Md, Hh, Gs, Mm, Md, Rrd, Rrc, Hhd, Hh^Fp, Hh^Fp
Ww, Ww, Mdd, Md, Mv, Mv, Hh, Hh, Hh, Hhd, Hh, Hhd, Mv, Gg, Hhd, Gg, Hh, Gg, Hhd, Hh, Gg, Gg, Gg^Fdf, Gg, Gg, Gg, Gg, Gg, Hh, Hh, Hh, Mdd, Mdd, Hh, Mv, Mm, Ms, Hhd^Vdr, Hhd, Hh, Gg, Gg
Hhd, Hhd, Mm, Ds, Hhd, Hhd, Hh, Hhd, Hh, Hh, Hh, Hhd, Gs, Mm, Gg, Gg, Gg, Hh, Gg^Fmf, Gg, Gg, Hh, Hh^Vda, Gg, Gg, Gg, Gg, Hhd, Hh, Hh, Hhd, Hh, Hh, Mv, Mv, Gs, Rra, Hh, Gs^Fmf, Hh^Fdw, Hh^Fpa, Hh^Fpa
Hh, Hh, Ww, Gg, Gg, Mdd, Hhd, Hh, Hhd, Hh, Hh, Hhd, Hhd, Gg, Hhd, Gs^Fdw, Gs^Fmw, Gg, Gg, Gg, Gg, Gg, Gg, Hhd, Gs^Fda, Gg^Fma, Gg, Gg, Hh, Hhd, Hh, Gg, Gg, Hh, Ms, Mdd, Rr, Gg^Fds, Hh^Fpa, Hh^Fdw, Gg, Gg
Hh, Hh, Gg, Gs, Mv, Hhd^Vd, Gs^Fms, Gs, Hhd, Hhd, Hhd, Gg, Gg, Gg, Gs^Fms, Gg, Gg^Fdf, Gg, Gg, Gg, Gg, Gg, Gs^Fds, Gs, Hh^Fdf, Gg^Fma, Gg^Fdw, Gg^Fda, Hhd, Hhd, Hh^Vda, Ms, Md, Gg^Fda, Mdd, Rrc, Rrc, Hh^Fpa, Gg, Gg^Fdw, Gg, Gg
Ss, Ss, Ww, Ww, Ss, Hhd, Gs, Gg, Gs, Gs, Gs, Gg, Gg, Gg, Gg, Gg, Gg^Fmw, Hhd^Vd, Gg, Gg, Gg, Gg, Hh, Gg, Hhd, Gg^Fmf, Hh^Fp, Gg^Fdf, Gs^Fdf, Hh^Fdf, Gg^Fms, Hh^Fp, Gs^Fmf, Rr, Rrd, Gg^Fp, Gs^Fda, Gs^Fms, Gg^Fms, Hhd, Gg, Gg
Ww, Ww, Ds, Ds, Dd, Hh, Hh, Gg, Gg, Gg, Gg, Gg, Gg, Gg, Gg, Gg, Gg, Gg, Gg, Gg, Gg, Gg, Gg^Fda, Hh^Fdw, Gg^Fma, Gs^Fda, Gg^Fda, Hh^Fma, Gs^Fp, Gg^Fp, Gg^Fdw, Rra, Rra, Gg^Fdf, Gg, Gg, Gg^Fpa, Hh^Fmw, Gs^Fma, Gs, Gg^Fmf, Gg^Fmf
Dd, Dd, Ss, Gg, Hh, Gg, Gg, Gg, Gg, Gg, Gg^Fda, Gg, Gg, Gg, Gg, Gg, Gg, Rrd, Rrc, Rra, Gg, Gg, Gg, Hh^Fdf, Gs, Rra, Hh^Fma, Gs^Fmw, Hhd, Gs, Hhd, Rrc, Gg^Fma, Gs, Gs, Gg, Hh^Fdw, Gs^Fmf, Gg^Fda, Gs^Fp, Gg, Gg
Ww, Ww, Gs, Hhd, Hh, Hhd, Hh^Fms, Hh, Gg, Gg, Gg^Fmw, Gg, Gg, Gg, Gs^Fdw, Gg, Gg, Gg, Rr, Gg, Rr, Gg, Gg, Rrd, Rr, Hh^Fdf, Rra, Rrd, Rra, Rr, Rra, Rra, Gg, Gg, Hh^Fdf, Gg, Gg^Fda, Gg^Fds, Gg^Fmf, Gg^Fp, Gg, Gg
Ds, Ds, Gs^Fdw, Rrc, Rra, Rra, Gg^Fda, Gg^Fdw, Hhd, Hh, Gg, Gg, Gg, Gg, Gg^Fmf, Hhd, Gg, Gg, Gg, Gg, Rra, Rrc, Rrd, Gg, Gg, Hh^Fms, Gg^Fdw, Hh^Fpa, Gg^Fds, Gs^Fdw, Gg^Fmf, Rra, Rr, Rr, Gg, Gs^Fpa, Hh^Fp, Gg^Fmf, Gg, Gg^Fms, Gg, Gg
Ww, Ww, Dd, Ce, Rra, Rr, Gs^Fms, Rrc, Rra, Rrc, Rrc, Rrc, Rrc, Rrc, Rrd, Rra, Rr, Rra, Rrd, Rrd, Rrc, Hh^Fms, Gg, Gg, Gg, Gg^Fdw, Gg^Fda, Hh^Fp, Hhd, Gg^Fp, Rr, Rr, Rr, Rrd, Rrd, Rr, Gg^Fma, Ce, Gg, Gg^Fmw, Gg^Fdw, Gg^Fdw
Gg^Fpa, Gg^Fpa, Ww, Cer, 1 Ke, Rra, Rrd, Gg, Hh, Hh^Fda, Gg, Gg, Gg, Gg, Gg, Gg, Hhd, Gg, Gg, Gg, Gs^Fms, Hhd, Gg, Gg, Gg, Gg^Fms, Hhd, Gg^Fmf, Gg, Gs, Hh^Fpa, Gg^Fms, Rr, Rra, Rra, Gg, Rr, 2 Ke, Ce, Gg^Fds, Hh^Fmw, Hh^Fmw
Ss, Ss, Hh^Fms, Dd, Ce, Gg, Hhd, Hh, Hh^Vda, Hh^Fpa, Gg, Gg, Gg, Gg, Gg, Gg, Gg, Gg, Gg, Gg, Gg, Gg, Gg, Gg, Gg, Gg, Gg^Fms, Gg^Fdw, Gg^Fda, Gg^Fda, Gg^Fmf, Gs^Fdw, Hh^Fdf, Rrd, Rra, Rr, Rra, Cer, Cer, Gg^Fda, Hh, Hh
Ww, Ww, Ww, Hh, Hhd, Gg, Gg, Gg, Hh, Hhd, Gg, Gg, Gg, Gg, Hh, Gg, Gg, Gg, Gg, Gg, Gg^Fdf, Gg, Gg, Gg, Gg, Gg, Gs^Fma, Hh^Fdw, Hh^Fp, Hh^Fdw, Gs^Fms, Gg^Fdf, Rrd, Rr, Rrd, Rr, Rra, Hh, Hh^Fda, Hh^Fdf, Gs, Gs
Ww, Ww, Ww, Ww, Gg, Gg, Gg, Hh^Fms, Gg, Hh, Hh, Gg, Gg, Gg, Gg, Gg, Gg, Gg^Fpa, Hhd, Gg^Fda, Hhd, Gg, Gg, Gg, Gg, Gg, Gg, Gg^Fp, Gg^Fda, Hh^Fdf, Gg^Fds, Hh^Fpa, Rra, Rrd, Rrd, Rra, Rrd, Hh, Gs^Fds, Gs^Fda, Gs^Fpa, Gs^Fpa
Gg^Fds, Gg^Fds, Gg, Gg^Vhh, Hh, Gg, Gg, Gg, Gg, Gg, Hhd, Gg, Gg, Gg, Gg, Gg, Gg, Dd, Gg, Hh^Vdr, Hh, Gg, Gg, Hhd, Gg, Hh^Fmw, Gg, Gg, Gg, Gg^Fda, Gs^Fds, Gs, Hhd, Gg^Fmf, Rr, Rrc, Rrd, Gg^Fmw, Gg, Gg, Gg^Fdw, Gg^Fdw
Ww, Ww, Ss, Gg, Gs^Fmw, Gg, Gg, Gg, Gg, Gg, Gg, Gg, Gg, Gg, Gg, Gg, Ds, Ww, Hh, Ds, Gg, Gg, Gg, Gg^Fpa, Hh, Gg, Gg, Gg, Gg, Gg, Gg, Gs, Gg^Fpa, Rrd, Rrd, Rr, Rra, Gg, Gg, Mdd, Gs, Gs
Ww, Ww, Ww, Gg^Fdf, Gg^Fmw, Gg, Gg, Gg, Gg, Hh^Fdf, Gg, Gg, Gg, Gg, Gg, Gg, Ww, Ww, Ww, Ww, Wwt, Ds, Dd, Dd, Hh^Vda, Gg, Gg, Gg, Gg, Gg, Gg^Fmf, Hh^Fdf, Rrc, Rra, Gs, Rr, Rrc, Gg, Gg^Fda, Mdd, Mv, Mv
Ww, Ww, Ww, Gg^Fp, Gg^Fmf, Gg, Gg, Gg, Hh^Fds, Hhd, Gg, Gg, Gg, Gg, Gg, Gg, Hh^Fmf, Ds, Ds, Ww, Ww, Ww, Ww, Ww, Ss, Hh, Gg, Gg, Gg, Gg, Gs^Fdw, Gg^Fda, Hh^Fds, Rrc, Rr, Hh, Rrc, Hh^Fda, Hh^Vda, Hh, Hh, Hh
Gg^Fmf, Gg^Fmf, Sm, Ds, Hh^Fms, Gg, Hh^Vda, Hh, Hhd, Ww, Wwt, Ss, Gs^Fdw, Gg, Hhd, Hh, Hh^Vd, Gg, Dd, Ww, Ww, Wwt, Wwg, Gg, Gg, Gg, Hh, Gg, Gs^Fpa, Gs^Fds, Hh, Gs^Fms, Hh^Fmf, Gg^Fmf, Rr, Hhd, Rr, Hh, Hhd, Hh, Hh, Hh
Gg, Gg, Ww, Gg^Fmf, Gs, Gg, Gs^Fpa, Gg, Hh, Ww, Ww, Ww, Gg, Ww, Gg, Hhd, Gs^Fms, Hh, Gg, Gg, Gg, Ww, Ds, Gg, Gg, Gg, Gg, Gg, Hh, Hh, Gg, Gg, Gs^Fdw, Hh^Fms, Gs^Fmf, Gs, Rrd, Hhd, Hhd, Hh, Hh, Hh
Ds, Ds, Gg, Gs^Fdw, Gg, Hh^Fda, Gg, Gg, Ds, Ww, Ww, Ds, Hh^Fma, Gg^Fda, Hhd, Gg^Fmw, Hh, Hh^Fms, Gs, Gg^Fdw, Wwg, Hhd^Vd, Gg, Gg, Gg, Gg, Gg^Fmw, Gg, Hhd, Gg, Gg, Gg, Gg, Gg, Gg, Gg, Rra, Rrd, Gs, Hh, Hh, Hh
Sm, Sm, Ww, Gg^Fms, Gg, Gg, Gg, Gg^Fdw, Ww, Dd, Ww, Dd, Gg^Vht, Hhd, Gg, Gg, Gg^Fms, Hh^Fdf, Gs^Fp, Gs^Fds, Ww, Gg^Fds, Gg^Fms, Gg^Fpa, Gg^Fds, Gg, Gg, Gg, Gg^Fmf, Gg, Gg, Gg, Gg, Gg, Gg, Gg, Gg, Gg, Rr, Gg, Mv, Mv
Ww, Ww, Ww, Gs^Fda, Gg, Gg, Gg, Gg, Ww, Ww, Ww, Sm, Gg, Gg, Gg, Gs, Gs^Fma, Gs^Fma, Gg^Fmf, Ds, Ww, Hh^Fda, Gg^Fdf, Gg, Gg, Gg, Gg, Gg, Gg, Gg, Gg, Gg, Gs^Fdf, Gg, Gg^Fdf, Gg, Gg, Gg, Hhd, Hh, Hhd, Hhd
Gg, Gg, Ww, Dd, Gg, Hh, Hhd, Hhd, Ww, Ww, Ww, Wwg, Ww, Dd, Gg, Gs^Fp, Gg^Fdf, Gg^Fmw, Gs^Fds, Ds, Ww, Hh, Gg^Fdf, Hh, Gg, Gg, Gg, Gg, Gg, Gg, Gg, Gg, Gg, Hh, Hh, Hhd, Gg, Gg, Gg, Gg, Gg, Gg
Mv, Mv, Mv, Mv, Mv, Mv, Mv, Mv, Mv, Mv, Mv, Mv, Mv, Mv, Mv, Mv, Mv, Mv, Mv, Mv, Mv, Mv, Mv, Mv, Mv, Mv, Mv, Mv, Mv, Mv, Mv, Mv, Mv, Mv, Mv, Mv, Mv, Mv, Mv, Mv, Mv, Mv
