Mv, Mm, Md, Ms, Hhd, Hh, Hh, Hh^Fms, Gs^Fma, Gs, Gs, Gg, Gg, Gg, Gs, Gg, Gs, Gg, Gg, Gg, Gs, Gg, Gs, Gs, Gs, Gs, Gs, Gs
Mv, Mv, Mm, Mdd, Hh, Hh, Hhd, Mm, Mdd, Md, Mm, Mv, Mdd, Ms, Mm, Hhd, Hh, Hhd, Hh, Hh, Hh, Hh, Hhd, Hhd, Hh, Gg, Gs, Gs, Gs, Gs^Fmw, Gg, Gs, Gg, Gg, Gg, Gs, Gg, Gg, Gs, Gs, Gs, Gs, Gg, Gg
Mm, Mm, Mv, Ms, Hh, Hh, Hhd, Hh, Hhd, Md, Mm, Mv, Mdd, Mdd, Hh, Hh, Hh, Hh, Hh, Hh, Ww, Hhd, Hhd, Hh, Gg, Gs, Gg, Gg, Gg, Gg, Gg^Fpa, Gg, Gs, Gg, Gs, Gs, Gs, Gs, Gg, Gg, Gs, Gg, Gs, Gs
Md, Md, Mv, Md, Hhd, Hh, Hhd, Hh, Hh, Hhd, Hh, Md, Mv, Hh, Hhd, Hhd, Hhd, Hh, Hhd, Hhd, Ww, Ww, Hhd, Gg, Gg, Gs, Gs, Gs, Gs, Gg, Gg, Gg, Gs, Gg^Fms, Gg^Fp, Gg, Gg, Gg, Gs, Chr, Gg, Gg, Gs, Gs
Ms, Ms, Md, Hhd, Hh, Hh, Hh, Hhd, Hh, Hhd, Hhd, Hhd, Hh, Hhd, Hh, Hhd, Hh, Hh, Gg, Gs, Dd, Ww, Ww, Gg, Gs, Gs, Gs, Gs, Gs, Gg, Gg, Gs, Gg^Fp, Gg^Fmw, Gs^Fms, Gg^Fma, Gs, Gg, Chr, 2 Kh, Chr, Gg, Gs, Gs
Hhd, Hhd, Hh, Hhd, Hhd, Hhd, Hhd, Hh, Hh, Gg, Hh, Hhd, Gs, Gs, Gs, Gs, Gg, Gg, Gg, Gg, Gg, Gg, Ds, Ww, Gg, Gg, Gg, Gg, Gg, Gg, Gg, Gg^Fmf, Gg^Fpa, Hh^Fp, Gs^Fms, Gg^Vhca, Gg, Rr, Rrd, Chr, Chr, Gs, Gg, Gg
Hh, Hh, Hh, Hhd, Hh, Hhd, Hhd, Hhd, Hhd, Hhd, Gg, Gg, Gs, Gg, Gg, Gs, Gs, Gg, Gg, Gg, Gg, Gs, Ds, Ds, Ww, Gg^Fpa, Hh^Fp, Gg^Fmw, Gg^Fpa, Hh^Fmw, Hh^Fms, Hh^Fms, Hh^Fmw, Gg^Fpa, Gg^Fma, Rrd, Rra, Gs, Gg, Gs, Gg, Gs, Gs, Gs
Hh, Hh, Hh, Hhd, Hhd, Hhd, Hhd, Hhd, Gs, Gs, Gg, Gs, Gs, Gs, Gg, Gs, Gg, Gs, Gs, Gg, Gg, Gg, Gs, Gg^Fms, Ds, Ww, Gg^Fms, Hh^Fp, Gs^Fma, Gg^Fmf, Gs^Fmf, Gg^Fms, Gg^Fms, Gg^Fmw, Hh^Fmw, Rr, Hh^Fp, Gg^Fmf, Gs, Gg, Gg, Gs, Gg, Gg
Hh^Fms, Hh^Fms, Hh^Fma, Gs^Vhs, Gg, Hh, Hhd, Hh, Gg, Gg, Gs, Gg, Gg, Gs, Gs, Gg, Gg, Gg, Gg, Gs, Gs, Gg, Gg, Ds, Ds, Ww, Gs^Fma, Hh^Fp, Gg^Fma, Hh^Fp, Hh^Fmw, Gg^Fma, Gs^Fmf, Hh^Fpa, Hh^Fms, Rr, Gg^Fma, Gg^Fpa, Gg, Gg, Gs, Gs, Gg, Gg
Gs^Fma, Gs^Fma, Gg, Gs, Gg, Gs, Hhd, Hh, Hh, Gg, Gg, Gg, Gg, Gg, Gs, Gs, Gs, Gs, Gg, Gs, Gg, Gg, Gs, Dd, Ww, Ww, Sm, Gs^Fma, Hh^Fmf, Gg^Fp, Hh^Fmf, Gs^Fmw, Hh^Fp, Rrc, Rra, Gg^Vhc, Gs, Gg, Gg, Gg, Gs, Gs, Gs, Gs
Gs, Gs, Gs, Gg, Gs, Gs, Gg, Hh, Gg, Gs, Gg, Gg, Gg, Gg, Gg, Gg, Gg, Gg, Gg, Gs, Gg, Gg, Gg, Gg, Ww, Ww, Ds, Ds, Gg^Fpa, Gg^Fpa, Gg^Fms, Hh^Fmw, Hh^Vhs, Rrc, Rra, Gg, Gg, Gg, Gg, Gg, Gg, Gs, Gs, Gs
Gs, Gs, Gs, Gs^Vhh, Gg, Gs, Gs, Gs, Gg, Gg, Gs, Gg, Gg, Gs, Gg, Gs, Gs, Gg, Gg, Gs, Gg, Gs, Gs, Gg, Sm, Gg, Dd, Ww, Ds, Gg^Vh, Gg^Fmf, Rra, Rrc, Gs, Gs, Gg, Gg, Gg, Gg, Gg, Gg, Gg, Gg, Gg
Gg, Gg, Gs, Gg, Gs, Gs, Gg, Gg, Gg, Gg, Gg, Gg, Gg, Gg, Gs, Gg, Gs, Gg, Gg, Gs, Gs, Gs, Gg, Gs, Gg, Gs, Dd, Ww, Ss, Rr, Rr, Gg^Fms, Hh^Fmf, Gs, Gs, Gs, Gg, Gg, Gg, Gg, Gg, Gg, Gg, Gg
Gg, Gg, Gs, Gg, Gs, Gs, Gs, Gs, Gg, Gg, Gg, Gs, Gs, Gs, Gs, Gg, Gs, Gs, Gg, Gg, Gs, Gg, Gs, Gg, Gg, Gs^Vht, Gg^Fpa, Rp, Rrc, Ww, Dd, Gs, Gg, Gg, Gs, Gg, Gg, Ds, Dd, Ds, Dd, Ds, Gg, Gg
Gg, Gg, Gg, Gs, Gs, Gs, Gs, Gs, Gg, Gs, Gs, Gg, Gg, Gg, Gs, Gs, Gg, Gg, Gs, Gg, Gs, Gs, Gg, Gg, Gg, Rr, Rra, Hh^Fma, Dd, Ww, Ww, Ss, Gg, Hh^Fma, Gg^Fma, Ds, Gg, Sm, Ww, Ww, Ww, Ss, Gg, Gg
Gs, Gs, Gg, Gs, Gs, Gs, Gg, Gg, Gg, Gg, Gs, Gs, Gs, Gs, Gg, Gg, Gg, Gg, Gs, Gs, Gs, Gg, Gg^Vht, Rrd, Rra, Gg, Gs^Fms, Hh^Fpa, Ww, Ww, Ds, Dd, Gg, Dd, Ww, Ww, Gg, Dd, Ww, Ww, Ww, Ww, Ds, Ds
Gg, Gg, Gs, Gs, Gg, Gs, Gg, Gg, Gs, Gs, Gg, Gg, Gg, Gg, Gs, Gg, Gs, Gg, Gg, Gg^Vha, Gg, Rrc, Rr, Gg, Gs, Gs, Gs, Gg, Ds, Dd, Gg, Ww, Ww, Ww, Ww, Ww, Ww, Ww, Ww, Ww, Ww, Ww, Ww, Ww
Gs, Gs, Gs, Gg, Gs, Gs, Gg, Gs, Gs, Gg, Gs, Gg, Gs, Gg, Gs, Gs, Gg, Gg, Gg, Rra, Rr, Gs, Gg, Gs, Gg, Gs, Gg, Gg, Gg, Dd, Ss, Ww, Ww, Ww, Ww, Ww, Ww, Ww, Ww, Ww, Ww, Ww, Ww, Ww
Gg, Gg, Gs, Gs, Gg, Gs, Gs, Gg, Gs, Gg, Gs, Gg, Gg, Gg, Gg, Gs, Gg^Vhh, Rrd, Rrd, Gg, Gs, Gs, Gs, Gg, Gs, Gs, Gs, Gs, Gg, Ds, Ww, Ww, Ww, Ww, Ww, Ww, Ww, Ww, Ww, Ww, Ww, Ww, Ww, Ww
Gg, Gg, Gs, Gs, Gs, Gs, Gs, Gs, Gg, Gs, Gg, Gg, Gg, Gs^Vhca, Gg, Rr, Rrc, Gg, Gs, Gs, Gs, Gg, Gg, Gg, Gg, Gg, Gg, Gg, Gg, Gg, Gg, Ww, Ww, Ww, Ww, Ww, Wwg, Wwg, Wwg, Ww, Ww, Ww, Wwg, Wwg
Gg, Gg, Gs, Gs, Gs, Gs, Gs, Gg, Gs, Gg, Gs, Gs, Gg, Rr, Rr, Gg, Gg^Fmw, Gg^Fmw, Gs^Fpa, Gs, Gg, Gg, Ds, Ww, Ds, Dd, Gg, Ds, Gg, Ds, Ds, Ww, Ww, Ww, Ww, Ww, Ww, Ww, Ww, Ww, Ww, Ww, Ww, Ww
Gs, Gs, Gg, Gg, Gg, Gs, Gg, Gg, Gs, Gs, Gg^Vhca, Rr, Rrd, Gs, Gs, Gg, Gs^Fmf, Gg^Fmw, Hh^Fp, Gg, Dd, Ww, Ww, Ww, Ww, Wwg, Ww, Ww, Ds, Wwg, Ww, Ww, Ww, Ww, Ww, Ww, Ww, Ww, Ww, Wwg, Wwt, Wot, Wo, Wo
Gg, Gg, Gs, Gg, Gs, Gs, Gg, Gg^Vhs, Gg, Rr, Rra, Gs, Gg, Gg, Gg, Gg, Gg, Gg^Fma, Gg^Fp, Gg, Ww, Ww, Ww, Ww, Ww, Ww, Ww, Ww, Ww, Ww, Ww, Ww, Ww, Ww, Ww, Ww, Ww, Ww, Ww, Ww, Ww, Ww, Ww, Ww
Gs, Gs, Gs, Gs, Gs, Gg, Gg, Rrc, Rr, Gs, Gs, Gg, Gg, Gs, Gg, Gg, Gg, Gg, Gg, Ww, Ww, Ww, Ww, Wwg, Ww, Ww, Ww, Wwg, Wwg, Ww, Ww, Ww, Ww, Ww, Ww, Ww, Ww, Wwt, Ww, Wwt, Ww, Ww, Wog, Wog
Gs, Gs, Gg, Ch, Chr, Rr, Rr, Gs, Gg, Gg, Gs, Gg, Gg, Gg, Gg, Gg, Gg, Gg, Ss, Ww, Ww, Ww, Ww, Ww, Ww, Ww, Ww, Ww, Ww, Ww, Ww, Ww, Ww, Ww, Ww, Ww, Ww, Ww, Ww, Ww, Ww, Wwr, Wwr, Wwr
Gs, Gs, Gs, Chr, 1 Kh, Ch, Gs, Gg, Gs, Gs, Gg, Gs, Gs, Gg, Gg, Gg, Gg, Ss, Ds, Ww, Ww, Ww, Ww, Ww, Ww, Ww, Ww, Ww, Ww, Ww, Ww, Ww, Ww, Ww, Ww, Ww, Ww, Ww, Ww, Ww, Wo, Wo, Wo, Wo
Gs, Gs, Gg, Gs, Chr, Gs, Gg, Gs, Gs, Gs, Gs, Gs, Gs, Gg, Gg, Gg, Gg, Gg, Ww, Ww, Ww, Ww, Ww, Ww, Ww, Ww, Ww, Ww, Wwt, Ww, Ww, Wwt, Ww, Ww, Ww, Ww, Ww, Wo, Wog, Wog, Wwr, Wog, Wo, Wo
Gs, Gs, Gs, Gg, Gg, Gg, Gs, Hh^Fma, Gg^Fmf, Gs, Gg, Gg, Gg, Gs, Gg, Gg, Gg, Gg, Ds, Ww, Ww, Ww, Ww, Ww, Ww, Ww, Ww, Ww, Ww, Ww, Ww, Wwt, Ww, Ww, Ww, Wwg, Wwt, Wwt, Ww, Ww, Wot, Wot, Wog, Wog
Gs, Gs, Gg, Gg, Gs, Gs, Gg, Gs, Gg, Gg, Gg, Gs, Gg, Gs, Gg, Gg, Gg, Gg, Wwg, Ww, Ww, Ww, Ww, Ww, Ww, Ww, Wwt, Ww, Ww, Ww, Wwt, Ww, Ww, Wwg, Ww, Ww, Ww, Ww, Ww, Wot, Wo, Wot, Wot, Wot
Mv, Mm, Md, Ms, Hhd, Hh, Hh, Hh^Fms, Gs^Fma, Gs, Gs, Gg, Gg, Gg, Gs, Gg, Gs, Gg, Gg, Gg, Gs, Gg, Gs, Gs, Gs, Gs, Gs, Gs
