Mm, Md, Ms, Hhd, Hh, Hh, Hh, Hh, Gs, Gg, Gg, Gs, Gs, Gs, Gg, Gs, Gg, Gs, Gs, Gg, Gs, Gs, Gg, Gg, Gg, Gg, Gg, Gs, Gg, Gg, Gs
Mm, Mm, Mdd, Mdd, Mm, Mm, Mm, Mv, Mm, Mv, Mv, Md, Md, Md, Md, Hh, Hhd, Hhd, Hhd, Gg^Fmf, Gg^Fms, Hh^Fp, Gg^Fma, Gs, Gg, Gg, Gg, Gg, Gg, Gs, Gg, Gg, Gs, Gs, Gg, Gg, Gs, Gg, Gs, Gg, Gs, Gs, Gs
Md, Md, Mv, Md, Ms, Ms, Ms, Ms, Hhd, Ww, Mm, Mdd, Mm, Mm, Ww, Hhd, Hhd, Hhd, Gg, Gg^Fpa, Gs^Fp, Gs^Fmw, Hh^Fp, Gs, Gg, Gg, Gg, Gg, Gg, Gs, Gs, Gs, Gg, Gg, Gs, Gs, Gg, Gs, Gg, Gg, Gg, Gg, Gg
Ms, Ms, Mv, Mv, Md, Hhd, Hhd, Ww, Ww, Hh, Hhd, Hhd, Hh, Hh, Hh, Hh, Ww, Gg, Gg, Gg^Fmw, Gs^Fms, Gg, Gg, Gs, Gg, Gg, Gg, Gs, Gs, Gs, Gs, Gg, Gg, Gs, Gs, Gs, Gg, Gg, Gg, Gg, Gs, Gg, Gg
Hhd, Hhd, Hhd, Hhd, Hh, Hhd, Hh, Ww, Ww, Hhd, Hh, Hh, Hhd, Hh, Hh, Hh, Ww, Ww, Ds, Ds, Gs, Gg, Gs, Gs, Gg, Gs, Gs, Gs, Gg, Gs, Gg, Gg, Gg, Gg, Gg, Gs, Gg, Gg, Gg, Gg, Gg, Gg, Gg
Hh, Hh, Hhd, Hh, Hhd, Hhd, Hh, Ww, Ww, Hhd, Hh, Hh, Hhd, Hhd, Hhd, Hh, Dd, Ww, Ww, Gg, Gg, Gs, Gs, Gs, Gs, Gs, Gs, Gs, Gs, Gg, Gg, Gs, Gg, Gs, Gg, Gs, Gs, Gs, Gs, Gg, Gs, Gs, Gs
Hh, Hh, Hhd, Hh, Hhd, Hhd, Hh, Hhd, Hh, Ww, Hhd, Hhd, Hhd, Hhd, Hhd, Gs, Dd, Ww, Ww, Sm, Gg, Gs, Gs, Gs, Gg, Gg, Gs, Gs, Gg, Gg, Gs, Gg, Gg, Gs, Gs, Gg, Gg, Gs, Gs, Gg, Gs, Gg, Gg
Hh, Hh, Hh, Hhd, Hh, Hh, Hh, Hh, Hhd, Hhd, Ww, Hh, Hh, Hh, Hh, Gs, Ds, Dd, Ww, Ww, Dd, Gs, Gs, Gs, Gg, Gs, Gs, Gg, Gg, Gg, Gg, Gg, Gs, Gs, Gs, Gs, Gs, Gs, Gg, Gg, Gs, Gg, Gg
Hh, Hh, Hhd, Hh, Hh, Hh, Hhd, Hh, Hh, Hhd, Hhd, Hh, Ww, Gs, Gs, Gs, Gg, Gg, Gs, Dd, Ww, Dd, Gg, Gs, Gs, Gg, Gg, Gg, Gs, Gs, Gg, Gs, Gs, Gg, Gs, Gs, Gs, Gg, Gs, Gs, Gg, Gg, Gg
Gs, Gs, Gs, Gg^Vh, Gs, Hhd, Hh, Hhd, Hh, Dd, Dd, Gs, Ww, Gs, Gs, Gs, Gs, Gg, Ww, Ww, Dd, Ds, Gg, Gg, Gg, Gg, Gs, Gs, Gs, Gg, Gs, Gg, Gs, Gg, Gg, Gs, Gs, Gg, Gg, Gg, Gg, Ds, Ds
Gg, Gg, Gs, Gs, Gg, Gs, Hhd, Hhd, Gs^Fmw, Dd, Ww, Ww, Gg, Gg, Gs, Gs, Gs, Gg, Ds, Gs, Ww, Ww, Ds, Gg, Gg, Gs, Gg, Gg, Gs, Gg, Gg, Gs, Gs, Gg, Gg, Gs^Vhhr, Gs, Hh^Fpa, Gg^Fp, Ds, Wwg, Ww, Ww
Gg, Gg, Gg, Gg, Gg, Gs, Gs, Gs, Gs, Gg, Ds, Ww, Gg, Gs, Gs, Gg, Gg, Gs, Gg, Ww, Ww, Dd, Gg, Gg, Gg, Gs, Gs, Gg, Gg, Gs, Gs, Gg, Gg^Vhca, Rr, Rrd, Gg, Gg, Gs^Fmf, Gs^Fp, Ww, Ww, Ww, Ww
Gs, Gs, Gs, Gs, Gs, Gg, Hh^Fmf, Dd, Gg, Ww, Ww, Ds, Ds, Gg, Gg, Gg, Gg, Gs, Dd, Ww, Ww, Gs, Gs, Gg, Gs, Gg, Gs, Gs, Gg, Gg^Vha, Gg, Rrc, Rrc, Gs, Gs, Gg, Gs, Gs, Ds, Ww, Ww, Ww, Ww
Gs, Gs, Gs, Gg, Gs, Gg, Gg^Fma, Gg^Fpa, Ww, Ww, Dd, Gs^Fms, Gs^Fma, Hh^Fma, Gg, Gg, Gg, Gs, Gs, Ww, Ds, Dd, Gs, Gs, Gg, Gg, Gg, Gs, Gg, Rrd, Rr, Gg, Gg, Gs, Gs, Gg, Gs, Ss, Ww, Ww, Ww, Ww, Ww
Gs, Gs, Gs, Gs, Gg, Gg, Gg^Fma, Dd, Ww, Ds, Sm, Gg^Fms, Gg^Fmw, Gg^Vh, Gg^Fmw, Gs^Fms, Hh^Fma, Gg, Dd, Ww, Ww, Dd, Gs, Gg, Gs, Gg, Gg, Rrd, Rra, Gg, Gs, Gg, Gg, Gg, Gg, Gs, Gs, Chr, Ch, Ww, Ww, Wwt, Wwt
Gg, Gg, Gg, Chr, Chr, Chr, Gg^Fma, Dd, Ww, Ww, Gs^Fmf, Rr, Rrc, Rrc, Rra, Rrc, Gg^Vhca, Gs, Dd, Ds, Ww, Ww, Gs, Gg, Gg, Rrc, Rra, Gs^Vhc, Gg, Gs, Gg, Gg, Gs, Gg^Vhc, Gs, Gg, Gs, Rra, 2 Kh, Ww, Ww, Ww, Ww
Gs, Gs, Gs, Ch, 1 Kh, Rrd, Rrd, Rrd, Rrd, Rra, Rp, Ww, Ds, Gg^Fms, Hh^Fp, Gg^Fms, Rra, Rrc, Gg, Dd, Ww, Ds, Gg, Rra, Rra, Rr, Rrd, Rra, Rra, Rrc, Rr, Rrd, Rr, Rrd, Rrc, Rra, Rp, Dd, Ww, Ww, Ww, Ww, Ww
Gg, Gg, Gs, Gs, Chr, Gs, Gs, Gs, Gs^Vhhr, Dd, Ww, Ds, Gs, Gs, Gg^Fma, Gg^Fpa, Gg, Gg, Rra, Rra, Ww, Rr^Vhca, Rrc, Dd, Gg^Vhca, Gs, Gg, Gg, Gs, Gg, Gg^Vhhr, Ds, Dd, Dd, Ds, Ds, Ww, Ww, Wwt, Ww, Wwt, Ww, Ww
Gs, Gs, Gs, Gg, Gs, Gg, Gg, Dd, Sm, Ww, Ww, Dd, Gg, Gs, Gs, Gs, Gg, Gs, Gg^Vhca, Gg, Rrc, Ds, Ww, Gs, Gg, Gs, Gs, Gg, Gs, Gs, Gg, Sm, Ww, Ww, Ww, Ww, Wwg, Ww, Ww, Ww, Ww, Ww, Ww
Gs, Gs, Gg, Gg, Gs, Gg, Gg, Gg, Ww, Ww, Gs, Gs, Gs, Gg, Gs, Gg, Gs, Gg, Gg, Gg, Gs, Gs, Ww, Ww, Sm, Dd, Gg, Gg, Gg, Ds, Ww, Ww, Ww, Ww, Ww, Ww, Ww, Ww, Wwt, Ww, Ww, Wwt, Wwt
Gg, Gg, Gg, Gg, Gs, Gg, Dd, Ww, Ww, Gg, Dd, Dd, Gs, Gg, Gs, Gg, Gg, Gs, Gg, Gg, Gs, Gg, Ds, Gg, Ww, Dd, Gs, Dd, Dd, Ww, Ww, Ww, Ww, Ww, Ww, Ww, Ww, Ww, Ww, Ww, Ww, Ww, Ww
Gs, Gs, Gs, Gg, Gs, Gg, Gs, Dd, Dd, Dd, Ww, Gs, Gg, Gs, Gs, Gs, Gg, Gg, Gg, Gs, Gs, Gs, Gs, Gs, Ds, Ww, Ds, Ww, Ww, Ww, Ww, Ww, Ww, Ww, Wwt, Ww, Ww, Wwg, Ww, Ww, Ww, Ww, Ww
Gs, Gs, Gg, Gg, Gs, Gg, Gg, Gs, Gg, Ww, Ww, Ds, Ds, Ds, Gs, Gs, Gg, Gg, Gg, Gs, Gg, Gg, Gs, Gg, Gs, Gg, Dd, Ww, Wwt, Ww, Ww, Ww, Ww, Ww, Ww, Ww, Ww, Wwt, Ww, Ww, Ww, Ww, Ww
Gg, Gg, Gs, Gg, Gs, Gs, Gg, Gg, Ds, Dd, Dd, Ww, Ww, Sm, Dd, Ds, Gs, Gs, Gs, Gg, Gs, Gs, Gs, Gs, Gg, Gg, Ww, Ww, Ww, Ww, Ww, Ww, Ww, Ww, Ww, Ww, Ww, Ww, Ww, Ww, Ww, Ww, Ww
Gg, Gg, Gg, Gg, Gs, Gg, Gg^Fmf, Gs, Gs, Gg, Gg, Gg, Dd, Ww, Ww, Dd, Gg, Gg, Gs, Gg, Gs, Gg, Gg, Gg, Gg, Ww, Ww, Ww, Ww, Ww, Ww, Ww, Ww, Ww, Wot, Wwr, Wwr, Ww, Ww, Wwt, Ww, Ww, Ww
Gg, Gg, Gs, Gs, Gs, Gg, Hh^Fpa, Gs, Gs, Gs, Gs, Gs, Ss, Gg, Ds, Ww, Ww, Gs, Gg, Gs, Gg, Gs, Gg, Gg, Ww, Ww, Ww, Ww, Wwg, Ww, Ww, Wwg, Wot, Wo, Ww, Wog, Wwr, Ww, Ww, Ww, Wwg, Ww, Ww
Gg, Gg, Gg, Gs, Gs, Gs, Hh^Fmf, Gg, Gg, Gg, Gg, Gs, Gs, Gs, Ds, Gs, Ds, Ww, Dd, Ds, Gs^Fma, Gg, Dd, Ww, Ww, Ww, Ww, Ww, Ww, Ww, Wwt, Ww, Ww, Wo, Wot, Wog, Wwr, Wwr, Ww, Ww, Ww, Ww, Ww
Gg, Gg, Gs, Gg, Gg, Gs, Gs, Gg^Fpa, Gg^Fmf, Gg^Fms, Gg, Gs, Gg, Gs, Gs, Gs, Gs, Ww, Ww, Ds, Dd, Ww, Ww, Ww, Ww, Ww, Ww, Wwt, Ww, Ww, Ww, Wo, Wog, Ww, Wot, Wo, Wwr, Wwr, Wog, Ww, Ww, Ww, Ww
Gs, Gs, Gs, Gs, Gs, Gg, Gs, Hh^Fpa, Gg^Fp, Gg, Gs, Gs, Gs, Gs, Gs, Gs, Dd, Dd, Dd, Ww, Ww, Ww, Ww, Ww, Ww, Ww, Ww, Ww, Ww, Wo, Wwr, Wog, Wwr, Wog, Ww, Wot, Wog, Wwr, Wo, Wot, Wwr, Wot, Wot
Gg, Gg, Gg, Gs, Gs, Gs, Gs, Gg^Fmw, Hh^Fp, Gg^Fma, Gg^Fp, Gg^Fpa, Hh^Fmw, Gs, Gs, Gs, Gs, Gs, Ds, Ww, Ww, Ww, Ww, Ww, Ww, Ww, Wo, Ww, Wog, Ww, Wog, Wo, Wot, Wog, Ww, Ww, Wog, Wot, Ww, Ww, Wot, Wwr, Wwr
Gg, Gg, Gg, Gg, Gg, Gs, Gs^Fma, Gg, Gs, Hh^Fmf, Gs^Fmw, Gg^Fma, Hh^Fms, Gs, Gg, Gg, Gs, Ww, Ww, Wwt, Ww, Ww, Wwg, Ww, Wog, Wo, Wo, Wwr, Wog, Ww, Ww, Wwr, Wot, Ww, Ww, Wot, Wo, Wo, Wwr, Ww, Wo, Ww, Ww
Gs, Gs, Gg, Gs, Gg, Hh^Fma, Hh^Fms, Gg, Gg^Fmw, Gg^Fmw, Gg^Fma, Gg^Fma, Gs^Fp, Gg, Gs, Gg, Dd, Ww, Ww, Ww, Ww, Ww, Ww, Wot, Wot, Ww, Wot, Wot, Wot, Wo, Wwr, Wot, Wog, Wo, Wot, Wwr, Wot, Wwr, Ww, Wot, Wog, Ww, Ww
Mm, Md, Ms, Hhd, Hh, Hh, Hh, Hh, Gs, Gg, Gg, Gs, Gs, Gs, Gg, Gs, Gg, Gs, Gs, Gg, Gs, Gs, Gg, Gg, Gg, Gg, Gg, Gs, Gg, Gg, Gs
