Wwg, Wwg, Wwg, Wwg, Wwg, Wwg, Wwg, Wwg, Wwg, Wwg, Wwg, Wwg, Wwg, Wwg, Wwg, Wwg, Wwg, Wwg, Wwg, Wwg, Wwg, Wwg, Wwg, Wwg, Wwg, Wwg, Wwg, Wwg, Wwg, Wwg, Wwg, Wwg, Wwg, Wwg, Wwg, Wwg, Wwg, Wwg, Wwg, Wwg, Wwg, Wwg, Wwg, Wwg, Wwg, Wwg, Wwg
Wwg, Wwg, Ww, Ww, Ww, Wwt, Wwt, Ww, Ww, Wwt, Wwt, Ww, Ww, Ww, Ww, Ww, Ww, Ww, Ww, Ww, Ww, Ww, Ww, Ww, Ww, Ww, Ww, Gg^Fet, Gg, Gg, Gg, Ww, Ww, Ww, Ww, Ww, Wwt, Ww, Ww, Ww, Ww, Ww, Ww, Ww, Ww, Ww, Ww
Wwt, Wwt, Ww, Ww, Wwt, Wwg, Ww, Ww, Ww, Ww, Wwg, Ww, Ww, Ww, Ww, Wwg, Ww, Ww, Ww, Ww, Ww, Ww, Ww, Dd, Ds, Hhd, Dd, Hhd, Gs^Feta, Gg, Ds, Dd, Ww, Dd, Ww, Ww, Wwg, Wwg, Ww, Ww, Ww, Ww, Ww, Ww, Ww, Ww, Ww
Wwg, Wwg, Wwt, Ww, Ww, Ww, Ww, Ww, Ww, Ww, Ww, Ww, Ww, Ww, Ww, Ww, Ww, Ww, Ww, Ww, Ww, Ww, Dd, Ch, Gg, Gg, Gg, Gg, Gg, Gg, Gg, Ds, Ww, Ww, Ds, Hhd, Ww, Ww, Wwg, Ww, Ww, Ww, Ww, Ww, Ww, Ww, Ww
Ww, Ww, Ww, Ww, Ww, Ww, Ww, Ww, Ww, Ww, Wwg, Dd, Ww, Ww, Ww, Ww, Ww, Ww, Ww, Ww, Ww, Dd, Ch, 2 Kh, Chr, Gg, Gg, Gg, Gg, Gg, Gg, Hhd, Ww, Ds, Ds, Hhd, Dd, Ww, Ww, Ww, Ww, Ww, Ww, Ww, Ww, Ww, Ww
Ww, Ww, Ww, Ww, Wwg, Ww, Ww, Dd, Dd, Hh, Hh, Hh^Feth, Gg^Feta, Dd, Ww, Ww, Ww, Ww, Ww, Ww, Ww, Ds, Chr, Rra, Ch, Hhd, Gg, Gg, Gg, Gg, Gg, Gg, Ds, Gg^Fet, Gg, Gg, Gg, Ds, Ww, Ww, Ww, Ww, Ww, Ww, Ww, Wwg, Wwg
Ww, Ww, Ww, Ww, Ww, Ds, Dd, Gg, Hh^Vda, Gs^Feta, Gg, Rrc, Gg, Gg, Ds, Ww, Ds, Ds, Ww, Wwg, Ww, Ww, Ww, Rrc, Gs^Fet, Hh^Fet, Gg, Gg^Fet, Hh^Fetd, Hh, Gg^Fet, Gg, Gg, Gg, Gg, Gg, Gg, Rrd, Re, Ww, Ww, Ww, Ww, Ww, Ww, Ww, Ww
Ww, Ww, Ww, Dd, Hh^Fetd, Gs^Fet, Gg, Gg, Gg, Gg, Gg, Gg, Rrc, Rrc, Ds, Ww, Dd, Gg, Ds, Ww, Dd, Rrc, Re, Gg, Gg, Gg, Ms, Gs^Fet, Gg^Fet, Gg, Gs, Hhd, Gg, Gg, Gg, Rrd, Rr, Gg, Ds, Ww, Ww, Ww, Ww, Ww, Ww, Ww, Ww
Ww, Ww, Dd, Hh^Vd, Gg, Gg^Fetd, Gg, Gg, Gg, Gs^Fet, Gg^Feth, Gg, Gg, Rrd, Hh, Ww, Dd, Gg, Dd, Rrc, Rrd, Gg, Gg, Gg, Gg, Gg, Hh^Vd, Hhd, Mdd, Hh, Hhd, Hhd, Hhd, Gg, Rrc, Gg, Hhd, Hh, Ds, Ww, Ww, Ww, Ww, Ww, Ww, Ww, Ww
Ww, Ww, Hh^Fetd, Hh^Feta, Gg, Hhd, Gg, Gg, Hh^Feta, Hh, Gg, Gg, Gg, Hh, Rrc, Rr, Ds, Rr, Rrc, Rrc, Rr, Hhd, Gg, Hhd, Gg, Gg^Fetd, Hhd, Hhd, Hhd, Md, Gg, Hh, Hhd, Gg, Rr, Hh, Gg, Gs, Dd, Ww, Ww, Ww, Ww, Ww, Ww, Wwt, Wwt
Hh^Feth, Hh^Feth, Hh^Fetd, Gg, Gg, Gg, Gg, Gg, Gg, Hh, Gg^Fet, Hh^Vd, Hhd, Hh, Gg, Gg, Rrd, Rrc, Rrd, Rra, Rrc, Gg, Gg, Hhd, Gg, Gg^Feth, Gg, Ms, Gs, Gg, Gg^Fetd, Hhd, Gg, Rr, Rr, Gg^Fetd, Hh^Feth, Gg, Dd, Ww, Ww, Wwg, Ww, Ww, Ww, Ww, Ww
Hh, Hh, Gs^Fetd, Gg, Gg, Gg, Gg, Hh^Fetd, Hhd, Hh, Hh, Mm, Hh, Hh, Gg, Gg, Rrd, Rra, Rr, Gg, Gg, Gg, Gg, Rra, Rra, Rr, Rra, Rr, Hh^Fetd, Hhd, Gg, Rrc, Rra, Gg, Gg, Gg, Gg, Ds, Dd, Ww, Ww, Ww, Ww, Ww, Ww, Wwg, Wwg
Gg, Gg, Gg, Hh, Gg^Fetd, Hhd, Gg, Hh, Hhd, Hhd, Md, Gs, Hh, Hhd, Hhd, Rr, Rrd, Rrc, Gg, Gg, Gg^Fet, Rrc, Rr, Hh^Feth, Hhd, Gg, Gg, Gg, Rrd, Rrc, Rrd, Hh, Gg^Fetd, Gg, Hh^Fet, Hh, Gg, Dd, Ww, Ww, Ww, Ww, Ww, Ww, Ww, Ww, Ww
Hhd, Hhd, Hhd, Gg^Feth, Gg, Gg^Feta, Hhd, Hh, Gg, Hh, Hhd, Hh, Hh, Hh, Gg, Gg, Rrd, Rr, Gg, Rra, Rrc, Ww, Dd, Dd, Gg, Gg, Gg, Gg, Gg, Gg, Gg, Gg, Gg^Feta, Hh, Hh^Fet, Ds, Ds, Ww, Ww, Ww, Ww, Ww, Ww, Ww, Ww, Ww, Ww
Ww, Ww, Dd, Gg, Gg, Gg^Fetd, Hh, Gg^Feth, Gg, Gg, Gg, Gg, Gg, Gg, Gg, Gg, Rr, Rrd, Rrc, Hh^Fet, Wwt, Wwt, Ww, Ww, Dd, Dd, Gg, Gg, Gg, Gg, Gg, Gg, Hh^Vd, Wwt, Ds, Dd, Ww, Ww, Ww, Ww, Ww, Ww, Ww, Ww, Ww, Ww, Ww
Ww, Ww, Ds, Ss, Dd, Hh^Fet, Gg^Feta, Hh, Gs^Fetd, Hhd, Hhd, Gg, Gg, Gg, Gg, Gg, Hhd, Rra, Ds, Dd, Ww, Ww, Ww, Ww, Ww, Ww, Ww, Ds, Gg, Dd, Gg, Ds, Dd, Ww, Ww, Ww, Ww, Ww, Ww, Ww, Ww, Ww, Ww, Wwt, Ww, Ww, Ww
Ww, Ww, Ww, Ww, Ww, Ww, Hhd^Vdr, Gg, Gg, Gg, Gg, Gg^Vht, Hh^Feta, Sm, Gg, Gg, Rrd, Hhd, Ww, Ww, Ww, Ww, Ww, Ww, Ww, Ww, Ww, Ww, Dd, Wwt, Dd, Ww, Ww, Ds, Dd, Ww, Ds, Rr, Dd, Gg, Dd, Ww, Ww, Ww, Ww, Ww, Ww
Ww, Ww, Ww, Ww, Ww, Ds, Sm, Dd, Hh, Dd, Gg, Hh, Dd, Dd, Ww, Dd, Rr, Ww, Ww, Ww, Ww, Ww, Ww, Ww, Ww, Ww, Ww, Ww, Ww, Ww, Ww, Hh^Fetd, Hh^Feta, Gg, Hhd, Ds, Ss, Rrd, Gg, Dd, Hh, Ww, Ds, Gg, Ww, Ww, Ww
Ww, Ww, Ww, Ww, Ww, Ww, Ww, Ww, Ww, Ww, Ds, Wwt, Ww, Ww, Ww, Ww, Ww^Bw\, Ww, Wwg, Hh^Feta, Ww, Ww, Ww, Ww, Ww, Ww, Wwt, Ww, Ww, Dd, Ds, Gg^Fetd, Gg^Fetd, Gs^Fet, Gg, Rr, Rra, Hh^Feth, Hhd, Dd, Ww, Ww, Hhd, Gg, Dd, Ww, Ww
Ww, Ww, Ww, Ww, Ww, Ww, Wwg, Ww, Ww, Ww, Ww, Ww, Hh^Feth, Ds, Dd, Hhd, Rrc, Dd, Ww, Dd, Ds, Hhd, Ww, Ww, Ww, Ww, Ww, Ww, Dd, Hh^Feta, Gg^Fet, Gs, Gg^Fetd, Rra, Rr, Gg^Feth, Gg, Gg, Gg, Gg, Hh^Feth, Ds, Gg, Gg, Ds, Gg, Gg
Wwg, Wwg, Ww, Ww, Ww, Ww, Ww, Ww, Ww, Ww, Hh^Fet, Dd, Hh^Feth, Gg^Fetd, Gg, Hh, Rrd, Rrc, Ww, Gg, Gg, Gg, Wwt, Dd, Ww, Ww, Ww, Ww, Gg, Gg, Gg, Gg, Hhd, Rrc, Hh^Fetd, Hhd, Gg, Hhd^Vdr, Gg, Gg, Gg, Gg, Gs^Feth, Gg, Gg, Gg, Gg
Ww, Ww, Wwt, Ww, Ww, Ww, Wwg, Ww, Wwg, Hh^Fet, Hh^Vdr, Gg, Gg^Fetd, Gs^Fet, Gg^Fetd, Gg, Gg, Gg, Rra, Rr, Gg, Gs^Feta, Dd, Gg, Dd, Ww, Ww, Ds, Hh, Hh, Gg, Hh, Hhd, Rra, Gg^Feta, Gg^Fet, Gs^Fet, Gs, Md, Hhd, Gg, Gg^Fet, Gg, Gg, Gg, Gg, Gg
Ww, Ww, Ww, Ww, Ww, Ww, Ww, Ww, Hh^Feta, Hh^Fetd, Gg^Fet, Gg, Gg^Fet, Gs^Fet, Gs^Fet, Gs^Feth, Gg, Gg, Hh^Fetd, Gg, Rrc, Rra, Hh, Rrd, Rr, Ww, Ww, Ds, Gg, Hhd, Gg, Rrc, Rrc, Rr, Rr, Md, Gs, Mm, Mdd, Hh^Fet, Hh, Gg, Gg, Gg, Gg, Gg, Gg
Ww, Ww, Ww, Ww, Ww, Ww, Ww, Ds, Dd, Gg, Hhd, Gg, Gg, Gg, Gg, Gg^Feta, Gg, Hh, Gg, Gg, Gg, Gg, Rrc, Rra, Rrd, Re, Ww, Hh, Hh^Feth, Rrd, Rrc, Gg, Gg, Rra, Rr, Rrd, Hh, Hhd, Gg^Fetd, Hh, Gg, Gg, Gg, Gg, Gg, Gg, Gg
Ww, Ww, Ww, Ww, Ww, Ww, Ww, Ds, Gg, Gg, Gg, Gg, Hh, Gg, Gs^Feta, Hh^Vda, Gs, Hhd, Hhd, Hhd, Gg, Gg, Rrd, Rr, Rr, Rra, Ww, Rra, Rrd, Gg, Rr, Rra, Gg, Hhd, Rra, Gs, Gg, Gg^Fet, Hhd, Hhd, Gg^Feta, Gs^Feth, Gg^Fetd, Gg, Gg^Feta, Gg^Fetd, Gg^Fetd
Ww, Ww, Wwg, Ww, Ww, Ww, Ww, Ww, Ds, Gg, Gg, Gg, Gg, Gg, Hhd, Hh^Fet, Ms, Mdd, Md, Hh, Gg, Gg, Rra, Hh^Feta, Rrc, Rrc, Rrc, Gg^Fet, Gg, Gg, Gg, Gg, Rra, Rrd, Hhd^Vd, Hhd, Hhd, Rra, Gs^Fet, Gs^Fetd, Gg^Feta, Gg, Gg, Gg^Fet, Hh^Fetd, Hh^Fetd, Hh^Fetd
Ww, Ww, Ww, Ww, Ww, Ww, Ww, Dd, Hh^Vda, Hh, Hh^Fet, Gg, Gg, Gg, Hh, Hh, Hhd, Hh^Feta, Mdd, Hh, Gg, Gg, Rra, Rra, Rr, Ds, Ww, Wwg, Ds, Gg, Gg, Gg, Gg, Gs^Feth, Rr, Rrc, Rrd, Hhd, Rrd, Rr, Gg^Fetd, Hhd, Gg, Hh, Gg^Fet, Dd, Dd
Ww, Ww, Ww, Ww, Ww, Ww, Ww, Dd, Hh^Feta, Ds, Ds, Dd, Ds, Dd, Gg, Gg, Gg, Gg, Gg, Gg, Gg, Gg, Rrd, Gg, Gg, Dd, Ww, Ww, Ds, Ds, Gg, Gg, Gg, Gg^Fetd, Hh^Fet, Gg, Gg, Hh^Fetd, Hhd, Gs^Fet, Rrc, Rrc, Hh^Vdr, Dd, Dd, Ww, Ww
Ww, Ww, Ww, Ww, Ww, Ww, Ww, Ww, Ww, Ww, Ww, Ww, Ww, Ww, Gg, Gg, Gg, Gg, Gg, Gg, Hh^Fetd, Gs^Fetd, Rrc, Hhd, Hh, Ww, Ww, Ww, Ww, Ds, Gg, Gg, Gg, Gs^Fet, Hh^Feth, Hh^Feth, Gg, Gs^Feth, Gg, Rra, Hh^Feta, Re, Re, Ww, Ww, Ww, Ww
Ww, Ww, Ww, Wwt, Ww, Ww, Ww, Ww, Ww, Ww, Dd, Ww, Ww, Ww, Ds, Gs^Feta, Gs^Fet, Gg, Gg, Gg, Gs^Fetd, Chr, Rrd, Wwg, Ww, Ww, Ww, Ww, Ww, Ww, Ds, Hh^Vdr, Gg^Feta, Gg, Gg, Ds, Gs^Feta, Gg, Rr, Re, Rr, Ww, Ww, Ww, Ww, Ww, Ww
Ww, Ww, Ww, Ww, Wwg, Ww, Ww, Ww, Wwg, Ww, Ds, Ww, Ww, Ds, Ds, Dd, Dd, Gg, Gg, Gg, Dd, Ch, 1 Kh, Ww, Ww, Ww, Ww, Ww, Ww, Ww, Ww, Wwg, Ds, Ww, Ww, Dd, Dd, Hhd, Ds, Ww, Ww, Ww, Ww, Wwt, Ww, Ww, Ww
Ww, Ww, Wwg, Ww, Ww, Ww, Ww, Ww, Ww, Wwt, Ww, Ww, Ww, Ds, Dd, Ds, Wwg, Ds, Gg, Ds, Ww, Ww, Ww, Ww, Ww, Ww, Ww, Ww, Ww, Ww, Ww, Ww, Ww, Wwg, Wwt, Ww, Ww, Ww, Ww, Ww, Ww, Ww, Ww, Ww, Ww, Ww, Ww
Wwt, Wwt, Ww, Ww, Wwg, Ww, Ww, Ww, Ww, Ww, Ww, Ww, Ww, Ww, Ww, Wwg, Ww, Ww, Ds, Ww, Ww, Ww, Ww, Ww, Ww, Ww, Ww, Ww, Wwt, Wwt, Ww, Ww, Ww, Wwt, Ww, Wwg, Ww, Ww, Ww, Ww, Ww, Ww, Ww, Wwg, Ww, Ww, Ww
Ww, Ww, Ww, Ww, Ww, Wwg, Ww, Ww, Ww, Ww, Ww, Wwt, Wwg, Ww, Ww, Ww, Ww, Ww, Ww, Ww, Ww, Ww, Wwt, Ww, Ww, Ww, Ww, Ww, Ww, Wwg, Ww, Wwg, Ww, Ww, Ww, Ww, Ww, Wwt, Wwt, Ww, Ww, Ww, Ww, Ww, Wwg, Ww, Ww
Wwg, Wwg, Wwg, Wwg, Wwg, Wwg, Wwg, Wwg, Wwg, Wwg, Wwg, Wwg, Wwg, Wwg, Wwg, Wwg, Wwg, Wwg, Wwg, Wwg, Wwg, Wwg, Wwg, Wwg, Wwg, Wwg, Wwg, Wwg, Wwg, Wwg, Wwg, Wwg, Wwg, Wwg, Wwg, Wwg, Wwg, Wwg, Wwg, Wwg, Wwg, Wwg, Wwg, Wwg, Wwg, Wwg, Wwg
