Gg, Gg, Gg, Gg, Gg, Gg, Gg, Gg, Gg, Gg, Gg, Gg, Gg, Gg, Gg, Gg, Gg, Gg, Gg, Gg, Gg, Gg, Gg, Gg, Gg, Gg, Gg, Gg, Gg, Gg, Gg, Gg, Gg, Gg, Gg, Gg, Gg, Gg, Gg
Gg, Gg, Gg, Hh, Hhd, Gg^Es, Hhd, Hh^Fts, Gs, Hh, Hh, Hhd, Gs, Mdd, Hh, Hh, Hhd, Hhd, Gg^Ftp, Gs, Gg^Fdf, Gs, Gg, Gg, Gg, Gs^Efs, Gs^Eb, Gs^Efs, Gg, Gs, Gg^Fda, Hh, Gs, Gg, Gg, Gg^Ftr, Gg, Gs, Gs
Gg, Gg, Gg, Gs^Edp, Gs^Edp, Gs^Es, Gs^Es, Gs, Hh, Hh, Hh, Hh, Gs, Mm, Hh, Hh, Hhd, Hh, Mv, Hh, Gs, Gg, Gg, Gg, Gs, Gs^Ebn, Gg^Ebn, Gg^Eb, Gs, Gg, Gs, Gg, Hhd, Gg, Gg, Gs, Gs, Gs, Gs
Gg^Es, Gg^Es, Gg^Eb, Re, Cd, Cd, Gs^Efs, Gg, Hh, Hhd, Ms, Gs, Mm, Hh, Mv, Mdd, Hh, Hhd^Vct, Gs^Ft, Hhd, Gg^Fdf, Hh, Hhd, Gg, Gg, Gs, Gg, Gs, Hh, Gg, Hh^Ft, Gg^Fda, Hh^Fts, Gg^Ftd, Hhd, Gs, Gs, Gs, Gs
Gg^Edb, Gg^Edb, Hh^Ftr, Re, 1 Kd, Cd, Gs^Es, Hhd, Hh, Hh, Hhd^Vct, Md, Aa, Gg, Hh, Gg, Mv, Gs^Fds, Hh, Hh^Fdw, Hh, Gg^Ftd, Gg, Gg^Fdw, Hhd^Vca, Gg, Gg, Hh^Fdf, Gg^Ftp, Gg^Ftr, Hhd, Gs, Hh, Gs, Gg, Gs, Gg^Ebn, Gs, Gs
Gg^Edp, Gg^Edp, Gg^Eb, Hhd, Rr, Re, Gs^Efs, Hh, Hhd, Hh, Md, Aa, Ai, Hhd, Md, Mm, Mdd, Hh, Gs, Gg, Hh^Ftd, Gg^Fts, Gs^Edb, Gg^Es, Gg, Gs, Gg, Gs, Gg^Eb, Gs^Eb, Gg^Ftr, Gg^Ebn, Gs, Gg, Hhd, Gg^Es, Gg^Edb, Gg^Eb, Gg^Eb
Hh^Ft, Hh^Ft, Gg^Efs, Hh^Ftr, Gg^Fdf, Gg^Fdf, Rr, Rr, Hh, Md, Mm, Aa, Aa, Md, Gs, Gg, Gs, Hh^Fdf, Gs^Fdw, Hhd, Gg^Ftp, Hh^Ft, Gg^Edb, Gs^Eb, Hhd, Gg, Gg, Gs, Gg^Fdw, Hh^Vc, Gs^Eb, Gs^Efs, Gg^Fda, Gg^Fts, Gg, Gg^Eb, Gg^Edb, Gg^Es, Gg^Es
Gg^Fdf, Gg^Fdf, Hh^Fdw, Hh^Fda, Hh^Fdw, Hh^Ft, Hh^Ftr, Gs^Ft, Re, Re, Gs, Hh, Aa, Mm, Hh^Fdw, Gs, Gg^Fts, Hh, Gg, Gs, Gg, Gg^Fda, Gs^Edb, Gs^Efs, Gs, Gs, Gg, Gs, Gg^Ft, Gs^Es, Hh, Gg^Fds, Gs^Es, Gs^Fdf, Hhd, Hhd, Gg, Gg^Edp, Gg^Edp
Gs, Gs, Hh^Fda, Gg^Fdf, Gs^Fts, Gg^Ftr, Gg^Fds, Gg^Ft, Hhd, Gs, Re, Re, Aa, Aa, Gs, Mdd, Hhd^Vc, Gg, Gg, Gs, Gg^Fdf, Hh^Fds, Gg^Ebn, Gg^Edp, Gs, Gg, Gg, Gg, Gs^Edp, Gg^Eb, Gs^Ebn, Gs, Gg^Eb, Hh, Gg^Fds, Gg, Gg, Gg, Gg
Gg^Fda, Gg^Fda, Hh^Fts, Gg^Fdw, Dd, Dd, Gs^Fts, Gs^Ftr, Gs^Vc, Ds, Ww, Mm, Re, Re, Mdd, Gg, Hh, Gg, Gg, Gg, Gg^Fda, Gg^Fds, Hh^Fts, Hh, Hh^Fda, Gs, Hh, Gg, Hhd, Hh, Gg, Gg, Gg, Gg^Edb, Hh, Hh^Fdw, Gs, Gg, Gg
Hhd, Hhd, Gg, Ww, Ww, Ww, Hh^Ftd, Ds, Ds, Ww, Mdd, Ai, Aa, Re, Rr, Re, Hh, Gs, Gg, Gs, Gs^Fds, Gg^Ft, Hh, Hhd, Gs^Fts, Gg^Vca, Hhd, Gg^Fda, Gg, Gs^Efs, Gs, Hhd, Gg^Fts, Hhd, Gs^Fts, Gs, Gg^Fts, Gs, Gs
Gg, Gg, Gg, Ww, Ww, Ww, Ww, Ww, Ww, Ww, Mv, Rr, Ai, Re, Re, Mv, Rr, Re, Gs, Gg, Gg, Hhd, Gs^Fds, Gg, Mv, Hh^Ftr, Gg, Hh^Fts, Gg, Gs^Eb, Gg, Gg^Fdw, Gg^Fts, Gs^Ftr, Hh, Hh, Gg, Gs, Gs
Gg, Gg, Gg, Ww, Ww, Ww, Ww, Ww, Ww, Ds, Mm, Aa, Re, Ai, Re, Gs, Hh, Hhd, Re, Rr, Rr, Hhd, Hh, Hh, Hhd, Hhd, Gg^Fts, Gg^Fts, Gs^Fdf, Gs^Fdf, Gs, Gs, Hhd^Vca, Mdd, Hh^Fda, Gs, Hhd, Gs, Gs
Gg, Gg, Ds, Ww, Ww, Ww, Ww, Ds, Ww, Ds, Mm, Mm, Mm, Hhd, Hh, Hhd, Hhd, Gg^Eb, Re, Re, Rr, Hhd^Vca, Hhd, Hhd, Hhd, Hhd, Gg^Ftd, Gs^Fts, Hh, Hh, Gg^Es, Gs^Edb, Gg^Ftp, Gg, Hh, Gg, Gg, Gs, Gs
Gg^Ftp, Gg^Ftp, Gg, Gg, Ww, Ww, Ww, Gg^Ft, Gg^Fdf, Gg^Fds, Hhd^Vc, Md, Md, Hhd, Hh, Hhd, Gg, Gg^Es, Rr, Rr, Rr, Hhd, Gs^Fds, Mv, Hhd, Hh^Ftd, Gg^Fda, Hh, Hhd, Hhd, Gs^Eb, Hhd, Gg^Ftr, Hh, Hh, Gs, Gg, Gg, Gg
Gg, Gg, Gg, Gg, Hh^Fdf, Ww, Ww, Ww, Gg^Fda, Gg^Ftp, Hh, Hh, Hhd, Hh, Hh, Gs, Gs, Hh, Gg^Ft, Gg^Edb, Re, Re, Hhd, Hhd, Gs^Fds, Gs^Ftd, Gg^Fdf, Gg, Hhd, Gs^Edp, Gg^Edb, Gs^Fdf, Gg^Fts, Hh, Gg^Ebn, Gs^Ebn, Gg^Es, Gg^Ftd, Gg^Ftd
Gg, Gg, Gg, Gg, Sm, Ww, Ww, Ww, Hh^Fds, Gs, Hh, Hh, Hh, Hhd, Gs, Gg^Fds, Gg^Ftp, Hh, Gs^Es, Rr, Re, Gs^Eb, Re, Re, Gs^Eb, Gg^Fdf, Re, Re, Gs^Eb, Gg^Ebn, Gs^Ebn, Gs^Ft, Gg^Fts, Gg^Efs, Gs^Edb, Gs^Edb, Gs^Edb, Gs^Edb, Gs^Edb
Gg, Gg, Gg, Dd, Ww, Ww, Ww, Dd, Ds, Gs, Gs^Fds, Gs^Fdw, Hh^Ftd, Md, Gs^Vc, Gs, Gs, Rr, Re, Gs^Fdw, Gs^Fdf, Hh, Hh^Fdw, Ds, Rr, Re, Re, Rr, Gs^Es, Gs^Edp, Hh, Hh, Hh, Gg^Edb, Gg^Fds, Gg^Edb, Gs^Efs, Gg^Fdf, Gg^Fdf
Gg, Gg, Hh, Gg, Ds, Ww, Ww, Ds, Gg, Gg, Hhd, Mdd, Gg^Fda, Mm, Gg^Es, Rr, Rr, Gg^Eb, Gg^Ftp, Gg^Ftd, Hh^Fts, Hhd, Dd, Ww, Ww, Ww, Rr, Re, Gg^Es, Gg^Fdw, Hh^Fdw, Gg^Fts, Gg^Fts, Gg^Edb, Gg, Hh, Gg^Edb, Gg, Gg
Gs, Gs, Gs, Gs, Gg, Gg, Ww, Ww, Ww, Ss, Gs, Gg, Gs, Rr, Re, Gg^Edp, Gs^Eb, Gs^Efs, Gg^Eb, Gg^Es, Hh^Vc, Wwt, Ww, Ww, Ww, Re, Rr, Rr, Gg, Hh^Ftr, Hh, Gs, Gs, Gg, Hh, Gs, Gs, Gg, Gg
Gs, Gs, Gs, Gs, Gs, Gs, Dd, Ww, Ww, Gg^Fdw, Gg, Re, Re, Gs, Gs^Edb, Gs^Eb, Gg^Ebn, Hh^Ft, Hh, Gg^Es, Hh, Ww, Ww, Ww, Ww, Re, Re, Ww, Re, Re, Rr, Re, Gs, Rr, Rr, Re, Gs, Hh^Fds, Hh^Fds
Gg, Gg, Gs, Gs, Gg, Gg^Ftp, Dd, Ds, Ww, Re, Rr, Gs, Gs, Gs, Gg, Gs^Es, Gg^Ftr, Gg^Ftr, Gg^Edb, Ds, Ww, Ww, Ww, Ww, Ww, Re, Re, Wwg, Ww, Ww, Rr, Hh, Rr, Rr, Rr, Gg, Rr, Rr, Rr
Gg, Gg, Gg, Hh^Fts, Gg, Gg^Fdf, Gg, Re, Re, Ww, Dd, Ds, Gg, Gg, Hh^Fda, Gs, Gs, Gs^Efs, Gg^Fda, Dd, Hhd, Ww, Ww, Ww, Wwg, Re, Dd, Wwg, Ww, Wwt, Re, Re, Rr, Re, Re, Hhd, Rr, Rr, Rr
Gs, Gs, Gg, Gg^Ftp, Gg, Gs, Gs, Rr, Hhd, Dd, Ww, Ww, Hh^Fds, Dd, Gg^Ftp, Gg, Gg, Hhd, Gs^Ebn, Dd, Wwg, Ww, Ww, Hhd, Ds, Rr, Ww, Ww, Ww, Ww, Ww, Sm, Re, Rr, Hhd, Hhd, Gg^Fts, Gg, Gg
Gs^Edp, Gs^Edp, Hh, Hh^Vc, Gg, Gs, Gs, Re, Hh^Vca, Hh, Dd, Ww, Ww, Hh, Gg^Vct, Hhd, Gg, Hh, Gg^Edb, Gg^Es, Hh^Vca, Gg, Dd, Gg, Hh, Re, Ds, Ww, Ww, Ww, Ww, Wwg, Ww, Rr, Gg, Gg, Gg^Ftr, Gg, Gg
Gg, Gg, Gg, Gs, Gs, Gs, Gg, Re, Gg^Fts, Hhd, Dd, Dd, Ww, Ww, Ww, Ds, Hh, Hh, Gs^Es, Gg^Ftr, Gg^Ftp, Gg^Efs, Gg, Gg, Gg, Rr, Dd, Ww, Ww, Ww, Ww, Ww, Ww, Ss, Rr, Gg, Gs, Gg, Gg
Gg, Gg, Gs, Gg, Gg, Gs, Re, Hh, Gs^Ftd, Gs, Gg, Gs, Hhd, Ww, Ww, Gs, Hh, Gs, Gg^Efs, Gg^Edb, Dd, Gg^Es, Gg^Ebn, Gg, Gg, Gg, Re, Re, Ww, Gg, Ds, Ww, Ww, Ww, Re, Cdr, Gs, Hh, Hh
Gs, Gs, Gg^Eb, Gs^Ebn, Gg^Es, Re, Re, Gg^Fts, Gg^Ftp, Gg, Gs, Dd, Ds, Sm, Hh^Fts, Gs, Gg, Gg, Hh^Fda, Gg, Ww, Hh, Gg^Eb, Gg, Ss, Gg^Fdw, Gs^Ftp, Hh^Ftp, Re, Gg, Dd, Hh^Ftd, Ww, Cdr, 2 Kd, Cd, Gg^Fdf, Gg, Gg
Gs^Ebn, Gs^Ebn, Gs^Edb, Rr, Re, Gs^Ebn, Gg^Efs, Gg^Ftd, Hh^Ftd, Gg, Gg, Ds, Ww, Gg, Gs, Gg, Gg^Edp, Ds, Ww, Dd, Ww, Ww, Ww, Ww, Ww, Gg, Gg, Gg^Ftp, Gg, Gg, Gg, Hh, Hh, Hh, Cd, Hhd, Hhd, Gs, Gs
Hh^Fda, Hh^Fda, Gg^Eb, Gg^Efs, Gs^Eb, Gs^Ebn, Gs^Eb, Gg, Gg, Ds, Gg, Ww, Dd, Gg, Hhd, Gg^Ebn, Sm, Ww, Ww, Ww, Ww, Hhd, Dd, Dd, Hhd, Gg, Gg, Gg, Gg, Gs, Gg, Gg, Gg, Gg, Hh^Fds, Gg, Gg, Hh, Hh
Hh^Fda, Hh^Fda, Gs^Efs, Gg^Efs, Gs^Edp, Gs^Eb, Gg^Eb, Gg, Gs, Gg, Ww, Ww, Dd, Gg, Hhd, Gg^Edb, Gg^Edp, Ww, Ww, Hh^Ftd, Hh, Gg, Gg, Ww, Gs^Ftr, Gg^Ebn, Gg^Edp, Gg^Eb, Hh, Gs, Gg, Gs, Gs, Gg, Gg, Hhd, Gg, Hh^Ftd, Hh^Ftd
Gg, Gg, Gg, Gg, Gg, Gg, Gg, Gg, Gg, Gg, Gg, Gg, Gg, Gg, Gg, Gg, Gg, Gg, Gg, Gg, Gg, Gg, Gg, Gg, Gg, Gg, Gg, Gg, Gg, Gg, Gg, Gg, Gg, Gg, Gg, Gg, Gg, Gg, Gg
