Ms, Ms, Ms, Ms, Ms, Ms, Ms, Ms, Ms, Ms, Ms, Ms, Ms, Ms, Ms, Ms, Ms, Ms, Ms, Ms, Ms, Ms, Ms, Ms, Ms, Ms, Ms, Ms, Ms, Ms, Ms, Ms, Ms, Ms, Ms, Ms, Ms, Ms, Ms, Ms, Ms, Ms
Ms, Ms, Ms, Md, Mv, Ms, Hhd, Hhd, Hh, Hh, Hhd, Md, Hhd, Gg, Gg^Fetd, Hhd, Hhd, Hhd, Gs, Gs, Hh^Fet, Gs^Feta, Gs, Gs, Gg, Gs, Gs, Gg^Feth, Gg^Feth, Gg, Gg, Gg, Gg^Fet, Gs^Fet, Hh, Hh, Gg^Feta, Gg, Gs, Gg, Gg, Gg
Ww, Ww, Hh, Mm, Md, Hhd, Hhd, Hh^Fet, Hh, Hh, Hhd, Gs, Ms, Hhd, Hh, Hhd, Hhd, Gg, Hh, Gs, Gg^Fet, Hhd, Hh^Feth, Gs^Fetd, Gg, Gs, Gs, Gg, Gg, Gs, Gg, Gs, Gs, Gs, Gg^Feth, Hhd, Hhd, Hh, Gs, Gs, Gs, Gs
Gs, Gs, Mm, Mv, Hhd, Hh^Vhhr, Gg^Feta, Gg, Hhd, Hh, Gg^Feth, Gs, Hh^Vhc, Gg, Gg, Gs, Gg, Rr, Gg, Gg, Hh^Fetd, Ch, Gs, Hh, Hh, Gg, Gg, Gs, Gs, Gs, Gs, Gs, Gg, Gg, Gg, Gs, Hh^Fet, Rrd, Rrc, Gg, Gs, Gs
Ms, Ms, Ww, Ww, Mm, Hh, Gg, Gs, Hhd, Hhd, Gs, Gg^Fetd, Gs, Gg, Gs, Gg, Rrc, Gg, Hh, Gs, Chw, 2 Kh, Ch, Gg, Gs, Gg, Gg^Feth, Gg, Gs, Gg, Gs, Gg, Gs, Gg, Gs, Rr, Rrc, Gg, Hh, Gg, Gg^Fet, Gg^Fet
Hhd, Hhd, Hh, Mdd, Hh, Gs, Gs, Hhd, Gg, Gs, Rra, Rr, Gg, Gs, Hh^Feth, Gg, Rra, Rrc, Gs, Rrc, Rra, Chw, Ch, Hh^Feta, Hh^Fetd, Gg^Fet, Hh^Vhh, Gg, Gs, Gg, Gg, Hh, Gs, Rrc, Rrd, Gs, Hhd, Gs, Gg, Gg, Gs, Gs
Mm, Mm, Ww, Ds, Hh, Hhd, Gs^Fet, Hh, Gg, Hh, Gg, Gs^Feth, Rra, Rrc, Gs, Gs, Gs^Fetd, Rr, Gs, Rr, Gs, Gs, Gs, Gs, Gg, Gs, Hhd, Gg, Hhd, Gs, Gg, Rr, Rra, Gs, Gg, Gs, Gs^Fet, Gs, Gg, Gg, Gs, Gs
Mdd, Mdd, Dd, Ww, Ds, Hh^Fetd, Gg, Hh, Gg, Gs^Feta, Gs^Fetd, Gs, Gg, Gs, Rrd, Rra, Hh, Rr, Gs, Rrd, Gg, Gg, Gg, Gs, Gs, Gs, Gs, Gs, Gg^Feta, Rrd, Rrd, Gg, Gg, Gg, Gs, Gg, Gs, Gg, Hh, Gs, Gs, Gs
Hh, Hh, Hh, Gg, Dd, Ds, Gs, Gs, Gs^Fetd, Gs^Feth, Gg^Fetd, Gs, Gg^Fetd, Gg, Gg, Gg, Rra, Rr, Rra, Rrd, Gg, Gg, Hh, Hh, Gg^Fetd, Gg^Fet, Hhd, Rr, Rrc, Hhd, Gs, Hh, Gg, Gs, Gs, Gg, Gs, Gs, Gs, Gs, Gs, Gs
Hhd, Hhd, Hh, Gg, Ww, Ww, Ww, Ds, Gs^Fet, Gs^Fetd, Gs, Hhd, Hh, Gs, Gg, Gg, Hh, Hh, Rrc, Rra, Gg, Gg, Gg, Gs^Fet, Gg^Fet, Rr, Rrc, Hh^Fet, Gg^Fetd, Hh^Vhhr, Gg, Hh, Gs, Gg, Gg, Gg, Gg^Feth, Dd, Ds, Ww, Ww, Ww
Gs^Feth, Gs^Feth, Hhd, Gs^Vha, Dd, Ds, Hhd, Gg^Feth, Hh^Vhca, Hh^Feta, Gg, Gs^Feth, Gg, Hhd^Vht, Gg, Gs, Gs, Hhd, Gs, Rra, Gs, Gs, Hhd^Vhc, Rr, Rra, Hhd, Hhd, Gs, Gs, Gg, Gg, Gg, Gg, Hh, Hhd, Gg^Vhh, Hhd, Ds, Ww, Ww, Ww, Ww
Gg^Fetd, Gg^Fetd, Ms, Gs, Gs^Fet, Gs, Ww, Dd, Gs, Dd, Gs^Feth, Hh, Gs^Feta, Gs, Gs, Gg, Hh, Gs, Gg, Rrc, Gs, Rr, Rra, Gg^Feth, Hhd, Gg^Fetd, Gg^Feta, Gs, Gs, Gg, Gs, Gg, Gs, Gg, Gs^Fet, Sm, Dd, Ww, Ww, Ww, Ww, Ww
Mv, Mv, Mm, Gg, Gg, Gg, Hh^Feth, Ww, Ww, Ds, Gs, Gg, Gg, Gs, Hh, Hhd, Gs, Gg, Gs, Rr, Rra, Gg, Gs, Gg, Gs, Gs, Gg^Feth, Gs, Gg, Gs, Gs, Gs, Gs, Gs, Gs, Gs, Ww, Ww, Ss, Ww, Ww, Ww
Gs, Gs, Gs, Gs, Gs, Gg, Hhd, Hh^Feth, Ww, Ww, Ds, Dd, Ds, Ds, Gs^Feta, Hhd, Gg, Gg, Gg, Rra, Hh^Fet, Gs, Gg, Gs, Gs, Gs, Gs, Gs, Gg, Dd, Ds, Ds, Gg, Gs, Gs, Ds, Dd, Ww, Ww, Ww, Ww, Ww
Gs, Gs, Gg, Gg, Gg, Gg, Gs, Gg, Ds, Sm, Ww, Ww, Ww, Hh^Feth, Gg, Gg, Gg, Gs, Gs, Rrc, Hh^Feth, Gs, Gg, Gg, Gg, Gs, Gs, Gs, Gs^Feta, Ww, Ww, Ds, Gs, Ds, Ds, Ww, Ww, Ww, Ww, Ww, Ww, Ww
Gg, Gg, Gs, Gs, Gg, Gs, Gg, Gs, Gs, Gg, Hh^Fet, Gs^Fet, Ww, Dd, Gs, Gs, Gs, Gg, Gg, Rr, Hhd, Gs, Gs, Gs, Gs, Gs^Vh, Gg, Hhd, Dd, Ww, Ww, Ww, Ww, Ds, Ww, Ww, Ww, Ww, Ww, Ww, Ww, Ww
Gs^Fet, Gs^Fet, Gg^Feta, Gs, Gg, Gs, Gs, Gg, Gs, Gs, Gg, Gg, Dd, Ww, Ww, Hh^Feta, Gs, Gs, Hh, Rrc, Gg, Hh, Gg, Gs, Gg^Fet, Ss, Ds, Ww, Ww, Ww, Wwt, Ww, Ww, Wwt, Ww, Ww, Ww, Ww, Ww, Ww, Ww, Ww
Gg, Gg, Gg^Feta, Gs, Gg, Gg, Gs, Gs, Gg, Gs, Gs, Gs, Dd, Dd, Dd, Ds, Gg, Gg, Gg, Rrd, Hh, Dd, Ds, Ww, Gs^Fet, Ww, Ww, Ww, Ww, Ww, Ww, Ww, Wwg, Ww, Wwg, Ww, Ww, Ww, Ww, Ww, Ww, Ww
Gs^Feth, Gs^Feth, Gg^Fetd, Hhd^Vhca, Gs, Gs, Gs, Gg, Hh^Vhh, Gs^Fet, Gg^Fet, Gg, Dd, Ww, Ww, Gg, Gg^Feta, Gg, Hh^Feth, Rrc, Dd, Ww, Ww, Ww, Ww, Ww, Wwt, Ww, Ww, Ww, Ww, Ww, Ww, Ww, Ww, Ww, Wwg, Ww, Ww, Wot, Ww, Ww
Gg^Feth, Gg^Feth, Gs^Fetd, Gg, Gg, Gg, Gs, Rra, Gg^Fet, Hh, Gg, Gg^Fetd, Gg, Gg, Hh^Vha, Hh^Fet, Hhd, Gs, Rrd, Hhd, Hh, Ww, Ww, Ww, Ww, Ww, Ww, Ww, Ww, Ww, Ww, Ww, Ww, Ww, Ww, Ww, Ww, Wwt, Ww, Wo, Wog, Wog
Gg^Fet, Gg^Fet, Hh, Hhd, Gg, Rra, Gs^Fet, Gs, Rrd, Rr, Gs, Gs, Gg, Hhd, Ww, Ww, Gg, Hh^Fetd, Rrc, Hhd, Ww, Ww, Ww, Ww, Wwt, Ww, Ww, Ww, Ww, Ww, Wot, Wwr, Wo, Ww, Ww, Ww, Wwr, Wo, Wwg, Wot, Wot, Wot
Gs^Fetd, Gs^Fetd, Gs^Fetd, Hhd, Gs^Fetd, Hh^Fet, Rr, Rrc, Rrd, Rr, Gg, Gs, Gg, Rrd, Re, Re, Rr, Rra, Rr, Chw, Ww, Ww, Ww, Ww, Ww, Ww, Ww, Ww, Wog, Wog, Wwr, Ww, Ww, Wot, Wot, Wot, Ww, Wog, Wo, Ww, Wwr, Wwr
Hhd, Hhd, Gs, Gg, Gg, Gs, Rrd, Rrc, Rra, Gs, Rrd, Rra, Rr, Rra, Ww, Ww, Dd, Chw, 1 Kh, Ww, Ww, Ww, Ww, Ww, Wo, Wot, Ww, Wot, Wwr, Wog, Wog, Wot, Wwr, Wwr, Wog, Wwr, Wot, Wo, Wot, Wo, Wo, Wo
Hh^Feth, Hh^Feth, Hh, Gg, Gg, Gg, Gs, Rra, Gs, Rrd, Rrd, Rrd, Rrd, Rrd, Rra, Ww, Ww, Ww, Ww, Ww, Ww, Ww, Wog, Wog, Wwr, Ww, Wog, Wog, Wot, Wot, Ww, Ww, Wot, Wwt, Ww, Wog, Wot, Wo, Wog, Wog, Ww, Ww
Hhd, Hhd, Gg, Gg, Gg, Gs, Gs, Rra, Rr, Gg, Rr, Hhd^Vhs, Rr, Rra, Rrc, Ww, Ww, Ww, Ww, Ww, Ww, Wwr, Wwr, Wo, Wog, Wog, Wog, Wo, Wwr, Ww, Wot, Wot, Wog, Wwt, Ww, Wog, Wot, Wwr, Ww, Ww, Ww, Ww
Gs, Gs, Gs, Gg, Gg, Gg, Rr, Gs, Hhd, Gg, Gg, Rra, Rrd, Rrc, Ww, Ww, Ww, Ww, Ww, Ww, Ww, Wwr, Ww, Wot, Wog, Wwr, Wwr, Wwr, Ww, Wog, Wwr, Wwr, Wo, Wo, Wog, Wot, Wot, Wot, Wot, Wwr, Wwr, Wwr
Gs, Gs, Gg, Gs, Gg, Gs, Gs, Gg^Fet, Gs, Hh, Hh^Fet, Gs^Feth, Rra, Re, Ww, Ww, Ww, Ww, Ww, Ww, Wo, Ww, Ww, Wot, Wo, Wwr, Wo, Wot, Wo, Wwr, Wo, Wo, Wwr, Wog, Wot, Wot, Ww, Wwr, Wo, Wot, Wot, Wot
Gs, Gs, Gg, Gs, Gs, Gg, Hh^Vhs, Gs, Gs, Gs, Hh^Feth, Gs, Gg, Dd, Ww, Ww, Ww, Wwg, Ww, Ww, Wog, Wot, Wwr, Wwr, Wwr, Wog, Wwr, Wog, Wwr, Wo, Wo, Wot, Wot, Wo, Wwr, Wo, Ww, Wwr, Wwr, Ww, Wot, Wot
Gg, Gg, Gg, Gg, Gg, Gg, Gg, Hh^Fetd, Gs, Gg, Gs, Gg, Gg, Dd, Ww, Ww, Ww, Ww, Ww, Wot, Wwr, Wot, Wot, Wot, Wog, Wog, Ww, Wog, Wo, Wwr, Wot, Wog, Wo, Wwr, Wot, Wot, Wog, Ww, Wwr, Wwr, Wog, Wog
Gs, Gs, Gg, Hh^Feta, Hh^Feta, Hhd, Gg, Gg, Gg, Gg, Gg, Gs, Dd, Ww, Ww, Ww, Ww, Ww, Ww, Ww, Ww, Ww, Wwr, Ww, Ww, Wwr, Wo, Wog, Wwr, Wo, Wot, Wog, Wog, Wo, Wot, Ww, Wog, Wot, Wot, Wwr, Ww, Ww
Gg, Gg, Gs, Hhd, Hhd, Gs^Fetd, Gs, Gg, Gs, Gg, Gg, Gg, Dd, Ww, Ww, Ww, Ww, Ww, Ww, Wo, Ww, Wo, Wwr, Wwr, Ww, Wo, Ww, Wo, Wo, Wot, Ww, Wog, Ww, Wwr, Wo, Wwr, Ww, Ww, Wog, Wwr, Wo, Wo
Ms, Ms, Ms, Ms, Ms, Ms, Ms, Ms, Ms, Ms, Ms, Ms, Ms, Ms, Ms, Ms, Ms, Ms, Ms, Ms, Ms, Ms, Ms, Ms, Ms, Ms, Ms, Ms, Ms, Ms, Ms, Ms, Ms, Ms, Ms, Ms, Ms, Ms, Ms, Ms, Ms, Ms
