Mdd, Ms, Mm, Mv, Hh, Hh, Hhd, Hhd, Hh, Hhd, Hh, Hhd, Gg, Gs, Gs, Gs, Gs^Fet, Gg^Fet, Hh^Fetd, Gg^Feth, Hh^Fet, Gg^Feth, Gs^Fetd, Gg, Gs, Gg, Gs, Gg, Gg
Mdd, Mdd, Mm, Mv, Ms, Mm, Hh, Hh, Hhd, Hh, Hhd, Ms, Mm, Mm, Md, Mm, Mm, Hhd, Hhd, Hhd, Hh^Feta, Gg^Fet, Gg, Gs, Gg, Gg, Gs, Gs, Gs, Gs, Gs, Gs, Gg, Gg, Gs, Gg, Gg, Gs, Gg, Gs, Gs, Gs, Gs, Gs, Gg, Gs, Gg^Fetd, Gg^Fetd
Ms, Ms, Mm, Mdd, Hhd, Hh, Hh, Hh, Hh, Hh, Hh, Ms, Hh, Hhd, Hh, Hh, Hhd, Hh, Hh, Ds, Ww, Gg^Fetd, Hh^Feth, Gg, Gg, Gs, Gs, Gg, Gs, Gg, Gs, Gs, Gg, Ds, Ww, Ds, Gg, Gs, Gs, Gs, Gs, Gg, Gg, Gs, Gs, Gg, Gg^Fetd, Gg^Fetd
Mm, Mm, Mdd, Hhd, Hhd, Hhd, Gg, Gs, Hh, Hhd, Hhd, Hhd, Hhd, Hh, Gs, Gg, Gg, Gg, Gs, Gg, Ww, Gs, Dd, Ch, Chw, Ch, Gg, Gg, Gg, Gg, Gg, Gg, Dd, Ww, Ds, Gg, Gg, Gs, Gs, Gs, Gs, Gs, Gg, Gg, Gg, Gs, Gs, Gs
Mv, Mv, Hhd, Hhd, Hh, Gs, Gs, Gs, Hh, Hhd, Hh, Hh, Hhd, Gg, Gs, Gs, Gg, Gs, Gg, Gs, Dd, Gs, Ww, Rrd, 2 Kh, Chw, Gg, Gs, Gg, Gs, Gg, Gs, Gg, Gs, Dd, Ww, Ds, Gs, Gg, Gs, Gs, Gs, Gg, Hh^Feta, Gg^Feth, Gg, Gg, Gg
Hh, Hh, Hhd, Hhd, Gs, Gg, Gs, Gg, Gs, Gg, Gs, Gg, Gg, Gg, Gs, Gs, Gg, Gs, Gg, Gs, Gs, Rrd, Rra, Dd, Ww, Dd, Gg, Gg, Gg, Gs, Gg, Gg, Gs, Gs, Gs, Dd, Dd, Ww, Dd, Ds, Gs, Gs, Gs, Gs^Fet, Gg^Fet, Gg, Gs, Gs
Hh, Hh, Hhd, Gs^Vh, Gs, Gs, Gg, Gs, Gg, Gs, Gs, Gs, Gs, Gg, Gs, Gg, Gg, Gs, Gs, Gg, Rrc, Gs^Vhs, Ds, Ww, Ww, Dd, Gs, Gg, Gg, Gs, Gg, Gg, Gs, Gs, Gg, Gg, Ds, Ww, Ww, Ds, Gs, Gg, Gs, Gs, Gg, Gg^Feta, Gs, Gs
Hhd, Hhd, Hh, Gg, Gg, Gs, Gs, Gs, Gs, Gs, Gg, Gg, Gs, Gs, Gg, Gg, Gg, Gs, Gg, Gs, Rrd, Gg, Sm, Ww, Ww, Dd, Gg, Gg, Gs, Gs, Hh^Feta, Gg, Gs, Gs, Gg, Gg, Gg, Dd, Dd, Ww, Gg, Gg, Gg, Gg, Gg^Fet, Hh^Fetd, Gg^Feth, Gg^Feth
Hhd, Hhd, Hhd, Gg, Gs, Gg, Gg, Gg, Gs, Gs, Gg, Gs, Gs, Gs, Gs, Gs, Gs, Gg, Gg, Gg, Rr, Gg, Gs, Ds, Ww, Ww, Ds, Gs, Gs, Gg, Gg^Feth, Hh^Feth, Gg, Gg, Gg, Gg, Gg, Gs, Gs, Ds, Ww, Dd, Gs, Gs, Dd, Ww, Ww, Ww
Hh, Hh, Hh, Gs^Vht, Gg, Gs, Gg, Gg, Gs, Gs, Gg, Gs, Gg, Gg, Gg, Gs, Gg, Gs, Gg, Gs^Vhs, Rra, Gs, Gs, Dd, Ww, Ds, Gs, Gs, Gs, Gg, Gg, Gs, Gg, Gs, Gs, Gg, Gg, Gg, Ww, Ww, Dd, Dd, Gg, Gs, Gg, Ww, Ww, Ww
Hhd, Hhd, Hh, Gs, Gg, Gs, Gs, Gs, Gs, Gs, Gg, Gg, Gg, Gs, Gs, Gg, Gs, Gs, Gg, Gg, Rrd, Gg, Gg, Ds, Ww, Ww, Dd, Gs, Gs, Gg, Gs, Gg, Gs, Gg, Gg, Gg, Gg, Gg, Dd, Ds, Ds, Ww, Gs, Ds, Ww, Ww, Ww, Ww
Hh, Hh, Hhd, Gg, Gg, Gs, Gs, Gg, Gs, Gg, Gs, Gg, Gg, Gg, Gs, Gg, Gs, Gs, Gg, Gs, Rr, Gs, Gs, Ww, Ww, Dd, Gs, Gs, Gg, Gg, Gs, Gg, Gs, Gs, Gg, Gs, Gs, Gs, Gs, Gg, Ww, Ss, Dd, Ds, Ww, Ww, Ww, Ww
Hhd, Hhd, Hh, Gg^Vhca, Gg, Gg, Gg, Rrc, Gs, Gs, Gg, Gs, Gs, Gs, Gs, Gs, Gg, Gs, Gg, Gs^Vhs, Rrd, Gs, Dd, Ds, Gg, Ww, Dd, Dd, Gs, Gs, Gg, Gg, Gg, Gg, Gs, Gg, Gs, Gg, Gg, Gg, Gg, Dd, Ww, Ds, Wwg, Ww, Ww, Ww
Gg, Gg, Gs, Gs, Gg, Gg, Gg, Gs^Vhca, Rr, Rra, Gg^Vhc, Gg, Gg, Gg, Gs, Gs, Gs, Gs, Gs, Gg, Rra, Gs, Gs, Gs, Dd, Ww, Ww, Ds, Gs, Gg, Gs, Gs, Gg, Gg, Gs, Gg, Gs, Gs, Gs, Dd, Gg, Ds, Ww, Wwg, Ww, Ww, Ww, Ww
Gs, Gs, Gg, Gs, Gs, Gs, Gg, Gs, Gs, Gg, Rr, Rrc, Gg, Gg, Gs, Gg, Gs, Gs, Gs, Gs, Rrd, Gg, Gg, Ds, Ds, Ds, Ww, Gg, Gs, Gs, Gg, Gg, Gg, Gg, Gs, Gs, Gs, Dd, Dd, Ww, Ww, Ww, Ww, Ww, Ww, Ww, Wwt, Wwt
Gs, Gs, Gg, Gs^Vht, Gg, Gg, Gg, Gs, Gg, Gg, Gs, Gs, Rrc, Rrd, Gg, Gs^Vhs, Gg, Gs, Gg, Gg, Rrd, Gg, Gs, Gg, Ww, Ww, Gs, Dd, Gs, Gs, Gs, Gs, Gg, Gg, Gs, Dd, Gg, Ww, Ww, Ww, Ww, Ww, Ww, Ww, Ww, Ww, Ww, Ww
Gs, Gs, Gg^Feta, Gg, Gg, Gs, Gg, Gs, Gg, Gs, Gs, Gs, Gs^Vhs, Gg, Rr, Rr, Gg, Gs, Gs, Gg, Rra, Gs, Gg, Gs, Dd, Dd, Ww, Gg, Gg, Dd, Gg, Ds, Sm, Sm, Gg, Ww, Wwg, Ww, Ww, Ww, Ww, Ww, Ww, Wwt, Ww, Ww, Ww, Ww
Gs^Fet, Gs^Fet, Gs^Feta, Gs, Gs, Gs, Gs, Gs, Gs, Gs, Gg, Gs, Gs, Gg, Gg, Gg, Rr, Rrc, Gg, Gg^Vhc, Rrc, Gg, Gs, Gg, Gg, Dd, Dd, Ww, Ds, Ww, Ww, Ww, Ww, Ww, Ww, Ww, Ww, Ww, Ww, Ww, Ww, Ww, Ww, Ww, Ww, Ww, Wo, Wo
Gg^Fet, Gg^Fet, Hh^Fet, Gg^Vhh, Gg, Gg, Gg, Gg, Gs, Gg, Gs, Gs, Gs, Gs, Gs, Gs, Gs^Vh, Gs, Rrd, Rra, Rrc, Gg, Gs, Gs, Dd, Dd, Ww, Ww, Ww, Ww, Ww, Ww, Ww, Ww, Ww, Ww, Ww, Ww, Ww, Ww, Ww, Ww, Ww, Ww, Ww, Ww, Wo, Wo
Hh^Fetd, Hh^Fetd, Gs^Fetd, Gs^Fetd, Gs, Gs, Gg, Gg, Gs, Gs, Gg, Gs, Gs, Gg, Gs, Gg, Gs, Gg^Feth, Gg, Gg, Rrc, Ds, Ds, Dd, Ww, Ww, Ww, Ww, Ww, Ww, Ww, Ww, Ww, Ww, Ww, Ww, Ww, Ww, Ww, Ww, Ww, Ww, Ww, Wog, Ww, Ww, Wo, Wo
Gg^Feth, Gg^Feth, Gg^Fet, Gg^Fetd, Gs, Gs, Gs, Gg, Gs, Gg, Gg, Gs, Gs, Gg, Gg, Gs, Gs, Gg^Fetd, Gs, Chw, Rr, Chw, Ww, Ww, Ww, Ww, Ww, Wwg, Ww, Ww, Ww, Wwt, Ww, Ww, Ww, Ww, Ww, Ww, Ww, Ww, Wog, Wwr, Wo, Ww, Wwr, Ww, Ww, Ww
Hh^Fet, Hh^Fet, Gs^Feta, Gg^Vha, Gs, Gg, Gg, Gs, Gs, Gs, Gs, Gs, Gs, Gg, Gs, Gg, Gg, Gg, Gs, Chw, 1 Kh, Ww, Ww, Ww, Ww, Ww, Ww, Ww, Wwt, Ww, Ww, Ww, Ww, Ww, Ww, Ww, Ww, Wwr, Wwr, Wwr, Wo, Wwr, Wwr, Wo, Ww, Ww, Wog, Wog
Gg^Feth, Gg^Feth, Gs, Gs, Gg, Gs, Gs, Gg, Gs, Gs, Gs, Gs, Gs, Gs, Gg, Gg, Gg, Gs, Gs, Dd, Ww, Ww, Ww, Ww, Ww, Ww, Ww, Ww, Ww, Ww, Ww, Ww, Ww, Ww, Wwr, Ww, Wog, Wwr, Wwr, Wwr, Ww, Wog, Wwr, Wwr, Ww, Ww, Wog, Wog
Gs^Fetd, Gs^Fetd, Gs^Fetd, Gs, Gg, Gs, Gg, Gs, Gs, Gs, Gs, Gg, Gg, Gs, Gs, Gg, Gg, Dd, Dd, Ww, Ww, Ww, Ww, Wwg, Ww, Wo, Wwr, Ww, Ww, Ww, Ww, Ww, Ww, Ww, Wot, Wot, Ww, Wwr, Wo, Wot, Wot, Wwr, Ww, Wog, Ww, Ww, Wot, Wot
Gg, Gg, Gs, Gs, Gs, Gs, Gs, Gs, Gg, Gs, Gs, Gs, Gs, Gg, Gs, Gg, Gg, Ds, Ww, Ww, Ww, Ww, Ww, Wo, Wot, Wot, Wo, Ww, Ww, Ww, Ww, Ww, Ww, Wog, Wog, Wog, Wo, Wot, Ww, Wo, Ww, Wo, Wog, Wog, Ww, Ww, Wo, Wo
Gs, Gs, Gs, Gs, Gs, Gg, Gg, Gs, Gg, Gg, Gs, Gg, Gg, Gs, Gs, Ds, Ds, Ww, Ww, Ww, Ww, Wo, Wog, Wo, Wog, Wog, Wo, Wot, Ww, Ww, Ww, Ww, Ww, Ww, Ww, Wo, Ww, Wwr, Ww, Ww, Wwr, Wo, Wog, Ww, Ww, Wot, Wog, Wog
Gg, Gg, Gg, Gs, Gs, Gg, Gs, Gs, Gs, Gg, Gs, Gg, Gg, Gs, Gs, Gg, Ww, Ww, Ww, Ww, Ww, Wog, Wo, Wwr, Wo, Wwr, Wog, Wo, Ww, Wo, Ww, Ww, Ww, Wwr, Wwr, Ww, Wo, Ww, Wo, Wo, Wot, Ww, Ww, Ww, Wwr, Wo, Wwr, Wwr
Gs, Gs, Gs, Gg, Gg, Gs, Gs, Gg, Gs, Gs, Gg, Gg, Gs, Gg, Gg, Dd, Ww, Ww, Ww, Ww, Ww, Wo, Ww, Ww, Wwr, Wo, Wo, Ww, Wot, Wwr, Wo, Wo, Ww, Ww, Wog, Ww, Wog, Wog, Wog, Wog, Wwr, Ww, Wo, Ww, Ww, Wot, Ww, Ww
Gg, Gg, Gg, Gs, Gs, Gs, Gs, Gs, Gg, Gs, Gg, Gs, Gg, Ds, Ds, Wwt, Ww, Ww, Ww, Ww, Wo, Wog, Wwr, Wog, Ww, Wo, Wot, Wwr, Ww, Wwr, Wwr, Ww, Wwr, Ww, Ww, Wo, Wog, Wo, Wwr, Ww, Ww, Wo, Wot, Wwr, Ww, Ww, Ww, Ww
Gg, Gg, Gg, Gg, Gg, Gs, Gg, Gs, Gs, Gg, Gs, Gs, Gg, Gs, Ww, Ww, Ww, Ww, Ww, Ww, Wog, Ww, Wwr, Wog, Ww, Wwr, Wog, Wo, Wot, Wo, Wo, Ww, Wot, Wo, Wog, Wog, Wwr, Wot, Ww, Ww, Ww, Ww, Wo, Ww, Ww, Ww, Wog, Wog
Mdd, Ms, Mm, Mv, Hh, Hh, Hhd, Hhd, Hh, Hhd, Hh, Hhd, Gg, Gs, Gs, Gs, Gs^Fet, Gg^Fet, Hh^Fetd, Gg^Feth, Hh^Fet, Gg^Feth, Gs^Fetd, Gg, Gs, Gg, Gs, Gg, Gg
