Gg, Gg, Gg, Gg, Gg, Gg, Gg, Gg, Gg, Gg, Gg, Gg, Gg, Gg, Gg, Gg, Gg, Gg, Gg, Gg, Gg, Gg, Gg, Gg, Gg, Gg, Gg, Gg, Gg, Gg, Gg, Gg, Gg, Gg, Gg, Gg, Gg, Gg, Gg
Gg, Gg, Gg, Gs^Eb, Hh^Fds, Rr, Hh, Hh, Gs, Hh, Hhd, Hhd, Gs, Md, Hh, Hhd, Hhd, Hh, Mdd, Hhd, Hh, Gg, Gg, Gs, Gg, Gg^Edb, Gg^Ebn, Gg^Es, Gg, Gs, Hhd, Gg, Hhd, Gs, Gs, Hh, Gg, Hhd, Hhd
Gg, Gg, Gg, Rr, Gs^Fdw, Rr, Gs^Efs, Gg, Gs, Hh, Hh, Hh, Md, Gg^Fdw, Hhd, Hhd, Hhd, Hhd, Gg^Fda, Gs^Ftp, Gg^Fds, Gs, Gg, Gg, Gg, Gg^Es, Gg^Edb, Gg^Eb, Gg^Fdw, Gg, Gg, Gg, Gg, Hh^Fdf, Hhd, Gg, Gg, Gs, Gs
Gg^Ebn, Gg^Ebn, Rr, Rr, Rr, Cdr, Gg^Eb, Gg, Hh, Hh, Mv, Mm, Hhd^Vct, Hhd, Ms, Hh^Fda, Hh, Hhd^Vct, Gg^Ftd, Gg^Ftp, Gg^Fts, Gg, Gs, Gs, Gg, Gg, Gg, Gg, Hhd, Hhd, Hh, Hh, Hhd, Hh, Gg, Gg, Gs, Gg, Gg
Gg^Efs, Gg^Efs, Re, Re, 1 Kd, Cdr, Gg^Efs, Hh, Hhd, Hhd, Hh, Hh, Gs, Gg, Hhd, Gg^Ftd, Mv, Hhd, Hh, Gs, Gg^Ft, Gg, Gg, Gg^Ft, Gs, Gg, Gg, Hh^Vca, Gg^Fts, Gg, Gg, Gg^Ftr, Gs, Gg^Ft, Hh, Gs, Gs^Es, Gg, Gg
Gg^Edp, Gg^Edp, Gg^Edp, Gg^Edp, Re, Re, Gg^Edb, Gg^Edp, Hh, Hhd, Hh, Md, Aa, Gs, Hhd, Gg^Fds, Gs, Gs, Gg, Gs, Gs^Fda, Gs^Fdw, Gs^Efs, Gg^Edp, Gg^Ftr, Gs, Gs, Gs, Gs^Edb, Hh, Hhd, Hh^Ftp, Gs, Hhd, Gg, Gg^Edb, Gg^Es, Gg^Edb, Gg^Edb
Gg^Edb, Gg^Edb, Gg^Eb, Gs^Fds, Re, Re, Rr, Rr, Gg^Ftr, Hh^Ftd, Mm, Aa, Aa, Md, Gs, Hh, Hh, Gg^Ftd, Hh^Fts, Hhd, Gg^Fdw, Gg^Fts, Gg^Edp, Gg^Efs, Hh, Gg, Gs, Gg, Gg^Edb, Hhd, Gs^Ftr, Gg^Edb, Hhd, Hh, Gg, Gg^Eb, Gg^Fts, Gg^Edp, Gg^Edp
Gg^Ftr, Gg^Ftr, Hh^Fda, Hh^Fds, Hh^Fts, Gg^Fdw, Re, Rr, Gg^Ftp, Mm, Mm, Gs, Ai, Mm, Md, Mv, Hh^Ftp, Gg^Fda, Gs, Gs, Hh^Vc, Gs^Ft, Gg^Edp, Gg^Edb, Gg, Gg, Gg, Gg, Gg^Fds, Gg^Efs, Hhd, Hh, Gg^Ebn, Hh^Ftd, Hhd, Gg^Fdf, Gg, Gg^Ebn, Gg^Ebn
Gs, Gs, Gg^Ftd, Gs^Ft, Hh^Fdf, Hh^Vct, Hh^Ft, Hh^Ftr, Rr, Gs, Gs, Hh, Mdd, Aa, Hh^Vct, Gs^Ft, Gs, Gg, Gs, Gg, Gg^Fdw, Gs^Ftd, Hhd, Gg^Edb, Gg, Gg, Gg, Gs, Gg^Efs, Gs^Ftd, Gg^Eb, Gs, Hh, Gg^Fdf, Hh, Gg, Gg, Gg, Gg
Gg^Ftp, Gg^Ftp, Gs^Fda, Dd, Dd, Sm, Gs^Fdw, Gg^Ftr, Re, Rr, Hh, Mv, Ai, Ww, Ww, Sm, Gg, Gs, Gs, Gs, Gs, Gg^Fdf, Hhd, Hh, Gs^Fda, Gs, Gs, Mdd, Hh^Vca, Hh, Gg, Gg, Gg, Gg^Fda, Hh, Gg^Fda, Gg, Gs, Gs
Hhd, Hhd, Ds, Ww, Ww, Ww, Ds, Dd, Hh^Fts, Rr, Mdd, Ai, Aa, Ai, Ww, Ww, Dd, Dd, Gs, Gs, Gs, Gg^Fdw, Gs, Hh^Ftp, Hhd, Gs, Gs, Gg, Hhd, Gs^Eb, Gs, Gg^Ftr, Gg, Gg^Edp, Gs^Edb, Gg^Fts, Hhd, Gg, Gg
Gg, Gg, Gg, Ww, Ww, Ww, Ww, Ww, Ww, Gs^Fdf, Rr, Re, Re, Ai, Mdd, Gg, Ww, Ww, Ds, Gs, Gs, Gs, Gg^Ftd, Gs, Gg, Hh, Hh, Gs, Gg, Gs^Efs, Gg, Hhd, Hh^Fts, Hhd^Vc, Gs^Fdf, Gg^Ft, Gg^Fdf, Gg, Gg
Gg, Gg, Dd, Ww, Ww, Ww, Ww, Ww, Ww, Mv, Re, Aa, Re, Re, Hh, Re, Hh, Hh, Gs, Dd, Gs, Hhd, Hh, Hhd, Hh, Hhd, Hh^Ft, Gs, Hh, Gs^Fda, Gg, Gs, Gg^Edp, Mdd, Gg^Ftd, Gs, Gs, Gg, Gg
Hhd, Hhd, Dd, Ww, Ww, Ww, Ww, Ss, Ww, Hh^Vc, Re, Re, Rr, Rr, Re, Rr, Re, Rr, Ww, Ww, Dd, Hhd, Hhd, Hhd^Vc, Hhd, Hh^Fda, Gs^Ft, Gs^Fts, Gg^Ft, Gg^Es, Gs^Edb, Gs^Efs, Gs^Ftp, Gs^Fts, Hh, Gg, Gs, Gs, Gs
Gg^Fds, Gg^Fds, Dd, Ds, Ww, Ww, Ww, Gg^Ft, Gg^Fdf, Gg^Fds, Re, Rr, Re, Rr, Re, Rr, Re, Re, Re, Re, Rr, Re, Hh^Ftr, Mdd, Gg^Edb, Gg, Gg^Fda, Gg^Fdw, Gg^Eb, Gg^Ftd, Gs^Eb, Hhd, Hh^Ftr, Gs^Edp, Gg, Gs, Gg, Gg, Gg
Gg, Gg, Gg, Gg, Dd, Ww, Ww, Dd, Gg^Fda, Gg^Ftp, Gg^Ftr, Rr, Hhd, Re, Re, Rr, Rr, Dd, Ww, Ww, Ds, Hh, Re, Re, Gs^Eb, Gs^Ftd, Gg, Gs, Hh^Fdf, Gs^Edp, Gg^Edb, Gg^Ftp, Gg^Ftr, Hhd, Gg^Ebn, Gs^Ebn, Gg^Es, Gg, Gg
Gg, Gg, Gg, Gg, Gg, Ds, Ww, Ww, Hh^Fds, Gg, Re, Rr, Rr, Rr, Re, Gg, Gs, Hhd^Vc, Hh^Fdw, Gg^Es, Gs^Eb, Gg^Eb, Hh^Fdf, Gs^Fdf, Rr, Re, Gg^Edb, Gs^Eb, Gg^Ebn, Gs^Ebn, Gs^Es, Hhd^Vc, Gg^Efs, Gs^Edb, Gs^Edb, Gs^Edb, Gs^Edb, Gg^Ebn, Gg^Ebn
Gs, Gs, Gg, Gg, Gg, Dd, Ww, Ds, Gs^Fds, Gg, Gg, Re, Hh^Vca, Gs, Hhd, Gg, Gs, Hhd, Ww, Sm, Gg^Edp, Hh^Fdf, Gs^Ftr, Ds, Dd, Gs^Es, Rr, Rr, Gs^Edp, Gg^Ebn, Hhd, Hhd, Gg^Fdw, Gg^Eb, Hh, Gs^Efs, Gs^Eb, Gg, Gg
Gg, Gg, Gg, Gg^Fda, Gg^Fts, Gg, Gg, Gg, Gg, Rr, Rr, Gg, Gg, Gs^Ftp, Gs^Edb, Gs^Eb, Gg^Eb, Gs^Eb, Gs^Fdf, Ww, Hh, Gg^Edp, Hh^Vct, Ww, Ww, Wwt, Re, Re, Re, Rr, Gg^Edb, Hh, Gs^Edb, Gg^Edb, Gg, Hh, Gs^Efs, Gg, Gg
Gg, Gg, Gg, Gg, Gg, Gg, Gg, Re, Re, Gs, Gg, Gg, Gg, Gg, Gs^Edb, Gg^Edb, Gg^Eb, Gg^Es, Gs^Edb, Ds, Ww, Ww, Ww, Ww, Ww, Gg, Dd, Re, Dd, Hh, Re, Re, Gg, Gs, Gs^Fdf, Gs, Gg, Gs, Gs
Gs, Gs, Gs, Gs, Gs, Rr, Re, Gg^Fda, Hhd^Vc, Hhd, Gs, Gg, Gs, Gs, Gs^Es, Gs^Eb, Gg^Ebn, Gg^Efs, Hhd, Hhd, Dd, Wwt, Ww, Ww, Ww, Ds, Re, Ww, Ww, Dd, Gg, Gg, Re, Re, Cd, Cd, Gs, Hhd, Hhd
Gs, Gs, Gg, Gs, Rr, Hhd, Gg, Gg^Fdf, Gs^Fdf, Hhd, Gs, Gs, Gs, Gs, Gs, Gg^Edp, Gg^Es, Hh, Gg^Edb, Dd, Ww, Ww, Ww, Ww, Ww, Ww, Ss, Ww, Ww, Ww, Ss, Gg^Fts, Gs, Cdr, 2 Kd, Cdr, Gs^Fdw, Gg, Gg
Gg, Gg, Gg, Hhd^Vca, Rr, Gg, Gg, Gs, Gg, Gg, Gg, Gg, Gg, Gg, Gg^Fdf, Gs, Gs, Gg^Es, Gs^Ebn, Gg^Efs, Hh, Wwg, Ww, Ww, Ww, Ww, Wwg, Ww, Ww, Ww, Ds, Hh, Hh^Fdw, Hhd, Cd, Hhd, Gs, Gg, Gg
Gs, Gs, Gg, Gs^Fds, Gg, Gs, Gs, Gs, Hh^Fda, Gs, Gg, Gg, Hh, Hhd, Gg^Ftp, Gg, Hh, Hh, Gs^Ebn, Hhd, Wwg, Ww, Ww, Ds, Gg, Ss, Ww, Ww, Ww, Ww, Ww, Ww, Ww, Gg, Gg, Gg, Hhd, Gg, Gg
Gs^Es, Gs^Es, Gs^Fts, Gs, Gg, Gs, Gg^Fts, Gs, Hhd, Gg^Fdw, Gg, Hhd, Gg, Gg, Gs^Fds, Hh, Hh^Ftr, Hh, Gg^Efs, Gs^Fts, Hh, Ds, Ww, Dd, Gg^Fts, Gg, Ds, Ww, Ww, Ww, Ww, Wwg, Ww, Gg, Gg, Gg, Hh^Fdf, Gg, Gg
Gg, Gg, Gg, Gg, Gg, Gg, Gg, Gg, Gg, Gg, Gg, Gg, Gg, Gg, Gg, Gg, Gg, Gg, Gg, Gg, Gg, Gg, Gg, Gg, Gg, Gg, Gg, Gg, Gg, Gg, Gg, Gg, Gg, Gg, Gg, Gg, Gg, Gg, Gg
