Uu, Uu, Uu, Uu, Uu, Uu, Uu, Uu, Uu, Uu, Uu, Uu, Uu, Uu, Uu, Uu, Uu, Uu, Uu, Uu, Uu, Uu, Uu, Uu, Uu, Uu, Uu, Uu, Uu, Uu, Uu, Uu, Uu, Uu, Uu, Uu, Uu, Uu, Uu, Uu
Uu, Uu, Xur, Xu, Uu, Uue, Uue, Uue, Uue, Uu, Hh, Uu, Uhe, Uhe, Hhd, Uhe, Hhd, Xuc, Xue, Xur, Xue, Xu, Xue, Xuc, Xue, Xur, Uue^Qhh, Uu^Qhh, Hh, Uue, Rrd, Rrc, Rr, Rrd, Rrd, Rrd, Uue, Hhd, Uue^Ufi, Uue^Ufi
Uu^Qhu, Uu^Qhu, Uu, Uu, Uue, Uue, Uue, Uue, Uue, Uu, Uue, Hh, Uhe, Uhe, Hhd, Uh, Xuc, Xu, Xu, Xu, Xuc, Xuc, Xur, Xuc, Uu, Uue^Uf, Uue^Uf, Uu^Ufi, Uue, Uue, Uue, Uu, Rra, Rra, Rr, Uu, Uu, Hh, Uue^Ufi, Uue^Ufi
Uh^Ufi, Uh^Ufi, Uh^Qhu, Rrc, Rr, Rra, Uue, Uu, Uue, Uu, Uue, Uue, Uue, Uhe, Uh, Uh, Uu, Uue, Uu, Uue, Uu, Uue, Uue, Hh, Uu, Uu, Uue, Uu, Uue, Uue, Uue, Rrc, Rrc, Rr, Hhd, Uu, Uu, Hhd, Uu, Uu
Uh^Ufi, Uh^Ufi, Uhe^Ufi, Cud, 1 Kud, Rrc, Uue^Ufi, Uue, Uue, Uu, Uue, Uue, Uu, Uu, Uue, Uue, Uu, Hh, Hh, Hhd^Vud, Uu, Uu, Hhd, Uu, Uu, Hhd, Uue, Rrc, Rra, Rrc, Rr, Hhd, Hh, Hhd, Uu, Uue, Uu, Uu, Hhd, Hhd
Uhe^Qhu, Uhe^Qhu, Uh^Qhu, Uue, Cud, Rrc, Rrd, Rrd, Uu, Uue, Uu, Uue, Uue, Uue, Hh^Vu, Hhd, Uu, Uu, Hh, Uue, Hh, Uue, Uue, Rrc, Rr, Rr, Rrc, Uue, Xur, Hh, Hhd, Uue, Hhd, Uue, Uue, Uue, Uue, Uue, Uue, Uue
Uh^Qhh, Uh^Qhh, Uhe^Qhh, Rrc, Rrd, Uu^Ufi, Xu, Xue, Rra, Uu, Uue, Uue, Uu, Uue, Uue, Uu, Uue, Uue, Hhd, Uue, Uue, Rr, Rr, Uue, Xur, Xue, Hhd, Xur, Xuc, Xur, Hh, Xur, Uu, Uu, Uu, Hh, Uue, Xur, Uu, Uu
Uue^Qhh, Uue^Qhh, Uue^Ufi, Uu, Rr, Uue^Ufi, Xuc, Xuc, Rrc, Uue, Uue, Uh, Uh, Uh, Uu, Uue, Uu, Hhd, Hh, Uue, Uu, Rrc, Uue, Uue, Hh^Vud, Xuc, Hh, Hhd, Xuc, Xu, Xu, Xue, Hh, Uue, Uu, Hh, Hh, Xur, Uue, Uue
Uue, Uue, Uu, Uu, Uu^Uf, Uue, Uue, Rra, Rra, Rrc, Uu, Uh, Uh, Uhe, Uue, Uue, Uue, Hh, Uue, Hh, Uu^Qhh, Rra, Uu, Uue, Uu, Xuc, Xu, Xuc, Uue, Uue, Hh, Hhd, Uu, Uhe, Uue, Uu, Uue, Uu, Uue, Uue
Uu, Uu, Uu, Hhd^Vud, Uue, Uue, Rr, Uhe, Hhd, Rrd, Uu, Uu, Uh, Uhe, Uhe, Uue, Uu, Hhd^Vud, Uu, Hh, Hhd, Rra, Uue, Uue, Uu, Uhe, Uh, Uhe, Uue, Hhd, Hh, Hhd, Uhe, Uh, Uh, Uu, Uu, Uu, Uue, Uue
Hh, Hh, Uue, Uue, Uu, Uue, Rrd, Hh, Uue, Hh, Rra, Rrd, Uhe, Uh, Hh, Hhd, Uue, Hh, Uu, Rrd, Rr, Uue^Uf, Uu, Uu, Hhd, Uh, Uhe, Uhe, Uue, Uue, Uue, Hhd, Uhe, Uh, Hh, Uue, Uu, Hhd, Uu, Uu
Uue, Uue, Uue, Uu, Uue, Uue, Rrd, Uu, Hhd^Vu, Uue, Hhd, Hhd, Rrd, Rra, Hh, Uue, Hhd, Rr, Rr, Uu, Hh, Hhd, Xue, Xuc, Xur, Uhe, Uhe, Uhe, Uu, Uue, Hh, Hh, Uu, Uh, Hh, Uh, Uhe, Hh, Hhd, Hhd
Uue, Uue, Hh, Uh, Uhe, Uue, Rra, Uu, Uue, Uu, Uue, Uue, Uu, Uu, Rrc, Rra, Rra, Uue, Uu, Uue, Uhe, Uhe, Xur, Xur, Xuc, Xuc, Uh, Uh, Uue, Hhd, Uu, Uue, Hh, Uh, Uh, Uh, Uh, Uh, Xue, Xue
Hh, Hh, Hh, Uhe, Uhe, Uu, Rr, Uue, Uue, Uu, Rr, Rrd, Uue^Ufi, Rrd, Uu, Uu, Rr, Rrd, Uue, Uhe, Hhd^Vu, Uh, Xur, Xur, Xur, Xuc, Uhe, Uhe, Uh, Uu, Hh, Hh, Hh, Uhe, Uh, Uh, Uhe, Uh, Uh, Uh
Uue, Uue, Uue, Uue, Uue, Uue, Rrd, Uue^Qhh, Uue^Qhu, Uu^Qhh, Uue^Ufi, Rrd, Rr, Hh^Vud, Rra, Rrc, Rra, Uue, Rr, Rrc, Uh, Uhe, Xur, Xu, Xuc, Uu, Uh, Uhe, Uh, Uue, Uu, Hhd, Uue, Uhe, Hh, Uh, Uhe, Xur, Uhe, Uhe
Uue, Uue, Uu, Uu, Uue, Uu^Ufi, Rrc, Uu^Uf, Uue^Qhu, Uu^Ufi, Uu^Qhu, Uu^Ufi, Uue^Ufi, Uu^Ufi, Hh, Uu, Uue, Rra, Rra, Uu, Rra, Rra, Xur, Xu, Rr, Rra, Rrc, Rrd, Rrc, Rrd, Uhe, Uue, Uu, Hhd, Hhd, Hh, Uue^Qhh, Uh, Uu, Uu
Uu, Uu, Uue, Uue, Hh^Vud, Uu^Qhh, Rrd, Uue^Qhh, Hhd, Uue^Qhh, Uu^Qhh, Uu^Uf, Uue^Uf, Uu^Qhh, Uue, Rrd, Rr, Hh, Uue, Uu, Uue, Uu, Rrc, Rr, Rr, Uue^Qhh, Xue, Hhd, Xu, Xue, Rra, Rra, Uh, Uhe, Hh, Hh, Uue^Qhu, Uu, Uu, Uu
Uhe, Uhe, Uu, Uue, Uu, Uu^Qhh, Rrc, Uu^Qhh, Uu^Ufi, Uue^Qhu, Uu^Qhh, Uu^Qhh, Uue^Uf, Rra, Rra, Uue, Uu, Uue, Uu, Uue, Uue, Uue, Uue, Uu, Uue^Uf, Xue, Hhd, Xu, Xuc, Xur, Xuc, Rr, Hh, Uh, Uh, Uhe, Uue, Uu, Uue, Uue
Uue, Uue, Uu, Uu, Uu, Hh, Rrd, Uue^Qhh, Uu^Qhh, Uue^Ufi, Uue^Ufi, Rrd, Rra, Uhe, Uh, Uue, Uue, Uu, Hhd^Vud, Hhd, Hhd, Uu, Uue, Uue, Xur, Xur, Hh, Xuc, Xue, Xue, Xuc, Rrd, Uhe, Uhe, Uh, Uh, Uu, Uu, Uue, Uue
Hhd, Hhd, Uue, Uu, Hhd, Hhd, Hh, Uue^Ufi, Hhd^Vud, Rrc, Rrd, Uu^Uf, Uh^Uf, Uh, Uhe, Uhe, Uu, Uu, Uue, Hhd, Hhd, Uu, Uu, Xue, Xur, Xuc, Xu, Xue, Xue, Xur, Hhd, Rrc, Uh, Uh, Uhe, Uu, Uue, Uue, Uue, Uue
Uhe, Uhe, Uu, Uue, Uue^Qhu, Uu^Qhu, Uu^Uf, Rr, Rra, Uu^Qhh, Uu^Uf, Uue^Qhh, Uh^Ufi, Uhe, Uh, Uh, Uue, Uue, Hh, Hh, Uue, Uue, Uue, Xuc, Uue, Uu, Uu, Xue, Xuc, Xuc, Xuc, Rrc, Uhe, Uh, Uhe, Uue, Uu, Uu, Hhd, Hhd
Uhe, Uhe, Uhe, Uue, Uue^Ufi, Uu^Qhh, Uue^Ufi, Rra, Hhd, Uu^Qhu, Uu^Qhh, Uu^Uf, Uhe, Uhe, Uh, Uhe, Uue, Uu, Uu, Uu, Uue, Uue, Uue, Xu, Uu, Uu, Uue, Xue, Xue, Xue, Xu, Rrc, Uu, Uue, Uu, Uhe, Uue, Uue, Uu, Uu
Uhe, Uhe, Uh, Uu, Uu^Uf, Rr, Rr, Uu^Ufi, Uu^Qhu, Uue^Uf, Uu^Qhu, Hh, Uhe, Uh, Hhd^Vud, Uue, Uue, Hhd, Uu, Uue, Uu, Uue, Uue, Uue, Uue, Uu, Uue, Xue, Xu, Xur, Xur, Xu, Rr, Rra, Uu, Cud, Uu, Hh, Uu, Uu
Uu, Uu, Uu, Uu, Xur, Rrc, Xuc, Uu^Qhh, Uu^Qhh, Uue^Uf, Uu, Uu, Uu, Uue, Uu, Uue, Uu, Uu, Uu, Uu, Uu, Uue, Uu, Uue, Uu, Uu, Uue, Xue, Xuc, Xue, Xue, Xur, Rrd, Rrc, Rra, 2 Kud, Cud, Uue, Uue, Uue
Uu, Uu, Uu, Rrd, Rr, Hh^Vud, Hhd, Uu^Qhh, Uu, Uue, Uue, Uu, Uue, Uue, Uu, Uue, Uue, Uu, Uu, Uu, Uhe, Uhe, Uhe, Uhe, Hhd^Vu, Uu, Xu, Xue, Xuc, Xuc, Xur, Uue, Rra, Rrd, Rrc, Cud, Cud, Uh, Uue, Uue
Hh, Hh, Uue, Uu, Uh^Ufi, Hhd, Uhe^Uf, Uu, Uue, Uu, Uu, Uue, Uue, Uue, Uu, Uu, Uue, Uu, Uue, Uue, Uh, Uhe^Uf, Uhe^Qhh, Uhe, Uhe, Uhe, Xu, Xu, Xu, Xur, Xu, Uue^Ufi, Rrc, Hhd, Rr, Rrd, Uh, Uh, Uue, Uue
Uue, Uue, Hh, Uu, Uu^Qhu, Uh^Ufi, Hhd, Uue, Uue, Hh, Uue, Uu, Xue, Uue, Uu, Uue, Uue, Uue, Uu, Uue, Uh, Uhe^Qhh, Uhe^Uf, Uh, Uh, Uue, Xu, Uue, Xu, Xu, Uu, Uue^Qhh, Rra, Uue, Rrd, Rr, Uh, Uh, Uu, Uu
Uu, Uu, Uu, Uu, Uu, Uu, Uu, Uu, Uu, Uu, Uu, Uu, Uu, Uu, Uu, Uu, Uu, Uu, Uu, Uu, Uu, Uu, Uu, Uu, Uu, Uu, Uu, Uu, Uu, Uu, Uu, Uu, Uu, Uu, Uu, Uu, Uu, Uu, Uu, Uu
