Mv, Mv, Mv, Mv, Mv, Mv, Mv, Mv, Mv, Mv, Mv, Mv, Mv, Mv, Mv, Mv, Mv, Mv, Mv, Mv, Mv, Mv, Mv, Mv, Mv, Mv, Mv, Mv, Mv, Mv, Mv, Mv, Mv, Mv, Mv, Mv, Mv, Mv, Mv, Mv, Mv, Mv, Mv, Mv
Mv, Mv, Mdd, Hh, Mm, Gg^Fmw, Hh, Mdd, Gs, Mm, Mdd, Gg, Mv, Gs, Mv, Hhd, Gg, Gs, Hh, Hhd, Hh, Gg^Fmf, Hh, Hhd, Gg, Gg, Gs, Gs, Gs^Fp, Hh^Fp, Gg, Gs, Gg, Gg, Gs, Hh, Gs, Gg, Gg, Gs, Gs, Gg, Gg^Fmf, Gg^Fmf
Mm, Mm, Md, Md, Hh, Gs, Gg^Fmf, Hhd, Gg, Hhd, Gs, Md, Mm, Ww, Hh, Hh, Gs^Fmw, Gg^Fp, Hhd, Mv, Hhd, Mdd, Mm, Mm, Gg, Gg, Gs, Gg, Gs, Gg, Gg^Fma, Gg, Gs, Gg, Gg^Fp, Hh^Fp, Gg, Gg, Gg, Gs, Gs, Gs, Gg, Gg
Ms, Ms, Ms, Rr, Hhd, Hhd, Hh, Hh, Hhd, Hhd, Hhd, Mdd, Md, Hh, Dd, Mv, Md, Gg^Fmw, Mv, Gs, Hh, Gg^Vhc, Hh^Fp, Gs, Gg, Gg, Hhd, Gs, Gs, Gg, Gs, Hh^Fmf, Hh^Fmw, Gg^Fma, Gg^Fma, Hh, Gs^Fp, Gg, Gs, Chr, Gs, Gg, Gg, Gg
Hhd, Hhd, Md, Hhd, Rr, Rra, Hh, Hh, Gg^Fpa, Hhd, Hhd, Hhd, Hhd, Hh, Ww, Gg^Fma, Hh^Vht, Gg, Hhd, Gs, Gs, Gg, Gg^Fpa, Hhd, Gg^Fpa, Hh, Gg^Fp, Hh^Fmw, Hhd, Gs, Gs, Hh, Hh^Fmf, Hh^Fma, Gs, Hhd, Gg, Gg, Ch, 2 Kh, Ch, Gs, Gs, Gs
Mdd, Mdd, Hh, Hh, Hh, Hh, Rra, Rr, Hh^Vhc, Rrc, Rr, Rrc, Gg, Ds, Ss, Dd, Gg, Gg, Gg, Gs, Gg, Gs, Hhd, Gs^Fpa, Gg^Fma, Hh, Gs, Hhd, Gs^Fms, Gs, Gg, Gg^Fmf, Gg^Fma, Gs, Hh^Fma, Hh^Fms, Gg, Rr, Rrc, Ch, Chr, Gs, Gs, Gs
Gg, Gg, Gs, Hh, Hh, Hhd, Hh, Hh, Mdd, Gs^Fpa, Rr, Gs, Rrc, Rra, Ww, Ds, Gs, Gs, Gs, Gs, Gs, Gs, Gg, Gg, Hh, Hh^Fmw, Gs^Fmw, Hhd, Gg^Fma, Gg^Fms, Gs^Fpa, Gg^Fma, Hh^Fma, Hhd, Hh^Fma, Rrd, Rr, Hhd, Hhd, Gs, Gg, Gs, Gg, Gg
Hhd, Hhd, Gs, Mm, Mv, Hh, Hhd, Gg^Fms, Hh, Hhd, Rrc, Gs, Gs, Ww, Re, Gs, Hh^Fms, Gs, Gs, Gg, Gs, Gg, Gs, Gg^Fms, Hh, Gs, Gg, Gs, Hhd, Gs^Fpa, Gg^Fmf, Gs^Fpa, Hh^Fms, Rra, Rra, Gg^Fp, Rrc, Rrc, Gs, Hh, Gg, Hh, Gs, Gs
Gg, Gg, Hhd, Gg^Fma, Gs^Vhca, Hh, Gg, Ms, Hh, Gs, Rrd, Gs, Ww, Ww, Re, Gg, Gs, Gs, Gg, Gs, Gg, Gs, Gs, Gg, Hh^Fms, Gs^Fp, Gg^Fma, Gg^Fpa, Gs, Hh^Fmf, Gs^Fp, Rra, Rr, Gs, Hh^Fp, Gg, Rra, Gg^Fp, Rrc, Gs, Gs, Gs, Gg, Gg
Gs^Fmf, Gs^Fmf, Gg, Gg, Gs, Gs, Gs^Fpa, Mm, Hh, Rr, Rrc, Gs, Hhd, Hh, Sm, Ds, Gs, Gg, Hh, Hhd, Hh, Hhd, Gg, Gs, Gs, Gg^Fp, Gs^Fms, Gg, Hhd, Rrd, Rrc, Gg^Fpa, Gg^Fma, Hhd, Gg^Fp, Gg^Fp, Gg, Gg, Rrc, Hhd, Gg, Hhd, Gg, Gg
Hh, Hh, Gs, Gs, Gg, Hh^Fpa, Hh^Fmf, Mv, Rrc, Gg, Rra, Gs, Gs, Gs, Ww, Gg, Gs, Gg, Gs, Hhd, Gg, Hhd, Gs^Fmf, Gs, Gs, Gs, Hh, Rrc, Rrc, Gs^Fmw, Hh^Fpa, Gg^Fma, Gg^Fp, Gs, Gg, Gs, Gg, Gg, Gg, Gs, Gg, Gs, Gs, Gs
Gg, Gg, Gs, Gg, Gg, Hh, Gg^Fmw, Gs^Fma, Gg^Vhca, Rrd, Rrc, Gs, Gg, Gg, Ds, Ww, Gg, Hh, Hh^Fmw, Gg, Hh, Gg^Fma, Gs^Fp, Gg, Gg, Rrc, Rr, Hhd, Gg, Gg^Fp, Gg^Fp, Gg^Fpa, Gg, Gs, Gg, Gs, Gg, Gg, Gg, Gg, Gg, Gg, Gg, Gg
Gg, Gg, Hhd, Gg, Gs, Gg, Gg, Gg, Hh^Fpa, Rra, Rrd, Rra, Gs, Gs, Hh^Vhca, Gs^Fp, Gs^Fms, Ss, Hh, Gg, Gg, Gg, Gs, Rra, Rra, Gs, Gg^Fma, Hh^Fmf, Gs^Fms, Gg^Fp, Gg^Fma, Gs, Hh, Hh, Hh^Fms, Gs, Gg, Gg, Dd, Gg, Gg, Hh^Fp, Gg^Fma, Gg^Fma
Gs, Gs, Gg, Gg^Fp, Gg, Rr, Gs, Rr, Gs, Rrd, Rrc, Gg, Rrc, Rrc, Hhd, Gs, Ww, Ww, Ss, Gg, Gg, Rr, Rrd, Gs, Gs, Gs, Gs^Fms, Gg^Fmf, Gs, Gs, Gg, Gg, Gg, Gg^Fma, Hhd, Gg, Dd, Wwt, Ww, Wwg, Ww, Dd, Gg, Gg
Gs, Gs, Gs, Hh^Vha, Hh, Gg, Rrc, Rr, Rr, Rr, Rra, Gs, Hhd, Gs, Rr, Rrd, Dd, Ww, Ds, Rra, Rrc, Gs, Hh, Gs, Gs^Fms, Gs, Hh^Fmw, Hh^Fmw, Gg, Gg, Gg, Gg, Gg, Hhd, Hh^Fp, Gg, Wwt, Ww, Ww, Ww, Ww, Dd, Gg, Gg
Gs, Gs, Gg, Gs, Gs, Gs^Fpa, Rrd, Rra, Rr, Rrc, Rra, Gg, Gg, Hhd, Gg, Gs, Rra, Rr, Rrc, Ds, Gs, Gs, Hhd, Gs, Hh^Fms, Gg, Gs^Fmw, Gg^Fp, Gs^Fmw, Gg, Gg, Gg, Dd, Ds, Gg, Ww, Ww, Ww, Ww, Ww, Wwg, Ww, Dd, Dd
Gs, Gs, Gs, Hhd, Gg, Rrc, Rra, Gs, Rra, Rrc, Rrc, Gs, Gs, Gs, Gs, Rrc, Rra, Gs, Ww, Gs, Gs, Gg, Gs, Gg, Gs, Gg, Gs, Hh, Gg, Gg^Fms, Hhd^Vha, Hh, Ww, Ww, Ww, Ww, Ww, Ww, Ww, Ww, Ww, Ww, Ww, Ww
Gg, Gg, Gg^Fpa, Gs, Hh^Fms, Rra, Gg, Gg, Rra, Rr, Rra, Gg, Gg, Rr, Rr, Gg, Gs, Hhd, Hh, Gs, Gs, Gg, Gs, Gg, Hhd, Gg, Gg, Gg, Hh, Gg^Fms, Ds, Ww, Ww, Ww, Ww, Wwt, Ww, Ww, Ww, Ww, Ww, Ww, Ww, Ww
Hhd, Hhd, Gg, Hh, Gg, Hh^Fp, Rrc, Rra, Gs, Rra, Rrc, Rra, Rr, Gg^Fmw, Gs, Gg, Hh, Sm, Ww, Ww, Gs, Gs^Fmw, Hhd, Ds, Gs, Gg, Gs, Gg, Gg, Gg, Hh^Fmw, Ww, Ww, Wwg, Ww, Ww, Ww, Ww, Ww, Ww, Ww, Ww, Ww, Ww
Gg, Gg, Gg, Hhd, Hh^Vha, Hh, Gs, Gs, Gg^Fmw, Rra, Rrc, Gs, Gg, Gs, Gg, Gs, Gg^Vhs, Dd, Ds, Hh, Gs^Fmw, Gg, Hh, Ww, Ds, Hhd^Vhca, Gs^Fma, Gg, Gg, Gg^Fma, Hh, Ww, Ww, Ww, Ww, Ww, Ww, Ww, Ww, Ww, Ww, Ww, Ww, Ww
Gs, Gs, Hhd, Gg, Gg, Gg^Fmw, Gg, Rrc, Rrc, Hhd, Gg, Gg, Gg, Gg, Gs, Gs, Gs^Fmw, Hh, Ww, Gs, Ds, Ss, Dd, Ww, Hh^Fma, Hh, Ss, Ds, Ds, Ww, Hh, Ww, Ww, Ww, Ww, Ww, Ww, Ww, Ww, Ww, Ww, Ww, Ww, Ww
Gg, Gg, Hh, Hh, Gg, Rra, Rrc, Gs^Fmw, Hhd, Gg, Gs^Fp, Gg, Hhd, Hh, Gs, Gs, Hhd, Hhd, Ds, Dd, Ww, Ww, Wwg, Ww, Ww, Ww, Wwg, Wwt, Ds, Wwt, Ww, Ww, Ww, Ww, Ww, Ww, Ww, Ww, Ww, Ww, Ww, Wwr, Wwr, Wwr
Hh, Hh, Gs^Fmf, Gs^Fmw, Rr, Gg, Gg, Gs, Gg^Fma, Gg^Fmf, Hh, Gg^Fms, Gg, Gs, Gs, Gs, Gg, Gg^Fma, Ww, Ww, Ww, Ww, Ww, Ww, Ww, Ww, Ww, Ww, Ww, Ww, Ww, Ww, Ww, Ww, Ww, Ww, Wwg, Wwt, Ww, Ww, Ww, Wwr, Ww, Ww
Gg, Gg, Hhd, Hhd, Rra, Hhd, Gs, Gs, Gg, Gg, Hh^Fms, Gg, Gs, Gg, Gg^Fms, Gg, Gg, Hh, Hh^Fmw, Ww, Ww, Ww, Ww, Ww, Wwt, Ww, Wwt, Ww, Ww, Ww, Ww, Ww, Ww, Ww, Ww, Ww, Ww, Wwt, Ww, Ww, Ww, Wwr, Wot, Wot
Gs, Gs, Gs, Rrd, Rr, Ch, Hhd, Gs, Hh, Hhd, Gg, Gs, Gg, Gg, Gg, Hh^Fmf, Gg, Gg^Fma, Dd, Ww, Ww, Ww, Ww, Ww, Ww, Ww, Ww, Ww, Ww, Ww, Wwt, Ww, Wwt, Ww, Ww, Ww, Ww, Ww, Ww, Ww, Ww, Ww, Wog, Wog
Gs, Gs, Gg, Rrc, 1 Kh, Ch, Hhd, Gg, Hhd^Vh, Gs^Fma, Gg^Fms, Gg, Gs, Gg, Hh^Vhs, Gg^Fp, Hhd, Ww, Dd, Ww, Ww, Ww, Ww, Ww, Ww, Ww, Ww, Ww, Ww, Ww, Ww, Ww, Ww, Ww, Ww, Ww, Ww, Ww, Ww, Ww, Wo, Wwr, Wo, Wo
Gg, Gg, Gs, Rrd, Ch, Hhd, Gs, Gg, Gg, Hh, Gs^Fpa, Gg^Fmw, Gg, Gs, Hh, Gg, Gg^Fmw, Wwt, Wwt, Ww, Ww, Ww, Ww, Ww, Ww, Ww, Wwg, Ww, Ww, Ww, Wwg, Ww, Ww, Ww, Ww, Ww, Ww, Wwr, Wog, Wo, Wwr, Ww, Wo, Wo
Gs, Gs, Gg, Gg, Gg, Gs, Gg, Gs^Fms, Gg^Fmw, Gs, Gg^Fma, Hh, Gg, Gg, Hh^Fms, Hhd, Ds, Ww, Ds, Ww, Ww, Wwt, Ww, Ww, Ww, Ww, Ww, Ww, Ww, Ww, Ww, Ww, Ww, Ww, Ww, Ww, Ww, Ww, Ww, Ww, Wo, Ww, Wwr, Wwr
Gg, Gg, Gg, Gs, Gg, Gg, Gs, Gs, Gs, Gs, Gs, Gg, Gs, Gs, Hh, Gs^Fmf, Ss, Ds, Ww, Ww, Wwg, Ww, Ww, Ww, Ww, Ww, Ww, Ww, Wwt, Ww, Ww, Ww, Ww, Ww, Ww, Ww, Ww, Wwg, Ww, Ww, Wo, Ww, Wwr, Wwr
Mv, Mv, Mv, Mv, Mv, Mv, Mv, Mv, Mv, Mv, Mv, Mv, Mv, Mv, Mv, Mv, Mv, Mv, Mv, Mv, Mv, Mv, Mv, Mv, Mv, Mv, Mv, Mv, Mv, Mv, Mv, Mv, Mv, Mv, Mv, Mv, Mv, Mv, Mv, Mv, Mv, Mv, Mv, Mv
