Md, Md, Md, Md, Md, Md, Md, Md, Md, Md, Md, Md, Md, Md, Md, Md, Md, Md, Md, Md, Md, Md, Md, Md, Md, Md, Md, Md, Md, Md, Md, Md, Md, Md, Md, Md, Md, Md, Md, Md
Md, Md, Mm, Hhd, Gs^Fms, Hh^Fpa, Hh, Hhd, Hhd, Mv, Mv, Mm, Gg, Md, Md, Hh, Gg^Fms, Hh^Fmf, Hh, Hh, Hhd, Hh^Fma, Hhd, Hhd, Gg, Gs, Gg, Hh^Fmf, Gs^Fp, Gs^Fp, Gg, Gs, Gs, Gs, Hhd, Gs^Fms, Hh, Gs, Gg, Gg
Md, Md, Mdd, Md, Hhd, Mm, Gg, Hhd, Gs^Fms, Mv, Mdd, Mm, Md, Md, Ww, Ww, Gg^Fms, Gg, Hh, Mdd, Hhd, Gg, Gg, Gg^Fpa, Gg, Gg, Gg, Gg, Gs^Fma, Gg, Gs^Fms, Gs, Gs, Gg, Gg, Gs, Gg, Gs, Gg, Gg
Mv, Mv, Md, Rra, Hh, Hhd^Vh, Hh, Hh, Hhd, Hh, Hh, Hh, Hhd, Hhd, Md, Ms, Rr, Rr, Gs, Hh^Vhc, Gs, Gg, Gg, Gs, Hhd, Gs, Gs, Gg, Gg, Gg, Gs, Hhd, Gs, Gg, Gg, Ch, Hhd, Hh, Gs^Fpa, Gs^Fpa
Gg, Gg, Mm, Hh, Rrd, Rr, Rrd, Rrc, Md, Hh^Vhca, Hh, Hhd, Hh, Hhd, Ww, Ww, Dd, Rrc, Gs^Fms, Gs, Gg, Gg, Gg, Gs, Hh^Fpa, Hhd, Hh^Fp, Gg, Gs, Gs, Gs, Gg^Fp, Gg, Gg^Fpa, Chr, 2 Kh, Chr, Gs, Gs, Gs
Md, Md, Hhd, Hhd, Hh, Rrc, Hhd, Rrc, Rrd, Rrd, Gs, Gg, Gs, Ds, Ds, Dd, Dd, Rr, Gg, Rra, Gs, Gs, Hh, Gs, Gs, Gg, Hhd, Gg, Hhd, Gg, Gg, Hh^Fmf, Hh^Fpa, Rrc, Rrd, Ch, Ch, Gg, Gg, Gg
Gs, Gs, Gs, Hh^Vhs, Hhd, Rra, Rrc, Rr, Rrd, Rr, Rrd, Rr, Gs, Gg, Ww, Ds, Gg^Fma, Gg, Rrd, Rrd, Gs, Gs, Gs, Hh, Hhd, Hh^Fpa, Gg^Fms, Hh, Gg^Fp, Gg^Fmw, Hh^Fp, Rrd, Rrc, Hh, Gg^Fmw, Gg^Fpa, Gs, Gg^Fp, Hhd, Hhd
Hhd, Hhd, Hh, Mm, Gs^Fmw, Hh, Gs, Gs, Gs^Fmf, Hhd, Gg, Gs, Rr, Rrd, Re, Rrd, Hh, Rra, Rra, Rr, Gs, Gs, Gs, Gs^Fmf, Gs, Gs, Hhd, Hhd, Gs, Rr, Rrd, Gg^Fms, Gg^Fp, Gs^Fms, Hhd, Hh^Fp, Gs^Fma, Gg^Fmf, Gg, Gg
Gg^Fms, Gg^Fms, Gg^Fms, Gg^Fmw, Gs, Gs, Gg^Fp, Gs, Hh^Vhc, Gg, Gs, Gg, Gg, Dd, Ww, Re, Rr, Rrc, Rr, Rrd, Rrc, Gg, Gg, Hh^Fp, Gg^Fpa, Gs^Fp, Gg^Fmw, Rra, Rrc, Gg^Fp, Gg^Fma, Gs^Fp, Gg^Fp, Gg^Fmw, Gg, Hh^Vhh, Hh^Fp, Gg, Gg, Gg
Gs, Gs, Gg, Gs, Gg, Gs, Gs^Fpa, Gg^Fmf, Gg, Gs, Gs, Gs, Gg, Hh^Fmf, Hhd^Vhh, Rrd, Rr, Rr, Gg, Hh^Fmf, Rra, Hh, Gs, Gs, Gg, Rrd, Rrd, Hh, Gs, Gg^Fpa, Gg^Fp, Gs^Fms, Gs^Fms, Gg^Fms, Gg, Ds, Ss, Ww, Ds, Ds
Hh^Fp, Hh^Fp, Gs, Gs, Gg, Gg, Gg^Fmw, Gs, Gs, Gg, Gg, Gs, Gg, Gg, Ww, Ww, Rr, Rr, Hh, Gs, Gg^Fma, Gs, Gs, Rrd, Rrd, Hh, Hhd, Hhd, Gg^Fmw, Gg^Fma, Gg^Fp, Gg^Fp, Gg^Fp, Gg, Gg, Ds, Ww, Ww, Ww, Ww
Gg, Gg, Gg, Gg, Gs, Gs, Gg, Gg, Hhd, Hhd, Gg, Gg, Gg, Gs, Hh, Ww, Rra, Rrd, Hh, Hhd, Hh, Rra, Rrc, Gg, Gg, Gg^Fms, Hh, Gs^Fmw, Gs, Gg^Fms, Gs^Fmw, Hh^Fpa, Gg, Gg, Gg, Gg, Ww, Ww, Ww, Ww
Gs, Gs, Gg, Gg, Gs, Gg, Gs, Gs, Hh, Gs, Hhd, Hhd, Gg, Gs, Dd, Dd, Rr, Rr, Rrc, Rr, Rrc, Rrc, Gs, Gg, Gs, Gg, Gg, Gg^Fms, Gs, Gg, Gg^Fmw, Hhd^Vht, Gg, Gg, Gg^Fms, Ss, Ww, Ww, Ww, Ww
Gs, Gs, Gg, Gs, Gg, Gg, Gs, Gs, Gs, Gg, Gs, Gg, Gs, Gg, Gg^Fp, Hhd, Ww, Rrc, Rr, Gg, Gg, Rrc, Rra, Rrd, Gs, Gg, Hh^Fma, Gg^Fmf, Gg, Ds, Gg, Ss, Ds, Hh, Gs^Fms, Ww, Ww, Wwt, Ww, Ww
Gg, Gg, Gs, Hhd, Gs, Gs, Gg, Gs, Gs, Gg, Gg, Gs, Hh^Fpa, Gs, Gg, Rr, Rra, Ww, Rr, Rrd, Rrd, Rrc, Rrc, Gg, Gg, Gg, Gg^Fms, Gg^Fmw, Gg, Ds, Ww, Ww, Ww, Ww, Wwg, Ww, Ww, Ww, Ww, Ww
Gg, Gg, Gs, Hhd, Gg, Gg^Fmf, Gg, Gs, Gs, Gg, Gg, Gs, Gg, Rrd, Rr, Gg, Ds, Dd, Gg, Ds, Rrc, Gs, Hh^Fp, Gg, Gg^Fmf, Gg, Gg, Gs, Hh^Vhs, Ww, Ww, Ww, Ww, Wwt, Ww, Ww, Ww, Ww, Ww, Ww
Gg, Gg, Gs, Gs, Gs, Gg, Gg, Gg, Gg, Gs, Gs, Rra, Rra, Gg, Gg, Gg, Gg, Ds, Ww, Ds, Gg, Gg, Gg, Gg, Gg, Gg, Gg, Hh^Fp, Dd, Hhd, Ww, Ww, Wwt, Ww, Ww, Ww, Ww, Ww, Ww, Ww
Gg, Gg, Gg, Gg^Fpa, Hhd^Vhc, Gs, Gg, Gs, Gs, Rrd, Rr, Gg, Gg, Gs, Gs, Gg, Gg, Hhd^Vha, Ds, Gs, Gg, Ss, Gg, Hh, Gg, Ds, Gg, Ss, Ds, Ww, Ww, Ww, Ww, Wwr, Wo, Wog, Wot, Wog, Ww, Ww
Hhd, Hhd, Gg, Hh, Gs, Hh, Hh^Fmw, Rr, Rr, Gg^Fms, Gs, Gg, Hhd, Hh, Gg, Gs, Hh^Fp, Gs, Ww, Gg, Hh^Vhs, Ww, Ww, Ww, Ww, Ww, Ds, Ww, Ww, Ww, Ww, Wwt, Ww, Wwr, Wot, Ww, Wog, Ww, Wot, Wot
Gg, Gg, Hhd, Gg, Hhd, Rr, Rr, Gg, Hh, Gg, Gg^Fmw, Gs, Gg, Gs, Gs, Gg, Hhd, Gs, Dd, Hh^Fmf, Hh^Fmw, Ww, Wwt, Ww, Ww, Ww, Ww, Ww, Ww, Ww, Ww, Ww, Ww, Ww, Wwr, Ww, Ww, Wo, Wog, Wog
Hhd, Hhd, Gg, Ch, Rrc, Rr, Gg, Gg, Hh, Gg^Fma, Hh, Hhd, Gs, Gs, Gs, Gs, Gg^Fma, Ww, Ww, Dd, Ww, Ww, Ww, Ww, Ww, Wwg, Ww, Ww, Ww, Ww, Ww, Ww, Ww, Wo, Wot, Wwr, Ww, Wot, Wot, Wot
Hh, Hh, Gs, Chr, 1 Kh, Rrc, Gg, Hh, Gg, Hhd, Gg, Gs, Gs, Hh^Vha, Gs, Dd, Hh^Fp, Ww, Wwg, Wwg, Ww, Ww, Ww, Wwg, Ww, Ww, Ww, Ww, Ww, Ww, Ww, Ww, Ww, Wwr, Wwr, Ww, Wog, Wot, Wot, Wot
Gg, Gg, Gg^Fmf, Rra, Rrc, Gg, Gg, Gs, Gg, Gg^Fmw, Hhd, Hhd, Gg, Hh^Fms, Dd, Ww, Ww, Ww, Ww, Ww, Ww, Ww, Ww, Wog, Wo, Wwr, Wot, Ww, Ww, Ww, Ww, Ww, Wot, Wog, Ww, Ww, Wwr, Ww, Ww, Ww
Gs, Gs, Gg, Gg^Fmw, Gg, Gs, Gg, Gg, Hhd, Gs^Fpa, Gg^Fma, Gg, Gg, Dd, Hh, Ww, Ww, Ww, Ww, Ww, Ww, Wot, Ww, Wo, Ww, Wot, Ww, Ww, Wog, Wog, Wo, Ww, Ww, Wot, Wog, Wo, Wog, Wwt, Ww, Ww
Gs, Gs, Gs, Hh^Fms, Hh^Fpa, Gs, Gg, Gg, Hh^Fp, Hh, Gs, Gg, Gg, Ds, Wwt, Ww, Ww, Ww, Ww, Ww, Ww, Ww, Wog, Wo, Wo, Wo, Wwr, Wo, Wot, Wo, Wog, Wo, Wwr, Wwr, Wo, Wo, Wo, Wwg, Wwg, Wwg
Md, Md, Md, Md, Md, Md, Md, Md, Md, Md, Md, Md, Md, Md, Md, Md, Md, Md, Md, Md, Md, Md, Md, Md, Md, Md, Md, Md, Md, Md, Md, Md, Md, Md, Md, Md, Md, Md, Md, Md
