Uu, Uu, Uu, Uu, Uu, Uu, Uu, Uu, Uu, Uu, Uu, Uu, Uu, Uu, Uu, Uu, Uu, Uu, Uu, Uu, Uu, Uu, Uu, Uu, Uu, Uu, Uu, Uu, Uu, Uu, Uu, Uu, Uu, Uu, Uu, Uu, Uu, Uu, Uu, Uu
Uu, Uu, Xur, Xu, Uu, Uue, Uue, Uue, Uue, Uu, Hh, Uu, Uhe, Uhe, Hhd, Uhe, Hhd, Xuc, Xue, Xur, Xue, Xu, Xue, Xuc, Xue, Xur, Uue^Qhh, Uu^Qhh, Hh, Uue, Rr, Rr, Uu, Uue, Hhd, Uue, Uue, Hhd, Uue^Ufi, Uue^Ufi
Uu^Qhu, Uu^Qhu, Uu, Uu, Uue, Uue, Uue, Uue, Uue, Uu, Uue, Hh, Uhe, Uhe, Hhd, Uh, Xuc, Xu, Xu, Xu, Xuc, Xuc, Xur, Xuc, Uu, Uue^Uf, Uue^Uf, Uu^Ufi, Uue, Uue, Rra, Rrc, Rra, Uu, Uue, Uu, Uu, Hh, Uue^Ufi, Uue^Ufi
Uh^Ufi, Uh^Ufi, Uh^Qhu, Rr, Rr, Rrc, Uue, Uu, Uue, Uu, Uue, Uue, Uue, Uhe, Uh, Uh, Uu, Uue, Uu, Uue, Uu, Uue, Uue, Hh, Uu, Rrd, Rrd, Rr, Rrd, Rr, Rrc, Rrc, Rrc, Rrd, Hhd, Uu, Uu, Hhd, Uu, Uu
Uh^Ufi, Uh^Ufi, Uhe^Ufi, Cud, 1 Kud, Rr, Uue^Ufi, Uue, Uue, Uu, Uue, Uue, Uu, Uu, Uue, Uue, Uu, Hh, Hh, Hhd^Vud, Uu, Uu, Hhd, Uu, Uu, Rr, Rr, Rr, Rrd, Rra, Rra, Hhd, Hh, Hhd, Uu, Uue, Uu, Uu, Hhd, Hhd
Uhe^Qhu, Uhe^Qhu, Uh^Qhu, Uue, Cud, Uu^Qhu, Rr, Rrd, Uu, Uue, Uu, Uue, Uue, Uue, Hh^Vu, Hhd, Uu, Uu, Hh, Uue, Hh, Uue, Uue, Rrc, Rrd, Rr, Rrd, Uue, Xur, Hh, Hhd, Uue, Hhd, Uue, Uue, Uue, Uue, Uue, Uue, Uue
Uh^Qhh, Uh^Qhh, Uhe^Qhh, Uue, Uue, Uu^Ufi, Xu, Xue, Rra, Uu, Uue, Uue, Uu, Uue, Uue, Uu, Uue, Rrd, Hhd, Rrd, Uue, Rr, Rrc, Rrc, Xur, Xue, Hhd, Xur, Xuc, Xur, Hh, Xur, Uu, Uu, Uu, Hh, Uue, Xur, Uu, Uu
Uue^Qhh, Uue^Qhh, Uue^Ufi, Uu, Uue, Uue^Ufi, Xuc, Xuc, Rrc, Uue, Uue, Uh, Uh, Uh, Uu, Uue, Uu, Hhd, Rrc, Rrc, Rrc, Rrc, Uue, Rrc, Hh^Vud, Xuc, Hh, Hhd, Xuc, Xu, Xu, Xue, Hh, Uue, Uu, Hh, Hh, Xur, Uue, Uue
Uue, Uue, Uu, Uu, Uu^Uf, Uue, Uue, Rr, Rrc, Rra, Uu, Uh, Uh, Uhe, Uue, Uue, Uue, Hh, Uue, Hh, Rrd, Rrd, Uu, Uue, Rra, Xuc, Xu, Xuc, Uue, Uue, Hh, Hhd, Uu, Uhe, Uue, Uu, Uue, Uu, Uue, Uue
Uu, Uu, Uu, Hhd^Vud, Uue, Uue, Rrd, Uhe, Hhd, Rrc, Uu, Uu, Uh, Uhe, Uhe, Uue, Uu, Hhd^Vud, Uu, Hh, Rrd, Rrc, Uue, Uue, Uu, Uhe, Uh, Uhe, Uue, Hhd, Hh, Hhd, Uhe, Uh, Uh, Uu, Uu, Uu, Uue, Uue
Hh, Hh, Uue, Uue, Uu, Uue, Rra, Hh, Uue, Hh, Rra, Rra, Uhe, Uh, Hh, Hhd, Uue, Hh, Uu, Rrd, Rra, Uue^Uf, Uu, Uu, Hhd, Uh, Uhe, Uhe, Uue, Uue, Uue, Hhd, Uhe, Uh, Hh, Uue, Uu, Hhd, Uu, Uu
Uue, Uue, Uue, Uu, Uue, Uue, Rrc, Uu, Hhd^Vu, Uue, Hhd, Hhd, Rra, Rra, Hh, Uue, Hhd, Rrd, Rr, Uu, Hh, Hhd, Xue, Xuc, Xur, Uhe, Uhe, Uhe, Uu, Uue, Hh, Hh, Uu, Uh, Hh, Uh, Uhe, Hh, Hhd, Hhd
Uue, Uue, Hh, Uh, Uhe, Uue, Rrd, Uu, Uue, Uu, Uue, Uue, Uu, Uu, Rrc, Rra, Rrc, Uue, Uu, Uue, Uhe, Uhe, Xur, Xur, Xuc, Xuc, Uh, Uh, Uue, Hhd, Uu, Uue, Hh, Uh, Uh, Uh, Uh, Uh, Xue, Xue
Hh, Hh, Hh, Uhe, Uhe, Uu, Rr, Uue, Uue, Uu, Hh, Uu^Qhu, Uue^Ufi, Rrd, Rrc, Rrc, Rr, Rrc, Uue, Uhe, Hhd^Vu, Uh, Xur, Xur, Xur, Xuc, Uhe, Uhe, Uh, Uu, Hh, Hh, Hh, Uhe, Uh, Uh, Uhe, Uh, Uh, Uh
Uue, Uue, Uue, Uue, Uue, Uue, Rrd, Uue^Qhh, Uue^Qhu, Uu^Qhh, Uue^Ufi, Uu^Ufi, Uue^Uf, Hh^Vud, Rrc, Rra, Rrc, Rrc, Rrd, Rrd, Uh, Uhe, Xur, Xu, Xuc, Uu, Uh, Uhe, Uh, Uue, Uu, Hhd, Uue, Uhe, Hh, Uh, Uhe, Xur, Uhe, Uhe
Uue, Uue, Uu, Uu, Uue, Uu^Ufi, Rrc, Uu^Uf, Uue^Qhu, Uu^Ufi, Uu^Qhu, Uu^Ufi, Uue^Ufi, Rrd, Rrd, Rra, Rr, Rrd, Rrc, Uu, Rrc, Rra, Xur, Xu, Uu^Ufi, Rrd, Rrc, Rr, Rra, Rr, Uhe, Uue, Uu, Hhd, Hhd, Hh, Uue^Qhh, Uh, Uu, Uu
Uu, Uu, Uue, Uue, Hh^Vud, Uu^Qhh, Rrd, Uue^Qhh, Hhd, Uue^Qhh, Uu^Qhh, Uu^Uf, Uue^Uf, Rrc, Rrd, Rra, Rra, Hh, Uue, Uu, Uue, Uu, Rrc, Rr, Rrc, Uue^Qhh, Xue, Hhd, Xu, Xue, Rrd, Rr, Uh, Uhe, Hh, Hh, Uue^Qhu, Uu, Uu, Uu
Uhe, Uhe, Uu, Uue, Uu, Uu^Qhh, Rr, Uu^Qhh, Uu^Ufi, Uue^Qhu, Uu^Qhh, Uu^Qhh, Rra, Rrd, Rr, Uue, Uu, Uue, Uu, Uue, Uue, Uue, Uue, Uu, Uue^Uf, Xue, Hhd, Xu, Xuc, Xur, Xuc, Rrd, Hh, Uh, Uh, Uhe, Uue, Uu, Uue, Uue
Uue, Uue, Uu, Uu, Uu, Hh, Rrc, Uue^Qhh, Uu^Qhh, Uue^Ufi, Uue^Ufi, Rrc, Rrc, Uhe, Uh, Uue, Uue, Uu, Hhd^Vud, Hhd, Hhd, Uu, Uue, Uue, Xur, Xur, Hh, Xuc, Xue, Xue, Xuc, Rrd, Uhe, Uhe, Uh, Uh, Uu, Uu, Uue, Uue
Hhd, Hhd, Uue, Uu, Hhd, Hhd, Hh, Uue^Ufi, Hhd^Vud, Rr, Rrc, Uu^Uf, Uh^Uf, Uh, Uhe, Uhe, Uu, Uu, Uue, Hhd, Hhd, Uu, Uu, Xue, Xur, Xuc, Xu, Xue, Xue, Xur, Hhd, Rrd, Uh, Uh, Uhe, Uu, Uue, Uue, Uue, Uue
Uhe, Uhe, Uu, Uue, Uue^Qhu, Uu^Qhu, Uu^Uf, Rra, Rra, Rrc, Uu^Uf, Uue^Qhh, Uh^Ufi, Uhe, Uh, Uh, Uue, Uue, Hh, Hh, Uue, Uue, Uue, Xuc, Uue, Uu, Uu, Xue, Xuc, Xuc, Xuc, Rr, Uhe, Uh, Uhe, Uue, Uu, Uu, Hhd, Hhd
Uhe, Uhe, Uhe, Uue, Uue^Ufi, Uu^Qhh, Uue^Ufi, Rrd, Rra, Rra, Uu^Qhh, Uu^Uf, Uhe, Uhe, Uh, Uhe, Uue, Uu, Uu, Uu, Uue, Uue, Uue, Xu, Uu, Uu, Uue, Xue, Xue, Xue, Xu, Rrd, Uu, Uue, Uu, Uhe, Uue, Uue, Uu, Uu
Uhe, Uhe, Uh, Uu, Uu^Uf, Rr, Rra, Uu^Ufi, Rr, Uue^Uf, Uu^Qhu, Hh, Uhe, Uh, Hhd^Vud, Uue, Uue, Hhd, Uu, Uue, Uu, Uue, Uue, Uue, Uue, Uu, Uue, Xue, Xu, Xur, Xur, Xu, Rrc, Rra, Uu, Cud, Uu, Hh, Uu, Uu
Uu, Uu, Uu, Uu, Xur, Rra, Xuc, Uu^Qhh, Uu^Qhh, Uue^Uf, Uu, Uu, Uu, Uue, Uu, Uue, Uu, Uu, Uu, Uu, Uu, Uue, Uu, Uue, Uu, Uu, Uue, Xue, Xuc, Xue, Xue, Xur, Uue, Uue, Rra, 2 Kud, Cud, Uue, Uue, Uue
Uu, Uu, Uu, Rr, Rrc, Hh^Vud, Hhd, Uu^Qhh, Uu, Uue, Uue, Uu, Uue, Uue, Uu, Uue, Uue, Uu, Uu, Uu, Uhe, Uhe, Uhe, Uhe, Hhd^Vu, Uu, Xu, Xue, Xuc, Xuc, Xur, Uue, Uue, Uue^Qhu, Cud, Cud, Cud, Uh, Uue, Uue
Hh, Hh, Uue, Uu, Uh^Ufi, Hhd, Uhe^Uf, Uu, Uue, Uu, Uu, Uue, Uue, Uue, Uu, Uu, Uue, Uu, Uue, Uue, Uh, Uhe^Uf, Uhe^Qhh, Uhe, Uhe, Uhe, Xu, Xu, Xu, Xur, Xu, Uue^Ufi, Uu, Hhd, Uu, Uu, Uh, Uh, Uue, Uue
Uue, Uue, Hh, Uu, Uu^Qhu, Uh^Ufi, Hhd, Uue, Uue, Hh, Uue, Uu, Xue, Uue, Uu, Uue, Uue, Uue, Uu, Uue, Uh, Uhe^Qhh, Uhe^Uf, Uh, Uh, Uue, Xu, Uue, Xu, Xu, Uu, Uue^Qhh, Uu, Uue, Uu, Uu, Uh, Uh, Uu, Uu
Uu, Uu, Uu, Uu, Uu, Uu, Uu, Uu, Uu, Uu, Uu, Uu, Uu, Uu, Uu, Uu, Uu, Uu, Uu, Uu, Uu, Uu, Uu, Uu, Uu, Uu, Uu, Uu, Uu, Uu, Uu, Uu, Uu, Uu, Uu, Uu, Uu, Uu, Uu, Uu
