Hhd, Hhd, Hhd, Hhd, Hhd, Hhd, Hhd, Hhd, Hhd, Hhd, Hhd, Hhd, Hhd, Hhd, Hhd, Hhd, Hhd, Hhd, Hhd, Hhd, Hhd, Hhd, Hhd, Hhd, Hhd, Hhd, Hhd, Hhd, Hhd, Hhd, Hhd, Hhd, Hhd, Hhd, Hhd, Hhd, Hhd
Hhd, Hhd, Hhd, Hhd, Hhd, Hhd, Ms, Mm, Mm, Hh, Hh, Hh, Hh, Hh, Hhd, Hhd, Md, Gg^Fetd, Gg^Fetd, Gg, Gg^Feta, Gg, Gg, Gs, Gs, Gs, Hh^Feta, Gg^Fet, Gg, Gg, Gg, Gs, Gs, Gs, Gs, Gs, Gs
Ww, Ww, Hhd, Hhd, Ww, Hhd, Hhd, Hh, Hh, Hh, Hh, Hh, Hh, Gs, Hhd, Hhd, Gs, Gs, Gg, Gg, Gg, Hh^Feth, Hh, Gg, Gg, Gg, Gg, Gg^Fetd, Gg^Fet, Gs, Gs, Gs, Gs, Gs, Gs, Gs, Gs
Hhd, Hhd, Hhd, Hh, Hh, Hh, Hh, Hh, Hh, Hh, Hh, Gs, Gs, Gs, Hhd, Hhd, Gs, Gs, Gg^Feta, Gg, Gg, Gs, Gs^Fetd, Gg, Gg^Feta, Hh^Feta, Gg, Rrd, Rrc, Rr, Gs, Rrc, Gs, Rra, Gs, Gs, Gs
Ds, Ds, Ww, Ds, Ww, Hh, Hh, Hh, Hh, Gs, Gs, Gs, Gs, Gs, Hhd, Hhd^Vhca, Gs, Gs, Gg, Gg, Gg, Gg, Gs, Gs, Gg^Feta, Gg, Rrc, Rra, Rra, Rr, Rrc, Rr, Rrd, Gs, Gs, Gs, Gs
Gg, Gg, Ds, Ww, Hh, Hh, Hh, Gs, Gs, Gs, Gs, Gs, Gs, Gg, Gs, Gg, Gg^Fet, Gg^Fet, Hh^Vhc, Gg, Gg, Gg, Gg, Gg, Gs^Feta, Hh^Feta, Rrc, Rrd, Rra, Rrd, Rr, Gg, Gg, Gg^Feth, Gs, Gs, Gs
Dd, Dd, Ww, Ds, Hh, Hh, Hh, Gs^Vhhr, Gs, Gs, Gs, Hh^Fet, Gg, Gg, Gg, Hhd, Gg, Gg, Gg, Gg^Fet, Gs^Fetd, Gs, Gg, Gg, Gg^Feta, Gg^Feth, Hh^Feta, Rra, Rrc, Gg^Feth, Gg, Gg, Gg^Fet, Gs, Gs, Gs, Gs
Dd, Dd, Ww, Dd, Hh, Hh, Hh, Gs, Hh^Feth, Gg, Gs, Hh^Vh, Gg, Hh^Fetd, Hhd^Vha, Gs, Gs, Gs, Gg^Fetd, Gg, Gs, Gg^Feta, Gg^Feth, Gs^Fet, Hh^Feta, Rrc, Rrd, Gs, Gs, Gs, Gg, Gg^Feta, Gg, Gs, Gs^Fet, Gs, Gs
Ds, Ds, Ww, Dd, Hhd^Vhhr, Hhd, Gg, Gg, Gg, Gg, Gg^Feta, Gg, Gs, Gs, Gs^Fetd, Gs^Fet, Gs, Gs, Gs^Feta, Gg, Gg, Gg, Gg, Rra, Rrd, Rra, Rrc, Gs, Gs^Fet, Gs, Gg^Feth, Gg, Gs, Gs, Gs, Hh, Hh
Ww, Ww, Ww, Gs, Gg^Feta, Gs, Gs^Feth, Gs, Gg, Gg, Gg, Gs, Gs, Gs, Gs, Gs, Gs, Gs, Gs, Gg, Gg, Rra, Rr, Re, Re, Rr, Rr, Rrc, Gg^Feta, Hhd, Hh, Gs, Rrc, Gs, Hh^Feta, Hh, Hh
Ds, Ds, Ww, Ww, Ds, Gs, Gs, Gs, Gs, Gs, Gs, Gs, Gs, Gg, Gs, Gs, Gs, Rra, Rrc, Rr, Rrd, Hh^Fetd, Dd, Ww, Ww^Bw\, Gg, Dd, Rrc, Rrc, Rr, Hh, Rrc, Rrc, Gs, Gs, Gg^Feth, Gg^Feth
Hhd, Hhd, Dd, Ww, Ds, Ds, Gs, Gs, Gs, Gg^Feta, Gs, Gg, Gg, Gg, Gg, Rr, Rr, Hhd, Gs, Gs, Gs, Gs, Dd, Ww, Ww, Ds, Ds, Hh^Vhs, Rr, Ds, Rr, Rrd, Rrd, Ch, Gs, Gs, Gs
Hhd, Hhd, Gs, Ch, Ww, Dd, Gs, Gs, Gs, Gs, Gs, Gg, Gg, Rrd, Rr, Rr, Rra, Rra, Gs, Gs, Gs, Dd, Gs, Wwt, Wwt, Wwt, Sm, Re, Wwt, Ds, Gs, Chw, 2 Kh, Chw, Gs, Gs, Gs
Gg, Gg, Chw, 1 Kh, Ww^Bw/, Rr, Rrd, Rrc, Rrc, Rrc, Rra, Rrd, Rra, Rr, Rra, Hh^Vhhr, Rrc, Rrd, Hh^Vhc, Hh^Fet, Gs, Ss, Ww, Ww, Wwt, Ww, Ww, Ww, Ww, Dd, Gs, Ww, Ww, Ww, Gs, Ds, Ds
Gs, Gs, Ch, Ch, Ww^Bw|, Ww^Bw|, Gs, Hh^Feta, Gs, Gs, Gg, Gg, Rra, Rrd, Hh^Feta, Hh, Hh, Gg, Gg^Fetd, Dd, Gs^Fet, Ww, Ww, Ww, Ww, Ww, Ww, Ww, Ww, Ww, Ww, Ww, Ww, Dd, Dd, Ww, Ww
Gs, Gs, Gg, Ds, Ww^Bw|, Ds, Gg, Hh^Feta, Gs, Gs, Gg, Gg, Gg, Hh^Fet, Rr, Rrd, Hh, Hhd, Gg, Gg, Ww, Ww, Ww, Ww, Ww, Ww, Ww, Ww, Ww, Ww, Ww, Ww, Ww, Ww, Ww, Ww, Ww
Gs, Gs, Gg, Ds, Ww, Ss, Gg^Vhhr, Gs, Gs, Gs, Hh^Vhc, Gg, Hh^Fetd, Gg^Feta, Gs^Feth, Gg^Fet, Gs, Hhd, Hhd, Ww, Ww, Ww, Ww, Ww, Ww, Ww, Ww, Ww, Ww, Ww, Ww, Ww, Ww, Ww, Ww, Ww, Ww
Gs, Gs, Gg, Dd, Ww, Dd, Dd, Ds, Gs, Gs, Gs^Feta, Gg, Gg^Feta, Gg^Fetd, Gg, Gg^Feta, Gs^Vhh, Ww, Ss, Ww, Ww, Ww, Ww, Ww, Ww, Ww, Ww, Ww, Ww, Ww, Ww, Ww, Ww, Ww, Ww, Ww, Ww
Gs, Gs, Gg^Fet, Gs^Vhh, Ww, Ww, Ww, Ss, Gs, Gg, Gg, Gg^Fet, Gg, Gs, Gg, Ds, Ww, Ww, Ww, Ww, Ww, Ww, Ww, Ww, Ww, Ww, Ww, Ww, Ww, Ww, Ww, Ww, Ww, Ww, Ww, Wwr, Wwr
Gs, Gs, Gs, Gs^Feta, Ds, Ww, Dd, Dd, Hh^Feta, Gg, Gg, Ds, Gs^Vht, Ds, Ww, Ww, Ww, Ww, Ww, Ww, Ww, Ww, Ww, Ww, Ww, Ww, Ww, Ww, Ww, Ww, Ww, Ww, Ww, Wot, Ww, Wwr, Wwr
Gs, Gs, Gs, Gg, Dd, Ds, Ww, Dd, Gs^Vha, Ss, Dd, Ww, Ww, Ww, Ww, Ww, Ww, Ww, Ww, Ww, Ww, Ww, Ww, Ww, Ww, Ww, Ww, Ww, Ww, Ww, Ww, Wot, Wot, Wot, Wot, Wwr, Wwr
Gg, Gg, Gg, Gg, Gg, Dd, Ww, Ww, Ww, Ww, Ww, Ww, Ww, Ww, Ww, Ww, Ww, Ww, Ww, Ww, Ww, Ww, Ww, Ww, Ww, Ww, Ww, Ww, Ww, Ww, Ww, Wot, Wot, Wot, Wot, Wot, Wot
Hhd, Hhd, Gg, Gs, Gg, Gg, Ds, Ds, Ww, Ww, Ww, Ww, Ww, Ww, Ww, Ww, Ww, Ww, Ww, Ww, Ww, Ww, Ww, Ww, Ww, Ww, Ww, Ww, Ww, Ww, Ww, Wot, Wot, Wot, Wot, Ww, Ww
Hhd, Hhd, Gs, Gs, Gg, Gg, Gs, Ds, Ww, Ww, Ww, Ww, Ww, Ww, Ww, Ww, Ww, Ww, Ww, Ww, Ww, Ww, Ww, Ww, Ww, Ww, Ww, Ww, Ww, Ww, Wwr, Wwr, Wot, Wot, Wot, Ww, Ww
Gs, Gs, Gs, Gs, Gg, Gg, Gs, Ww, Ww, Ww, Ww, Ww, Ww, Ww, Ww, Ww, Ww, Ww, Ww, Ww, Ww, Ww, Ww, Ww, Ww, Ww, Ww, Ww, Ww, Ww, Wwr, Wwr, Wot, Ww, Ww, Wwr, Wwr
Hhd, Hhd, Hhd, Hhd, Hhd, Hhd, Hhd, Hhd, Hhd, Hhd, Hhd, Hhd, Hhd, Hhd, Hhd, Hhd, Hhd, Hhd, Hhd, Hhd, Hhd, Hhd, Hhd, Hhd, Hhd, Hhd, Hhd, Hhd, Hhd, Hhd, Hhd, Hhd, Hhd, Hhd, Hhd, Hhd, Hhd
