Uu, Uu, Uu, Uu, Uu, Uu, Uu, Uu, Uu, Uu, Uu, Uu, Uu, Uu, Uu, Uu, Uu, Uu, Uu, Uu, Uu, Uu, Uu, Uu, Uu, Uu, Uu, Uu, Uu, Uu, Uu, Uu, Uu, Uu, Uu, Uu, Uu, Uu, Uu, Uu, Uu, Uu, Uu, Uu, Uu, Uu, Uu, Uu, Uu, Uu, Uu
Uu, Uu, Uue, Uue, Xur, Xuc, Xue, Xuc, Xuc, Xuc, Uu, Uue, Uu, Uue, Uue, Uue, Uu, Xuc, Xue, Uue, Uu, Uhe, Hhd, Xuc, Uue, Uue, Uu^Qhu, Uue, Uhe, Uh, Uhe, Uhe, Uhe, Uh, Uh, Uh, Uh, Uhe, Uh, Uue, Uu, Uu, Uue, Uu, Uu, Uu, Uue, Uue, Uu, Uu, Uu
Uue, Uue, Uu, Xur, Xue, Xu, Xu, Xue, Xue, Xuc, Uue, Uue, Uue, Uu, Uue, Uu, Uue, Uhe, Uh, Uue, Uhe, Uhe, Uhe, Xur, Uue, Uue, Uu, Uh, Uh, Uh, Uhe, Uh, Uhe, Uu, Uue, Uu, Uhe, Uh, Uue, Uue, Uue, Uue, Uu, Uu, Uue, Uue, Uu, Uu, Uu, Uu, Uu
Xuc, Xuc, Xu, Xur, Xue, Xur, Xuc, Xu, Xu, Xuc, Uue, Uue, Uue, Uu, Uu, Uu, Uu, Uhe, Uh, Uhe, Uh, Uh, Hhd^Vu, Uh, Uu, Uu, Uue, Uhe, Uh, Uue, Uhe, Uu, Uue, Uue, Uue, Uu, Uu, Uh, Uu, Uu, Uu, Uu, Uue, Uue, Uue, Uu, Uue, Uue, Uu, Uue, Uue
Xu, Xu, Xu, Xue, Xue, Xu, Xu, Xur, Xue, Xuc, Uue, Uh, Uhe, Uh, Uh, Uhe, Uhe^Ufi, Uu^Qhu, Uu, Uhe, Uh, Uh, Uh, Uhe, Uu, Uue, Uu, Uu, Uu, Uu, Uu, Uu, Uue, Uu, Uu, Uu, Uu, Uhe, Uh, Uu, Uu, Uue, Uu, Uue, Uue, Uue, Uu, Uue, Uue, Uue, Uue
Xue, Xue, Xue, Rr, Cud, Cud, Xue, Xur, Uhe, Uhe, Uh, Uhe, Uhe, Uhe, Uh, Uh^Qhh, Uh^Uf, Uue^Qhh, Uu, Uu, Uh, Uhe, Uh, Uue, Uue, Uue, Uue, Xur, Xuc, Xue, Uu, Uu, Uue, Uue, Uue, Uue, Uu, Uh, Uhe, Uue, Uue, Uue, Uu, Uue, Uue, Uu, Uu, Uue, Uue, Uue, Uue
Rr, Rr, Uue, Rrd, 1 Kud, Cud, Xu, Xur, Xu, Uh, Uh, Uue, Uhe, Uhe, Uhe, Uh^Ufi, Uue^Qhh, Uue^Ufi, Uu, Uu, Uu, Uhe, Uu, Uu, Uu, Uue, Uu, Xue, Xuc, Xue, Uue, Uu, Uue, Uu, Uu, Uu, Uue, Uh, Uh, Uue, Uue, Uue, Uue, Uue, Uue, Uu, Uu, Uu, Uue, Uu, Uu
Rrc, Rrc, Rra, Rra, Rrd, Xuc, Xur, Xue, Xuc, Uh, Uue, Uue, Uue, Uu, Uu, Uu^Uf, Uu^Qhh, Uue^Uf, Uue, Uu, Uue, Uu, Uue, Uu, Uue, Uue, Uue, Uue, Xue, Xuc, Xur, Uue, Uu, Uu, Uu, Uu, Uh, Uh, Uhe, Uh, Uh, Uh, Uhe, Uu, Uue, Uu, Uue, Uu, Uue, Uu, Uu
Xuc, Xuc, Xu, Uu, Rr, Xue, Xur, Xu, Xue, Uue, Uu, Uu, Uue, Uue, Uu, Uu, Uue, Uh, Uhe, Uu, Uue, Uu, Uue, Uu, Uu, Uu, Uu, Uh, Uh, Uh, Uh, Uue, Uu, Uue, Uu, Uue, Uhe, Uhe, Uhe, Uhe, Uh, Uh, Uhe, Uh, Uhe, Uhe, Uh, Uu, Uue, Uu, Uu
Xu, Xu, Xur, Uu, Rrd, Rr, Xue, Xur, Xuc, Uue, Uue, Uu, Uu, Uue, Uue, Uu, Uu, Uh, Uh, Uu, Uu, Uue, Uu, Uu^Qhh, Uue^Uf, Uue^Qhh, Uu^Qhu, Uh^Ufi, Uh^Qhu, Uhe, Uh, Uhe, Uue, Uue, Uu, Uh, Uh, Uhe, Uhe, Uhe, Uh, Uh, Uhe, Uh, Uhe, Uhe, Uhe, Uh, Uue, Uu^Ufi, Uu^Ufi
Xue, Xue, Uue^Uf, Uue^Qhu, Rra, Rra, Xur, Xur, Uu, Xue, Uue^Uf, Uu^Uf, Uue^Qhh, Uu^Uf, Uu^Qhh, Uue, Uu, Uh, Uh, Uu, Uu, Uu, Uu, Uue^Qhu, Uu^Uf, Uue^Uf, Uu^Ufi, Uhe^Qhh, Uh^Ufi, Uhe^Ufi, Uhe^Uf, Uu^Qhu, Uu, Uue, Uue, Uhe, Uhe, Uh, Uhe, Uhe, Uhe, Uhe, Uhe, Uhe, Uhe, Uh, Uh, Uu, Uue, Uu, Uu
Uu^Qhu, Uu^Qhu, Uue^Qhh, Uue^Qhh, Rra, Rrc, Xu, Xue, Uu^Qhh, Xu, Xur, Uue^Uf, Uh^Uf, Uh^Qhh, Uh^Ufi, Uu^Qhu, Uu^Qhh, Uue, Hh^Vu, Uu, Uue, Uu, Uu, Uue^Ufi, Uu^Ufi, Uue^Qhh, Uue^Ufi, Uu^Qhh, Uue^Qhu, Uu^Qhh, Uu^Uf, Uu^Ufi, Uue^Ufi, Uue, Uue, Uu, Uhe^Qhu, Uhe, Uhe, Xue, Xue, Uue, Uu, Uu, Uh, Uhe, Uhe, Uu, Uue, Uue, Uue
Uue^Qhu, Uue^Qhu, Uu^Qhh, Uue^Vud, Xuc, Rrc, Xue, Xu, Xuc, Xu, Xur, Uue^Qhu, Uhe^Qhu, Uh^Qhh, Uh^Ufi, Uu, Uu, Uu, Uue, Uu, Uue, Uue, Uue, Uue, Uu^Qhh, Uue^Qhu, Uue^Ufi, Uue^Uf, Uu^Qhh, Uu^Uf, Uue^Qhh, Uh^Ufi, Uh^Uf, Uh^Qhh, Uh^Uf, Uhe^Qhh, Uu, Uu, Uue, Xur, Xue, Uue, Uu, Uue, Uh, Rrc, Rrd, Uue, Uue, Uu, Uu
Uu^Qhh, Uu^Qhh, Uue^Qhu, Rr, Uu^Ufi, Rrd, Uh, Uh, Uue, Uue^Qhu, Xu, Xuc, Uh, Uhe, Uhe, Uu, Uue, Uue, Uu, Uue, Uue, Uue, Uue, Uu, Uu, Uue, Uue, Uu, Uue, Uu, Uh^Ufi, Uhe^Qhu, Uhe^Qhh, Uh^Qhh, Uhe^Qhh, Uhe^Qhh, Uue, Uu^Qhu, Uue^Qhu, Xu, Xu, Xu, Uue, Uhe, Uhe, Rr, Uhe, Uue, Uu, Uue, Uue
Uue, Uue, Uue, Uue^Qhh, Uu, Rrc, Uh, Uhe, Uu, Uu, Uu, Xue, Xur, Uh, Uh, Uue, Uu, Uu, Uue, Uu, Uu, Uue, Uu, Uue, Uu, Uu, Uu, Uue, Uu, Uhe, Uhe^Qhh, Uh^Uf, Uhe^Qhh, Uh^Qhh, Uue^Uf, Uue^Qhu, Uue^Qhh, Uue^Qhh, Uu^Ufi, Uue^Uf, Uue^Ufi, Xur, Uue, Uue, Uhe, Rrd, Uhe, Uh, Uue, Uu, Uu
Uu, Uu, Uu, Uu^Vud, Uue, Rrd, Uhe, Uh, Uue, Uue, Xu, Xuc, Uh^Qhh, Xur, Xur, Uue, Uue, Uu, Uue, Uu, Uu^Qhh, Uue^Ufi, Uue^Uf, Uue, Uu, Uue, Uu, Uue, Uu, Uhe, Uh^Qhu, Uue^Qhu, Uue^Qhu, Uue^Qhh, Xue, Uue^Qhu, Uu^Qhu, Uhe^Qhh, Uue^Ufi, Uue^Ufi, Uu, Rrc, Uu, Rra, Rrd, Uu, Uue, Uhe, Uh, Uue, Uue
Uu, Uu, Uue, Uue, Uu, Rrd, Uh, Uhe, Uh, Uh, Xur, Xuc, Xur, Xuc, Xue, Uue, Uhe, Uh, Uu, Uue, Uu^Qhu, Uue^Ufi, Uu^Qhu, Uu, Uue, Uue, Uu, Xur, Xuc, Xur, Xu, Uhe^Ufi, Xuc, Xu, Uue^Uf, Uue^Uf, Uhe^Qhh, Uh^Uf, Uhe^Qhh, Uhe^Uf, Uue, Rrc, Rra, Uu^Ufi, Uue, Uu, Uu, Uh, Uh, Uhe^Qhh, Uhe^Qhh
Uue, Uue, Uu, Uu, Uue, Rrc, Uue, Uhe, Uhe, Uh, Xue, Xue, Xuc, Xu, Uue, Uue, Uhe, Uhe, Uhe, Uue, Uue^Uf, Uue^Qhu, Uue, Uue, Uue, Uu, Xue, Xu, Xu, Xuc, Xur, Xuc, Xu, Xu, Xuc, Hhd^Vud, Xuc, Uue^Uf, Uh^Qhu, Uh^Uf, Rr, Uu^Qhh, Uue^Qhu, Uue^Qhu, Uu, Uue, Uue, Uue, Uh, Uh^Qhh, Uh^Qhh
Uu, Uu, Uu, Uue^Vu, Uue, Uh, Rrc, Rrd, Uh, Uhe, Xue, Uh^Qhh, Xur, Xur, Uue, Uu, Uh, Uhe, Uhe, Uue, Uue, Uue^Qhu, Uu, Uu, Uue, Uh, Xu, Xu, Xuc, Xue, Xuc, Xue, Xu, Xu, Xuc, Xu, Xu, Uhe^Ufi, Uh^Qhu, Uhe^Qhh, Rr, Uue^Ufi, Uu^Ufi, Uue^Qhh, Uu, Uu, Uu, Uu, Uh^Uf, Uh^Qhu, Uh^Qhu
Uue^Qhu, Uue^Qhu, Uu^Qhh, Uue^Qhu, Uu^Qhh, Uue, Uu, Uu, Rrd, Rrc, Uue^Uf, Uue^Ufi, Uu^Ufi, Xu, Uue, Uhe, Uh, Uhe, Uh, Uh, Uu, Uue, Uu, Uu, Uh, Uhe, Uhe, Uh, Uhe, Uu, Uu^Ufi, Uu^Qhh, Uue^Qhu, Xue, Uu^Qhh, Uhe^Qhu, Uhe^Qhu, Uhe^Uf, Uh^Qhu, Uhe^Qhh, Rra, Uue^Ufi, Uue^Qhu, Uh^Qhu, Uu^Uf, Uu^Uf, Uu^Qhu, Uue^Ufi, Uu^Qhh, Uu^Uf, Uu^Uf
Uu^Qhu, Uu^Qhu, Uu^Qhu, Uu, Uu, Uue, Uu^Vud, Rra, Rra, Uu, Rr, Rrd, Uu, Uu, Uu, Uue, Uh, Uhe, Uh, Uh, Uh, Uhe, Uh, Xur, Uhe, Uh, Uh, Uhe, Uu, Uu, Uue^Ufi, Uu^Qhu, Uue^Qhh, Uue^Qhh, Uu^Qhu, Uhe^Uf, Uhe^Qhu, Uh^Qhu, Uhe^Qhu, Rrd, Rra, Uu^Ufi, Uue^Ufi, Uh, Uu, Uue, Uu, Uu, Uue, Uu, Uu
Uue^Uf, Uue^Uf, Uu^Ufi, Uu^Vu, Uue, Rrc, Rra, Rrd, Rr, Rr, Uu^Qhh, Uue^Ufi, Rra, Rrd, Uu, Uue, Uh, Uh, Uh, Uhe, Uhe, Uh, Xue, Xuc, Uh, Uhe, Uh, Uu, Uue, Rrc, Uue^Qhh, Uue^Qhu, Uue^Qhu, Uu^Ufi, Uue^Qhh, Uhe^Ufi, Uhe^Uf, Uhe^Qhh, Uh^Ufi, Rrd, Uu^Qhh, Uue^Uf, Uu^Qhh, Uue, Uue, Uue, Uu, Uue, Uu, Uue, Uue
Uu^Qhu, Uu^Qhu, Uue^Uf, Rrd, Rra, Uue, Xu, Xur, Xue, Xuc, Rr, Uue, Uue, Uue, Rrd, Rrd, Uhe, Uhe, Uh, Rr, Rrd, Xur, Xu, Xur, Xu, Xuc, Uh, Uu, Rr, Uue, Rr, Rr, Uue^Ufi, Uue^Qhh, Uu^Qhu, Uu^Uf, Uhe^Ufi, Rra, Rrd, Uhe^Ufi, Uh, Uu, Uue, Uhe, Uh, Uh, Uue, Uue, Uu, Uue, Uue
Uue^Ufi, Uue^Ufi, Uu^Ufi, Rra, Xu, Uue, Xue, Xue, Xue, Xur, Xur, Uu, Uue, Uu, Uu, Uue, Rr, Rr, Uu, Rrd, Xuc, Xue, Xuc, Xue, Xur, Xu, Xu, Uu, Uu, Uu, Uu, Rra, Uu, Rra, Uue, Rrd, Rr, Uh^Qhu, Uhe, Uh, Uh, Uh, Uhe, Uhe, Uh, Uhe, Uh^Ufi, Uu, Uh, Uhe, Uhe
Uu, Uu, Uue, Uue^Vud, Xue, Xue, Xur, Xu, Xu, Xur, Xu, Uhe, Uhe, Uh, Uue, Uu, Uu^Qhu, Uu^Ufi, Rrd, Rra, Uu, Xuc, Xu, Xur, Xue, Uue, Uu, Uu, Uue, Uu, Uue, Rra, Rr, Rra, Rra, Uue, Uue, Uue, Uu, Uh, Uhe, Uhe, Uhe, Uh, Uh, Uh^Ufi, Uhe^Qhu, Uhe^Qhh, Uh, Uh, Uh
Uu^Qhh, Uu^Qhh, Uue^Ufi, Rra, Uhe, Uhe, Xur, Xur, Xue, Xur, Xuc, Uhe, Uhe, Xue, Uh, Uu^Qhh, Uue^Qhu, Uu^Qhu, Uu^Qhu, Uue^Qhh, Rrc, Rr, Xu, Xur, Uu, Uue, Uu, Uue, Uue, Rr, Rrc, Uhe, Rrd, Rr, Uue, Uhe, Uu, Uu, Uu, Uu, Uh, Uh, Uh, Uh, Uh, Uh^Qhh, Uhe^Uf, Uhe^Ufi, Uhe^Ufi, Uhe^Qhh, Uhe^Qhh
Uu^Qhu, Uu^Qhu, Uu^Uf, Rra, Uh, Uhe, Xur, Xue, Uu, Xuc, Xur, Xur, Xue, Xuc, Uh, Uue^Qhu, Uu^Uf, Uue^Uf, Uu^Qhu, Uu^Qhh, Uue^Qhh, Uu^Ufi, Rrc, Rrc, Rra, Rrd, Rr, Rr, Rrd, Uue, Uu, Uhe, Uhe, Uue, Rrd, Rra, Uue, Uu, Uu, Uhe, Uhe, Uh, Uhe, Uue, Uhe, Uh^Ufi, Uh^Uf, Uhe^Uf, Uhe^Qhu, Uh^Uf, Uh^Uf
Uu, Uu, Uue^Qhh, Uu^Vu, Uhe, Uh, Uh^Vud, Uhe, Uue, Xur, Xu, Xu, Xu, Xuc, Uhe, Uue^Qhh, Uu^Uf, Uu^Qhu, Uu^Qhu, Uu^Qhu, Uue^Ufi, Uue^Qhu, Uue^Qhu, Uu, Uue, Uue, Uu, Uue, Uu, Uue, Uh, Uhe, Uh, Uhe, Uue, Uue, Rrd, Rra, Uu, Xu, Uh, Uhe, Uue, Uue, Uu, Uue^Ufi, Uu, Uu^Uf, Uhe^Ufi, Uh^Qhh, Uh^Qhh
Uu, Uu, Uue^Qhu, Rr, Uhe, Uhe, Uh, Uue, Uue, Uue, Uu, Uue, Xur, Xuc, Uh, Uue, Uue, Uu, Uue, Uu, Uue, Uu, Uu^Ufi, Uue^Qhu, Uhe, Uh, Uhe, Uu, Uue, Uu, Uu, Uhe, Uh, Uh, Uhe, Uh, Uu, Uu, Rra, Rrd, Rr, Rr, Uu, Uu, Uu, Uue, Uue, Uu, Uhe, Uh, Uh
Uu, Uu, Uue^Qhh, Rrd, Uhe^Ufi, Uhe, Uue, Uu, Uue, Uue, Uu, Uu, Xur, Uhe, Uu, Uue^Qhu, Uu^Qhh, Uu, Uu, Uue, Uu, Uue, Uue, Uh, Uh, Uhe, Uh, Uh, Uue, Uue, Uue, Uue, Uhe, Uhe, Uh, Uhe, Uue, Uue, Uu, Uue, Uu, Uue, Rrc, Rrc, Uue, Uu, Uu, Uue, Uhe, Uh, Uh
Uue^Qhu, Uue^Qhu, Uu^Qhu, Uue^Vud, Xue, Uh^Qhh, Uue^Vu, Uu^Qhh, Uu, Uue, Uu, Xue, Xur, Uhe, Uh, Uu^Uf, Uu^Ufi, Uue^Qhh, Uue, Uue, Uu, Hh^Vu, Uu, Uu, Uh, Uh, Uhe, Uh, Uu, Uue, Uu, Uu, Uh, Uh, Uh, Uhe, Uu, Uue, Uu, Uue, Uu, Uu, Uue, Uu, Rrc, Rr, Cud, Cud, Uh, Uh, Uh
Uue^Qhu, Uue^Qhu, Uu^Uf, Rrc, Uue, Uh^Qhh, Uue^Qhh, Uue^Qhu, Uue, Uu, Uu, Xu, Xu, Xuc, Uh, Uh^Uf, Uue^Qhh, Uu^Qhh, Uu, Uu, Uu, Uu, Uue, Uue, Uue, Uhe, Uhe, Uue, Uu, Uhe, Uh, Uh, Uh, Xue, Xur, Uu, Uue, Uue, Uue, Uue, Uue, Uu, Uu, Uu, Uue, Cud, 2 Kud, Cud, Uu, Uh, Uh
Uue^Qhh, Uue^Qhh, Uu^Ufi, Rr, Uu, Uu^Uf, Uue^Qhh, Uue, Uu, Uh, Uh, Xue, Xur, Xu, Uh, Uhe^Ufi, Uu^Qhh, Uue^Uf, Uu, Uue, Uue, Uue, Uu, Uue, Uh, Uhe, Uhe^Qhu, Uh, Uh, Uhe, Uh, Uh, Uhe, Xur, Xuc, Uue, Uue, Uue, Uue^Uf, Uu, Uue, Uue, Uu, Uu, Uu, Uue, Cud, Uu, Uu, Uue, Uue
Uu, Uu, Uue^Qhu, Uue^Ufi, Uu, Uue, Uu, Uue, Uhe, Uh, Xur, Xur, Xur, Xur, Uh, Uue^Uf, Uu^Qhu, Uue^Qhu, Uue, Uu, Uue, Uu, Uue, Uhe, Uh, Uh, Uhe^Uf, Uh, Uhe, Uh, Uhe, Uh, Uhe, Xue, Xue, Uue^Qhh, Uu^Qhu, Uu^Qhu, Uu^Ufi, Uu, Uue, Uu, Uue, Uu, Uu, Uu, Uue, Uue, Uu, Uue, Uue
Uue^Qhh, Uue^Qhh, Uu^Ufi, Uue^Ufi, Uu^Qhu, Uue, Uu, Uu, Xu, Xu, Xuc, Xue, Xur, Xuc, Xuc, Uu, Uu, Uu, Uu, Uu, Uue, Uue, Uu, Uh, Uhe, Uh^Qhh, Uh^Ufi, Uh, Uh, Uhe, Uhe, Uh, Uhe, Uh^Qhh, Uhe^Qhu, Uu^Ufi, Uu^Qhu, Uue^Uf, Uue^Qhu, Uu, Uue, Uu, Uu, Uue, Uue, Uu, Uu, Uu, Uue, Uu, Uu
Uu, Uu, Uu, Uu, Uu, Uu, Uu, Uu, Uu, Uu, Uu, Uu, Uu, Uu, Uu, Uu, Uu, Uu, Uu, Uu, Uu, Uu, Uu, Uu, Uu, Uu, Uu, Uu, Uu, Uu, Uu, Uu, Uu, Uu, Uu, Uu, Uu, Uu, Uu, Uu, Uu, Uu, Uu, Uu, Uu, Uu, Uu, Uu, Uu, Uu, Uu
