Ww, Ww, Ww, Ww, Ww, Ww, Ww, Ww, Ww, Ww, Ww, Ww, Ww, Ww, Ww, Ww, Ww, Ww, Ww, Ww, Ww, Ww, Ww, Ww, Ww, Ww, Ww, Ww, Ww, Ww, Ww, Ww, Ww, Ww, Ww, Ww, Ww, Ww, Ww, Ww, Ww, Ww, Ww, Ww, Ww
Ww, Ww, Ww, Ww, Ww, Ww, Gg, Hh, Gg, Gg, Gg^Fdw, Hhd, Gs, Gs, Gg^Eb, Gg^Edp, Gs^Eb, Gg^Ebn, Hh, Rr, Re, Rr, Re, Gg^Ftr, Gs^Eb, Re, Gg^Es, Gg^Edb, Gg^Ebn, Gg^Edp, Gs^Es, Gs^Edb, Gg^Fdw, Hhd, Hhd, Gg^Ftd, Gs^Ftr, Gg^Efs, Gs, Gg^Fda, Gs^Ftr, Hh^Fdf, Ww, Ww, Ww
Ww, Ww, Ww, Ww, Ww, Ww, Dd, Hhd, Gg, Gg, Gs, Gs, Gs, Rr, Re, Rr, Re, Re, Re, Re, Re, Rr, Re, Re, Rr, Hh, Rr, Rr, Gs^Eb, Gs^Edb, Gg^Es, Gg^Es, Gs^Fdf, Gs^Fdf, Hhd, Gg^Fdf, Gs^Ft, Gg^Edp, Gg^Fda, Hhd, Gg^Ft, Hh^Fdw, Hh, Ww, Ww
Ww, Ww, Wwt, Rr, Ww, Ww, Gg, Gg, Gg, Gs, Gs, Rr, Re, Hhd, Hh, Hh, Re, Rr, Hhd, Rr, Re, Rr, Gg, Gg, Hh, Hhd, Gg^Fdf, Gg^Ftd, Rr, Re, Hh^Fts, Gs^Efs, Gs^Edb, Gs, Hh, Gg^Fdf, Gg, Gs, Hh, Gg, Hh, Gs^Ftd, Gg^Ft, Ww, Ww
Ww, Ww, Cd, 1 Kd, Ww, Ww, Dd, Hhd, Hhd, Re, Re, Hh, Gg, Gg^Ftp, Gs, Hhd, Hh, Gg^Fds, Re, Re, Rr, Rr, Rr, Hhd, Hhd, Hh, Gg^Efs, Gg^Ftp, Hh^Fts, Gg, Gs^Eb, Gs^Fdf, Gg, Hhd, Gs^Ftr, Gs^Fts, Gg^Ft, Gg, Gg, Hh^Ftp, Gg, Hhd, Gg, Dd, Dd
Ww, Ww, Cd, Rr, Ww, Wwt, Ww, Rr, Re, Hh^Ft, Mv, Md, Mm, Md, Hhd^Vc, Gg^Fdw, Gs^Ftd, Hh, Rr, Gg, Re, Re, Re, Hhd, Hh, Hh^Fds, Gg^Edb, Hhd, Gg^Efs, Gg, Gg^Eb, Gg^Es, Gg^Ft, Hh^Ftp, Gs^Fda, Gs, Gs^Ft, Gg, Hhd, Hh^Ftd, Gg, Hh, Gg, Gg, Gg
Ww, Ww, Ww, Dd, Re, Re, Ww^Bw\, Ww, Ds, Gs^Vca, Gg^Fdf, Hhd, Ai, Aa, Ai, Gg, Hhd, Hhd^Vca, Gg^Ftp, Gs, Hh, Gg^Ft, Gg, Gs^Fda, Hhd, Gg^Ebn, Gs^Efs, Gs^Eb, Gs^Efs, Gs, Hh^Ftd, Hh, Gs, Gg^Ftd, Gg^Fda, Gs^Ftd, Gg, Gg^Ft, Gg, Gg^Fds, Gg, Gg^Fds, Gg, Gg, Gg
Wwt, Wwt, Gs^Fdf, Gg^Eb, Re, Gg^Edp, Ww, Gg^Edb, Ss, Gs^Edb, Mm, Aa, Ai, Ai, Aa, Mm, Mm, Hhd, Hh, Gs, Gs, Hhd, Gg, Gg^Ftr, Gs, Gg^Edp, Gs^Edb, Gg^Eb, Hh, Gg, Hh^Fdw, Hh, Hhd, Gs^Fda, Hh^Fdf, Gg, Gg, Hhd, Gg, Gg, Gs, Gg, Gg, Gg, Gg
Hhd, Hhd, Hhd, Gg^Ftr, Re, Dd, Ww, Gg^Edb, Gs^Edp, Gs^Efs, Gg^Fdw, Aa, Aa, Aa, Aa, Hh, Md, Hh, Hhd, Gg, Gg^Fds, Gs, Hh^Vct, Mm, Hh^Fts, Hh, Gs^Edb, Hh, Gs, Gs, Hh, Gs^Ftp, Hh^Fdf, Gs, Gg^Fds, Gs^Ftr, Hhd, Gs^Fdw, Gs, Gs, Hhd, Gg, Hhd, Gg, Gg
Gg^Edp, Gg^Edp, Hhd, Re, Rr, Ds, Wwg, Dd, Gg^Fds, Hhd^Vct, Md, Mm, Mm, Aa, Mm, Md, Gg, Gs, Hhd, Hh^Vc, Gg^Fts, Gg^Ftd, Hh^Fdw, Gs, Gs, Hh, Hhd, Hh, Hhd, Gg^Fdf, Gg, Hh^Vct, Hh^Fdf, Hh^Ftr, Gg, Gs^Ftr, Gg, Hh, Gg, Hh, Hhd, Hh^Fds, Gg^Ft, Gg, Gg
Re, Re, Rr, Hh, Rr, Rr, Ww, Gg, Gg, Gs, Hhd, Hh, Mm, Md, Md, Gg, Hh, Hh, Mv, Gs^Edp, Hhd, Hh, Mm, Mm, Hh, Md, Mm, Gs^Ft, Mm, Mdd, Mm, Hhd, Hh, Gg^Fdw, Gg^Ft, Gs^Efs, Hh, Gg^Eb, Gg, Gs, Gs^Ftr, Gg, Gs^Fdw, Hh, Hh
Re, Re, Rr, Gg^Fts, Gg^Ebn, Gg, Rr, Rr, Hh, Hhd, Hhd, Hh, Hhd, Hh, Hhd^Vct, Gg^Fds, Gg, Hhd, Hhd, Gg^Edb, Gg^Ebn, Hh, Md, Mm, Md, Ai, Ai, Hh^Vca, Gs, Hhd, Hhd, Gg^Fdw, Gg^Ft, Gg^Ft, Gg^Ftp, Gs^Es, Gg^Edp, Gg^Efs, Gg, Gg^Ftr, Gg^Fdf, Gg, Hhd, Hhd, Hhd
Rr, Rr, Gs^Edb, Gg^Fts, Gg^Fdw, Gg, Hh, Hh, Rr, Rr, Ms, Hh^Fdw, Mv, Gg^Ftr, Hhd, Gs, Gg, Gs, Hhd, Hh^Fdf, Gg^Ebn, Hh, Aa, Ai, Ai, Ai, Aa, Mm, Md, Mm, Hh^Vct, Hhd, Hh^Fts, Hh^Ft, Gs^Ftd, Gg^Ebn, Hhd, Gs^Ebn, Gg, Hh, Gs^Ftp, Gs, Gg, Gg, Gg
Re, Re, Re, Hhd, Gg^Eb, Gg, Hh, Hh, Hh, Hhd, Re, Re, Hh, Gs, Hh, Rr, Gg, Rr, Re, Gg^Efs, Gg^Es, Hhd, Ww, Ww, Aa, Aa, Ai, Md, Hh, Hh, Hh, Hh, Hh^Fts, Gg^Fdf, Hh^Fdf, Gs^Fda, Gs^Edb, Gs, Gs, Gs, Gg, Gs, Gs, Gg, Gg
Gg, Gg, Gg, Gg^Efs, Gg^Edp, Gg^Ebn, Gs^Edp, Hh, Hhd, Gg, Gg, Gs, Re, Rr, Re, Re, Re, Gs, Gg^Efs, Hh, Hh, Ww, Hh, Mm, Md, Md, Hh, Hh^Vc, Md, Mdd, Hhd, Gs, Gs, Gg, Hh, Gs, Gs, Gg, Gs, Gg, Gs, Gs, Gg, Gs, Gs
Gg, Gg, Gg, Gg^Edp, Gg^Efs, Gg^Edp, Gg^Ebn, Gs^Es, Gg, Gs, Gg, Gs, Gs, Gg, Gg, Gs, Re, Rr, Hh, Gs, Hhd, Hhd, Hh, Hh^Vca, Hh, Gg, Gg, Gs, Hh^Ftr, Gg^Fts, Hh^Vc, Gg, Gg, Gg^Ftd, Gg^Fdw, Gg^Fdf, Gs, Gs, Gg, Gg, Gg, Gg, Gg^Edb, Gs^Efs, Gs^Efs
Gg^Ft, Gg^Ft, Gg^Fda, Gg^Eb, Hh^Ftd, Hhd^Vct, Gg^Es, Gg^Ebn, Gs, Gg, Gg, Gs, Gs, Gg, Gs, Gg^Eb, Hh, Gg^Edb, Rr, Rr, Gg^Fds, Ww, Ww, Dd, Gs, Gg, Gs, Gg, Gs, Hh, Gg^Ftp, Gg, Gs^Ftd, Gs^Fdw, Hh^Ftd, Gg^Fds, Gg^Fds, Gg, Hh, Hhd, Hhd, Gg, Gg^Efs, Gg^Ebn, Gg^Ebn
Gg, Gg, Gg, Gg^Ftr, Dd, Hh, Dd, Gg, Gg, Dd, Gg, Ds, Gg, Gg, Gg, Gg, Gs^Edb, Hhd, Hhd, Hh^Fts, Rr, Re, Re, Re, Hhd, Gs, Hh^Fdf, Gg^Fda, Hhd, Hh, Hh, Hh^Ftp, Gg, Gg, Gg^Ftd, Hh, Hhd, Gg, Gg^Ftr, Hhd, Gs^Ebn, Gs^Fda, Gg^Edb, Gg^Efs, Gg^Efs
Hhd, Hhd, Hh^Ftd, Hh^Fdf, Ww, Ww, Ww, Ww, Gg, Ww, Ww, Ww, Ww, Dd, Gg, Gg, Gg, Gg, Hh, Rr, Re, Ww, Ww, Gs, Re, Re, Rr, Re, Hh^Ftr, Hh^Ftr, Gg, Gg^Ftr, Gg^Fts, Hh^Ftr, Gg^Fdw, Gs^Ftp, Hh, Gg^Fts, Gg, Gg, Gg^Efs, Gs^Es, Gs^Edp, Gg, Gg
Hhd, Hhd, Hhd, Ww, Ww, Ww, Gg^Fda, Ds, Wwg, Hh^Fds, Gg, Gg, Ww, Ww, Gg, Gg, Gg, Re, Re, Hh^Ft, Sm, Dd, Hh^Fts, Dd, Gg, Gg, Gg, Gg, Re, Re, Hh^Fdf, Hh^Fda, Gs^Fdf, Gg^Fda, Gg, Rr, Re, Re, Hhd, Gg^Ftd, Hh^Fdw, Gs^Edb, Gs^Eb, Gs, Gs
Ds, Ds, Ww, Ww, Ww, Ww, Ww, Hhd, Ww, Gs^Ft, Gg, Gg, Gg, Ww, Ss, Rr, Re, Gg^Fdf, Hhd, Gs, Gg^Ebn, Ww, Ww, Ww, Ds, Ss, Gg, Ds, Gs^Ftp, Dd, Rr, Re, Gg^Ftr, Re, Rr, Hh, Hh, Gg^Ftd, Re, Re, Gg^Ftr, Hh^Ftd, Gs^Es, Gs, Gs
Sm, Sm, Ww, Ww, Dd, Ww, Ds, Dd, Gg, Gg, Gg, Ds, Ww, Re, Rr, Gg, Gs^Ftd, Gg, Gg, Gg, Ds, Ww, Ww, Ww, Ww, Wwt, Ww, Ww, Ww, Ww, Ww, Dd, Rr, Gg^Fds, Hh^Fdw, Hh, Gg, Hh^Ftd, Ww, Rr, Gg^Fdf, Gg^Ftd, Gg, Gs, Gs
Ds, Ds, Ww, Ww, Dd, Dd, Ww, Ds, Gg, Gs^Ftd, Hh^Vc, Re, Ww^Bw/, Dd, Gg, Gg, Gg, Gg, Gg, Gg, Gg, Ww, Ww, Ww, Ww, Ww, Ww, Wwt, Ww, Ww, Ww, Hh^Fdf, Rr, Hh^Ftp, Gs^Ftr, Ww, Dd, Ww, Wwt, Ds, Rr, Gg^Ebn, Gg, Gg, Gg
Gg^Edp, Gg^Edp, Ww, Wwt, Gg, Gg, Ww, Ww, Gg, Rr, Rr, Gg, Ds, Hhd, Gg, Gg^Ft, Gg, Hhd, Hh, Gg, Dd, Ww, Ww, Ww, Ww, Ww, Ww, Ww, Ww, Hhd, Hh, Gg, Rr, Dd, Ww, Gg, Ww, Ww, Ww, Ww, Gg, Gg, Gg, Gs, Gs
Gg^Edb, Gg^Edb, Hhd, Hh^Fds, Ww, Rr, Rr, Re, Rr, Gg, Gg, Gg, Gg, Hh, Gg^Ftd, Gg^Ftp, Gg, Gg, Gg, Gg, Dd, Ww, Ww, Ww, Wwt, Ww, Ds, Gg^Edb, Sm, Gg^Edb, Gg, Gg, Rr, Re, Hh^Fdf, Hh, Sm, Gg, Dd, Ww, Sm, Hhd, Gg, Hhd, Hhd
Ww, Ww, Gg^Eb, Rr, Ww^Bw/, Ww, Dd, Ww, Gg, Gg, Gg^Efs, Ds, Hh^Vc, Gg^Fts, Gg, Gg, Gs^Fts, Gg, Gg^Fdf, Sm, Sm, Ww, Ww, Ww, Ww, Ww, Hh, Gg^Eb, Gg, Gg, Hhd, Gg^Fds, Hh, Gg, Rr, Re, Gg^Eb, Ss, Ww, Ww, Ww, Ww, Ww, Dd, Dd
Gg^Es, Gg^Es, Gg^Edp, Rr, Ww, Wwt, Wwt, Ww, Ww, Ww, Ww, Ww, Ww, Ww, Ss, Gg, Gg, Gg, Gg, Hh, Ww, Ww, Ww, Ww, Ww, Dd, Ds, Hh, Gs, Gs, Gg^Ftp, Gs, Gg^Ft, Gg, Gg^Edb, Gg^Efs, Re, Rr, Dd, Cd, Ww, Dd, Dd, Gg, Gg
Gg^Ebn, Gg^Ebn, Hh, Rr, Ww, Ww, Ww, Ww, Ds, Ww, Ww, Ww, Ww, Dd, Dd, Gg, Gg, Gg, Gg, Gg, Ww, Ww, Ww, Ww, Gg, Ds, Gs^Eb, Gs^Es, Gg, Hh, Gs^Fds, Hh, Gg, Gg, Gg^Es, Gg^Es, Gg^Edb, Gg^Ebn, Rr, 2 Kd, Wwt, Gs, Hh, Hhd, Hhd
Gg^Ebn, Gg^Ebn, Gg^Edb, Re, Re, Dd, Ww, Ww, Ds, Ww, Ww, Dd, Ww, Ww, Gg, Gg, Gg, Gg, Gs, Gs, Ds, Ds, Ww, Ww, Ww, Gg, Gs, Gs, Gs^Es, Gs^Ftd, Gg, Gg, Hhd, Gg, Gg^Ebn, Gg^Es, Gg^Ebn, Gg, Cd, Cd, Cdr, Gg, Gs^Fts, Gg^Ftr, Gg^Ftr
Gg, Gg, Gg, Re, Rr, Re, Dd, Ww, Dd, Ds, Dd, Gs^Edb, Ww, Ww, Dd, Gg, Gg, Gs, Gg, Gs, Hhd, Gs, Ww, Ww, Dd, Hh, Hh, Hh, Hh, Gs^Es, Gg, Gg, Hhd, Gg^Ebn, Gg^Ebn, Gg^Efs, Gg, Hh^Fdw, Gg, Gs^Fds, Gg, Gs, Gs, Hhd, Hhd
Gg, Gg, Gs, Hhd, Re, Gg, Re, Ww, Hhd, Hh, Gg^Ebn, Dd, Ww, Ds, Hh, Gg, Gg, Gs, Gs, Gs, Gg, Hh^Ftp, Ww, Hhd, Mv, Hh, Hh, Hh, Gg^Es, Gs^Eb, Gs^Eb, Gs, Gg^Es, Gg^Efs, Gg^Ebn, Gg, Gg, Hhd, Gg, Gg, Gg, Gg, Gs, Hhd, Hhd
Ww, Ww, Ww, Ww, Ww, Ww, Ww, Ww, Ww, Ww, Ww, Ww, Ww, Ww, Ww, Ww, Ww, Ww, Ww, Ww, Ww, Ww, Ww, Ww, Ww, Ww, Ww, Ww, Ww, Ww, Ww, Ww, Ww, Ww, Ww, Ww, Ww, Ww, Ww, Ww, Ww, Ww, Ww, Ww, Ww
