Gg^Edp, Gg^Edp, Gg^Edp, Gg^Edp, Gg^Edp, Gg^Edp, Gg^Edp, Gg^Edp, Gg^Edp, Gg^Edp, Gg^Edp, Gg^Edp, Gg^Edp, Gg^Edp, Gg^Edp, Gg^Edp, Gg^Edp, Gg^Edp, Gg^Edp, Gg^Edp, Gg^Edp, Gg^Edp, Gg^Edp, Gg^Edp, Gg^Edp, Gg^Edp, Gg^Edp, Gg^Edp, Gg^Edp, Gg^Edp, Gg^Edp, Gg^Edp, Gg^Edp, Gg^Edp, Gg^Edp, Gg^Edp, Gg^Edp, Gg^Edp, Gg^Edp, Gg^Edp, Gg^Edp, Gg^Edp, Gg^Edp, Gg^Edp, Gg^Edp
Gg^Edp, Gg^Edp, Gg^Efs, Gs^Ebn, Gs, Gg, Gg, Rr, Re, Rr, Gs, Gg, Gs, Hh, Hh, Gg^Ebn, Gg^Eb, Gg, Gs^Edp, Gg, Gg, Gg, Dd, Ww, Gg^Eb, Ds, Gg^Edp, Gg^Ebn, Gg^Efs, Hh, Hh, Gs^Eb, Gg^Edb, Gg^Ftp, Gg^Edb, Gg^Ebn, Gg^Edp, Gg^Es, Gs^Edb, Gg, Gs, Gg, Gg, Gg, Gg
Gg^Es, Gg^Es, Gs^Ebn, Gs, Gs, Gg, Gg, Rr, Re, Gg, Gg, Gg, Gg, Gg, Gs^Efs, Gs^Efs, Gg^Efs, Gg, Gg^Es, Gg, Gg, Ss, Ww, Ww, Ww, Wwt, Dd, Gs^Eb, Gg^Ebn, Gs^Edp, Hhd, Gs^Efs, Gs^Es, Gg^Ebn, Gg^Eb, Gg^Efs, Gg^Eb, Gs^Edb, Gg, Gg, Gg, Gg, Gs, Gg, Gg
Gs^Efs, Gs^Efs, Gg, Re, Cd, Cd, Gs, Re, Gg, Rr, Gs, Gs, Gs, Gg, Gg, Gg, Gg, Gg, Gg, Gg, Gg, Gs, Ww, Ss, Dd, Hh, Ds, Gg^Edp, Gg, Gg^Efs, Gg^Edp, Gg^Ebn, Gs^Efs, Gg, Gg, Gs^Edp, Gg^Es, Gg^Eb, Gg, Gg, Gg, Gg^Ftp, Mm, Md, Md
Gg^Eb, Gg^Eb, Gg^Ebn, Rr, 1 Kd, Rr, Re, Re, Rr, Gg^Es, Gg, Gs, Gg, Gg, Gg, Gs, Gg, Gg, Gg, Gg, Gg, Gg, Ss, Gs, Gg, Gs^Edp, Gs^Efs, Hh, Gg^Edp, Hh, Gs^Eb, Gg, Gs^Efs, Ds, Gg, Mm, Md, Mdd, Gg^Fda, Hh^Fdw, Gg, Ww, Gg, Gs, Gs
Gg^Edp, Gg^Edp, Gg^Ebn, Gg, Rr, Gg, Gg, Gg^Ebn, Gg^Ftd, Hh^Ft, Gg^Es, Gs^Efs, Gg^Ebn, Gg, Gs^Fds, Gs^Fda, Gg, Gg, Gg, Gs, Gs, Gg, Gs, Hh, Gs^Ebn, Hh, Hhd, Gg^Edp, Gg^Edb, Hhd, Hhd, Ds, Ds, Ww, Ww, Mm, Md, Aa, Gs^Vct, Dd, Ww, Sm, Ww, Dd, Dd
Gg^Efs, Gg^Efs, Gg^Es, Gg^Eb, Rr, Gg, Gg^Edb, Gg^Edp, Gg^Edb, Gg^Ebn, Gg^Efs, Gg^Efs, Gg^Es, Gg, Gs, Gs, Gg, Gg, Gg, Hhd, Gs, Gg, Gs, Hh, Gg^Edb, Gg^Edp, Gg^Ebn, Gg, Gg^Efs, Gs, Gs, Dd, Ww, Ss, Ds, Hhd^Vc, Hhd, Md, Gg, Ss, Ww, Hh^Fdf, Ww, Gg, Gg
Gs^Edb, Gs^Edb, Gg^Eb, Re, Re, Re, Gg^Edp, Gs^Eb, Gg^Ebn, Gg^Edb, Gg^Eb, Gg^Eb, Gg, Gg, Gg, Gg, Gg, Gg, Gg, Hhd^Vct, Gs, Hh^Ftr, Hh, Gs, Gs^Edb, Gg^Es, Gs^Es, Gg^Es, Gg, Gg, Gg, Ww, Ww, Ww, Dd, Gs, Hh, Hh, Dd, Ww, Ds, Dd, Ww, Dd, Dd
Gg^Ebn, Gg^Ebn, Re, Rr, Re, Rr, Gg^Es, Gg^Edp, Gs^Ebn, Gg^Eb, Gg^Edp, Gg, Gs, Gg, Gg, Hh, Gs^Fdw, Gg^Ftr, Gg, Md, Gg^Ftr, Gg, Gs, Hh, Gg^Edb, Gs^Ft, Gs^Ftp, Gg, Gg, Gg, Gg, Ds, Ww, Ww, Ww, Ds, Gg, Gs, Ww, Ww, Ww, Ww, Ww, Ww, Ww
Re, Re, Re, Re, Rr, Gg, Rr, Rr, Gg, Gg^Eb, Sm, Ww, Ww, Dd, Gg, Hhd, Hhd, Gs, Gg, Aa, Gg^Eb, Gg^Efs, Gg^Ebn, Aa, Gg^Eb, Gg^Edp, Gs, Gs^Fds, Hh^Fda, Gg, Gg, Ww, Ww, Dd, Gs, Gs, Gg, Gg, Sm, Ww, Sm, Gs, Ds, Gg, Gg
Re, Re, Rr, Gg^Edb, Re, Rr, Hh^Ftr, Gs^Ft, Rr, Rr, Hh^Fdw, Ww, Ds, Gs, Hhd, Gs, Gs^Vca, Mm, Md, Hhd^Vc, Hh, Gg^Edb, Gs^Eb, Gg^Es, Gg^Ebn, Gs, Gg, Gg, Gg, Ds, Ds, Ds, Ds, Ai, Md, Aa, Gg, Gg^Eb, Ds, Ww, Dd, Gg, Gg, Gg, Gg
Gg^Es, Gg^Es, Gg^Edp, Gs^Efs, Gg^Es, Re, Gg, Gg, Gg, Gg^Es, Rr, Rr, Gg^Es, Gg^Edp, Gs, Gg, Hh^Ftr, Gs, Gg^Edb, Gg^Fdw, Gg^Es, Gg^Edp, Gs, Gs^Es, Gg^Edb, Gs, Gg, Gg, Dd, Ww, Ww, Ww, Gg, Gs, Mm, Ai, Md, Aa, Gs, Ss, Ww, Wwg, Ww, Gs, Gs
Gs^Efs, Gs^Efs, Gg^Efs, Gg, Gs^Efs, Re, Gs, Gg, Gs, Gg, Gg^Edp, Gg^Efs, Rr, Rr, Gs, Gg, Hh^Ftd, Gg, Gg^Edb, Dd, Ds, Dd, Gg^Edp, Hhd, Gg^Edb, Gg, Gg, Gg, Gg, Ww, Ww, Gg, Gg, Gs, Gg, Hh, Aa, Gs, Gg^Vct, Dd, Ww, Ww, Gg, Gg, Gg
Gs, Gs, Gg^Es, Gg^Ebn, Rr, Re, Re, Gg, Gs, Gg, Gg, Gg, Gs^Fda, Hh, Re, Rr, Gg, Gg^Fda, Gg^Eb, Ww, Ww, Ds, Hh, Hh, Gg^Es, Gg, Gs, Gs, Gs, Dd, Dd, Dd, Gg, Gg, Gs, Hhd, Hhd, Gg, Gg^Ftd, Gs^Ftd, Ww, Dd, Dd, Gs, Gs
Hh, Hh, Gg, Rr, Rr, Re, Re, Dd, Ww, Dd, Gg, Gs, Hh^Fdw, Hhd, Re, Rr, Gg, Gg, Ds, Wwg, Ww, Dd, Gs, Hhd, Gg, Gs, Gg, Dd, Gg, Gg, Ww, Ww, Gg, Gs, Gg, Hhd, Gs, Gs^Ft, Gg^Fda, Gg^Ftr, Ww, Ww, Ds, Gs, Gs
Hhd, Hhd, Gg, Re, Rr, Ww, Re, Ds, Ww, Ww, Ss, Gs^Fds, Hh, Hhd, Hhd, Hhd, Re, Re, Gs^Fdf, Gs^Fts, Ww, Gg, Gg, Gg, Gg, Gg^Ft, Gs, Gs, Ww, Ss, Gg, Dd, Sm, Hh, Hh, Hh, Gg^Fdf, Gg^Fts, Gs^Fdf, Gg^Fts, Ww, Hh, Hh, Hh, Hh
Gg, Gg, Gg, Gg^Edp, Ds, Ww, Gg^Ebn, Ds, Ww, Ds, Hh^Vc, Gs^Fds, Hhd, Gs, Gg, Gg^Ebn, Gg^Ebn, Rr, Re, Rr, Ss, Gg, Gg, Gs, Gg, Gg^Ftp, Gg, Sm, Ww, Ww, Ww, Dd, Gs, Hh, Hh, Gg, Hh, Hh, Hhd, Hhd^Vc, Dd, Gg, Gs^Eb, Hh, Hh
Gg, Gg, Gg, Hhd^Vca, Ds, Dd, Ds, Ds, Ww, Ds, Gg, Hh, Gs, Gg, Gg, Re, Rr, Gg^Es, Gg, Gg^Fdw, Re, Rr, Gg, Gg, Gg, Gg, Gs^Vca, Dd, Ww, Ds, Ds, Gs, Hhd, Hhd, Gg, Gg, Hh^Vct, Aa, Hhd, Gs^Edp, Gg^Ebn, Gg^Ebn, Gg^Eb, Gg^Es, Gg^Es
Gg^Efs, Gg^Efs, Gg^Ftp, Hh, Gs, Gs, Gg, Gg, Gs, Gg, Gs, Gg^Fdf, Hh, Re, Re, Ds, Gg, Gg, Gg, Gg, Gg, Gg, Rr, Rr, Gg^Ftr, Gg, Hhd, Hh, Ww, Ww, Gg, Ds, Hhd, Gg, Hhd, Gg, Mm, Ai, Hhd, Gg, Gg^Ebn, Gg^Eb, Gg^Efs, Gg, Gg
Gs, Gs, Gg^Edb, Gg, Gg, Gg, Gg^Fds, Gs^Ftd, Gg, Gs, Gg^Fts, Re, Gs^Vca, Ww, Ds, Ww, Gs, Dd, Gg, Gg, Gg^Ebn, Gg^Efs, Gg, Gg, Re, Rr, Hhd, Hh, Hhd, Dd, Ww, Ww, Sm, Gg, Gg, Gg, Hhd, Ai, Aa, Gs, Gg^Eb, Gg^Edb, Gs^Edb, Gs, Gs
Gs^Eb, Gs^Eb, Gs^Ebn, Gg^Eb, Gg, Gg, Hh^Fdf, Gs, Gg, Gs, Gg, Re, Dd, Ww, Ww, Dd, Ww, Ww, Gs, Gg, Gg^Edb, Gg^Edb, Hhd, Gs, Hh, Hhd, Re, Re, Ai, Gs, Dd, Ww, Ww, Sm, Gg, Gg, Gg, Gs, Gs^Ebn, Gg^Efs, Gg^Eb, Gg^Edb, Gs^Efs, Gs, Gs
Gs^Efs, Gs^Efs, Gg^Edp, Gg^Edb, Gs, Gg^Ftd, Hh^Ftd, Gg, Gg, Gg, Gg, Re, Ww, Ds, Ww, Ds, Wwg, Ww, Dd, Gg, Gg^Ebn, Gg^Efs, Hhd, Hhd, Gs, Hhd, Gg, Gs^Fts, Re, Rr, Re, Rr, Ww, Ww, Gg, Gg, Gg, Gg, Gg^Edp, Gg^Edb, Gg^Edp, Gs, Gg, Gg, Gg
Gs^Eb, Gs^Eb, Gg^Efs, Gg^Ebn, Gs^Ft, Gs, Gs, Gg, Gg, Rr, Rr, Dd, Ww, Gs^Vc, Gg, Gs, Ww, Ww, Dd, Gg, Gs, Gs, Gg, Gg, Gg, Gs, Gg, Gg, Gg, Hhd, Hhd, Hh^Fts, Re, Re, Ss, Gs, Gg^Fda, Gs, Hh, Hh, Gs^Es, Gs^Fds, Hh^Ftd, Hh^Ft, Hh^Ft
Gg^Edb, Gg^Edb, Gg^Fdf, Gg, Re, Rr, Gg, Re, Re, Gg, Hh^Ft, Ww, Ds, Sm, Hh^Ftp, Gs^Ftr, Gg, Wwg, Ww, Dd, Gg, Gg, Gg, Gg, Gg, Gs, Gg^Fts, Gg, Gs^Eb, Mm, Mm, Dd, Ww, Gg, Rr, Rr, Gg^Fdf, Hhd, Gs, Hh, Gg, Gg, Gg, Gg, Gg
Gs^Efs, Gs^Efs, Gg^Ft, Re, Re, Re, Re, Gg, Gg, Gg, Dd, Ww, Ww, Ww, Hh^Ft, Gs^Fda, Dd, Dd, Wwg, Ww, Ss, Gs, Gs, Gs, Gg, Ds, Gg^Ftp, Gg^Ftp, Gg^Vct, Mm, Aa, Gg, Gg, Ww, Gg, Dd, Re, Re, Hhd, Gs, Gs, Gg, Gg, Gs, Gs
Gg^Edb, Gg^Edb, Rr, Re, Rr, Dd, Gg, Gg, Gs, Gg, Ds, Ds, Ww, Ww, Ss, Gg, Gg, Gg, Ww, Ww, Gs, Gg, Gg, Gg, Ww, Ww, Dd, Gg^Edb, Gs, Md, Gg, Dd, Ww, Ww, Ww, Re, Re, Rr, Re, Rr, Gg, Hh^Ftp, Gg^Ftr, Gg, Gg
Gs^Eb, Gs^Eb, Gs^Eb, Re, Ww, Ww, Hhd, Gg, Gg, Gg^Edp, Gg^Ebn, Ds, Ww, Wwt, Gg, Gg, Gg, Hh, Ww, Ww, Ww, Ww, Ww, Ww, Ww, Ww, Dd, Gg^Ebn, Gg, Gg, Gs, Hh, Ww, Ds, Ww, Ww, Re, Rr, Re, Rr, Rr, Cd, Gg, Gg, Gg
Gs^Edb, Gs^Edb, Gg^Efs, Re, Ww, Dd, Hh, Gs, Gg, Gs, Gg^Es, Ds, Ww, Ai, Hh, Gg, Gg, Gs, Hhd, Ww, Ww, Ww, Ww, Ww, Ww, Dd, Dd, Gs^Es, Gg, Gs, Hh, Gs, Gs, Gs, Sm, Dd, Ww, Gs^Ftr, Re, Rr, 2 Kd, Cd, Gg, Gs, Gs
Gs, Gs, Gg^Es, Re, Hh^Ftr, Gg^Fdw, Hh^Vca, Hh, Gg, Gs, Gs, Ds, Wwt, Wwt, Hhd, Gs, Gg, Gs, Hh^Vc, Aa, Md, Gg, Dd, Gs, Ss, Gg, Gs, Gg, Gs, Gs, Aa, Gg, Gg, Gs, Gs^Eb, Ww, Dd, Hh^Fdw, Gg, Ds, Cd, Sm, Gg, Ww, Ww
Gg, Gg, Gg, Gg, Gg^Fdw, Gg, Gg, Gg^Fdf, Gg, Gg, Gs, Gs^Ebn, Ww, Ww, Dd, Gg, Gg, Gg, Hh^Ftp, Gs, Gs, Gg, Gg, Gg, Gg, Gg, Gg, Gs, Gg^Edp, Gg, Aa, Hhd, Gg, Gg^Eb, Gg^Es, Ww, Ww, Ww, Ss, Ww, Ww, Ww, Ds, Ww, Ww
Aa, Aa, Aa, Mm, Gg, Gg, Gs, Hh^Ft, Gg, Gs, Hh, Hhd, Ww, Gs^Ftd, Gg, Gs, Gs, Gg, Gg^Fds, Gg^Fda, Gg, Gg, Gg, Gg, Gg, Gg, Gg, Gg, Gg^Edb, Ai, Ai, Hh, Gg, Gg^Es, Ds, Gg, Ww, Hh^Ft, Ww, Ww, Gg, Ww, Ww, Ww, Ww
Gg^Edp, Gg^Edp, Gg^Edp, Gg^Edp, Gg^Edp, Gg^Edp, Gg^Edp, Gg^Edp, Gg^Edp, Gg^Edp, Gg^Edp, Gg^Edp, Gg^Edp, Gg^Edp, Gg^Edp, Gg^Edp, Gg^Edp, Gg^Edp, Gg^Edp, Gg^Edp, Gg^Edp, Gg^Edp, Gg^Edp, Gg^Edp, Gg^Edp, Gg^Edp, Gg^Edp, Gg^Edp, Gg^Edp, Gg^Edp, Gg^Edp, Gg^Edp, Gg^Edp, Gg^Edp, Gg^Edp, Gg^Edp, Gg^Edp, Gg^Edp, Gg^Edp, Gg^Edp, Gg^Edp, Gg^Edp, Gg^Edp, Gg^Edp, Gg^Edp
