Md, Md, Md, Md, Md, Md, Md, Md, Md, Md, Md, Md, Md, Md, Md, Md, Md, Md, Md, Md, Md, Md, Md, Md, Md, Md, Md, Md, Md, Md, Md, Md, Md, Md, Md, Md, Md, Md, Md, Md
Md, Md, Hhd, Hh, Mm, Hh, Hh, Hhd, Hhd, Gs, Gs, Gs, Gs, Gg, Gs, Gs^Fetd, Hh^Fetd, Gs, Gs, Gg^Fet, Hh^Feth, Gs^Fet, Gg, Gs, Hh^Feth, Gg, Gg, Hhd, Hh^Fet, Gs, Gs, Gs, Gs, Gs, Gg, Gg, Gg, Gg, Hhd, Hhd
Mdd, Mdd, Ms, Gs, Hh, Hh, Ww, Ww, Dd, Gg^Feth, Hh, Hhd, Gs, Gs, Gs, Gg, Hh, Hhd, Gg, Gg, Hh, Gg, Gs, Hh, Gg, Gg, Gs, Gs, Gg^Fet, Gs, Gs, Gs, Gg, Gs, Gg, Gg^Fetd, Gg, Gg, Gs, Gs
Hhd, Hhd, Gs, Rra, Gg^Fet, Hhd, Hh, Hhd, Hhd, Hh^Fetd, Gg^Fetd, Gs^Fetd, Gs, Gs, Gs, Gg, Gg, Gs, Gg, Gg, Hh, Hhd^Vhca, Gs^Fet, Gs, Gs, Gs, Gg, Gs, Gs, Gs, Gs, Gs, Hhd, Hh^Fetd, Gs^Fetd, Chw, Hh, Hhd, Gg, Gg
Rra, Rra, Rrd, Hhd^Vhhr, Rrc, Rrd, Mdd, Hh, Ww, Hh^Vhs, Hh, Hhd, Gg, Gs, Gg^Fet, Gs, Gg, Gs, Gs, Hh, Gg, Gs, Hhd, Hhd, Gg, Gs, Gg, Gs, Gg, Hhd^Vhh, Gg^Fetd, Gg, Gs, Gs, Ch, 2 Kh, Ch, Gs^Fet, Gs, Gs
Rrc, Rrc, Rra, Rrd, Rra, Rrc, Rr, Rr, Dd, Ww, Gg, Gs, Gs, Gg, Hh^Fetd, Gg, Gs, Gs, Hhd, Gs, Gg, Gg, Gs, Gg, Gg, Gg, Gs, Gs, Gg, Gs, Gs, Gg, Gg, Rr, Rrd, Chw, Ch, Gg, Gg, Gg
Rrc, Rrc, Rr, Rrc, Rra, Hhd, Gs^Fetd, Hh, Rr, Re, Ss, Dd, Gs, Gs, Hh^Fet, Hh^Fetd, Hh^Feta, Hh^Vha, Gg, Gs, Gs, Hh, Gg^Feta, Hhd, Hhd, Gg, Gg, Gg, Gs, Gs, Gg, Rrd, Rrc, Rrc, Gs, Gg, Hh, Hh, Gg, Gg
Rrd, Rrd, Rrc, Gg^Feth, Hhd, Gg, Hh, Hhd, Gg, Re, Ww, Ww, Dd, Gg, Gg, Gg^Feth, Hh^Feth, Hh, Gs, Gg, Gs^Feta, Hh, Gg, Gs, Gs, Hh, Gs, Gs, Gg, Rr, Rrd, Gs, Rrc, Rra, Rr, Rra, Rr, Gg, Gs, Gs
Hh, Hh, Rr, Hhd, Mv, Gs, Hh, Gg, Hhd, Gg, Re, Re, Gg, Hh^Fet, Gg, Gs, Gs, Gg, Gs, Gg, Gs, Gg, Gg^Vha, Gg, Hhd, Gs, Gg, Rrc, Rra, Gg, Gs, Gs, Gs, Rrc, Rrd, Rrd, Gg^Vhca, Gs, Gg, Gg
Gs, Gs, Gs^Feta, Hh^Fet, Gs^Vhs, Gg^Fetd, Gg, Gg, Hhd, Hh, Ww, Ds, Hh^Vhh, Rrc, Gs, Gs, Gg, Gs, Gs, Gs, Gg, Gs, Gs, Gg, Gg, Rrc, Rr, Rr, Gs, Gs, Gs, Gg, Gs, Rra, Gg, Rrc, Gs, Gg, Gg, Gg
Hhd, Hhd, Gg^Fetd, Gg^Feta, Gg, Gg, Gg, Gg, Hh, Hh, Dd, Ds, Gs, Hhd, Rrd, Rra, Gs, Gs, Gs, Hh, Hh, Rrc, Rra, Rrc, Rrc, Rra, Rrd, Re, Ww, Ds, Dd, Gs, Gg, Gg, Rr, Gs, Gg, Gg, Gs, Gs
Gs, Gs, Gs, Gs, Gg, Gg, Gs, Gs, Gs, Dd, Ww, Ww, Gs, Gg, Gg, Hh^Feta, Rra, Rra, Gs, Rrd, Rr, Sm, Dd, Re, Rr, Ww, Hh^Vh, Ww, Ww, Ww, Ww, Ds, Gg, Gs, Gg, Gs, Gg, Gs, Gs, Gs
Gg, Gg, Gs, Gg, Gg, Gs, Gg, Hh, Gs, Gs, Ds, Dd, Gs, Gg, Gs, Gs, Gg, Rra, Rr, Dd, Gs, Ww, Ww, Hh^Feta, Ww, Ww, Ww, Ww, Ww, Ww, Dd, Gs, Gs^Fet, Hhd^Vha, Hhd, Gs, Gg, Ds, Gg, Gg
Gs, Gs, Gs, Gg, Gs, Gg, Gg, Hhd, Gg, Gg, Ww, Dd, Gg, Gs, Gg, Rrd, Rra, Rra, Ss, Ww, Hh, Ww, Ww, Ww, Ww, Ww, Wwg, Ww, Ww, Ww, Ww, Gs^Feta, Gs^Feta, Hhd, Ds, Sm, Ww, Ww, Ww, Ww
Gs, Gs, Gg, Gs, Gs, Gg, Gg, Gg, Gs, Gg, Dd, Ww, Hh, Rrc, Rrc, Rrd, Rr, Hh^Feta, Ww, Ww, Ww, Ww, Wwg, Ww, Ww, Ww, Ww, Wwg, Ww, Ww, Ww, Wwg, Sm, Ww, Wwg, Ww, Wwt, Ww, Ww, Ww
Gs, Gs, Gg, Gs, Gg, Gg, Gg, Gs, Gg, Gs, Ds, Ds, Hhd, Rra, Gg, Hhd, Hhd^Vhca, Ds, Ww, Ww, Ww, Wwt, Wwt, Ww, Ww, Wwg, Ww, Ww, Ww, Ww, Ww, Ww, Ww, Ww, Ww, Ww, Ww, Ww, Ww, Ww
Hhd, Hhd, Gg, Gs, Gs, Gg, Gg, Gg, Gs, Gg, Hh^Vh, Gg^Fet, Ww, Rr, Dd, Gg, Rr, Re, Ww, Ww, Ww, Ww, Ww, Ww, Ww, Ww, Ww, Ww, Ww, Ww, Ww, Ww, Wwg, Ww, Ww, Ww, Ww, Ww, Ww, Ww
Gg, Gg, Gs, Hh^Vhs, Gg, Gs, Gs, Gg, Gs, Gs, Gs, Rr, Rrd, Ww, Ww, Sm, Re, Ds, Ww, Wwt, Ww, Wwt, Ww, Ww, Ww, Ww, Ww, Ww, Ww, Ww, Ww, Ww, Ww, Ww, Wwg, Ww, Ww, Wot, Ww, Ww
Gs, Gs, Hh, Gs, Gg, Gs, Gs, Gg, Gs, Rr, Rrd, Gg, Gs, Dd, Ww, Ww, Wwt, Ww, Ww, Ww, Wwg, Ww, Ww, Wot, Wot, Ww, Ww, Ww, Ww, Ww, Ww, Ww, Ww, Wwg, Ww, Ww, Wo, Wwr, Ww, Ww
Hhd, Hhd, Gs, Gg, Gs, Gg, Gg, Rra, Rrc, Gg, Gg, Gs, Hh^Feta, Gs^Feta, Hhd, Ds, Ww, Ww, Ww, Ww, Wwg, Wwt, Wog, Wwg, Wwr, Wo, Ww, Ww, Ww, Ww, Ww, Ww, Ww, Ww, Ww, Ww, Wwt, Ww, Wo, Wo
Gs, Gs, Gg, Ch, Ch, Rrd, Rrd, Gg^Feth, Gs, Gs, Gg^Feta, Gs^Feth, Gs, Gs, Gs, Ds, Ww, Ww, Ww, Ww, Ww, Wot, Wot, Wot, Wwr, Wo, Ww, Wog, Ww, Ww, Ww, Wwt, Ww, Wog, Ww, Wo, Ww, Wwt, Ww, Ww
Gs, Gs, Gs, Chw, 1 Kh, Rrc, Gg, Gg, Gs, Gs, Gg, Gg, Hh^Vhh, Hhd, Ds, Ww, Ww, Ww, Ww, Ww, Wog, Wo, Ww, Ww, Wot, Wwr, Wog, Wog, Ww, Wot, Ww, Wog, Wog, Ww, Wwr, Wo, Wwr, Wo, Wot, Wot
Gg, Gg, Hhd, Rrc, Rra, Rr, Gs, Gg, Gs^Feta, Gg^Fetd, Gs, Gg, Dd, Sm, Ww, Ww, Ww, Ww, Ww, Wo, Wo, Wog, Ww, Wog, Wot, Wwr, Wog, Ww, Ww, Wwr, Wot, Ww, Wo, Wot, Wog, Wog, Wo, Wog, Wog, Wog
Gs, Gs, Hh, Gs, Hh, Gg^Feta, Rrc, Rra, Rrc, Rrc, Gs, Gs, Ww, Wwg, Ww, Ww, Ww, Ww, Ww, Wot, Wot, Wot, Wot, Ww, Wot, Wot, Ww, Wo, Wo, Wwr, Wo, Wot, Wo, Wog, Wo, Wwt, Wwg, Wog, Wog, Wog
Gg, Gg, Gs, Gs, Hh^Fet, Gs, Gg^Feth, Gg^Feta, Rrd, Rra, Re, Ww, Ww, Ww, Ww, Ww, Ww, Wwr, Ww, Ww, Wwr, Ww, Wwr, Wot, Wog, Wot, Wwt, Wog, Wog, Wo, Wog, Wog, Wog, Wog, Wo, Wwt, Wwt, Wot, Wot, Wot
Md, Md, Md, Md, Md, Md, Md, Md, Md, Md, Md, Md, Md, Md, Md, Md, Md, Md, Md, Md, Md, Md, Md, Md, Md, Md, Md, Md, Md, Md, Md, Md, Md, Md, Md, Md, Md, Md, Md, Md
