Xur, Xur, Xur, Xur, Xur, Xur, Xur, Xur, Xur, Xur, Xur, Xur, Xur, Xur, Xur, Xur, Xur, Xur, Xur, Xur, Xur, Xur, Xur, Xur, Xur, Xur, Xur, Xur, Xur, Xur, Xur, Xur, Xur, Xur, Xur, Xur, Xur
Xur, Xur, Xur, Xur, Xur, Uu, Xur, Xu, Xur, Xur, Xur, Uh, Uh, Uhe, Hh, Hh, Uue, Uue, Uue, Uue, Uue, Uue, Xuc, Xue, Xue, Xue, Uue, Uu, Uue, Uue, Uue, Uue, Uue, Uue, Uue, Uue, Uue
Xur, Xur, Xur, Xur, Uu, Uu, Uu, Uu, Xu, Uh, Uh, Uhe, Uhe, Uhe, Uhe, Uhe, Uue, Uue, Uue, Uue, Uue, Uue, Uu, Uu, Xue, Uu, Uu, Uu, Uue, Uue, Uue, Uue, Uue, Uue, Uue, Uue, Uue
Uue, Uue, Uue, Uue^Vud, Uu, Uh, Uu, Uh, Uh, Uh, Uh, Uh, Uhe, Uhe, Uhe, Uhe, Uue, Uue, Uue, Uue, Uue, Hhd^Vu, Uu, Uu, Uu, Uu, Uu, Uu, Uu, Uu, Uu, Uu, Uu, Rr, Uue, Uue, Uue
Uue, Uue, Uue, Uue, Uhe, Uh, Uh, Hhd, Uh, Uhe, Uhe, Uh, Uh, Uh, Uhe, Uhe, Uue, Uue, Uue, Uue, Uue, Hhd, Hhd, Hhd, Rrd, Rrc, Uu, Uu, Uu, Uu, Uu, Rrd, Rr, Uue, Uue, Uue, Uue
Uu, Uu, Uu, Uu, Uhe, Uh, Hhd^Vud, Hhd, Hh, Hh^Vud, Uhe, Uh, Uh, Uh, Uhe, Uhe, Uue, Uue, Uue, Uue, Uue, Uue, Hhd, Uue, Rr, Uhe, Uhe, Uu, Uu, Rrd, Rr, Uue, Uue, Uue, Uue, Uue, Uue
Uu, Uu, Uu, Uu^Vu, Uh, Uh, Hhd, Hhd, Hh, Uu, Uu, Uu, Uh, Hh^Vud, Uhe, Hh, Uue^Vu, Uue, Uue, Uue, Uue, Uue, Uue^Vu, Uue, Rrc, Rrc, Uhe, Rr, Rrd, Rra, Uue, Uue, Uue, Uue, Uue, Uue, Uue
Uu, Uu, Uu, Uu, Uh, Uhe, Uhe, Hhd, Uu, Uu, Uu, Uue, Uue, Uu, Hh, Hh, Uue, Uu, Uue, Uue, Uue, Uue, Uue, Uue, Uue, Uue, Rrc, Rra, Rrd, Rrc, Uue, Uue, Uue, Uue, Uue, Uue, Uue
Uu, Uu, Uu, Uue^Uf, Uhe, Uhe, Uhe^Vu, Uue, Uue, Uue, Uue, Uue, Uue, Uu, Uu, Uue, Uue, Uu, Uu, Uue, Uue, Uue, Uue, Uue, Uue, Uue, Uue, Uue, Rra, Rrc, Uue, Uue, Uue, Uue, Uue, Uu, Uu
Uue^Qhu, Uue^Qhu, Uu^Qhh, Uh^Vu, Uhe, Uhe, Uhe, Uue, Uue, Uue, Uue, Uue, Uu, Uu, Uu, Uue, Uue, Uue, Uue, Uue, Uue, Uue, Uue, Uue, Uue, Uue, Uue, Uue, Rrc, Rra, Uue, Uue, Uue, Uue, Uu, Uu, Uu
Uue^Uf, Uue^Uf, Uu, Uu, Uhe, Uhe, Uhe, Rrd, Rrd, Uue, Uue, Xuc, Xuc, Uue, Uue, Uue, Uue, Uue, Uue, Uue^Uf, Uue, Uue, Uue, Uue^Qhh, Uue^Ufi, Uue, Uue, Uue, Rrd, Rrc, Uue, Uue, Uue, Uue, Uu, Uu, Uu
Uu^Ufi, Uu^Ufi, Uu^Qhu, Uu, Hhd, Rrc, Rra, Xu, Uue, Xuc, Xuc, Xuc, Xuc, Uue, Uue, Uue, Uue, Uue, Uue^Ufi, Uue^Uf, Uue, Uue, Uue, Uu^Qhh, Uu^Uf, Uue, Uue, Uue, Rrd, Rrc, Uue, Uue, Uue, Uue, Uue, Uue, Uue
Uu^Qhu, Uu^Qhu, Uu^Qhu, Cud, Rrd, Cud, Xur, Xu, Xu, Xuc, Xuc, Xuc, Xuc, Xuc, Uue, Uue, Uue, Uue, Uue, Uue^Uf, Uue, Uue, Uue, Uu^Qhh, Uu^Ufi, Uue, Uue, Rrc, Rra, Xur, Rra, Rrd, Cud, Cud, Uue, Uue, Uue
Uu, Uu, Uu, Cud, 1 Kud, Rrc, Xur, Xur, Xu, Xuc, Xuc, Xuc, Xuc, Xuc, Xuc, Uue, Uue, Uue, Uue, Rrc, Rrc, Uue, Uue, Uue^Uf, Uue^Ufi, Rr, Rrd, Rr, Xur, Xur, Uue, Cud, 2 Kud, Cud, Xue, Uue, Uue
Uu, Uu, Uu, Uu, Cud, Uu, Rr, Rrc, Xuc, Xuc, Xuc, Xuc, Xuc, Xuc, Xuc, Xuc, Uue, Uue, Uue, Rrc, Rra, Rrd, Uue, Rrc, Rra, Uue^Qhh, Rr, Rrc, Xur, Xur, Uue, Uue, Cud, Uue, Xue, Uue, Uue
Uu, Uu, Uu, Uu, Uu, Uue, Uue, Uue, Rrd, Rr, Rra, Rrc, Rrc, Rrc, Xuc, Uu, Uue, Uue, Uue, Uu, Uu, Rrc, Rrc, Uue^Uf, Uue, Uu^Qhu, Uu^Qhh, Rrc, Uue^Uf, Uue, Uue^Ufi, Uue, Uue^Uf, Uu^Ufi, Uue, Uue, Uue
Uue, Uue, Uu, Uue, Uue, Uue, Uue, Uue, Uue, Rrc, Rr, Rr, Rr, Uh^Uf, Rrc, Rrd, Rrc, Rrd, Rrd, Rra, Rra, Rrc, Rr, Rrd, Uue^Uf, Uu^Qhh, Uu, Uu, Uu^Qhu, Uue^Qhh, Uue^Uf, Uue^Qhh, Uu^Qhu, Uu^Qhh, Uue, Uue, Uue
Uue, Uue, Uue, Uue^Vud, Uue, Uue, Uue, Uue, Uue, Rra, Rrd, Uh^Uf, Uh^Qhh, Uue^Qhh, Uu, Uu, Uu, Xur, Xur, Uu, Rrc, Uue, Uue, Uu^Qhu, Rr, Rrc, Uu^Uf, Uu^Qhu, Uu^Ufi, Uue^Uf, Uue^Uf, Uue^Ufi, Uu^Qhu, Uu^Uf, Uue, Uue, Uue
Uue, Uue, Uue, Uue, Uue, Uue, Uue, Uue, Rrd, Rr, Uhe^Qhh, Uue, Uh^Uf, Uu, Uu, Uu, Uu, Uu, Xur, Uue, Rrd, Uu^Ufi, Uue^Qhh, Uue, Uu^Qhu, Uu^Uf, Rr, Rrd, Uu^Qhu, Uue^Ufi, Uue^Uf, Uu^Uf, Uu^Qhu, Uue^Qhh, Uue^Uf, Uue, Uue
Uue, Uue, Uue, Uu, Uue, Uue, Uue, Uue, Uue, Uue, Uue, Uue, Uue, Uue, Uu, Uu, Uu, Uu, Uu, Uu^Uf, Rrc, Hhd^Vu, Uu^Qhu, Uue, Uue, Uue, Uue, Uue, Rrc, Rrc, Uue, Uue, Uu, Uu, Uu^Uf, Uu^Uf, Uu^Uf
Uue, Uue, Uu, Uu, Uh, Uh, Uue, Uue, Uue, Uue, Uue, Uue, Uue, Uue, Uue^Ufi, Uu^Ufi, Uue^Qhu, Uh^Qhu, Uue^Qhu, Uue^Ufi, Uue, Hhd, Hhd, Uue, Uue, Uue, Uue, Uue, Uue, Uhe, Rr, Rrd, Uu, Hhd^Vud, Hhd, Uue^Qhu, Uue^Qhu
Uue, Uue, Uu, Uu^Uf, Uh^Ufi, Uh^Uf, Uue, Uue, Uue, Uu, Uu, Uue, Uue, Uue^Ufi, Uue^Qhu, Uue^Uf, Uue, Hhd^Vud, Uh^Qhh, Uue, Uue^Ufi, Uu^Ufi, Uue^Ufi, Uue^Qhu, Uue, Uue, Uue, Uue, Uhe, Uhe, Uhe, Rrd, Uu, Uue, Hhd, Uu^Qhu, Uu^Qhu
Uue, Uue, Uu, Uu, Uhe^Ufi, Uh, Uh, Uue, Uue, Uu, Uu, Uu, Uue, Uue^Ufi, Uu^Ufi, Uue^Uf, Uu^Qhu, Uhe^Qhu, Hhd, Uu^Uf, Uue^Uf, Uu, Uu^Uf, Uue, Uue, Uue, Uue, Uue, Uhe, Uhe, Uhe, Uue, Rra, Rr, Uue, Uue^Ufi, Uue^Ufi
Uue, Uue, Uue, Uue, Xuc, Uh, Uh, Uue, Uue, Uue, Uu, Uu, Uu, Uu, Uu, Uu^Ufi, Uu^Ufi, Uu^Qhh, Uu, Uh^Qhu, Uu, Uue, Uue, Uue, Uue, Uue, Uue, Uu, Uhe, Uhe, Uhe, Uue, Uue, Uue, Xur, Xur, Xur
Uue, Uue, Uue, Uue, Uue, Uh, Uue, Uue, Uue, Uue, Uu, Uu, Uu, Uu, Uu, Uu, Uu, Uu^Ufi, Uu, Uu, Uue, Uue, Uue, Uu, Uu, Uu, Uu, Uu, Uue, Uue, Uu, Uu, Uue, Uue, Xur, Xur, Xur
Xur, Xur, Xur, Xur, Xur, Xur, Xur, Xur, Xur, Xur, Xur, Xur, Xur, Xur, Xur, Xur, Xur, Xur, Xur, Xur, Xur, Xur, Xur, Xur, Xur, Xur, Xur, Xur, Xur, Xur, Xur, Xur, Xur, Xur, Xur, Xur, Xur
