Xuc, Xuc, Xuc, Xuc, Xuc, Xuc, Xuc, Xuc, Xuc, Xuc, Xuc, Xuc, Xuc, Xuc, Xuc, Xuc, Xuc, Xuc, Xuc, Xuc, Xuc, Xuc, Xuc, Xuc, Xuc, Xuc, Xuc, Xuc, Xuc, Xuc, Xuc, Xuc, Xuc, Xuc, Xuc, Xuc, Xuc, Xuc, Xuc, Xuc, Xuc, Xuc, Xuc, Xuc, Xuc, Xuc, Xuc, Xuc, Xuc, Xuc
Xuc, Xuc, Xue, Xue, Uue, Uh, Uue, Uu, Uue, Uhe, Uue, Uue^Uf, Uue, Uu, Uue, Hhd, Uh, Hh, Uh, Uh, Uu, Uue, Uu, Uu, Uue^Ufi, Uu^Ufi, Uue^Qhu, Uu^Ufi, Uu, Uue, Uu, Hh, Uu, Uu, Uue, Uhe, Uhe, Hh, Uhe, Uu, Uue, Uue, Uu, Uu, Uue, Hhd, Xue, Xu, Uu, Uu
Uu^Qhu, Uu^Qhu, Xue, Xur, Uu, Uu, Uu, Uu, Hhd, Uh, Uue, Uu, Uu, Uu, Uu, Hh, Uhe, Uh, Uhe, Uh, Uue, Uu, Uu, Uu, Hhd, Uu^Ufi, Uue^Qhh, Hh, Uu, Hhd, Uue, Uue, Uu, Uue, Uh, Uh, Uhe, Uhe, Uh, Uu, Uu, Uu, Uu, Uu, Xue, Xu, Xue, Uue, Uu, Uu
Uue, Uue, Xu, Uu, Uu, Uue, Uu, Uu, Uu, Uu, Uue, Hh, Uu, Uu, Uue, Uue, Uue, Uue, Uue, Uu, Uue, Uue, Hhd, Hhd, Uhe^Uf, Cud, Hh, Hh, Hh, Uue, Uu, Uue, Uue, Uh, Uhe, Uhe, Uh, Uh, Hhd, Uue, Uu, Uue, Uue, Uh, Uue, Uu, Rrc, Uue, Uu, Uu
Hhd, Hhd, Uue, Uu, Uue, Uu, Uue, Uu, Uue, Hh^Vud, Uue, Uue, Uu, Uu, Uue, Uu, Xur, Hh, Uu, Uu, Uu, Uu, Uue, Uue, Cud, 2 Kud, Cud, Uhe, Uh, Hhd, Hhd, Uhe, Uh, Uh, Uhe, Uhe, Uhe, Uh, Uh, Uhe, Uhe, Uhe, Uh, Uh, Uh, Uhe, Rra, Uue, Uue, Uue
Uh, Uh, Uhe, Uu, Uu, Uue, Uue, Uue, Uue^Ufi, Uu^Qhu, Uu, Uue, Uue, Uu, Uue, Uue, Hh, Xuc, Xue, Uu, Hhd, Uue, Uue, Uue, Rrd, Cud, Cud, Uhe^Uf, Uhe^Qhh, Uu, Uhe, Uhe, Uhe, Uhe, Uh, Uhe, Uhe, Uh, Uhe, Uh, Uh, Uh, Uh, Hhd, Uhe, Uh, Rra, Uh, Uhe, Uhe
Uh, Uh, Uhe, Uue, Uu, Uue, Uue, Uu^Uf, Uue^Qhh, Uue^Qhh, Uue^Uf, Uu^Ufi, Hh, Uu, Uu, Uu, Uu, Xuc, Xuc, Hhd, Uu, Uue, Uu, Uu, Rrc, Uhe, Uh^Uf, Uhe^Uf, Uhe^Ufi, Uu, Uh, Uhe, Uh, Hhd, Uhe, Uue, Uh, Uhe, Uhe, Uhe, Uh, Uh, Hhd, Uhe, Uhe, Rr, Rr, Uu, Uu, Uu
Uhe, Uhe, Uh, Uue, Uue, Uu, Uu, Uue, Uu^Ufi, Uue^Ufi, Hh^Vu, Uhe^Uf, Uhe, Uh, Uu, Uue, Uu, Xu, Xue, Hh, Uue, Uu, Uu, Uu, Rrc, Uh, Uu, Uu, Uue, Uue, Uu, Uh, Uhe, Uhe, Hhd, Uue, Uu, Uh, Uhe, Uh, Hhd, Uhe, Hh, Uh, Rrd, Uu, Hhd, Hh, Uue, Uue
Uhe, Uhe, Xue, Xur, Xur, Uu, Uu, Uu, Uue, Uu, Hhd, Hh, Uh, Uh, Uhe, Uue, Uue, Hh, Uu, Uue, Uu, Uue, Uue, Uue, Rrd, Uu, Uue, Hhd, Hhd, Uue, Uu, Uue, Uue, Hhd, Uu, Hhd, Uu, Uu, Uu, Uhe, Uh, Uhe, Uue, Rrc, Rr, Uu, Uu, Uue, Uu, Uu
Xu, Xu, Hh, Hhd^Vud, Xur, Uu, Uue, Uue, Uu, Hh, Hhd, Hh, Uhe, Uhe, Uh, Uu, Uue, Hhd, Uu, Uu, Uu, Uue, Uu, Uue, Rrc, Hh, Hh, Uu, Uu, Uue, Uu, Uu, Uu, Uue, Uu, Uu, Uu, Uu, Uue, Hh, Uh, Rra, Rrc, Uue, Uue, Uu, Uu, Uu, Uu^Uf, Uu^Uf
Hhd, Hhd, Uhe^Ufi, Uue^Uf, Uue^Qhh, Uu, Uu, Xuc, Uu^Uf, Uu, Uue, Uue, Uh, Uh, Hhd, Hhd, Hhd, Uhe, Uue, Uu, Uu, Uue, Uue, Hhd, Rr, Uu, Uu, Uue, Uue, Hhd, Hh, Uue^Uf, Uu^Qhu, Uue, Uu, Uue, Uue, Hh, Uue, Rr, Rrc, Uh, Uue, Uu, Uue, Uue^Qhh, Uue^Ufi, Uue^Uf, Uue^Qhh, Uue^Qhh
Uh^Qhu, Uh^Qhu, Uh^Qhh, Uu^Qhh, Uue^Uf, Uue^Qhh, Uu^Qhh, Hhd^Vud, Uue^Qhh, Uhe^Ufi, Uhe, Uh, Uu, Uue, Uu, Uh, Uhe, Hhd, Uhe, Uhe, Uue, Uue, Uu, Hh, Rrd, Uue, Uu, Uue, Uue, Uue, Uu^Qhh, Uu^Ufi, Uu^Uf, Uue^Qhu, Uu, Uu, Uue, Rrd, Rra, Uu, Uue, Uh, Hh, Uu, Uue, Uue^Ufi, Uu^Ufi, Uu^Uf, Uue^Qhu, Uue^Qhu
Uh^Uf, Uh^Uf, Uhe^Qhh, Uh^Qhu, Uhe^Ufi, Uhe^Qhu, Uhe, Hh, Uh^Qhh, Uh, Uhe, Uhe, Uue, Uue, Uu, Uh, Uh, Uhe, Uhe, Uhe, Uue, Uu, Uu, Uu, Rra, Rra, Uu, Uu, Hh, Uue, Hh, Uue^Ufi, Uue, Uu, Uue, Rra, Rra, Uhe, Uue, Uu, Uue, Uhe, Uh, Uu, Uu, Hh, Hhd, Hhd, Uue^Qhu, Uue^Qhu
Uh^Qhh, Uh^Qhh, Uhe^Uf, Uh^Uf, Uhe^Ufi, Uhe, Uh, Uh, Uhe, Uhe, Hhd^Vud, Uu, Uue, Uue, Uu, Uue, Uhe, Hh, Uh, Hh, Uu, Uue, Uu, Uue, Rra, Rr, Rrd, Rrc, Uue, Uu, Uue, Hhd, Uu, Rrc, Rrd, Uu, Hh, Hhd, Hhd, Uh, Uhe, Uu, Uu, Uh, Uu, Uue^Qhu, Uue^Uf, Hh, Uu, Uu
Uh^Qhu, Uh^Qhu, Uhe^Uf, Uh^Qhu, Uh^Qhu, Uhe, Uh, Uh, Rra, Rrd, Uh, Uue, Uu, Uue, Uue, Uue, Hh, Uhe, Uh, Uu, Uue, Uue, Uu, Uu^Ufi, Rra, Rra, Rra, Rrd, Uue^Qhh, Uue, Uue, Rrc, Rra, Uue, Uue, Uue, Uue, Uh, Uue, Uue, Uue, Uu, Uue, Uu, Uu^Qhu, Uu^Ufi, Hh, Hhd, Uue, Uue
Uhe^Ufi, Uhe^Ufi, Hh, Uu^Uf, Uh^Qhu, Uh^Qhh, Uhe, Hhd^Vu, Uhe, Hh, Rr, Rra, Rra, Rra, Uue, Uue, Hh, Uue, Uue, Uue, Uue, Uue^Uf, Uue^Qhh, Uu, Rrd, Uu^Uf, Rrd, Uue^Ufi, Hh, Rra, Rrc, Uu, Uu, Uue, Uue, Uu, Uue, Uu, Uu, Uue, Uue, Uh^Qhh, Uu^Qhu, Uue, Uu, Uu^Qhh, Uu^Ufi, Uh^Qhu, Uhe^Qhh, Uhe^Qhh
Uu^Qhh, Uu^Qhh, Uu^Uf, Uu^Qhh, Uu^Uf, Uhe^Uf, Uu^Ufi, Uue, Hh, Hh, Uh, Uue, Uue, Xue, Rrc, Rra, Uue, Uu, Uue, Uue, Uue, Uue^Qhu, Uue^Qhh, Uu, Rr, Uu^Uf, Uue^Qhh, Rrd, Rra, Rr, Rrd, Rra, Uu, Hh, Uue, Uu, Uue, Uhe, Uu, Uue, Uu, Uu^Qhu, Uu^Uf, Hh, Hh, Uue^Qhu, Uu^Ufi, Uue^Ufi, Uh^Uf, Uh^Uf
Uue^Uf, Uue^Uf, Uue^Qhh, Hh^Vu, Uue^Qhu, Uh^Uf, Uu^Qhh, Uu^Uf, Uh, Uhe, Hhd, Uue, Uu, Xuc, Xuc, Xur, Rr, Rrc, Uue, Uue, Xuc, Uu^Qhh, Uu, Uue, Rr, Rra, Rra, Uue^Qhu, Rra, Rrc, Rr, Rrd, Hhd, Uu, Uue, Uue, Hh, Uhe, Uu, Uu, Uue, Uue^Qhu, Uue, Uue, Uue, Uue, Uu^Ufi, Uue^Qhu, Hhd, Hhd
Uue^Ufi, Uue^Ufi, Uu^Uf, Uue^Ufi, Uu^Uf, Uue^Uf, Uue^Qhu, Uu^Qhh, Uh^Qhu, Uh, Uhe, Uue, Uu, Xur, Xur, Xuc, Hh, Hh, Rr, Rra, Xuc, Uue, Uu, Uue, Rrd, Uue^Qhh, Hhd, Uu^Qhh, Rrd, Rrd, Rr, Uu, Rrc, Uue, Uu, Hh, Uh, Uhe, Uu, Uue, Uu, Uue, Uu, Uu, Uu, Uue, Uue, Uu, Uue^Ufi, Uue^Ufi
Uu^Ufi, Uu^Ufi, Uu^Qhu, Uu^Ufi, Uu^Uf, Uu^Uf, Uue^Ufi, Uh^Qhh, Uhe^Uf, Uu, Hhd, Uhe, Hh, Uu, Uu, Uue, Uue, Hhd, Uue, Rrd, Xur, Uu, Uue, Uu, Rrc, Uu, Uue^Ufi, Rra, Rrc, Rrc, Rr, Uu, Uue, Uhe, Uhe, Hh, Uhe, Uu, Uu, Uu, Uu, Uue, Hh, Uu, Uue, Uu, Uue, Hh, Hhd, Hhd
Uu^Qhu, Uu^Qhu, Uue^Ufi, Uue^Qhu, Uu^Qhu, Uu^Ufi, Uu^Uf, Hhd^Vud, Uhe^Qhu, Uhe, Hhd, Uh, Uue, Uu, Hhd, Hhd, Hh, Uue, Uu, Rrc, Uue, Uu, Uu, Uue, Rrd, Uu, Hh, Rra, Rrd, Uue, Uue, Uue, Uu, Uue, Hhd, Uh, Uh, Uue, Uu, Uue, Hhd, Hhd, Hh, Uue, Uue, Hhd, Uue, Hhd, Uu, Uu
Uu^Qhh, Uu^Qhh, Uu^Qhu, Uu, Uu, Uue^Qhh, Uu^Ufi, Uue^Qhh, Hh, Hhd, Hhd, Uu, Uu, Uu, Uue, Uue, Uu, Uu, Uue, Uu, Rrc, Rrd, Uue, Hh, Rrc, Hh, Hhd, Hhd, Hhd, Uue, Hhd, Hh, Uue, Uu, Hhd, Uhe, Uhe, Uue, Uu, Uue, Uu, Uue, Uu, Uu, Uue, Xue, Uue, Uue, Uu, Uu
Hh, Hh, Uue^Qhh, Uu, Uu, Uu^Qhh, Uu^Ufi, Hhd, Uhe, Uhe, Uhe, Uue, Uue, Uue, Uue, Uue, Uu, Uue, Uu, Uue, Uue, Uu, Rr, Rra, Rra, Uu, Uu, Rra, Uue, Uu, Uue, Uue, Uue, Uue, Uu, Uu, Uu, Uue, Uu, Xur, Hhd, Uu, Uu, Xue, Xu, Xur, Xuc, Xuc, Xu, Xu
Uu, Uu, Uue, Uue, Uue, Uh, Hhd^Vud, Uu, Uue, Uh, Uu, Uu, Uu, Uue, Uu, Uu, Uue, Uu, Hhd, Uue, Uu, Uue, Hh, Hhd, Rrd, Rrd, Rrd, Rra, Rrc, Uue, Hh, Uue, Uu, Uu, Uu, Uu, Uue, Uu, Uue, Xur, Xu, Uue, Hh, Xue, Xur, Xuc, Xue, Xue, Xuc, Xuc
Uue, Uue, Uu, Uue, Uue, Uue, Uu, Uu, Uu, Uhe, Uu, Uu, Uu, Uue, Uue, Uu, Uue^Qhh, Uu, Uue, Uue, Uu, Uu, Uue, Uue, Rr, Uhe, Rrd, Rrd, Uue, Hh, Uu, Uu, Uue, Uu, Uu, Uu, Uu, Uu, Uu, Xur, Xue, Uue, Xu, Hhd, Xuc, Xue, Xur, Xu, Xu, Xu
Uu, Uu, Uu, Hh^Vu, Uu, Uu, Uue, Hh, Uu, Uhe, Hh, Rra, Rrc, Rr, Uue, Uu^Ufi, Uue^Ufi, Uue^Ufi, Hhd, Uu, Uu, Uu, Uu, Uue, Rrc, Uh, Uh, Uue, Rra, Rr, Uh, Uu, Uue, Uue, Uue, Hh, Uue, Uu, Hhd, Uue^Ufi, Uu^Qhu, Uue^Qhh, Hh, Xue, Hh, Xu, Xuc, Xuc, Hhd, Hhd
Uu, Uu, Uu, Uu, Uu, Uue, Uue, Uue, Rr, Rrc, Rra, Uue, Hhd, Hh, Rr, Rra, Uu^Ufi, Uu^Qhh, Uu, Uue, Uue, Uue, Hh, Uue, Rra, Uh, Uu, Uu, Uue, Uue, Rr, Rr, Uu, Hh, Uu, Hh, Hhd, Uu, Hh, Uu^Qhu, Uue^Uf, Uu^Uf, Uue^Qhu, Uue^Ufi, Uh^Uf, Uhe^Ufi, Uh^Qhh, Hh, Hh, Hh
Uue, Uue, Uhe, Uh, Uhe, Uu, Uue, Uue, Uu, Hh, Uue, Xue, Uue, Xuc, Hh, Xu, Rr, Rra, Xue, Uu, Hhd, Uu, Hhd, Uue, Rrd, Uue, Uue, Uu, Uu, Uue, Uue, Uue, Rra, Rr, Hh, Uu, Hh, Uue, Uue, Uu^Uf, Uu^Uf, Uue^Qhh, Uue^Uf, Uu, Uh, Uh^Qhh, Uh^Qhu, Hh, Uu, Uu
Uh, Uh, Uhe, Uhe, Uh, Uh, Uue, Uu, Hhd^Vu, Uue, Xuc, Xu, Xuc, Xuc, Xu, Hh, Hh, Uu, Rrd, Rra, Hhd, Hhd, Uu, Hh, Rrc, Uue, Uu, Uue, Uh, Uh, Uhe, Uue, Uh, Uhe, Rr, Rra, Hhd, Uue^Qhh, Uu, Uu, Uu^Qhu, Hh, Uhe^Uf, Uh, Uhe, Uh, Uhe, Uue, Uu, Uu
Uhe, Uhe, Uh, Hhd^Vu, Uh, Uhe, Uhe, Uu, Uue, Uue, Xur, Xuc, Xue, Xu, Xuc, Xuc, Xu, Uhe, Uu, Uue, Rrd, Rr, Uu, Hh, Rra, Hhd, Uu^Qhu, Uu^Qhu, Hh, Uh, Uh, Uu, Hhd, Uh^Qhu, Hhd, Uue^Qhh, Rra, Rr, Uue, Uu, Hh, Hhd, Uh, Uhe, Uh, Uhe, Uh, Hh, Uu, Uu
Uhe, Uhe, Uh, Uhe, Uhe, Uue, Uue, Uue, Hhd, Uue, Uue, Xu, Xue, Xur, Xur, Hhd, Xur, Uu, Uu, Uu, Uu, Uu, Rrc, Rra, Rrc, Rrd, Hh, Uu^Uf, Uhe^Qhu, Uhe^Ufi, Hh, Uue^Qhh, Uhe^Qhh, Hhd, Uh^Qhh, Hh, Uu^Qhh, Uu^Qhu, Rrc, Rr, Hh, Hhd, Uh, Uh, Uhe, Uh, Uhe, Uu, Hh, Hh
Uue, Uue, Uue, Uue, Uu, Uue, Uu, Uu, Hhd^Vu, Uu, Uu, Uue, Xu, Uh, Uue, Uu, Uu, Uu, Uue, Uu, Uu, Uue, Uue, Uue, Rr, 1 Kud, Cud, Uue^Qhh, Uu^Qhh, Uhe^Ufi, Uue^Qhu, Uue^Qhh, Hh, Uh^Qhh, Uh^Qhu, Uu^Ufi, Uu^Qhu, Uue^Uf, Uu, Uue, Rr, Rrc, Rrc, Rr, Rr, Rrd, Hh, Uh, Uu, Uu
Hhd, Hhd, Uue, Uue, Hhd^Vu, Uue, Uue, Uu, Uue, Uue, Uu, Xuc, Xue, Xu, Hh, Uue, Uu, Uue, Uue, Uue, Uue, Uu, Uue, Uue, Cud, Cud, Cud, Uue^Ufi, Uue^Qhu, Hh, Uu^Qhu, Uu^Qhu, Uu^Qhu, Uh^Qhh, Uu^Uf, Uu^Ufi, Uue^Qhu, Uue^Qhh, Hhd, Uue, Uu, Uu, Uu, Uu, Uh, Uh, Rra, Uue, Uue, Uue
Hh, Hh, Uue, Uu, Hhd, Xu, Hhd, Hhd, Xuc, Xu, Xur, Xue, Uhe, Uue, Uue, Hhd, Uue^Uf, Uue^Uf, Uu, Uue, Uu, Uu, Hhd, Uue, Uue, Uue, Uu, Uue, Uue^Ufi, Uue^Qhu, Uue^Qhu, Uhe^Qhu, Uue^Uf, Uu^Qhu, Uu^Uf, Uue^Qhh, Uu^Qhu, Uue^Qhh, Uue^Qhh, Uue^Uf, Uue^Qhu, Hh, Uu, Uh, Uhe, Uhe, Uh, Uue, Hh, Hh
Uue, Uue, Uue, Uue, Uu, Hh, Xur, Xur, Xue, Xur, Hh, Xu, Uh, Hhd, Hhd, Uue^Qhu, Hh, Uu^Qhu, Hh, Uue, Uu, Uue^Uf, Uue, Uu, Uue, Uue, Uu, Uue, Uu, Uue^Qhh, Uue, Uue, Uue, Uu^Uf, Uu^Qhu, Uue^Uf, Uu^Ufi, Uu^Ufi, Uue^Uf, Uu^Ufi, Uue^Uf, Uu^Uf, Uue, Uhe, Uh, Uh, Uu, Uue, Uu, Uu
Xuc, Xuc, Xuc, Xuc, Xuc, Xuc, Xuc, Xuc, Xuc, Xuc, Xuc, Xuc, Xuc, Xuc, Xuc, Xuc, Xuc, Xuc, Xuc, Xuc, Xuc, Xuc, Xuc, Xuc, Xuc, Xuc, Xuc, Xuc, Xuc, Xuc, Xuc, Xuc, Xuc, Xuc, Xuc, Xuc, Xuc, Xuc, Xuc, Xuc, Xuc, Xuc, Xuc, Xuc, Xuc, Xuc, Xuc, Xuc, Xuc, Xuc
