Xur, Xur, Xur, Xur, Xur, Xur, Xur, Xur, Xur, Xur, Xur, Xur, Xur, Xur, Xur, Xur, Xur, Xur, Xur, Xur, Xur, Xur, Xur, Xur, Xur, Xur, Xur, Xur, Xur, Xur, Xur, Xur, Xur, Xur, Xur, Xur, Xur, Xur, Xur, Xur, Xur
Xur, Xur, Xur, Xur, Xur, Uu, Xur, Xu, Xur, Xue, Xur, Uh, Uh, Uh, Uh, Uhe, Hhd, Uhe, Hh, Uu, Uue, Uue, Hhd, Hhd, Hhd, Uh, Uue, Uu, Uue, Uue, Uue, Uue, Uu, Uue, Hh, Uue, Uu, Uue, Uu, Uue, Uue
Uh, Uh, Xur, Xu, Xu, Uu, Uu, Uue, Xue, Uhe, Uh, Uhe, Uhe, Uhe, Uhe, Uh, Hh, Uue, Uu, Uu, Hhd, Uue, Uu, Hhd, Hhd, Hhd, Uu, Uue, Uu, Uu, Uue, Uue, Uue, Uue, Uu, Uu, Uu, Uu, Uu, Uu, Uu
Hhd, Hhd, Uue, Uu, Uu, Uhe, Uu, Uh, Uh, Uhe, Uhe, Uhe, Uhe, Uhe, Uh, Uue, Uu, Uue, Uu, Uh, Uh, Uhe, Hhd, Uu, Hhd, Uu, Uue, Uue, Uu, Uu, Uue, Uue, Uu, Uu, Uue, Uu, Uue, Rrd, Hhd, Hhd, Hhd
Hhd, Hhd, Hh, Uu, Uhe, Uhe, Uhe, Uh, Uh, Uhe, Hhd, Uh, Uh, Uu, Hhd^Vud, Hhd, Uu, Hh, Uu, Hhd^Vud, Uu, Uu, Uu, Uue, Uu, Hhd, Uh, Uu, Uue, Uu, Uu, Hh, Hh, Uue, Uue, Rrc, Rrc, Uhe, Uhe, Uu, Uu
Hhd, Hhd, Uu, Uue, Uh, Uh, Hhd^Vu, Hhd, Uhe, Uhe, Uhe, Uh, Uh, Uu, Uhe, Uhe, Uu, Uue, Uue, Uue, Uue, Uu, Uue, Uu, Hh, Uh, Uh, Uh, Uue, Uu, Uue, Hh, Uue, Uhe, Hh, Rr, Uhe, Uhe, Uh, Uu, Uu
Uu, Uu, Hhd, Uue, Uh, Uh, Hhd, Uh, Uh, Uhe, Uh, Hh, Uh, Uu, Hhd, Uhe, Uu, Uu, Uu, Uu, Uue, Uue, Uu, Hh, Uu, Uh, Uhe, Uh, Uu, Uu, Uu, Hhd, Uu, Uue, Hh, Rrc, Uhe, Uhe, Uhe, Uue, Uue
Uue, Uue, Hh, Uu, Uh, Uhe, Uh, Hhd, Uu, Uue, Uue, Uu, Uu, Hh, Uue, Hh, Hhd, Uue, Uue, Uu, Uu, Uu, Uue, Uu, Uue, Uu, Uh, Uhe, Uue, Uu, Hh, Uu, Uu, Rra, Rr, Uue, Uue, Uu, Hhd, Hh, Hh
Uue, Uue, Hhd, Uue^Ufi, Uhe, Uhe, Uh, Uue, Uue, Uue, Uu, Uue, Uu, Uu, Uue, Uue, Uue, Uhe, Uue, Uue, Uue, Uu, Uue, Uu, Uu, Uue, Uu, Uue, Uu, Hhd, Hhd, Rr, Rrc, Uue, Uu, Uue, Uue, Xue, Uue, Uu, Uu
Uu^Qhu, Uu^Qhu, Uu^Qhh, Uh^Uf, Uhe, Uh, Hh, Uu, Uu, Hhd^Vud, Uue, Uu, Uu, Uue, Uue, Uue, Uue, Uhe, Uu, Hhd, Hh, Uu, Hh, Uue, Hhd, Uu, Uue, Uue, Uue, Rra, Rr, Uue, Uu, Uu, Uu, Uu, Uu, Xue, Xue, Xur, Xur
Uue^Qhu, Uue^Qhu, Uu^Uf, Uu, Hh^Vu, Uh, Uue, Uue, Uu, Uu, Uue, Xur, Xuc, Hhd, Uue, Uu, Uue, Uhe, Uue, Uue^Qhu, Uu, Uue, Uu, Uue^Uf, Uue^Ufi, Hhd, Uue, Rrd, Rra, Hhd, Hhd, Uu, Uu, Uue, Uue, Uue, Xuc, Xue, Xu, Xur, Xur
Uue^Qhu, Uue^Qhu, Uu^Ufi, Uu, Uue, Uh, Uue, Uu, Uue, Xu, Xur, Xu, Hh, Xuc, Uue, Uu, Uue, Uue, Uue^Ufi, Uue^Qhh, Uu^Qhu, Uu^Qhh, Uue^Ufi, Uu^Qhh, Uu^Ufi, Rrd, Rrd, Hh, Uue, Uu, Uu, Xu, Uue, Uu, Xuc, Uue, Xuc, Hhd, Xu, Hhd, Hhd
Uu^Ufi, Uu^Ufi, Uu^Uf, Uue, Hhd, Uue, Xuc, Hhd, Xue, Xuc, Xuc, Xuc, Uu, Xue, Uue, Uu, Uue, Uue, Uu, Uue^Ufi, Uue, Uue, Uue, Rra, Rrc, Uue, Uu, Uue, Xue, Xue, Xuc, Uu, Uu, Uu, Uue, Hhd, Xu, Hh, Hhd, Xuc, Xuc
Uue, Uue, Hhd, Uue, Uue, Uue, Xur, Hhd, Xur, Xur, Xu, Xu, Xuc, Hh^Vud, Uue, Uu, Uue, Uue, Uue, Uue, Uu, Uu, Rrd, Uue^Qhu, Uu^Qhu, Uue^Qhu, Uu, Uhe, Xu, Xu, Xuc, Uu, Uue, Xue, Xur, Uue, Uu, Hh, Xuc, Xur, Xur
Hhd, Hhd, Uu, Uu, Rr, Rrd, Uu, Uue, Xur, Xur, Xue, Xue, Xur, Xuc, Xu, Xu, Uue, Uu, Uue, Uu, Uue, Rrc, Rrc, Rrc, Hhd, Uu^Qhu, Uu^Qhu, Rra, Xu, Xur, Uu, Uu, Uue, Xur, Xu, Uue, Uue, Hh, Uue, Uu, Uu
Uu, Uu, Uu, Rr, Rrd, Rrd, Uu, Rrd, Rra, Rra, Rrc, Rra, Uh^Qhh, Uh^Ufi, Xue, Hh, Uu, Rrd, Rrc, Rrd, Rrd, Uhe, Uue, Uu^Ufi, Rr, Rr, Rra, Hh, Rra, Rrd, Hh, Uue, Uue^Qhu, Uue^Qhu, Xuc, Cud, Cud, Cud, Uu, Uue, Uue
Rr, Rr, Rr, Rr, 1 Kud, Rrc, Rrc, Uue, Uh, Uh, Uhe^Ufi, Uhe^Uf, Rrc, Rra, Hh, Rr, Rr, Hhd, Uu, Uu, Uu, Hhd, Uue, Uu^Ufi, Hhd, Hhd, Hhd, Hh, Uu^Uf, Uue^Ufi, Rra, Rrd, Rra, Rra, Rrc, Rr, 2 Kud, Cud, Uu, Uu, Uu
Rr, Rr, Rrd, Uu, Rr, Rrc, Rrd, Uue, Uhe, Uhe, Uh^Ufi, Uhe^Qhh, Uhe^Uf, Uue^Uf, Rr, Uue, Uu, Xur, Hhd^Vu, Uu, Uue, Uue, Uu, Uue^Uf, Uu^Uf, Uu^Qhu, Uue^Qhh, Uue^Uf, Hhd, Uue^Uf, Uu^Uf, Rr, Uue^Ufi, Uue^Qhh, Uu, Uu, Cud, Hhd, Uu, Hhd, Hhd
Uu, Uu, Rrd, Rrc, Rra, Rrc, Rr, Uu, Uh, Uhe, Uhe^Uf, Uhe^Qhh, Uhe^Qhu, Uu, Uue, Uu, Uue, Xu, Hhd, Uu, Uu, Uu^Qhh, Uu^Uf, Uu, Uu^Qhh, Uue^Qhh, Uu^Uf, Uue^Qhh, Uue^Uf, Uue^Ufi, Uu^Ufi, Rrc, Uu^Qhu, Uue^Qhu, Uue^Ufi, Uue, Hhd, Hhd, Uu^Ufi, Xu, Xu
Uue, Uue, Uue, Rrc, Rr, Uh, Rra, Rrc, Uue, Uue, Uue, Uu, Uu, Uh, Uue, Uue, Uu, Uu, Uu, Uu^Uf, Hhd, Uh^Qhh, Uue^Ufi, Uue, Uu, Uue, Uue, Uue, Uu, Uhe, Uue, Rrd, Uu, Uue, Uue^Ufi, Uu^Uf, Uue^Qhu, Uu^Qhh, Uu^Ufi, Hhd, Hhd
Uue, Uue, Uu, Rrd, Uhe, Uhe, Rrc, Uu, Uu, Uu, Uue, Uue, Uu, Uu^Qhh, Hh^Vud, Hh, Uue^Uf, Uhe^Ufi, Uu^Ufi, Uue^Qhh, Hh, Hh, Hh, Uu^Ufi, Uue, Uu, Uu, Uue, Uue, Uhe, Uu, Rr, Uu, Uu, Hhd, Uu^Uf, Uu^Uf, Hhd, Uue^Qhh, Xuc, Xuc
Uue, Uue, Uue, Rrc, Uhe^Qhu, Uhe^Uf, Uhe, Uu, Uu, Uu, Uue, Uue, Uu, Uue^Uf, Uu^Qhh, Uu^Qhu, Uh^Uf, Hhd, Uh^Ufi, Hhd, Hhd, Hh, Uue^Ufi, Uue^Qhu, Uue, Uue, Uu, Hh, Uh, Uhe, Uhe, Hhd, Rrc, Uu, Uu, Uu^Uf, Uu^Qhh, Uhe^Uf, Xu, Xue, Xue
Uue, Uue, Hhd, Rrc, Uh^Ufi, Uh, Uh, Uu, Uue, Hhd^Vud, Uu, Uu, Uu, Uu^Ufi, Uue^Qhu, Uue^Uf, Uu^Ufi, Uhe^Ufi, Hhd, Hhd, Hhd, Hhd, Uu^Qhu, Hhd, Uu, Uue, Hh, Uu, Uh, Uhe, Hhd, Rr, Rr, Uu, Uue, Uue^Ufi, Uue^Qhu, Xuc, Hhd, Xur, Xur
Uue, Uue, Uue, Rr, Xuc, Uhe, Uhe, Uu, Uu, Uu, Uu, Uue, Uu, Uu, Uue, Uu^Qhh, Uue^Qhu, Uu^Uf, Hhd^Vud, Uhe^Uf, Uue, Uue, Uue, Uu, Uu, Uue, Uue, Hh, Uh, Uhe, Uhe, Rr, Rr, Hhd, Xu, Xuc, Xue, Xuc, Xuc, Xuc, Xuc
Uue, Uue, Uue, Rra, Uu, Hhd, Uue, Uu, Uu, Hhd, Uue, Uue, Uue, Uue, Uu, Uue, Uu, Uue^Qhh, Uu^Qhh, Uu, Uue, Uue, Uu, Uue, Uue, Uh, Hhd, Uu, Uue, Uu, Rrd, Rrc, Rr, Xur, Xue, Xu, Xue, Xur, Xur, Xue, Xue
Hhd, Hhd, Uue^Ufi, Uu, Rra, Uu, Uue, Hhd, Uue, Uu, Uue, Uu, Uu, Uue, Uue, Hh, Hh, Uue, Uu^Qhu, Hh, Uue, Uu, Uh, Xue, Uhe, Uhe, Hh, Uu, Uu, Uu, Rr, Hh, Rr, Xuc, Xuc, Xue, Xue, Hhd, Xu, Uue, Uue
Hh, Hh, Xur, Uu^Uf, Uu, Uu, Uu, Uu, Uu, Uue, Uu, Uue, Uu, Uu, Hhd^Vud, Uue, Uue, Hh, Uue, Uu, Uue, Uue, Xue, Xu, Xue, Hh, Uu, Uue, Uu, Uu, Rrc, Rra, Rrc, Xue, Xu, Xue, Xuc, Xuc, Hh, Rra, Rra
Hh, Hh, Hhd, Uu, Uue, Uue, Uue, Uu, Uue, Uu, Uu, Uue, Uue, Hhd, Hh, Uue, Uu, Uu, Uue, Uue, Hh, Uue, Xu, Xu, Hhd, Xur, Uu, Uue, Uue, Hhd, Uu, Rrc, Rrc, Rra, Xuc, Hh, Xue, Xuc, Rr, Rra, Rra
Hh, Hh, Hhd, Uu, Hh^Vud, Uue, Uu, Uue, Uue, Xur, Xue, Xuc, Hh, Uue, Uu, Uu, Uue, Uue, Hh, Uu, Hh, Uu, Xu, Uue, Xue, Uue, Uue, Uue, Uu, Uu, Uue, Uue, Rrd, Rra, Rra, Rrc, Rrd, Uh, Rrd, Xuc, Xuc
Uue, Uue, Hhd, Uu, Uue, Hhd, Uu, Uu, Hh, Hhd^Vu, Xu, Xu, Xue, Uue, Uue, Uu, Hhd, Hhd, Hhd^Vu, Uue, Uue, Uue, Uu, Uue, Hhd, Hhd, Uu, Uu, Uue, Uu, Uue, Uue, Rr, Xuc, Rrc, Rrd, Rrc, Rrc, Hhd, Xuc, Xuc
Uu, Uu, Hh, Uu, Hhd, Uue, Uue, Uu, Xur, Uu, Uue, Xur, Xu, Uue, Uue, Uu, Uue, Uu, Hhd, Uue, Hh, Xu, Xu, Hh, Xue, Xu, Uu^Uf, Uue^Ufi, Uue, Hhd, Uu, Uue, Hhd, Xuc, Xue, Xur, Xue, Xuc, Xuc, Xue, Xue
Uue, Uue, Uh, Uh, Uu, Uue, Uu, Uue, Uue, Uu, Uue, Xur, Hhd, Uu, Uu, Uu, Uu, Uue, Hhd, Uue, Uue, Xu, Uue, Uu, Xue, Uu^Uf, Hh, Uu^Ufi, Uu, Hh, Uue, Uu^Uf, Xur, Xu, Xur, Hh, Xur, Hhd, Xur, Xuc, Xuc
Xur, Xur, Xur, Xur, Xur, Xur, Xur, Xur, Xur, Xur, Xur, Xur, Xur, Xur, Xur, Xur, Xur, Xur, Xur, Xur, Xur, Xur, Xur, Xur, Xur, Xur, Xur, Xur, Xur, Xur, Xur, Xur, Xur, Xur, Xur, Xur, Xur, Xur, Xur, Xur, Xur
