Uu, Uu, Uu, Uu, Uu, Uu, Uu, Uu, Uu, Uu, Uu, Uu, Uu, Uu, Uu, Uu, Uu, Uu, Uu, Uu, Uu, Uu, Uu, Uu, Uu, Uu, Uu, Uu, Uu, Uu, Uu, Uu, Uu, Uu, Uu, Uu, Uu, Uu, Uu, Uu, Uu, Uu, Uu, Uu, Uu, Uu, Uu
Uu, Uu, Uu, Uu, Uue, Uu, Hhd, Uue, Uue, Uu, Uu, Uu, Uue, Hhd, Uue, Uue, Xur, Uue, Uu, Uue, Uu, Uue, Uue, Uue, Uh, Uh, Hhd, Uu^Qhh, Uu, Uu, Hhd, Uu, Uue, Uue, Xue, Xue, Uu, Uue, Uue, Uu, Uu, Uue, Uu, Uu^Qhu, Uue^Qhu, Uue, Uue
Uue, Uue, Uue, Uu, Uu, Uu, Uu, Uu, Uue, Uue, Uue, Hhd, Hhd, Uue, Uue, Uue, Xue, Uue, Hh, Hh, Uue, Uu, Uu, Uue, Uh, Uh, Uue^Qhh, Uue, Hhd, Uue, Uue, Uu, Uu, Uue, Xur, Uue, Hhd, Uu, Uue, Hhd, Uu, Uu, Uue, Uu, Uue, Uue, Uue
Uhe, Uhe, Uue, Uue, Uu, Uu, Uue, Uue, Uue, Uue, Hh, Hh, Hhd^Vu, Uue, Uu, Uue, Uu, Uu, Hh^Vud, Uue, Uue, Uu, Uue, Cud, Uu, Uue, Uu^Qhh, Hh, Hh, Hhd, Hh, Uue, Uu, Uu, Uu, Uu, Uue, Uue, Hhd, Hh, Uu, Uue, Uue, Rr, Xur, Xur, Xur
Hhd, Hhd, Uue, Uue, Uue, Uue^Ufi, Uu^Qhh, Uue, Uu, Uu, Uu, Uu, Uue, Hhd, Uu, Uu, Uue, Uue, Uu, Uue, Uu, Uue, Cud, 2 Kud, Cud, Uue^Ufi, Uue^Uf, Uue^Qhu, Uue, Xu, Uue, Uu, Uu, Uue, Xue, Uu, Uu, Uue, Uue, Hh, Uu, Rrc, Rr, Rra, Xue, Xur, Xur
Uhe, Uhe, Uu, Uu, Uu, Uu^Ufi, Uue^Ufi, Hh^Vu, Uue^Qhu, Uu, Uue, Uue, Uue, Uue, Uue, Uue, Uu, Uu, Uu, Uue, Uu, Rrc, Rrc, Cud, Cud, Uu^Qhh, Uue^Qhh, Uue^Qhh, Xur, Xur, Xuc, Uu^Uf, Xu, Xur, Uue^Qhu, Uue^Qhu, Uu^Qhu, Uue, Uue, Rr, Rrd, Hhd, Uu, Rrd, Rr, Uu^Qhu, Uu^Qhu
Uhe, Uhe, Uue, Uu, Uu, Uu^Uf, Uue^Qhh, Uue^Qhh, Uue^Qhh, Uu^Qhu, Uue, Uue, Uu, Uue, Uue, Uu, Uue, Uu, Uu, Rr, Rr, Uue, Uu, Uu, Uue, Uue^Qhh, Uue^Ufi, Hhd, Hhd, Xuc, Xuc, Xur, Xue, Xu, Uu^Uf, Uu^Ufi, Uue^Ufi, Rra, Rrc, Uue, Hh, Uue, Uu, Rra, Rra, Uu, Uu
Uhe, Uhe, Uu, Uue, Uue, Uu^Qhu, Uu^Qhh, Uue^Ufi, Uu^Qhu, Uue, Hh, Hhd, Uue, Uue, Uue, Uu, Uu, Uu, Uu, Rrc, Hh, Uu, Uu, Uue, Uue^Ufi, Uue^Ufi, Hh, Hhd, Hh, Xuc, Xuc, Xue, Xuc, Xur, Uu^Uf, Rrc, Rrd, Uh, Hhd, Uu, Uu, Uu, Rra, Rrd, Rra, Uu, Uu
Uu, Uu, Uue, Uue, Uu^Qhh, Uu, Uu, Uue, Uue, Uh, Uue, Uue, Uu, Uue, Uu, Uu, Uu, Uue, Uue, Rr, Uh, Uh, Uh, Uhe^Uf, Uh^Qhh, Uh^Ufi, Uh^Qhh, Uh^Ufi, Xuc, Xu, Xue, Uue^Uf, Uue^Ufi, Xur, Xur, Rr, Uh^Qhh, Hhd, Uu, Hhd, Uue, Uue, Uu, Uue, Hhd, Hh, Hh
Uue, Uue, Uu, Uue^Qhh, Hh, Uu, Uu, Uu, Uue, Uhe, Uhe, Uue, Uu, Uue, Uue, Rrd, Uue, Uu, Uu, Rra, Uh, Uhe^Ufi, Uhe^Qhu, Uh^Qhu, Uh, Uh, Uhe, Xur, Xur, Xur, Xue, Xur, Xue, Xu, Rrd, Uu, Hh, Uue, Uu, Hh, Uue, Uue, Uue, Uue, Uu, Uu, Uu
Uue^Ufi, Uue^Ufi, Hhd, Uu^Uf, Uue^Qhu, Uu, Rr, Rra, Uu, Uh, Uue, Uu, Hhd, Hh, Uue, Rr, Rrd, Uue^Uf, Uue^Ufi, Rra, Uhe^Ufi, Uh^Qhh, Uhe^Qhu, Uh, Uh, Uh, Uhe, Uhe, Hhd, Xu, Uu^Qhu, Uue^Qhu, Uue^Ufi, Rr, Rra, Uue, Uu, Hh, Uh, Uue, Uue, Uu, Xu, Hhd, Uu, Uu, Uu
Hhd, Hhd, Uhe^Uf, Uue^Qhh, Uu^Qhu, Uu^Qhu, Uue^Ufi, Uue, Rrd, Uue, Uue, Hhd^Vud, Xur, Xur, Uue, Uu^Uf, Rrd, Xur, Hhd, Rrc, Uhe^Ufi, Uhe^Ufi, Uh^Ufi, Uue, Uu, Uue, Uue, Uhe, Uhe, Uhe, Uue^Qhh, Rra, Rrc, Uu^Ufi, Uu, Uue, Uu, Hhd, Uh, Uh, Uhe, Uu, Xur, Xue, Xuc, Uu, Uu
Hhd, Hhd, Hh, Hhd^Vud, Uue^Ufi, Uue^Ufi, Uu^Qhh, Uu, Rrd, Xur, Xu, Xuc, Xue, Xur, Xu, Uu, Xuc, Xue, Xu, Rra, Uue^Qhu, Uu^Qhu, Uu^Uf, Uue, Uu, Uue, Uue, Uu, Uue, Rr, Rrc, Hhd, Uue^Ufi, Uu, Uu, Uue, Uu, Uue, Hh, Uh, Uhe, Uue, Xu, Xur, Xu, Xue, Xue
Uh, Uh, Uhe, Uu, Uu, Uue, Uue, Uu, Rrc, Rr, Xur, Xu, Xur, Xur, Uh, Uu, Uue, Hh, Rrd, Uu^Uf, Hh, Uue^Uf, Uue^Qhu, Uue, Uu, Uue, Uue, Uue, Uu, Rra, Hhd, Hh, Uu^Uf, Uu, Uue, Uu, Uu, Uue, Hh, Uu, Uue, Uue, Xu, Xue, Xue, Xur, Xur
Hhd, Hhd, Hhd, Uh, Uue, Uue, Uue, Uue, Uue, Uue, Rrc, Xur, Xur, Uhe, Uhe^Ufi, Uu^Ufi, Uue^Ufi, Rr, Rrc, Uue^Uf, Uue, Uu, Uu, Hhd, Uu, Uu, Uue, Uu, Uue, Rra, Hh, Uue, Uu, Uue, Uue, Uue, Uu, Uue, Uu, Uue, Uu, Uhe, Xue, Hh, Xue, Xue, Xue
Uhe, Uhe, Uh, Hh, Uu, Uu, Uu, Uu, Uu, Uue, Rrd, Rr, Uh^Qhu, Uhe^Qhu, Hhd, Uue^Uf, Rra, Uu^Qhu, Uue^Qhh, Uue, Uu, Rrd, Rra, Rrd, Rrc, Rrc, Rra, Rra, Rr, Hh, Rrc, Rra, Rr, Rr, Rrd, Rrd, Uu, Uu, Uu, Uu, Uu, Uhe, Uu, Xu, Hh, Xuc, Xuc
Xuc, Xuc, Uhe, Uhe, Uh, Uue, Uu, Uu, Hhd, Uue, Uu^Uf, Rrd, Uhe^Qhh, Hhd^Vud, Hh, Uue^Ufi, Rr, Uu^Qhu, Uu, Rrc, Rr, Hh, Rrc, Rr, Hhd, Uue, Uue, Hhd, Uue, Uu, Uue, Uu, Hh, Hhd, Hhd, Uue, Uue, Uu, Uu, Uu, Hhd, Uu, Hhd, Hhd, Uue, Uue, Uue
Uh, Uh, Uhe, Uhe, Hh, Uhe, Uhe, Hhd^Vud, Uue, Hhd, Uue^Ufi, Rr, Hhd, Uhe^Ufi, Uue^Qhu, Uu^Qhu, Rr, Rra, Rra, Uu, Uhe, Uh, Uh, Uh, Rrc, Uue, Hhd, Uue, Uue, Uhe, Uue, Uue, Hh, Uh, Uh, Uh, Uu, Uue, Uue, Uu, Uu, Uu, Uue, Uu, Uue, Uu, Uu
Uhe, Uhe, Uh, Uhe, Uh, Uh, Uhe, Uue, Uue, Uue, Rra, Rra, Rra, Uue^Qhh, Hhd, Hhd, Rrc, Uue^Qhh, Uue^Qhu, Uu^Qhu, Uu, Uh, Uhe, Uh, Rrd, Uu, Uu, Uue, Uu, Hhd, Uu, Uue, Uu, Uu, Uue, Hh, Hh, Uue, Uue, Uu, Uue, Uue, Uu, Uu, Uu, Uu, Uu
Uh, Uh, Uh, Uu, Uhe, Uh, Hhd, Hh, Uu, Rrc, Rrc, Hhd, Rra, Hhd, Hh, Rr, Rrd, Uue, Uue^Uf, Uue^Uf, Uu, Uhe, Uhe, Uhe, Rra, Rr, Uue, Uue, Uue, Uu, Uue, Uu, Uue, Uue, Uue, Uue, Uue, Uue, Uhe, Uu, Uu, Uue, Uu, Uue, Uu, Uu, Uu
Uu, Uu, Uue, Uu, Uu, Uu, Hhd, Uue, Uu, Uu, Rra, Uu, Rrc, Rrc, Rrc, Uue, Uue, Uue, Uu, Uue^Ufi, Uu^Qhh, Uh^Uf, Uhe^Ufi, Uu, Uue, Uu, Rr, Rr, Uu, Uu, Uue, Uu, Uh, Xur, Xue, Xue, Xuc, Uu, Uue, Uu, Uue, Uue, Uu, Uu, Uue, Uue, Uue
Uu^Qhu, Uu^Qhu, Uu, Hh^Vud, Uu, Uue, Uu, Uu, Uue, Uue, Rr, Uue, Uu, Rr, Uue, Uue, Uue^Uf, Uue, Uu, Uu^Qhh, Uue^Ufi, Uh^Uf, Hh, Hh, Uue, Uue, Uue, Uu, Rrc, Rr, Uue, Uhe, Uh, Xuc, Xuc, Xue, Xue, Uu, Uue, Hh, Uue, Uu, Uu, Uue, Uue, Uu, Uu
Uue, Uue, Uu, Hhd, Uue, Uue, Uue, Uu, Hh^Vud, Uu, Uu, Uu, Uue, Rra, Uue, Uue, Xuc, Xuc, Uu, Uu, Uu^Uf, Uhe^Uf, Uue^Uf, Xu, Xue, Hh, Hhd, Xue, Xur, Xu, Rra, Rrd, Uu, Uh, Uu, Xue, Xu, Uue, Uu, Uu, Uu, Uue, Uue, Uu, Uue, Uu, Uu
Uhe, Uhe, Uhe, Uu, Uu, Uue, Hh, Uu, Uue, Uue, Uu, Hh, Uu, Rrd, Xur, Xur, Xu, Xue, Xur, Xuc, Uue, Uu, Xue, Xur, Xuc, Xuc, Xue, Hh, Xuc, Xur, Xur, Rrc, Uu, Xur, Xur, Xur, Uue, Uue, Uue, Uu, Uue, Uu, Uue, Uue, Uu, Uu, Uu
Uh, Uh, Uh, Uue, Uue, Uu, Uue, Uu, Uue, Uu, Uue, Uu, Hhd, Rrd, Hh, Xur, Xur, Uu, Hh^Vu, Xue, Xur, Xur, Xu, Xur, Xu, Xur, Xu, Xuc, Xu, Xur, Xue, Rra, Hhd, Uue, Uue, Uu, Hhd, Uue, Uu, Uue, Uu, Uue^Ufi, Uue, Uue, Uu, Uue, Uue
Uhe, Uhe, Hh, Hhd, Uu, Uue, Uu, Uu, Hh, Uue, Hhd, Uu, Uu, Uu, Rra, Xur, Uue, Uu, Uu, Uue, Hh, Xu, Xur, Uue, Uue, Uue, Xu, Xur, Xue, Xu, Rrd, Uh, Rr, Uu, Uue, Uue, Uu, Uue, Uu, Uue, Uu^Ufi, Uue^Uf, Uu^Ufi, Uue, Uue, Uu, Uu
Uhe, Uhe, Uh, Uue, Hh^Vu, Hh, Uu, Uue, Uu, Uue, Uu, Uu, Uue, Uu, Rra, Rrd, Uu, Uue, Uue, Uue, Hh, Xuc, Uu, Rr, Uue, Uue, Uue, Xu, Xur, Xur, Uu, Uue, Rr, Rr, Uue, Uu, Uue, Uu, Uue, Hh, Uu^Uf, Uue^Uf, Uue^Uf, Uu, Uue, Uue, Uue
Uh, Uh, Uue, Uu, Uu, Uue, Uue, Uh, Uh, Uue, Uhe, Uu, Uu, Uu, Uue, Uue, Rra, Rrc, Uhe, Uue, Uu, Uu, Rrc, Rr, Uue, Uu, Xuc, Xuc, Xur, Xue, Xur, Uu, Hhd, Uue, Rrc, Rrc, Uue, Uue, Uu, Uu^Qhu, Uue^Qhh, Uu^Qhh, Uu^Qhu, Uu^Uf, Uue^Ufi, Uu^Uf, Uu^Uf
Xur, Xur, Xu, Uue, Uue, Uu, Hhd, Uue, Uue, Uue, Uue, Uu, Uue, Uue, Uue, Uue, Uu, Uue, Rr, Rr, Uu, Rrd, Rrc, Xu, Xue, Xuc, Xur, Hh, Xu, Xur, Hh, Uue, Uu, Uu, Uue, Uue, Rrc, Rr, Uu^Qhh, Uue^Qhh, Uu^Qhh, Hhd, Hhd, Uu^Qhh, Uue^Qhu, Uu^Ufi, Uu^Ufi
Xue, Xue, Xu, Uu, Uue, Hhd, Uue, Hhd, Uue, Uu, Uue, Uu, Uu, Uh, Uue, Uu^Ufi, Uu^Ufi, Uu, Uu, Uh, Rr, Rrd, Rra, Cud, Xu, Xuc, Xuc, Xue, Xur, Xuc, Xur, Uu, Uu, Hhd, Uu, Uue, Uu, Uu, Rrd, Rr, Uu^Qhh, Uu^Qhh, Uue^Uf, Hhd, Uue^Ufi, Uu^Qhh, Uu^Qhh
Hh, Hh, Hh, Uue, Uu, Uu, Uue, Hh, Uu, Uue, Uu, Hhd, Hh, Uu, Uu^Qhu, Uu^Uf, Uue^Qhu, Uu, Uu, Rrc, Rrc, Uue, Rr, 1 Kud, Cud, Xuc, Xur, Xuc, Uue^Qhu, Uu^Qhu, Uue, Uu, Uue, Uue, Uu, Uu, Uu, Hhd, Uue^Ufi, Uu^Qhh, Rra, Rra, Uue^Ufi, Hhd, Hhd, Hhd, Hhd
Xu, Xu, Hh, Hhd^Vud, Uue, Uu, Uu, Uu, Uue, Hhd^Vud, Hhd, Hh, Hhd, Hh, Hh^Vu, Uue^Ufi, Uue^Qhh, Uu, Rrd, Uue, Uue, Uue, Cud, Cud, Cud, Xu, Xuc, Uhe^Ufi, Uu^Qhu, Hh, Uu, Uu, Uu, Uu, Uue, Hhd, Hhd, Uue^Qhh, Uu, Uue^Qhh, Uu^Qhh, Uue^Qhu, Rr, Rr, Uue, Uue, Uue
Hh, Hh, Xur, Hh, Uue, Uu, Uue, Uu, Uu, Hh, Uue, Hhd, Uue, Uu, Uu^Qhh, Uue^Qhh, Uue^Ufi, Uue^Ufi, Uue, Hhd, Uu, Uue, Hhd, Uue, Hh, Uhe^Uf, Xu, Xu, Uh, Uhe, Hhd, Hh, Uu, Uu, Uue, Hh, Uu^Ufi, Uu, Uue, Uu, Hhd, Uu^Uf, Uu^Qhu, Uu^Qhh, Uue, Uue, Uue
Hhd, Hhd, Xue, Xur, Xue, Xuc, Uu, Uu, Uue, Uh, Xur, Hh, Xu, Xu, Uu, Uu^Uf, Uu^Ufi, Uue^Qhu, Uue, Uue, Hhd, Uue, Uu, Uu, Uhe, Uhe, Uh, Xuc, Xur, Xur, Xu, Xuc, Uu^Qhu, Uue, Uue, Hh, Uue, Uhe, Hhd, Uu, Hh, Hhd, Hhd, Uue, Uu, Uue, Uue
Uu, Uu, Uu, Uu, Uu, Uu, Uu, Uu, Uu, Uu, Uu, Uu, Uu, Uu, Uu, Uu, Uu, Uu, Uu, Uu, Uu, Uu, Uu, Uu, Uu, Uu, Uu, Uu, Uu, Uu, Uu, Uu, Uu, Uu, Uu, Uu, Uu, Uu, Uu, Uu, Uu, Uu, Uu, Uu, Uu, Uu, Uu
