Gg, Gg, Gg, Gg, Gg, Gg, Ds, Ww, Ww, Gg, Gg, Gg, Gg, Gg, Gg, Gg, Gg, Gg, Gg, Gs, Gg, Gs, Gg, Gg, Gg, Gg, Gg, Ww
Gg, Gg, Gg, Gg, Gs, Gs, Gg, Gs, Hhd, Gd, Hh, Mm, Md, Mm, Mm, Mm, Mm, Md, Md, Md, Md, Mm, Mm, Md, Md, Mm, Mm, Mm, Hh, Hh, Gs, Gg, Gg, Gg, Gs, Gg, Gg, Gg, Gg, Gs, Gg, Gg, Gg, Gg
Gg, Gg, Gg, Gs, Gg, Gs, Gg, Hhd, Hh, Gd, Hhd, Gd, Md, Md, Md, Md, Mm, Mm, Mm, Md, Mm, Mm, Md, Md, Md, Mm, Md, Hh, Hhd, Hhd, Gs, Gs, Gg, Gg, Gg, Gg, Gg, Gg, Gg, Gg, Gg, Gs, Gg, Gg
Gg, Gg, Gs, Gg, Gs, Gs, Gg, Gs, Gs, Gg, Gg, Gg, Gg, Gd, Gd, Gd, Hhd, Hhd, Md, Mm, Md, Md, Mm, Mm, Mm, Mm, Hhd, Gd, Gd, Hh^Fpa, Gg, Gs, Gs, Gg, Gs, Gg, Gg, Gg, Gg, Cm, Gs, Gs, Gs, Gs
Gg, Gg, Gg, Gs, Gg, Gg, Gs, Gs, Gs, Gg, Gs, Gg, Gg, Gs, Gg, Gs, Hh, Hhd, Hhd, Gd, Gd, Md, Md, Md, Mm, Md, Hhd, Gg^Fts, Hh^Ftd, Gg^Fts, Gg, Gs, Gg, Gg, Gs, Gg, Gg, Gg, Cm, 2 Km, Cm, Gs, Gg, Gg
Gg, Gg, Gg, Ds, Ds, Ds, Gg, Gg, Gg, Gs, Gg, Gg, Gg, Gg, Gg, Gg, Gg, Gs, Hh, Hhd, Hh, Hhd, Gd, Md, Mm, Gd, Gd, Gg, Gg^Fts, Gs, Gs, Gg, Gs, Gg, Gg, Gg, Gg, Rra, Rrc, Cm, Cm, Gg, Gs, Gs
Gg, Gg, Gg, Dd, Ww, Ww, Ds, Gg, Gg, Gg, Gg, Gg, Gg, Gg, Gs, Gg, Gs, Gg, Gg, Hhd, Hh, Hhd, Gd, Gd, Gd, Gd, Gd, Gd, Gg, Gg, Gs, Gs, Gg, Gg, Gg, Rrc, Rra, Gg, Gs, Gg, Gg, Hhd, Hhd, Hhd
Ds, Ds, Ds, Ww, Ww, Ww, Ww, Gg, Gg, Gg, Gg, Gg, Gg, Gg, Gg, Gs, Gs, Gs, Gg, Gg, Gs, Gs, Hh, Gd, Gs, Gs, Gs, Hhd, Gs, Gs, Gg, Gs, Gg, Rra, Rrd, Gg, Gg, Gs, Gg, Gd, Gd, Gd, Md, Md
Ww, Ww, Ww, Ww, Ds, Ww, Ww, Gg, Gg, Gg, Gg, Gg, Gg, Gg, Gg, Gg, Gs, Gg, Gg, Gs, Gs, Gg, Gs, Gs, Gs, Gg, Gg, Gg, Hh, Gs^Vhs, Gs, Rrc, Rr, Gg, Gg, Gg, Gg, Hhd, Gg, Hhd, Hhd, Md, Md, Md
Ww, Ww, Dd, Gg, Ds, Gg, Ds, Gg, Gg, Gg, Gg, Gg, Gg, Gg, Gg, Gg, Gg, Gg, Gg, Gg, Gg, Gg, Gg, Gg, Gs, Gg, Gg, Gs, Hh, Rra, Rrd, Hh, Gs, Gs, Gs, Gs, Gg, Hhd, Hh, Hhd, Hh, Hhd, Mm, Mm
Gg, Gg, Ds, Gg, Gg, Gg, Gg, Gg, Gg, Gg, Gg, Gg, Gg, Gg, Gg, Gg, Gg, Gg, Gg, Gg, Gg, Gg, Gs, Gs, Gg, Gs^Vht, Gs, Rrd, Rr, Hh, Hhd, Hh, Hh, Gg, Gg, Gg, Gd, Hhd, Gd, Gd, Md, Mm, Mm, Mm
Gg, Gg, Gg, Gg, Gg, Gg, Gg, Gg, Gg, Gg, Gg, Gg, Gg, Gg, Gg, Gg, Gg, Gg^Ftp, Gg^Ft, Gg, Gg, Gg, Gg, Gg, Gg, Rr, Rrc, Hh, Hh, Mm, Md, Mm, Hh, Hh, Gs, Gs, Hh, Md, Mm, Hh, Md, Md, Md, Md
Gg, Gg, Gg, Gg, Gg, Gg, Gg, Gg, Gg, Gg, Gg, Gg, Gs, Gs, Gg, Gs, Gg, Gs^Ftd, Gg^Ft, Gg, Gg, Gg^Vha, Gg, Rra, Rra, Gg, Gg, Hhd, Hhd, Hh, Md, Mm, Mm, Gd, Gs, Gg, Md, Md, Hh, Hhd, Hh, Mm, Mm, Mm
Gg, Gg, Gg, Gg, Gg, Gg, Gg, Gg, Gg, Gg, Gg, Gg, Gs, Gg, Gs^Fts, Gg, Gg, Gg, Gg, Gg, Gg, Rrd, Rr, Rrc, Gg^Vhs, Gs, Gg, Hh, Hhd, Hh, Md, Md, Mm, Hh, Gg, Gs, Gd, Gd, Hhd, Gd, Mm, Md, Md, Md
Gg, Gg, Gg, Gg, Gg, Gg, Gg, Gg, Gg, Gg, Gg, Gs, Gg, Gg^Ftr, Gg^Ftp, Gg^Ft, Gg, Gg, Gg^Vhs, Rra, Rr, Gg, Gg, Gg, Rrd, Rra, Gs, Gg, Hh, Gd, Hh, Md, Hhd, Gd, Gs, Gs, Gg, Gd, Gd, Md, Md, Md, Mm, Mm
Gg, Gg, Gg, Gg, Gg, Wwt, Dd, Dd, Gg, Gg, Gg, Gg, Gs, Gs, Gg^Fp, Gg^Vht, Gg, Rrc, Rra, Gs, Gs, Gg, Gg, Gg, Gg, Gg, Rrc, Rra, Gg, Hhd, Hh, Hh, Hh, Hhd, Gg, Gs, Gg, Gs, Gg, Mm, Md, Md, Mm, Mm
Gg, Gg, Gg, Gg, Gg, Ds, Ww, Dd, Gg, Gg, Gg, Gg, Gg, Gg, Gs, Rra, Rrd, Gs, Gs, Gg, Gg, Gg, Gg, Gg, Gg, Gg, Gg^Vhh, Gg, Rr, Rr, Hhd, Gg^Vha, Hh, Gg, Gs, Gs, Gg, Gg^Vht, Gs, Hhd, Md, Mm, Md, Md
Gg, Gg, Gg, Gg, Gg, Dd, Ww, Ww, Rr, Gg, Gg, Gg, Gs^Vhh, Rrc, Rrd, Gs, Gs, Hhd, Hh, Gg, Gs, Gg, Gg, Gg, Gg, Gg, Gg, Gg, Gg, Gs, Rr, Rrd, Rrc, Rra, Rrc, Rr, Rra, Rra, Rr, Hhd, Mm, Mm, Mm, Mm
Gg, Gg, Gg, Gg, Gg, Dd, Ww, Dd, Re, Gg^Vht, Gg, Rr, Rrd, Gg, Gg, Gg, Hhd, Hhd, Gd, Gg, Gg, Hh^Ftd, Gg, Gg, Gg, Gg, Gg, Gg, Gs, Gs, Gs, Hhd, Hh, Gs, Gg^Vht, Gg, Gs, Gg, Gg, Hhd, Md, Md, Mm, Mm
Gg, Gg, Gg, Gg, Gg, Gg, Gg, Gg, Rr, Rr, Rrd, Gg, Gg, Gg, Hh, Hhd, Gd, Hh, Gd, Gd, Gs^Ftd, Gs^Ft, Gg^Fts, Gg, Gg, Gg, Gg, Gs, Gs, Gg, Gg, Gs, Gs, Gg, Gg, Gg, Gg, Gs, Hhd, Md, Md, Md, Mm, Mm
Gs, Gs, Gg, Gg, Gg, Gg, Gg, Rra, Rrc, Gg, Gg, Hh, Hhd, Hh, Mm, Md, Gd, Hhd, Hhd, Hhd, Gs^Ftr, Hh^Fts, Gg, Gg, Gg, Gg, Gs, Gg, Gs, Hh, Gd, Gs, Gs, Gs, Gd, Gg, Gg, Gg, Gd, Hh, Mm, Md, Md, Md
Gg, Gg, Gg, Gg, Gg, Rrc, Rrd, Gg, Gg^Vht, Gg, Hh, Hh, Mm, Md, Md, Mm, Md, Gd, Gd, Hhd, Gg^Ftr, Hh^Ft, Gg, Gg, Gs, Gs, Gs, Gd, Gd, Gd, Hh, Gg, Gg, Gs, Gg, Gs, Gs, Gs, Gd, Hh, Md, Gd, Gd, Gd
Gs, Gs, Gs, Gg, Rra, Gg^Vhh, Gg, Gg, Gs, Gg, Hhd, Mm, Md, Md, Mm, Hh, Md, Md, Hhd, Gd, Gs, Gg, Hh^Fpa, Gs, Gg, Gs, Gg, Hhd, Mm, Md, Mm, Hhd, Hhd, Gd, Gg, Gg, Gd, Hhd, Hhd, Hh, Gd, Hh, Gd, Gd
Gg, Gg, Gg, Gs, Rrd, Gg, Gg, Gg, Gs, Gg, Hhd, Md, Md, Md, Hh, Hh, Hhd, Md, Md, Gd, Hhd, Gs, Gs, Gg, Gs, Gs, Gs, Hhd, Md, Mm, Mm, Md, Hh, Gs^Fts, Gs, Gd, Hh, Gd, Hhd, Gd, Hhd, Gd, Gd, Gd
Gg, Gg, Gg, Cm, Rrc, Cm, Gg, Gg, Gs, Gs, Hh, Mm, Md, Md, Mm, Md, Md, Md, Hh, Hh, Hhd, Gg, Gg, Gs, Gg, Gg, Gg, Hhd, Mm, Mm, Md, Md, Hh, Hh, Hh^Ft, Gg, Gg, Hhd, Hh, Hhd, Gd, Hhd, Md, Md
Gg, Gg, Gg, Cm, 1 Km, Cm, Gg, Gg, Gg, Hhd, Mm, Mm, Mm, Mm, Md, Mm, Gd, Gg, Gd, Hh, Hh, Gs, Gs, Gg, Gg, Gs, Gs, Gd, Hhd, Mm, Md, Mm, Hhd, Hhd, Gd, Hh, Hhd, Gd, Gs, Gg^Fp, Gs^Fp, Hh, Mm, Mm
Gg, Gg, Gg, Gg, Cm, Gg, Gg, Gg, Gg, Gd, Hhd, Md, Md, Mm, Md, Gd, Gd, Gg, Gg, Gg, Gd, Gg, Gs, Gg, Gg, Gg, Hhd, Hh, Hh, Mm, Md, Mm, Hh, Hhd, Hhd, Hhd, Gd, Gd, Gg^Fp, Gg^Ftd, Hh^Fpa, Hhd, Hh, Hh
Gg, Gg, Ds, Dd, Gg, Gg, Gg, Gg, Gg, Gg, Gg, Gd, Mm, Mm, Mm, Hhd, Gg, Gg, Gg, Gg, Gg, Gs, Gg, Gg, Gg, Gg, Gg^Fts, Hh, Md, Mm, Md, Ms, Hhd, Hhd, Hhd, Hh, Gd, Gs^Fpa, Hh^Ft, Hh^Ftr, Gg, Gg, Gg, Gg
Ww, Ww, Wwt, Ww, Ww, Gg, Gg, Gg, Gg, Gs, Gg, Gd, Hh, Hh, Hhd, Hhd, Gs, Gg, Gs, Gs, Gs, Gs, Gg, Gg, Gs, Gg, Hh^Ftd, Hhd, Md, Mm, Mm, Md, Hhd, Hh, Hhd, Hh, Hh, Hhd, Gg^Ftd, Gs, Gg, Gg, Gs, Gs
Gg, Gg, Gg, Gg, Gg, Gg, Ds, Ww, Ww, Gg, Gg, Gg, Gg, Gg, Gg, Gg, Gg, Gg, Gg, Gs, Gg, Gs, Gg, Gg, Gg, Gg, Gg, Ww
