Gg, Gg, Gg, Gg, Gg, Gg, Gg, Gg, Gg, Gg, Gg, Gg, Gg, Gg, Gg, Gg, Gg, Gg, Gg, Gg, Gg, Gg, Gg, Gg, Gg, Gg, Gg, Gg, Gg, Gg, Gg, Gg, Gg, Gg, Gg, Gg, Gg, Gg, Gg, Gg, Gg, Gg, Gg, Gg, Gg, Gg, Gg
Gg, Gg, Gg, Gg, Gs, Gs, Gs, Gg, Gg, Gg, Gg, Gg, Gg, Gg, Gg^Fpa, Gg, Gg, Gg, Md, Md, Mm, Gs, Gd, Gg, Gg, Hh, Gs^Fp, Gg, Gg^Ftr, Gg, Gg, Gg, Gs, Gs, Hhd, Gg^Ftr, Hh, Gg, Gg, Gs^Ftr, Gs, Gs, Gs, Gs, Gg, Gg, Gg
Gg, Gg, Gg, Gg, Gg, Gg, Gg, Gg, Gg, Gg, Gg, Gg, Gg, Gg, Gg, Gg, Gg, Gg, Gg, Gg, Ms, Hh, Gd, Gg, Gg^Ftd, Gg^Ftp, Hh^Fpa, Gg^Ftr, Gg, Gg, Gg, Gg, Gs, Hhd, Hhd, Hhd, Hh, Gg, Gg, Gg, Gg, Gg, Hh^Ftp, Hh, Gg, Gg, Gg
Gg, Gg, Gg, Rr, Cm, Cm, Gg, Gg, Hh^Fp, Gg, Gg, Gg, Gg, Gg, Gg, Gg, Gg, Rrd, Rrd, Gg, Hh, Hh, Hh, Hh, Hh, Hh, Gs, Gs, Gg, Gg, Gg, Gg, Gg, Gg, Hhd, Gs^Fpa, Gs, Gs, Gg, Gg, Gg, Gs, Gs, Hh^Fp, Hh, Gg, Gg
Gg, Gg, Hh^Ftr, Rr, 1 Km, Cm, Gs, Gs, Gg^Fts, Gs, Gs, Gs, Gg, Gg, Gg, Rr, Rrc, Gg, Gs^Ftr, Gs, Hh, Hh, Hh, Hh, Hh, Gs, Gs, Gs, Gg, Gg, Gg^Fpa, Gg, Gg, Hh^Fts, Gg^Fp, Gg, Gs, Gg, Gg, Gs, Gs, Gs, Gs, Gs, Gs, Gs, Gs
Gs, Gs, Gs, Hh^Fpa, Rr, Rrd, Gs, Gs, Gs, Gs, Gs, Gg, Gg, Rrc, Rrc, Gg, Gg^Fpa, Gg, Gg, Gg, Gs, Gs^Fpa, Hh, Gs, Gs, Gs, Gs, Gs, Gg, Gg, Gg, Gg, Gg, Gs^Ftd, Gg^Ft, Gg^Fp, Gg^Fts, Hh, Hh^Ftd, Gs, Gs, Gs, Gs, Gs, Gs, Gs, Gs
Gs, Gs, Gs, Hh, Hh, Gs, Rr, Rrd, Gs, Gs, Gs, Rr, Rrd, Gg, Gg, Gg, Gg, Gg, Gg, Gg, Gg, Gg^Ftr, Gg, Gs, Gs, Gg, Gg, Gg, Gg, Gg, Gg, Gg, Gg, Hh^Ft, Gs^Ftd, Gg^Fts, Gg, Hh^Fpa, Hh, Gg, Hhd, Hhd, Hh^Ftd, Gs, Gs, Gs, Gs
Gs, Gs, Gs, Gg^Ftr, Hh, Gs, Gs, Gg, Rrc, Rrc, Rrc, Gg, Gg, Rr, Gg, Ds, Gg, Gg, Gg, Gg, Gg, Gg, Gg, Gg^Ftd, Gs, Gg, Gg, Gg, Gg, Gg, Gg, Gg, Gg, Gs^Ft, Gs^Fts, Gg^Fp, Gg, Gg, Gg, Gg, Hh^Fp, Gs^Ftr, Hhd, Gg, Gs, Gs, Gs
Gs, Gs, Gs, Gg^Ftp, Hh, Gs, Gs, Gg, Gg, Gg, Rrc, Rra, Rra, Rra, Re, Ww^Bw/, Gg, Ds, Ds, Ds, Dd, Hh^Ft, Gg, Gg, Gg, Gg, Gg, Gg, Gg, Gg, Gg, Gg, Ds, Dd, Gg^Fpa, Gg^Ftd, Gg, Gg, Gg, Gg, Gg, Gg, Gg, Gg, Gg, Gs, Gs
Hh, Hh, Hh, Hh, Hh^Fts, Gs, Gs, Gg, Gg^Ft, Gg, Gg, Gg, Rra, Rrd, Re, Ww^Bw\, Ww^Bw|, Ww, Ww, Ww, Ww, Ww, Gg, Gg, Gg, Gg, Gg, Gg, Gg, Gg, Gg, Gg, Gg, Hh^Ftp, Gg^Ft, Gg, Gg, Gg, Gg, Gg, Gg, Gg, Gs^Fts, Gg, Gg, Gg, Gg
Hh, Hh, Hh^Ftp, Hh^Fts, Hh^Fts, Gs, Gs, Gg, Gg, Dd, Gg, Ds, Gg, Dd, Rrd, Rrd, Ww^Bw\, Ww^Bw|, Ww, Ww, Ww, Dd, Dd, Gg, Gg, Gg, Gg, Gg, Gg, Gg, Ds, Ww, Gg, Gg, Gg, Gg, Gg, Ds, Gg, Gg, Gg, Gg, Gg, Gg, Gg, Gg, Gg
Mm, Mm, Hh, Hh, Gs^Ft, Gg^Ftp, Gs, Gs, Gg, Gg, Gg, Ww, Gg, Ds, Gg, Ds, Rr, Rra, Ww^Bw\, Ww^Bw|, Dd, Gg, Gg, Gg, Gg^Ft, Gg, Gg, Gg, Gg, Hh^Ftp, Ds, Ww, Ww, Ww, Dd, Dd, Ds, Gg, Dd, Gg, Gg, Gg, Gg, Gg, Gg, Gg, Gg
Mm, Mm, Hh, Hhd, Gg, Gg, Gs, Gs, Gg^Ftd, Ds, Gg, Ww, Ww, Ww, Ds, Dd, Dd, Gg^Fpa, Rrd, Rrc, Gg, Dd, Gg, Gg, Gs^Ft, Gg, Gg, Gg, Gg, Gg, Gg, Gg, Ww, Ww, Ww, Ww, Gs^Ft, Gg, Gg, Gg, Gg, Gg, Gg, Gg, Gg, Gg, Gg
Md, Md, Hhd, Hhd, Gg, Gg, Gs, Gg, Gg^Fp, Gg, Gg, Dd, Ww, Dd, Gg, Gg, Gg, Dd, Gg, Ds, Rr, Rra, Gg, Gg^Fp, Gg, Hh, Gg, Gg, Gg, Gg, Gg, Gg, Dd, Ww, Ww, Ww, Gg, Gg^Fpa, Gg, Gg, Hh^Ftp, Gs^Ft, Gg, Gg, Gg, Hh^Fp, Hh^Fp
Hh, Hh, Hhd, Hhd, Hhd, Hh^Fts, Gg, Gs, Hh^Ft, Gg^Ftr, Gg^Ftp, Gg, Ds, Gg, Ds, Gg^Ftp, Gg, Gg, Gg, Gg, Gg, Gg, Rrd, Rr, Hh, Hh, Gs^Fpa, Gs, Gg, Gg, Gg, Gg, Hh^Fp, Ds, Ww, Ww, Gg, Dd, Dd, Gg, Gg, Gg, Gg, Gg, Gg, Gg, Gg
Gg, Gg, Gg, Gs, Hh^Ftd, Gs, Gs, Gs, Gg, Gg, Gg, Gs^Ftp, Gg^Ftp, Gg, Gs^Ftr, Gg^Fpa, Gg, Gg, Gg, Gg, Gg, Rrc, Rrd, Gg, Rrd, Rra, Hh, Gs^Fts, Hhd, Hhd, Gg^Fpa, Dd, Ds, Ww, Ww, Ww, Ww, Ww, Gg, Dd, Gg, Gg, Gg, Gg, Gg, Gg, Gg
Gg, Gg, Gs, Gs, Gs, Gs, Gs, Gg, Gg, Gg, Gs, Hh^Vda, Gg, Gg, Gg^Fp, Gg^Fts, Gg, Gg, Gg, Rrd, Rr, Gg, Gg, Gg, Gg, Gg, Rr, Rr, Gg, Hhd, Gg, Dd, Ww, Ww, Ww, Ww, Ww, Ww, Gg, Gg, Gg, Gg, Gg, Gg, Gg, Gg, Gg
Gg, Gg, Gs, Gs, Gs, Gs, Gg, Gg, Gg, Gg, Gs^Fp, Ms, Ms, Ms, Gg^Vhh, Gg, Gg, Rrc, Rrd, Gs, Gs, Gs, Hh^Fts, Hh, Gg, Gg, Gg, Gg, Rr, Rra, Hhd, Dd, Ww, Ww^Bw|, Ww^Bw\, Dd, Ds, Ww, Gg, Gg, Gg, Gg, Gg, Gg, Gg, Gs^Fpa, Gs^Fpa
Gg^Ftr, Gg^Ftr, Gg, Gs, Gs, Gs, Gg, Gg, Gg, Gg, Ms, Ms, Ms, Gs, Gg, Rrc, Rra, Gg, Gg, Gs, Gs, Gs, Gs^Vhs, Gg^Fp, Hh^Ftr, Hh, Gg^Ftp, Hhd^Vdr, Hhd, Hhd, Rrc, Rr, Ww^Bw\, Re, Re, Rra, Ww^Bw\, Ww^Bw\, Gs, Gg, Gg, Gg, Gg, Gg, Gg, Gg, Gg
Gg, Gg, Gg^Fp, Gs, Gs, Gs, Gg, Gg, Gg^Ftp, Gg, Ms, Mm, Mm, Rrd, Rrc, Hh, Gs^Fp, Hhd, Gg^Fpa, Hhd, Gg^Ft, Md, Mv, Hh, Hh, Hh, Hh, Md, Hhd, Hhd, Hhd, Rr, Rr, Hhd, Rr, Rrd, Ww^Bw/, Ww^Bw\, Ds, Gg, Gg, Gg, Gg, Gg, Gg, Gg, Gg
Gs^Ftp, Gs^Ftp, Gs^Ftd, Gg, Gg, Gg, Gg, Gg^Ft, Gg, Gg^Ftr, Hhd^Vda, Hhd, Hhd, Rrd, Hh^Vdr, Mv, Gd, Gd, Hhd, Gs^Vht, Gs^Fp, Mm, Hh^Fts, Hh, Hh, Md, Md, Md, Md, Rra, Rra, Hhd, Rra, Rrc, Hhd, Gg^Ftd, Rr, Rra, Ds, Gg, Gg, Gg, Gg, Gg, Gg, Gg, Gg
Gg, Gg, Gg, Gg, Gg, Gg, Gg, Hh^Fp, Hh, Hhd, Hhd, Hhd, Hhd, Rra, Mm, Gs, Gd, Gd, Gd, Gd, Mm, Mm, Mm, Mm, Md, Md, Md, Md, Md, Md, Md, Md, Hhd, Rrd, Hhd^Vd, Hhd, Hhd, Ww^Bw\, Rra, Rrc, Gg, Rrd, Rr, Rra, Gg, Gg, Gg
Gg, Gg, Gg, Gg, Gg, Gg, Gg, Gg, Hh, Hhd, Hhd, Rr, Rrd, Gg, Gg, Ms, Gd, Gd, Gd, Hhd, Mm, Mm, Mm, Mm, Mm, Mm, Mm, Mm, Md, Md, Md, Md, Ms, Rrc, Rrd, Mm, Hhd, Ww, Ww^Bw\, Dd, Re, Rr, Rr, Rrc, Gg, Rr, Rr
Gg, Gg, Gg, Gg, Gg, Gg, Gg, Gg^Ftd, Gs, Rrc, Rrd, Mm, Mm, Mm, Ms, Mm, Gd, Hhd, Hhd, Hhd, Mm, Mm, Mm, Mm, Mm, Mm, Mm, Mm, Mm, Md, Md, Md, Mm, Mm, Mm, Mm, Mm, Ds, Ww, Ww, Ww^Bw\, Dd, Rra, Rra, Rrd, Gg, Gg
Gg, Gg, Gg, Gg, Hh^Ft, Gs^Ftp, Gg, Rrd, Rrc, Gs, Hhd^Vd, Mm, Mm, Mm, Mm, Md, Md, Mm, Hhd, Mm, Mm, Mm, Mm, Mm, Mm, Mm, Mm, Mm, Mm, Md, Md, Md, Md, Mm, Mm, Mm, Mm, Dd, Ww, Dd, Ww, Gg, Rrd, Rra, Gg, Hhd, Hhd
Gg, Gg, Gg, Gg, Gg, Rrc, Rr, Hh^Vda, Gs^Fpa, Mv, Mv, Mm, Mm, Mm, Mm, Md, Md, Md, Mm, Mm, Mm, Mm, Mm, Mm, Mm, Mm, Mm, Mm, Md, Md, Md, Md, Md, Mm, Mm, Mm, Mm, Gs^Ft, Ww, Ww, Ww, Dd, Rra, Gg, Hhd, Hhd, Hhd
Gg, Gg, Gg, Gg, Gg, Rrc, Hh, Hh, Mm, Mm, Mv, Mm, Mm, Mm, Mm, Mm, Md, Md, Mm, Mm, Mm, Mm, Mm, Mm, Mm, Mm, Mm, Mm, Md, Md, Md, Md, Mm, Mm, Mm, Mm, Mm, Gs, Dd, Gg^Fp, Dd, Cm, Rr, Cm, Gg, Gg, Gg
Gg, Gg, Gg, Gg, Gg, Rrc, Hh, Gs, Mm, Mm, Mm, Mm, Mm, Mm, Mm, Mv, Md, Md, Md, Md, Mm, Mm, Mm, Mm, Mm, Hh, Mm, Mm, Md, Hh, Hh, Mm, Mm, Mm, Mm, Mm, Hh^Fp, Gs, Gs, Gs, Gg, Cm, 2 Km, Cm, Gg, Hh, Hh
Gs, Gs, Gs, Rr, Rra, Gg^Vhs, Gs^Fts, Hhd, Gs^Vha, Gg, Hh, Hh, Hh, Mdd, Gg^Ft, Gg^Vhs, Md, Gg, Md, Hhd, Hhd, Hhd, Mm, Gg, Hh, Hh, Hh, Hh, Hh, Hh, Hh, Hh, Mm, Hh, Gg^Fpa, Hhd^Vda, Gs^Ftd, Gs, Gs, Gs, Gs, Gs, Cm, Gg, Hh, Hh, Hh
Gs, Gs, Gs, Gs, Gg^Fpa, Md, Hhd, Hhd, Gg^Ft, Gg, Hh, Hh, Hh, Hhd, Gg, Gg, Gg, Gg, Gg, Hhd, Hhd, Hhd, Gg, Gg, Hh, Hh, Hh, Hh, Hh, Hh, Hh, Gd, Hh, Hhd, Hhd, Hhd, Gs, Gs, Gs, Gs, Gs, Gs, Gg^Fpa, Gd, Gd, Hh, Hh
Gg, Gg, Gg, Gg, Gs, Md, Md, Hh, Gg, Mdd, Hhd, Hhd, Hhd, Hhd, Hhd, Gg^Ft, Gg, Hh, Ms, Md, Hhd, Hhd, Gg, Gg, Hh, Hhd, Hhd, Hhd, Hh, Mm, Gg^Ftd, Gd, Gd, Hhd, Hhd, Gd, Gd, Gd, Gs, Gg^Fts, Gs, Gs^Ftd, Gg^Ftd, Gs, Gd, Mv, Mv
Gg, Gg, Gg, Gg, Gg, Gg, Gg, Gg, Gg, Gg, Gg, Gg, Gg, Gg, Gg, Gg, Gg, Gg, Gg, Gg, Gg, Gg, Gg, Gg, Gg, Gg, Gg, Gg, Gg, Gg, Gg, Gg, Gg, Gg, Gg, Gg, Gg, Gg, Gg, Gg, Gg, Gg, Gg, Gg, Gg, Gg, Gg
