Hh, Hh, Hh, Hh, Hh, Hh, Hh, Hh, Hh, Hh, Hh, Hh, Hh, Hh, Hh, Hh, Hh, Hh, Hh, Hh, Hh, Hh, Hh, Hh, Hh, Hh, Hh, Hh, Hh, Hh, Hh, Hh, Hh, Hh, Hh, Hh, Hh, Hh, Hh, Hh, Hh, Hh
Hh, Hh, Uhe^Qhu, Uhe^Uf, Hhd, Uu, Uh, Uh, Uhe^Ufi, Uh^Qhu, Uu^Ufi, Uue^Qhu, Uue, Uue, Uu, Uue, Uu, Hh, Uu, Xuc, Uu, Uu, Uu, Uue, Uu, Uue^Ufi, Hh, Uue^Qhh, Hhd, Uu, Hh, Uue, Uhe, Hhd, Uhe, Uhe, Uhe, Xu, Xur, Xur, Xuc, Xuc
Uh, Uh, Uh, Uh^Ufi, Uhe^Uf, Hh, Hhd, Uu, Uue, Uue^Ufi, Uu^Qhu, Uue, Uu, Uue, Uue, Uu, Uu, Uu, Uu, Uue, Uu, Uue, Uu, Uue, Uu, Uu^Qhh, Hh, Uue^Uf, Uu^Qhh, Uue, Uu, Uue, Uhe, Uhe, Uh, Uhe, Xur, Xu, Uhe, Hhd, Uhe, Uhe
Uhe, Uhe, Uhe, Uh, Hh^Vud, Uhe, Uu, Hhd, Uu, Uue, Uu, Uu, Uue, Uu, Uue, Hh, Hhd, Uue, Uue, Uu, Uue, Uue, Uu, Uue, Uu, Uue, Hhd, Uue, Uue, Uu, Uue, Uue, Uh, Uhe, Uh, Uhe, Xue, Xur, Uh, Uhe, Uh, Uh
Uhe, Uhe, Uh, Uhe, Uhe, Uhe, Uue, Uu, Uue, Uue, Uue, Hhd, Uu, Uh, Hhd^Vu, Uu, Uue, Uu, Uu, Uu, Uue, Uu, Uue, Uu, Uh, Uhe, Uue, Uu, Uue, Uu, Uu, Uu, Hh, Uh, Xuc, Uh, Uh, Xue, Xu, Hh, Uh, Uh
Uhe, Uhe, Uhe, Uh, Uhe, Uhe, Uhe, Uue, Uu, Uu, Hh, Uue^Uf, Uhe, Uhe, Uhe, Uhe, Uue, Uu, Uu, Uu, Hhd^Vud, Hh, Uue, Uue, Hhd, Hhd, Uh, Uu, Hhd, Uue, Uu, Hhd, Hh, Uhe, Uhe, Uhe, Uue, Xur, Xue, Xur, Xuc, Xuc
Uhe, Uhe, Uh, Uhe, Uhe, Hhd, Uu, Uue, Uu, Uu, Uue^Ufi, Uue^Qhu, Uh^Qhh, Uh, Uh, Uhe, Uu, Uue, Uu, Uu, Uu^Uf, Uu^Qhu, Uu, Uu, Uh, Uh, Hh, Uu, Uue, Uu, Uu, Uu, Uhe, Uh, Uh, Uue, Uu, Uu, Xuc, Xue, Xu, Xu
Uu, Uu, Uue, Uu, Uue, Uue, Uu, Uu, Uue, Hhd^Vu, Uu^Ufi, Uh^Qhu, Uhe, Uhe, Uhe, Uue, Uue, Uu, Uu, Uu, Uue, Uue, Hh, Uu, Uhe, Hhd, Uu, Uue, Uu, Uue, Uu, Uu, Uue, Uhe, Uue, Hh, Uu, Uu, Xu, Xur, Hhd, Hhd
Uu, Uu, Uue, Uu, Uu, Uue, Uue^Qhh, Uu, Uu, Hh, Uu, Uhe, Hhd, Uhe, Uh, Uu, Uue, Uu, Uue, Uue, Uu, Uue, Uue, Uu, Uh, Uhe, Hhd, Uu, Hh, Uue, Uue, Uue, Hhd, Uu, Hhd, Uue, Uue, Uu, Xue, Hh, Hh, Hh
Xuc, Xuc, Xu, Xuc, Uue^Qhh, Uue, Uu, Uue, Uu, Uu, Hh, Uhe, Hhd, Hh, Uhe, Uue, Uu, Hh^Vu, Uu^Qhh, Uue^Uf, Uu, Hh, Uu^Qhh, Rrc, Rr, Rrd, Hh, Hh, Uue, Uue, Uu, Uu, Uu, Uu, Uu, Uue, Uue, Xu, Uu, Hhd, Hhd, Hhd
Xu, Xu, Xue, Hhd^Vu, Hhd, Hh, Uu, Uu, Uue, Uu, Uu, Uhe, Uh, Uhe, Uhe, Uu^Ufi, Uue^Qhu, Hh, Hh, Uue^Qhh, Uue^Qhh, Hhd, Rr, Rrd, Rrc, Rra, Uh, Hh, Uue, Uue, Uu, Uue^Qhh, Uue, Uhe, Uue, Hhd, Uue, Uu, Uue, Hhd, Uh, Uh
Xu, Xu, Hh, Xuc, Hh, Hhd, Uue, Uue, Uu, Uh, Uhe, Uh, Uhe, Uu, Uhe^Qhu, Uh^Uf, Uue^Uf, Uue^Qhu, Uue^Ufi, Uue^Qhu, Uue^Ufi, Uu^Ufi, Uu^Qhu, Rra, Rrd, Rr, Uue, Hhd, Uue, Uue, Uue, Hh, Uu^Ufi, Uue, Uu, Hhd, Uue, Uu, Uue, Uue, Hh, Hh
Hh, Hh, Xu, Xuc, Xue, Uh, Uu, Uue, Hh^Vud, Uh, Uh, Uh, Uue, Uue, Uu, Uue^Qhh, Uue^Qhh, Uu^Qhu, Uue^Ufi, Uu^Qhh, Uue^Qhu, Rr, Rrd, Rr, Rra, Rrd, Rr, Rr, Rrc, Rrc, Rra, Rra, Rrd, Rrd, Uue, Uu, Uue, Uu, Uu, Hhd, Uu, Uu
Xuc, Xuc, Xue, Cud, Cud, Cud, Uhe, Uue, Hhd, Uhe, Uh, Uh, Uu, Uue, Hhd^Vu, Uu^Ufi, Uue^Ufi, Uu^Qhu, Uu^Ufi, Rrc, Rrc, Rr, Rrd, Rra, Rra, Rra, Rrc, Uu, Uue, Uue, Hhd, Uu, Uue, Uue, Rr, Rrd, Uue, Cud, Uue, Uue, Uue, Uue
Uh, Uh, Uhe, Cud, 1 Kud, Rrd, Uh, Rrc, Uhe, Uhe, Uhe, Uhe, Uu, Uue, Uue, Hh, Uue^Qhu, Rrd, Rrd, Rr, Rr, Uu, Rra, Uu, Rrc, Rrc, Rr, Rrc, Uu, Uu, Uue, Uu, Hh, Uu, Xur, Xuc, Rr, 2 Kud, Cud, Uu, Uu, Uu
Uhe, Uhe, Hh, Uhe, Cud, Uh, Rrc, Hh, Rrc, Rra, Rrc, Rrc, Rrc, Rrd, Rra, Rrd, Rrc, Rra, Rrc, Rra, Rrc, Uu, Uu, Uu, Uue, Rrd, Rrc, Rrc, Uh, Uh, Uu, Uue, Hh, Xur, Xu, Xue, Cud, Cud, Cud, Uue, Uue, Uue
Uhe, Uhe, Hhd, Uh, Uh, Uh, Uue, Uue, Uue, Uu, Uue, Uue, Uue, Uue^Uf, Uue^Ufi, Uu, Uh, Uhe, Rr, Rr, Uu, Uu, Uue, Xuc, Xuc, Rra, Xu, Xur, Xu, Xue, Xu, Xur, Xur, Xue, Xuc, Xuc, Uu, Uue, Uu, Uue, Uue, Uue
Hhd, Hhd, Uh, Uu, Uhe, Uhe, Uu, Uue, Uue, Uu, Uue, Uue, Uue, Uhe^Qhu, Uh^Uf, Uh, Uhe, Uh, Uhe, Rra, Uu, Uu, Xuc, Xu, Xu, Xur, Hh, Xur, Xue, Xur, Xur, Xuc, Xur, Xuc, Xuc, Xu, Xue, Xur, Uue, Uu, Uue, Uue
Uue, Uue, Uue, Uu, Uu, Uue, Uue, Uue, Hh^Vu, Uu, Uue, Uu, Uue, Uue, Uh^Qhu, Uhe^Qhu, Uh^Qhh, Hh, Uh^Uf, Hh, Rr, Uue, Xue, Xur, Xu, Xuc, Xue, Xu, Xue, Xue, Xue, Xu, Xuc, Xuc, Xue, Xu, Xuc, Xuc, Uue, Uue, Uue^Qhh, Uue^Qhh
Uue, Uue, Uue, Uu, Uu, Uue, Uu, Uu, Uu, Hh, Uu, Uh^Ufi, Uh^Qhh, Uu^Ufi, Uu^Qhh, Hhd^Vu, Uue^Qhh, Hhd, Uue^Uf, Uu, Rrd, Rra, Uue, Xur, Uu, Xu, Hhd, Hhd, Xu, Xur, Xue, Xue, Xu, Xue, Xu, Xur, Uue, Uue, Uu, Uu^Uf, Uue^Uf, Uue^Uf
Uu, Uu, Uue, Hh^Vu, Uue, Uu, Uue, Uue, Uu, Uue, Uue^Uf, Uu^Qhu, Uhe^Uf, Uh, Uhe^Qhh, Uhe^Ufi, Uue^Ufi, Uu^Ufi, Uue^Uf, Uue, Uue, Uue, Rrd, Rr, Uu, Uu, Uue, Uhe, Uh, Uue, Uh^Qhh, Xu, Xu, Xue, Xuc, Uue, Uue, Uu, Uue^Qhu, Uu^Qhu, Uu^Qhh, Uu^Qhh
Hh, Hh, Uu, Uu, Uue, Uue, Uu, Uue, Uue, Uue, Uue^Qhh, Uue^Uf, Uhe, Uhe, Uhe, Uhe^Uf, Uu^Qhu, Uue^Ufi, Xur, Uu, Uue, Uu, Uu, Uue, Rr, Rr, Uue, Uhe, Uh, Uue, Uu^Qhh, Rrd, Rrd, Uhe^Uf, Xue, Uue, Uu, Uu, Uue^Uf, Uu^Uf, Uu^Ufi, Uu^Ufi
Hh, Hh, Uue, Uue, Uu, Uu, Uue, Uue, Uu, Uue, Uu, Uue, Uhe, Uhe, Uh, Hhd, Hhd, Hhd, Xuc, Uue, Uue, Uu, Uue, Uu, Uue, Uu, Rrd, Rr, Rra, Rrc, Rrc, Uh^Qhu, Rr, Rr, Uu^Ufi, Uue, Uu, Uue, Uue^Uf, Uu^Qhh, Uue^Qhu, Uue^Qhu
Uu, Uu, Xu, Uu, Uu, Uue, Uue, Uue, Uh, Uh, Uu, Uue, Uue, Uhe, Uue, Uu^Uf, Hh, Hh, Uu^Ufi, Uue^Ufi, Uu^Qhh, Uu^Uf, Uue, Uue, Uu, Uu, Uu, Uu, Uue, Uu, Uue, Uhe, Uue, Uu^Qhu, Rrd, Rrd, Uh, Uhe, Uhe^Uf, Uhe^Uf, Hhd, Hhd
Uu, Uu, Uh, Hh, Uu, Uue, Uu, Uu, Uu, Uh, Uh, Uu, Uu, Uue, Uu, Uue^Qhh, Uu^Qhh, Hhd, Uu^Qhu, Uu^Qhh, Hh, Hhd, Hhd, Uue, Uue, Uu, Uue, Uue, Uu, Uu, Hhd, Uue, Uu, Uu, Uue^Ufi, Uu, Rrd, Rrc, Uhe^Qhu, Uh^Ufi, Uh^Qhh, Uh^Qhh
Uhe, Uhe, Uh, Uue, Uu, Uhe, Uue, Uu, Hhd^Vud, Hhd, Uhe, Uue, Uue, Hhd^Vu, Uu^Uf, Uu^Ufi, Uue^Ufi, Hh, Uue^Ufi, Hh^Vu, Hh, Uhe^Uf, Uu^Qhh, Uue^Ufi, Uu, Uu, Uue, Uue, Uu, Uue, Hhd, Uue, Uue, Uue, Uu^Qhu, Uue^Qhh, Uhe, Hh, Rra, Rrc, Rra, Rra
Uh, Uh, Uhe, Uu, Uue, Hhd, Hh, Hhd, Hhd, Hh, Uhe, Uu, Uu, Uue^Uf, Hhd, Uue^Ufi, Hhd, Uu^Uf, Uue^Ufi, Uu^Ufi, Uue^Qhh, Hh, Hh, Hh, Uu^Qhh, Uu, Uu, Uue, Uue^Qhu, Uue, Uu, Uu, Uu, Uu, Uue^Qhh, Uu^Ufi, Uue, Uue^Qhh, Rrd, Rra, Rra, Rra
Uu, Uu, Uu, Uu, Uue, Uue, Uue, Uu, Uh, Uhe, Uh, Uhe, Uue, Uu^Qhu, Hh, Uu^Qhu, Uu^Qhh, Uue^Ufi, Uue^Ufi, Uh^Ufi, Uu^Ufi, Uue^Uf, Uu^Ufi, Hh, Hh, Uue, Uue, Uue, Uue^Ufi, Xuc, Hhd, Uu, Uue, Uu, Uu^Ufi, Uu^Qhh, Uu^Qhh, Uue^Uf, Rr, Rrd, Rr, Rr
Hh, Hh, Hh, Hh, Hh, Hh, Hh, Hh, Hh, Hh, Hh, Hh, Hh, Hh, Hh, Hh, Hh, Hh, Hh, Hh, Hh, Hh, Hh, Hh, Hh, Hh, Hh, Hh, Hh, Hh, Hh, Hh, Hh, Hh, Hh, Hh, Hh, Hh, Hh, Hh, Hh, Hh
