Gg, Gg, Gg, Gg, Gg, Gg, Gs, Gs, Gg, Hhd, Hh, Gd, Hhd, Hh, Gg, Gs, Gg, Gg, Gg, Gg, Gg, Gg, Gg, Gg, Gg, Gg, Gg, Gs, Gg, Gg
Gg, Gg, Gg, Gg, Gs, Gg, Gg, Gg, Gg, Gg, Gg, Gg, Gg, Gg, Gg, Gg, Gs, Gs, Md, Md, Mm, Md, Hhd, Hh, Hh, Hhd, Hhd, Hhd, Gs, Gs, Gs, Gg, Gg, Gs, Gs, Gs, Gg, Gs, Gs
Gg, Gg, Gg, Gg, Gg, Gg, Gg, Gg, Gg, Gg, Gg, Gg, Gg, Gg, Gg, Gg, Gg, Gs, Gd, Gd, Mm, Md, Gd, Gd, Gd, Hh, Hhd, Hhd, Gs, Gs, Gg, Gs, Gs, Gs, Gs, Gs, Gs, Gs, Gs
Gg, Gg, Gg, Cm, Cm, Cm, Gg, Gg, Gs, Gg, Gg, Gg, Gg, Gg, Gg, Gg, Gg, Gg, Gs, Gs, Hhd, Hhd, Hh, Gd, Hhd, Gg, Gg, Gg, Gs, Gg, Gs, Gs, Gg, Gg, Gg, Gg^Fpa, Gs, Gs, Gs
Gg, Gg, Gg, Cm, 1 Km, Cm, Gs, Gs, Gg, Gg, Gs, Gs, Gg, Gg, Gg, Gg, Gg, Gg, Gg, Gs, Gg, Gd, Hh, Hh, Gg, Gg, Gg, Gs, Gs, Gg, Gg, Gs, Gg, Gg^Ft, Hh^Fts, Gg, Gg, Gg, Gg
Gg, Gg, Gs, Gg, Rrd, Rr, Gs, Gg, Gs, Gs, Gg, Gg, Gg, Gg, Gg, Gg, Gg, Gg, Gg, Gg, Gs, Gg, Gs, Gg, Gs, Gs, Gg, Gs, Gg, Gg, Gg, Gg, Gg, Gs^Fpa, Gg^Fts, Gs^Fp, Gs, Gg, Gg
Gg, Gg, Gs, Gg, Gg, Gs, Rra, Rr, Gg, Gg^Vht, Gs, Gg, Gg, Gg, Gg, Gg, Gg, Gg, Gg, Gg, Gg, Gg, Gg, Gg, Gg, Gs, Gg, Gg, Gg, Gg, Gg, Gg, Gg, Gg^Ftd, Hh^Ft, Hh^Fts, Gg, Gs, Gs
Gs, Gs, Gs, Gg, Gs, Gs, Gs^Vha, Gs, Rra, Rra, Gs, Gg, Gg, Gg, Gg^Ftr, Gg, Gg, Gg, Gg, Gg, Gg, Gg, Gg, Gg, Gg, Gs, Gg, Gg, Gg, Gg, Gg, Gg, Gg, Gg^Ft, Gs^Ftp, Hh^Fp, Gg, Gg, Gg
Gs, Gs, Gg, Hhd, Hh, Gg, Gg, Gg, Gg, Rrd, Rrd, Rrc, Gg, Gg^Vh, Gs^Fpa, Ds, Gg, Dd, Gg, Gg, Gg, Gg, Gg, Gg, Gg, Gg, Gg, Gg, Gg, Gg, Gg, Gg, Gg, Gg^Ft, Hh^Fp, Gg, Gg, Gg, Gg
Gg, Gg, Gg, Hhd, Hh, Gg, Gs, Gg, Gg, Rrd, Gg^Vht, Gg, Rra, Rra, Gg, Ds, Ww, Ww, Dd, Gg, Gg, Gg, Gg, Gg, Gg, Gg, Gg, Gg, Gg, Gg, Gg, Dd, Ds, Gg^Fpa, Hh^Ftd, Gg, Gg, Gg, Gg
Hhd, Hhd, Hh, Hhd, Hhd, Gs, Gs, Gg, Gg, Rrc, Gg, Dd, Gg, Gg, Rr, Rra, Ww, Gg^Vha, Ds, Gg, Gg, Gg, Gg, Gg, Gg, Gg, Gg, Gg, Gg, Gg, Ds, Wwg, Ww, Dd, Ds, Gg, Gg, Ds, Ds
Hh, Hh, Gd, Gd, Gd, Gg, Gg, Gs, Gg, Rrc, Ds, Ww, Ds, Dd, Gg^Vhs, Gg, Re, Rr, Rrd, Rra, Gg^Vhh, Gg, Gg, Gg, Gg, Gg, Gg, Gg, Gg, Gg, Ds, Dd, Ww, Ww, Ww, Ds, Gg, Ww, Ww
Gd, Gd, Gd, Gg, Gg, Gg, Gg, Gg, Gg^Vht, Rra, Dd, Ww, Ww, Ww, Gg, Gg, Gg, Gg, Gg, Gg, Rr, Rr, Gg, Gg, Gg, Gg, Gg, Gg, Gg, Gg, Gg, Gg, Gg, Ww, Wwg, Ww, Ww, Gg, Gg
Hhd, Hhd, Gd, Gs, Gg, Gs, Gs, Gs, Gg, Rrd, Dd, Gg, Ds, Hh^Fts, Gg^Ftr, Gg^Ftp, Gg, Gg, Gg, Gg, Gg, Gg, Rrd, Rr, Gg, Gg^Vht, Gg, Gg, Gg, Gg, Gg, Gg, Dd, Ww, Ww, Ww, Ds, Gg, Gg
Hh, Hh, Gg, Gg, Gg, Gg, Gg, Gg, Gs^Ftr, Rr, Gg, Gg, Gg^Ftd, Gg^Ft, Hh^Ftd, Gg^Ft, Gg, Gg, Gg, Gg, Gg, Gg, Gg^Vht, Gg, Rrd, Rr, Gg, Gg, Gg, Gs, Gg, Gg, Gg, Ds, Ww, Ww, Ds, Gg, Gg
Gg, Gg, Gg, Gs, Gs, Gs, Gg, Gg, Gs, Rr, Gg, Gg, Hh^Ftr, Hh^Ftd, Gg^Ftr, Gg^Ftp, Gg, Gg, Gg, Gg, Gg, Gg, Gg, Gg, Gg, Gg, Rrc, Rra, Gg, Gs^Vh, Gg, Gg, Gg, Gg, Ww, Gg, Gg, Gg, Gg
Gs, Gs, Gs, Gs, Gs, Gs, Gg, Gs, Gg, Rr, Gs, Gg, Gg, Gs^Fpa, Gg^Ftp, Gg^Ft, Gs, Gg, Gs, Gg, Gg, Gg, Gg, Gg, Gg, Gg, Gg^Vht, Gg, Rra, Rr, Gs, Gs, Gg, Gg, Ds, Gg, Gg, Gg, Gg
Gg, Gg, Gs, Gg, Gg, Gg, Gg, Gs, Gs, Rra, Gs^Vht, Hh, Gd, Gg, Gg, Gs, Gs, Gs, Gg, Gg, Gs, Gg, Gs, Gg, Gs, Gg, Gg, Gg, Hh, Hhd, Rra, Rra, Gg, Gg, Gg, Gg, Gs, Gg, Gg
Gg, Gg, Gs, Gs, Gs, Gg, Gs, Gg, Gg, Hhd, Rr, Rrc, Hh, Hhd, Gs, Gg, Gg, Gs, Gs, Gs, Gg, Gg, Gg, Gg, Gg, Gs, Gg, Hhd, Hh, Hhd, Gg^Fts, Gs^Fts, Rrd, Rrd, Gs^Ft, Gs, Gg, Gs, Gs
Gg, Gg, Gg, Gs, Gg, Gs, Gg, Gs, Gg, Hhd, Hh, Hh, Hh, Gd, Hh, Gs, Gs, Gg, Hhd, Gg, Hh, Hhd, Gg, Gg, Gs, Hh, Hhd, Mv, Mm, Hh, Hh, Hhd, Hh, Gs^Fp, Rrc, Rrc, Gs, Gg, Gg
Gg, Gg, Gg, Gg, Gg, Gg, Gs, Gs^Ft, Gs^Fts, Gg, Hh, Hh, Hhd, Gd, Gd, Gd, Gg, Gd, Hhd, Hhd, Hh, Hh, Gd, Gd, Hh, Md, Mm, Md, Md, Md, Md, Md, Hh, Hh, Hh^Vd, Rrd, Gg, Gs, Gs
Gg, Gg, Gg, Gg, Gg, Gg, Gg, Gg^Ftr, Hh^Ftr, Gg, Gd, Hh, Hh, Mm, Gd, Hh, Gd, Gd, Hhd, Hhd, Hhd, Hh, Mm, Md, Md, Mm, Md, Md, Mm, Md, Mm, Mm, Mm, Hhd, Hhd, Rrd, Hh, Gg, Gg
Gg, Gg, Gg, Gg, Gg, Gg, Gg, Gs, Gs, Gs, Hh, Hh, Md, Md, Mm, Hh, Hhd, Gd, Hh, Hh, Hhd, Gd, Mm, Mm, Mm, Mm, Mm, Md, Md, Mm, Md, Mm, Mm, Mm, Md, Md, Rrd, Gd, Gd
Gg, Gg, Gg, Gg, Gg, Gg, Gs, Gs, Gs, Gs, Hhd, Mm, Mm, Md, Md, Mm, Hhd, Gd, Hh, Gd, Gd, Hh, Mm, Md, Mm, Mm, Md, Mm, Md, Md, Mm, Md, Md, Mm, Md, Mm, Rrd, Hhd, Hhd
Gg, Gg, Gg, Gg, Gg, Gg, Gg, Gs, Gg, Hhd, Gd, Mm, Mm, Md, Md, Mm, Hh, Hhd, Gd, Hhd, Hh, Hh, Mm, Mm, Mm, Mm, Md, Mm, Md, Md, Mm, Mm, Mm, Mm, Mm, Mm, Rrd, Hh, Hh
Gg, Gg, Gg, Gg, Gg, Gg, Gg, Gg, Hhd, Hhd, Md, Mm, Md, Md, Md, Md, Md, Hhd, Hhd, Hh, Hh, Md, Mm, Mm, Md, Md, Md, Mm, Mm, Md, Mm, Md, Mm, Mm, Mm, Md, Rra, Gg, Gg
Gg, Gg, Gg, Gg, Gs, Gs, Gd, Gd, Gd, Hh, Md, Md, Mm, Mm, Mm, Mm, Hh, Hh, Mm, Mm, Mm, Md, Md, Md, Gd, Hh, Mm, Md, Mm, Md, Md, Mm, Mm, Cm, Cm, Rra, Rr, Gg, Gg
Gg, Gg, Gg, Gs, Gg, Gg, Gd, Hhd, Hh, Hhd, Md, Mm, Md, Mm, Mm, Gs, Gd, Md, Mm, Mm, Mm, Hhd, Hh, Hhd, Gd, Hhd, Gd, Mm, Md, Mm, Md, Md, Md, Cm, 2 Km, Cm, Gd, Gs, Gs
Gs, Gs, Gs, Gg, Gs, Gd, Gd, Hh, Hhd, Gd, Hhd, Hhd, Gd, Gd, Gd, Gd, Gd, Md, Mm, Hh, Gd, Hh, Gs, Gg, Hhd, Hhd, Gd, Md, Mm, Mm, Md, Md, Gd, Hhd, Cm, Hh, Hhd, Gg, Gg
Gg, Gg, Gg, Gs, Hh, Hhd, Gd, Hhd, Hhd, Gd, Gd, Hhd, Gg, Gd, Gd, Hh, Hhd, Hh, Hhd, Hh, Gd, Hh, Gg, Gg, Gg, Gd, Hh, Md, Md, Mm, Gd, Hh, Gd, Hhd, Hhd, Hhd, Gs, Gs, Gs
Gg, Gg, Gg, Hh, Hh, Hh, Hhd, Hhd, Hhd, Gd, Hhd, Gs, Gg, Gs, Gs, Gd, Hh, Hh, Mm, Md, Hhd, Gd, Gg, Gs, Hhd, Hhd, Gd, Gs, Mv, Gs, Gd, Hhd, Hh, Hhd, Hh, Gd, Gs, Gs, Gs
Gg, Gg, Gg, Gg, Gg, Gg, Gs, Gs, Gg, Hhd, Hh, Gd, Hhd, Hh, Gg, Gs, Gg, Gg, Gg, Gg, Gg, Gg, Gg, Gg, Gg, Gg, Gg, Gs, Gg, Gg
